mutate: 6 mutants in MagickCore/artifact\.c$, 5 functions
mutate: baseline over 10524 cases in 0s
  mutants: 6/6 (118s)

mutate: 6 mutants, 118s
  killed 0, survived 6 (6 capped), no coverage 0, errors 0
  mutation score on reached code: 0.0%   overall: 0.0%

  function                           total killed survived no-cov
  CloneImageArtifacts                    2      0        2      0
  DeleteImageArtifact                    1      0        1      0
  DestroyImageArtifacts                  1      0        1      0
  GetImageArtifact                       1      0        1      0
  SetImageArtifact                       1      0        1      0

  survivors (equivalent, or a gap in the catalogue):
    xc artifact.c:124:24 cxx_ne_to_eq               if (IsEventLogging() != MagickFalse)
    xc artifact.c:132:28 cxx_ne_to_eq               if (image->artifacts != (void *) NULL)
    xc artifact.c:219:24 cxx_ne_to_eq               if (IsEventLogging() != MagickFalse)
    xc artifact.c:253:24 cxx_ne_to_eq               if (IsEventLogging() != MagickFalse)
    xc artifact.c:297:24 cxx_ne_to_eq               if (IsEventLogging() != MagickFalse)
    xc artifact.c:472:24 cxx_ne_to_eq               if (IsEventLogging() != MagickFalse)
  (x: the oracle executes this line; c: capped, not every reaching case ran)

  full results: build-oracle/work/mutation-cap1500-artifact.json
