mutate: 19 mutants in MagickCore/magic\.c$, 8 functions
mutate: baseline over 10525 cases in 0s
  mutants: 19/19 (198s)

mutate: 19 mutants, 198s
  killed 0, survived 19 (19 capped), no coverage 0, errors 0
  mutation score on reached code: 0.0%   overall: 0.0%

  function                           total killed survived no-cov
  CompareMagic                           6      0        6      0
  CompareMagickInfoExtent                4      0        4      0
  GetMagicPatternExtent                  3      0        3      0
  GetMagicInfo                           2      0        2      0
  GetMagicName                           1      0        1      0
  IsMagicListInstantiated                1      0        1      0
  MagicComponentGenesis                  1      0        1      0
  MagicComponentTerminus                 1      0        1      0

  survivors (equivalent, or a gap in the catalogue):
    xc magic.c:180:23 cxx_sub_to_add             delta=ma->offset-mb->offset;
    xc magic.c:181:23 cxx_gt_to_ge               if ((ma->offset > mb->offset ? ma->offset : mb->offset) <= 10)
    xc magic.c:181:63 cxx_le_to_lt               if ((ma->offset > mb->offset ? ma->offset : mb->offset) <= 10)
    xc magic.c:184:16 cxx_gt_to_ge               return(delta > INT_MAX ? 0 : (int) delta);
    xc magic.c:276:38 cxx_sub_to_add             remaining=(MagickOffsetType) length-magic_info->offset;
    xc magic.c:277:31 cxx_ne_to_eq               if (magic_info->skip_spaces != MagickFalse)
    xc magic.c:278:23 cxx_gt_to_ge               while ((remaining > 0) && (isspace(*q) != 0))
    xc magic.c:278:23 cxx_gt_to_le               while ((remaining > 0) && (isspace(*q) != 0))
    xc magic.c:278:44 cxx_ne_to_eq               while ((remaining > 0) && (isspace(*q) != 0))
    xc magic.c:283:18 cxx_ge_to_gt               if ((remaining >= (MagickOffsetType) magic_info->length) &&
    xc magic.c:321:13 cxx_ne_to_eq               if (magic != (const unsigned char *) NULL)
     c magic.c:344:13 cxx_ne_to_eq               if (p != (ElementInfo *) NULL)
    xc magic.c:414:30 cxx_add_to_sub             offset=magic_info->offset+(MagickOffsetType) magic_info->length;
    xc magic.c:415:16 cxx_gt_to_ge               if (offset > max_offset)
    xc magic.c:420:18 cxx_gt_to_ge               if (max_offset > (MagickOffsetType) (MAGICK_SSIZE_MAX/2))
    xc magic.c:645:24 cxx_ne_to_eq               if (IsEventLogging() != MagickFalse)
    xc magic.c:677:32 cxx_eq_to_ne               if (magic_list_semaphore == (SemaphoreInfo *) NULL)
    xc magic.c:777:28 cxx_eq_to_ne               if (magic_list_semaphore == (SemaphoreInfo *) NULL)
    xc magic.c:809:28 cxx_eq_to_ne               if (magic_list_semaphore == (SemaphoreInfo *) NULL)
  (x: the oracle executes this line; c: capped, not every reaching case ran)

  full results: build-oracle/work/mutation-cap1500-magic.json
