mutate: 6 mutants in MagickCore/coder\.c$, 4 functions
mutate: baseline over 10525 cases in 0s
  mutants: 6/6 (118s)

mutate: 6 mutants, 118s
  killed 0, survived 6 (6 capped), no coverage 0, errors 0
  mutation score on reached code: 0.0%   overall: 0.0%

  function                           total killed survived no-cov
  DestroyCoderNode                       3      0        3      0
  CoderComponentGenesis                  1      0        1      0
  CoderComponentTerminus                 1      0        1      0
  IsCoderTreeInstantiated                1      0        1      0

  survivors (equivalent, or a gap in the catalogue):
     c coder.c:131:19 cxx_ne_to_eq               if (p->path != (char *) NULL)
     c coder.c:133:19 cxx_ne_to_eq               if (p->name != (char *) NULL)
     c coder.c:135:21 cxx_ne_to_eq               if (p->magick != (char *) NULL)
    xc coder.c:209:23 cxx_eq_to_ne               if (coder_semaphore == (SemaphoreInfo *) NULL)
    xc coder.c:234:23 cxx_eq_to_ne               if (coder_semaphore == (SemaphoreInfo *) NULL)
    xc coder.c:479:27 cxx_eq_to_ne               if (coder_semaphore == (SemaphoreInfo *) NULL)
  (x: the oracle executes this line; c: capped, not every reaching case ran)

  full results: build-oracle/work/mutation-cap1500-coder.json
