mutate: 62 mutants in MagickCore/channel\.c$, 1 functions
mutate: baseline over 938 cases in 0s
  mutants: 25/62 (178s)
  mutants: 50/62 (389s)
  mutants: 62/62 (428s)

mutate: 62 mutants, 428s
  killed 12, survived 50 (0 capped), no coverage 0, errors 0
  mutation score on reached code: 19.4%   overall: 19.4%

  function                           total killed survived no-cov
  SetImageAlphaChannel                  62     12       50      0

  survivors (equivalent, or a gap in the catalogue):
    x  channel.c:1007:24 cxx_ne_to_eq               if (IsEventLogging() != MagickFalse)
    x  channel.c:1015:50 cxx_ne_to_eq               if ((image->alpha_trait & BlendPixelTrait) != 0)
       channel.c:1026:18 cxx_eq_to_ne               if (status == MagickFalse)
       channel.c:1033:19 cxx_lt_to_ge               for (y=0; y < (ssize_t) image->rows; y++)
       channel.c:1033:19 cxx_lt_to_le               for (y=0; y < (ssize_t) image->rows; y++)
       channel.c:1033:45 cxx_post_inc_to_post_dec   for (y=0; y < (ssize_t) image->rows; y++)
       channel.c:1041:20 cxx_eq_to_ne               if (status == MagickFalse)
       channel.c:1045:15 cxx_eq_to_ne               if (q == (Quantum *) NULL)
       channel.c:1050:21 cxx_lt_to_ge               for (x=0; x < (ssize_t) image->columns; x++)
       channel.c:1050:21 cxx_lt_to_le               for (x=0; x < (ssize_t) image->columns; x++)
       channel.c:1050:50 cxx_post_inc_to_post_dec   for (x=0; x < (ssize_t) image->columns; x++)
       channel.c:1058:29 cxx_mul_to_div             gamma=QuantumScale*(double) GetPixelAlpha(image,q);
       channel.c:1059:23 cxx_lt_to_ge               for (i=0; i < (ssize_t) GetPixelChannels(image); i++)
       channel.c:1059:23 cxx_lt_to_le               for (i=0; i < (ssize_t) GetPixelChannels(image); i++)
       channel.c:1059:61 cxx_post_inc_to_post_dec   for (i=0; i < (ssize_t) GetPixelChannels(image); i++)
       channel.c:1063:25 cxx_eq_to_ne               if (channel == AlphaPixelChannel)
       channel.c:1065:45 cxx_eq_to_ne               if ((traits & UpdatePixelTrait) == 0)
       channel.c:1067:38 cxx_mul_to_div             q[i]=ClampToQuantum(gamma*(double) q[i]);
       channel.c:1071:64 cxx_eq_to_ne               if (SyncCacheViewAuthenticPixels(image_view,exception) == MagickFalse)
       channel.c:1145:18 cxx_eq_to_ne               if (status == MagickFalse)
       channel.c:1153:19 cxx_lt_to_ge               for (y=0; y < (ssize_t) image->rows; y++)
       channel.c:1153:19 cxx_lt_to_le               for (y=0; y < (ssize_t) image->rows; y++)
       channel.c:1153:45 cxx_post_inc_to_post_dec   for (y=0; y < (ssize_t) image->rows; y++)
       channel.c:1161:20 cxx_eq_to_ne               if (status == MagickFalse)
       channel.c:1165:15 cxx_eq_to_ne               if (q == (Quantum *) NULL)
       channel.c:1170:21 cxx_lt_to_ge               for (x=0; x < (ssize_t) image->columns; x++)
       channel.c:1170:21 cxx_lt_to_le               for (x=0; x < (ssize_t) image->columns; x++)
       channel.c:1170:50 cxx_post_inc_to_post_dec   for (x=0; x < (ssize_t) image->columns; x++)
       channel.c:1179:26 cxx_mul_to_div             Sa=QuantumScale*(double) GetPixelAlpha(image,q);
       channel.c:1181:23 cxx_lt_to_ge               for (i=0; i < (ssize_t) GetPixelChannels(image); i++)
       channel.c:1181:23 cxx_lt_to_le               for (i=0; i < (ssize_t) GetPixelChannels(image); i++)
       channel.c:1181:61 cxx_post_inc_to_post_dec   for (i=0; i < (ssize_t) GetPixelChannels(image); i++)
       channel.c:1185:25 cxx_eq_to_ne               if (channel == AlphaPixelChannel)
       channel.c:1187:45 cxx_eq_to_ne               if ((traits & UpdatePixelTrait) == 0)
       channel.c:1189:38 cxx_mul_to_div             q[i]=ClampToQuantum(gamma*(double) q[i]);
       channel.c:1193:64 cxx_eq_to_ne               if (SyncCacheViewAuthenticPixels(image_view,exception) == MagickFalse)
       channel.c:1202:50 cxx_eq_to_ne               if ((image->alpha_trait & BlendPixelTrait) == 0)
       channel.c:1229:50 cxx_eq_to_ne               if ((image->alpha_trait & BlendPixelTrait) == 0)
       channel.c:1236:19 cxx_lt_to_ge               for (y=0; y < (ssize_t) image->rows; y++)
       channel.c:1236:19 cxx_lt_to_le               for (y=0; y < (ssize_t) image->rows; y++)
       channel.c:1236:45 cxx_post_inc_to_post_dec   for (y=0; y < (ssize_t) image->rows; y++)
       channel.c:1244:21 cxx_eq_to_ne               if ((status == MagickFalse) || (opaque == MagickFalse))
       channel.c:1244:48 cxx_eq_to_ne               if ((status == MagickFalse) || (opaque == MagickFalse))
       channel.c:1247:15 cxx_eq_to_ne               if (p == (const Quantum *) NULL)
       channel.c:1252:21 cxx_lt_to_ge               for (x=0; x < (ssize_t) image->columns; x++)
       channel.c:1252:21 cxx_lt_to_le               for (x=0; x < (ssize_t) image->columns; x++)
       channel.c:1252:50 cxx_post_inc_to_post_dec   for (x=0; x < (ssize_t) image->columns; x++)
       channel.c:1254:38 cxx_ne_to_eq               if (GetPixelAlpha(image,p) != OpaqueAlpha)
       channel.c:1263:18 cxx_ne_to_eq               if (opaque != MagickFalse)
    x  channel.c:1269:50 cxx_eq_to_ne               if ((image->alpha_trait & BlendPixelTrait) == 0)
  (x: the oracle executes this line; c: capped, not every reaching case ran)

  full results: build-oracle/work/mutation-cap1500-channel.json
