mutate: 363 mutants in MagickCore/property\.c$, 13 functions
mutate: baseline over 10611 cases in 0s
  mutants: 25/363 (294s)
  mutants: 50/363 (575s)
  mutants: 75/363 (849s)
  mutants: 100/363 (1120s)
  mutants: 125/363 (1394s)
  mutants: 150/363 (1667s)
  mutants: 175/363 (1942s)
  mutants: 200/363 (2203s)
  mutants: 225/363 (2311s)
  mutants: 250/363 (2541s)
  mutants: 275/363 (2699s)
  mutants: 300/363 (2935s)
  mutants: 325/363 (3199s)
  mutants: 350/363 (3379s)
  mutants: 363/363 (3411s)

mutate: 363 mutants, 3411s
  killed 39, survived 324 (323 capped), no coverage 0, errors 0
  mutation score on reached code: 10.7%   overall: 10.7%

  function                           total killed survived no-cov
  GetEXIFProperty                      153      0      153      0
  InterpretImageProperties              58     18       40      0
  SetImageProperty                      49      2       47      0
  GetXMPProperty                        27      0       27      0
  GetMagickPropertyLetter               26     15       11      0
  GetIPTCProperty                       21      0       21      0
  GetImageProperty                      14      0       14      0
  GetICCProperty                         9      4        5      0
  CloneImageProperties                   2      0        2      0
  DeleteImageProperty                    1      0        1      0
  DestroyImageProperties                 1      0        1      0
  GetNextImageProperty                   1      0        1      0
  ResetImagePropertyIterator             1      0        1      0

  survivors (equivalent, or a gap in the catalogue):
    xc property.c:156:24 cxx_ne_to_eq               if (IsEventLogging() != MagickFalse)
    xc property.c:210:29 cxx_ne_to_eq               if (image->properties != (void *) NULL)
    x  property.c:299:24 cxx_ne_to_eq               if (IsEventLogging() != MagickFalse)
    xc property.c:333:24 cxx_ne_to_eq               if (IsEventLogging() != MagickFalse)
    xc property.c:455:15 cxx_eq_to_ne               if (profile == (StringInfo *) NULL)
    xc property.c:457:15 cxx_eq_to_ne               if (profile == (StringInfo *) NULL)
    xc property.c:460:13 cxx_ne_to_eq               if (count != 2)
     c property.c:463:15 cxx_lt_to_ge               for (i=0; i < (ssize_t) GetStringInfoLength(profile)-5; )
     c property.c:463:15 cxx_lt_to_le               for (i=0; i < (ssize_t) GetStringInfoLength(profile)-5; )
     c property.c:463:55 cxx_sub_to_add             for (i=0; i < (ssize_t) GetStringInfoLength(profile)-5; )
     c property.c:467:14 cxx_ne_to_eq               if (p[0] != 0x1c)  /* Look for IPTC marker */
     c property.c:469:10 cxx_post_inc_to_post_dec   i++;
     c property.c:475:22 cxx_eq_to_ne               if (((long) p[1] == dataset) && ((long) p[2] == record))
     c property.c:475:50 cxx_eq_to_ne               if (((long) p[1] == dataset) && ((long) p[2] == record))
     c property.c:481:56 cxx_sub_to_add             size_t remaining = GetStringInfoLength(profile)-(i+5);
     c property.c:481:59 cxx_add_to_sub             size_t remaining = GetStringInfoLength(profile)-(i+5);
     c property.c:483:21 cxx_ge_to_gt               if (~length >= 1)
     c property.c:483:21 cxx_ge_to_lt               if (~length >= 1)
     c property.c:484:55 cxx_add_to_sub             message=(char *) AcquireQuantumMemory(length+1UL,sizeof(*message));
     c property.c:485:21 cxx_ne_to_eq               if (message != (char *) NULL)
     c property.c:500:46 cxx_add_to_sub             i+=(((size_t) p[3] << 8) | (size_t) p[4])+5;
     c property.c:502:18 cxx_eq_to_ne               if ((attribute == (char *) NULL) || (*attribute == ';'))
     c property.c:502:51 cxx_eq_to_ne               if ((attribute == (char *) NULL) || (*attribute == ';'))
     c property.c:504:21 cxx_ne_to_eq               if (attribute != (char *) NULL)
     c property.c:508:30 cxx_sub_to_add             attribute[strlen(attribute)-1]='\0';
    xc property.c:1314:17 cxx_eq_to_ne               if ((property == (const char *) NULL) || (*property == '\0'))
    xc property.c:1314:55 cxx_eq_to_ne               if ((property == (const char *) NULL) || (*property == '\0'))
    xc property.c:1316:53 cxx_ne_to_eq               while (isspace((int) ((unsigned char) *property)) != 0)
    xc property.c:1318:24 cxx_le_to_gt               if (strlen(property) <= 5)
    xc property.c:1318:24 cxx_le_to_lt               if (strlen(property) <= 5)
     c property.c:1351:26 cxx_eq_to_ne               tag=(*(property+5) == '@') ? 1UL : 0UL;
     c property.c:1354:13 cxx_ne_to_eq               if (n != 4)
     c property.c:1362:27 cxx_sub_to_add             for (i=(ssize_t) n-1L; i >= 0; i--)
     c property.c:1362:34 cxx_ge_to_gt               for (i=(ssize_t) n-1L; i >= 0; i--)
     c property.c:1362:34 cxx_ge_to_lt               for (i=(ssize_t) n-1L; i >= 0; i--)
     c property.c:1366:18 cxx_ge_to_gt               if ((c >= '0') && (c <= '9'))
     c property.c:1366:18 cxx_ge_to_lt               if ((c >= '0') && (c <= '9'))
     c property.c:1366:32 cxx_le_to_gt               if ((c >= '0') && (c <= '9'))
     c property.c:1366:32 cxx_le_to_lt               if ((c >= '0') && (c <= '9'))
     c property.c:1367:29 cxx_sub_to_add             tag|=(size_t) (c-'0');
     c property.c:1369:20 cxx_ge_to_gt               if ((c >= 'A') && (c <= 'F'))
     c property.c:1369:20 cxx_ge_to_lt               if ((c >= 'A') && (c <= 'F'))
     c property.c:1369:34 cxx_le_to_gt               if ((c >= 'A') && (c <= 'F'))
     c property.c:1369:34 cxx_le_to_lt               if ((c >= 'A') && (c <= 'F'))
     c property.c:1370:31 cxx_sub_to_add             tag|=(size_t) (c-('A'-10));
     c property.c:1372:22 cxx_ge_to_gt               if ((c >= 'a') && (c <= 'f'))
     c property.c:1372:22 cxx_ge_to_lt               if ((c >= 'a') && (c <= 'f'))
     c property.c:1372:36 cxx_le_to_gt               if ((c >= 'a') && (c <= 'f'))
     c property.c:1372:36 cxx_le_to_lt               if ((c >= 'a') && (c <= 'f'))
     c property.c:1373:33 cxx_sub_to_add             tag|=(size_t) (c-('a'-10));
     c property.c:1377:26 cxx_ne_to_eq               } while (*property != '\0');
     c property.c:1385:20 cxx_post_inc_to_post_dec   for (i=0; ; i++)
     c property.c:1387:28 cxx_eq_to_ne               if (EXIFTag[i].tag == 0)
     c property.c:1389:60 cxx_eq_to_ne               if (LocaleCompare(EXIFTag[i].description,property) == 0)
    xc property.c:1398:11 cxx_eq_to_ne               if (tag == (~0UL))
    xc property.c:1401:14 cxx_lt_to_ge               if (length < 6)
    xc property.c:1401:14 cxx_lt_to_le               if (length < 6)
    xc property.c:1404:17 cxx_ne_to_eq               while (length != 0)
    xc property.c:1406:41 cxx_ne_to_eq               if (ReadPropertyByte(&exif,&length) != 0x45)
    xc property.c:1408:41 cxx_ne_to_eq               if (ReadPropertyByte(&exif,&length) != 0x78)
    xc property.c:1410:41 cxx_ne_to_eq               if (ReadPropertyByte(&exif,&length) != 0x69)
    xc property.c:1412:41 cxx_ne_to_eq               if (ReadPropertyByte(&exif,&length) != 0x66)
    xc property.c:1414:41 cxx_ne_to_eq               if (ReadPropertyByte(&exif,&length) != 0x00)
    xc property.c:1416:41 cxx_ne_to_eq               if (ReadPropertyByte(&exif,&length) != 0x00)
    xc property.c:1420:14 cxx_lt_to_ge               if (length < 16)
    xc property.c:1420:14 cxx_lt_to_le               if (length < 16)
    xc property.c:1424:10 cxx_eq_to_ne               if (id == 0x4949)
    xc property.c:1427:12 cxx_eq_to_ne               if (id == 0x4D4D)
    xc property.c:1431:48 cxx_ne_to_eq               if (ReadPropertyUnsignedShort(endian,exif+2) != 0x002a)
    xc property.c:1437:15 cxx_lt_to_ge               if ((offset < 0) || (size_t) offset >= length)
    xc property.c:1437:15 cxx_lt_to_le               if ((offset < 0) || (size_t) offset >= length)
    xc property.c:1437:39 cxx_ge_to_gt               if ((offset < 0) || (size_t) offset >= length)
    xc property.c:1437:39 cxx_ge_to_lt               if ((offset < 0) || (size_t) offset >= length)
    xc property.c:1453:15 cxx_gt_to_ge               if (level > 0)
    xc property.c:1453:15 cxx_gt_to_le               if (level > 0)
    xc property.c:1460:20 cxx_lt_to_ge               if ((directory < exif) || (directory > (exif+length-2)))
    xc property.c:1460:20 cxx_lt_to_le               if ((directory < exif) || (directory > (exif+length-2)))
    xc property.c:1460:42 cxx_gt_to_ge               if ((directory < exif) || (directory > (exif+length-2)))
    xc property.c:1460:42 cxx_gt_to_le               if ((directory < exif) || (directory > (exif+length-2)))
    xc property.c:1466:19 cxx_lt_to_ge               for ( ; entry < number_entries; entry++)
    xc property.c:1466:19 cxx_lt_to_le               for ( ; entry < number_entries; entry++)
    xc property.c:1466:42 cxx_post_inc_to_post_dec   for ( ; entry < number_entries; entry++)
    xc property.c:1480:13 cxx_gt_to_ge               if (q > (exif+length-12))
    xc property.c:1480:13 cxx_gt_to_le               if (q > (exif+length-12))
    xc property.c:1482:51 cxx_eq_to_ne               if (GetValueFromSplayTree(exif_resources,q) == q)
    xc property.c:1485:62 cxx_add_to_sub             tag_value=(size_t) (ReadPropertyUnsignedShort(endian,q)+(ssize_t)
    xc property.c:1488:18 cxx_ge_to_gt               if (format >= (sizeof(tag_bytes)/sizeof(*tag_bytes)))
    xc property.c:1488:18 cxx_ge_to_lt               if (format >= (sizeof(tag_bytes)/sizeof(*tag_bytes)))
    xc property.c:1490:18 cxx_eq_to_ne               if (format == 0)
    xc property.c:1493:22 cxx_lt_to_ge               if (components < 0)
    xc property.c:1493:22 cxx_lt_to_le               if (components < 0)
    xc property.c:1495:30 cxx_mul_to_div             number_bytes=components*(ssize_t) tag_bytes[format];
    xc property.c:1496:24 cxx_lt_to_ge               if (number_bytes < components)
    xc property.c:1496:24 cxx_lt_to_le               if (number_bytes < components)
    xc property.c:1498:24 cxx_le_to_gt               if (number_bytes <= 4)
    xc property.c:1498:24 cxx_le_to_lt               if (number_bytes <= 4)
    xc property.c:1509:27 cxx_lt_to_ge               if ((dir_offset < 0) || (size_t) dir_offset >= length)
    xc property.c:1509:27 cxx_lt_to_le               if ((dir_offset < 0) || (size_t) dir_offset >= length)
    xc property.c:1509:55 cxx_ge_to_gt               if ((dir_offset < 0) || (size_t) dir_offset >= length)
    xc property.c:1509:55 cxx_ge_to_lt               if ((dir_offset < 0) || (size_t) dir_offset >= length)
    xc property.c:1511:35 cxx_add_to_sub             if (((size_t) dir_offset+(size_t) number_bytes) < (size_t) dir_offset)
    xc property.c:1511:59 cxx_lt_to_ge               if (((size_t) dir_offset+(size_t) number_bytes) < (size_t) dir_offset)
    xc property.c:1511:59 cxx_lt_to_le               if (((size_t) dir_offset+(size_t) number_bytes) < (size_t) dir_offset)
    xc property.c:1513:35 cxx_add_to_sub             if ((size_t) (dir_offset+(ssize_t) number_bytes) > length)
    xc property.c:1513:60 cxx_gt_to_ge               if ((size_t) (dir_offset+(ssize_t) number_bytes) > length)
    xc property.c:1513:60 cxx_gt_to_le               if ((size_t) (dir_offset+(ssize_t) number_bytes) > length)
    xc property.c:1517:16 cxx_ne_to_eq               if ((all != 0) || (tag == (size_t) tag_value))
    xc property.c:1517:30 cxx_eq_to_ne               if ((all != 0) || (tag == (size_t) tag_value))
    xc property.c:1523:18 cxx_lt_to_ge               if ((p < exif) || (p > (exif+length-tag_bytes[format])))
    xc property.c:1523:18 cxx_lt_to_le               if ((p < exif) || (p > (exif+length-tag_bytes[format])))
    xc property.c:1523:32 cxx_gt_to_ge               if ((p < exif) || (p > (exif+length-tag_bytes[format])))
    xc property.c:1523:32 cxx_gt_to_le               if ((p < exif) || (p > (exif+length-tag_bytes[format])))
    xc property.c:1523:46 cxx_sub_to_add             if ((p < exif) || (p > (exif+length-tag_bytes[format])))
     c property.c:1532:44 cxx_ge_to_gt               if (~((size_t) number_bytes) >= 1)
     c property.c:1532:44 cxx_ge_to_lt               if (~((size_t) number_bytes) >= 1)
     c property.c:1533:74 cxx_add_to_sub             value=(char *) AcquireQuantumMemory((size_t) number_bytes+1UL,
     c property.c:1535:25 cxx_ne_to_eq               if (value != (char *) NULL)
     c property.c:1537:31 cxx_lt_to_ge               for (i=0; i < (ssize_t) number_bytes; i++)
     c property.c:1537:31 cxx_lt_to_le               for (i=0; i < (ssize_t) number_bytes; i++)
     c property.c:1537:58 cxx_post_inc_to_post_dec   for (i=0; i < (ssize_t) number_bytes; i++)
     c property.c:1540:45 cxx_ne_to_eq               if (isprint((int) p[i]) != 0)
    xc property.c:1576:30 cxx_eq_to_ne               if ((tag_value == GPS_LATITUDE) || (tag_value == GPS_LONGITUDE) ||
    xc property.c:1576:61 cxx_eq_to_ne               if ((tag_value == GPS_LATITUDE) || (tag_value == GPS_LONGITUDE) ||
    xc property.c:1577:30 cxx_eq_to_ne               (tag_value == GPS_TIMESTAMP))
     c property.c:1579:36 cxx_lt_to_ge               if (number_bytes < 24)
     c property.c:1579:36 cxx_lt_to_le               if (number_bytes < 24)
     c property.c:1619:22 cxx_lt_to_ge               if ((p < exif) || (p > (exif+length-number_bytes)))
     c property.c:1619:22 cxx_lt_to_le               if ((p < exif) || (p > (exif+length-number_bytes)))
     c property.c:1619:36 cxx_gt_to_ge               if ((p < exif) || (p > (exif+length-number_bytes)))
     c property.c:1619:36 cxx_gt_to_le               if ((p < exif) || (p > (exif+length-number_bytes)))
     c property.c:1619:50 cxx_sub_to_add             if ((p < exif) || (p > (exif+length-number_bytes)))
     c property.c:1622:44 cxx_ge_to_gt               if (~((size_t) number_bytes) >= 1)
     c property.c:1622:44 cxx_ge_to_lt               if (~((size_t) number_bytes) >= 1)
     c property.c:1623:74 cxx_add_to_sub             value=(char *) AcquireQuantumMemory((size_t) number_bytes+1UL,
     c property.c:1625:25 cxx_ne_to_eq               if (value != (char *) NULL)
     c property.c:1627:31 cxx_lt_to_ge               for (i=0; i < (ssize_t) number_bytes; i++)
     c property.c:1627:31 cxx_lt_to_le               for (i=0; i < (ssize_t) number_bytes; i++)
     c property.c:1627:58 cxx_post_inc_to_post_dec   for (i=0; i < (ssize_t) number_bytes; i++)
     c property.c:1630:46 cxx_ne_to_eq               if ((isprint((int) p[i]) != 0) || (p[i] == '\0'))
     c property.c:1630:61 cxx_eq_to_ne               if ((isprint((int) p[i]) != 0) || (p[i] == '\0'))
    xc property.c:1638:21 cxx_ne_to_eq               if (value != (char *) NULL)
    xc property.c:1652:32 cxx_post_inc_to_post_dec   for (i=0; ; i++)
    xc property.c:1654:40 cxx_eq_to_ne               if (EXIFTag[i].tag == 0)
    xc property.c:1656:40 cxx_eq_to_ne               if (EXIFTag[i].tag == tag_value)
    xc property.c:1664:29 cxx_eq_to_ne               if (level == 2)
     c property.c:1670:33 cxx_lt_to_ge               if (tag_value < 0x10000)
     c property.c:1670:33 cxx_lt_to_le               if (tag_value < 0x10000)
     c property.c:1674:35 cxx_lt_to_ge               if (tag_value < 0x20000)
     c property.c:1674:35 cxx_lt_to_le               if (tag_value < 0x20000)
     c property.c:1683:29 cxx_eq_to_ne               if (level == 2)
    xc property.c:1688:83 cxx_eq_to_ne               (GetValueFromSplayTree((SplayTreeInfo *) image->properties,key) == (const void *) NULL))
    xc property.c:1694:24 cxx_eq_to_ne               if ((tag_value == TAG_EXIF_OFFSET) ||
    xc property.c:1695:24 cxx_eq_to_ne               (tag_value == TAG_INTEROP_OFFSET) || (tag_value == TAG_GPS_OFFSET))
    xc property.c:1695:61 cxx_eq_to_ne               (tag_value == TAG_INTEROP_OFFSET) || (tag_value == TAG_GPS_OFFSET))
     c property.c:1701:39 cxx_lt_to_ge               if (((size_t) tag_offset1 < length) &&
     c property.c:1701:39 cxx_lt_to_le               if (((size_t) tag_offset1 < length) &&
     c property.c:1702:24 cxx_lt_to_ge               (level < (MaxDirectoryStack-2)))
     c property.c:1702:24 cxx_lt_to_le               (level < (MaxDirectoryStack-2)))
     c property.c:1707:51 cxx_eq_to_ne               tag_offset2=(ssize_t) ((tag_value == TAG_GPS_OFFSET) ? 0x10000 :
     c property.c:1710:22 cxx_post_inc_to_post_dec   entry++;
     c property.c:1713:22 cxx_post_inc_to_post_dec   level++;
     c property.c:1717:29 cxx_lt_to_ge               for (i=0; i < level; i++)
     c property.c:1717:29 cxx_lt_to_le               for (i=0; i < level; i++)
     c property.c:1717:39 cxx_post_inc_to_post_dec   for (i=0; i < level; i++)
     c property.c:1718:52 cxx_eq_to_ne               if (directory_stack[i].directory == (exif+tag_offset1))
     c property.c:1720:23 cxx_lt_to_ge               if (i < level)
     c property.c:1720:23 cxx_lt_to_le               if (i < level)
     c property.c:1725:22 cxx_post_inc_to_post_dec   level++;
     c property.c:1726:37 cxx_mul_to_div             if ((directory+2+(12*number_entries)+4) > (exif+length))
     c property.c:1726:57 cxx_gt_to_ge               if ((directory+2+(12*number_entries)+4) > (exif+length))
     c property.c:1726:57 cxx_gt_to_le               if ((directory+2+(12*number_entries)+4) > (exif+length))
     c property.c:1729:24 cxx_mul_to_div             2+(12*number_entries));
     c property.c:1730:34 cxx_ne_to_eq               if ((tag_offset1 != 0) && ((size_t) tag_offset1 < length) &&
     c property.c:1730:65 cxx_lt_to_ge               if ((tag_offset1 != 0) && ((size_t) tag_offset1 < length) &&
     c property.c:1730:65 cxx_lt_to_le               if ((tag_offset1 != 0) && ((size_t) tag_offset1 < length) &&
     c property.c:1731:28 cxx_lt_to_ge               (level < (MaxDirectoryStack-2)))
     c property.c:1731:28 cxx_lt_to_le               (level < (MaxDirectoryStack-2)))
     c property.c:1736:26 cxx_post_inc_to_post_dec   level++;
    xc property.c:1764:36 cxx_lt_to_le               if (GetStringInfoLength(profile) < 128)
    xc property.c:1789:42 cxx_add_to_sub             SetStringInfoLength(info,extent+1);
    xc property.c:1800:42 cxx_add_to_sub             SetStringInfoLength(info,extent+1);
    xc property.c:1811:42 cxx_add_to_sub             SetStringInfoLength(info,extent+1);
    xc property.c:1822:42 cxx_add_to_sub             SetStringInfoLength(info,extent+1);
    xc property.c:1876:36 cxx_lt_to_ge               if (GetStringInfoLength(profile) < 17)
    xc property.c:1876:36 cxx_lt_to_le               if (GetStringInfoLength(profile) < 17)
    xc property.c:1878:17 cxx_eq_to_ne               if ((property == (const char *) NULL) || (*property == '\0'))
    xc property.c:1878:55 cxx_eq_to_ne               if ((property == (const char *) NULL) || (*property == '\0'))
    xc property.c:1881:19 cxx_eq_to_ne               if (xmp_profile == (char *) NULL)
    xc property.c:1883:26 cxx_ne_to_eq               for (p=xmp_profile; *p != '\0'; p++)
    xc property.c:1884:13 cxx_eq_to_ne               if ((*p == '<') && (*(p+1) == 'x'))
    xc property.c:1884:32 cxx_eq_to_ne               if ((*p == '<') && (*(p+1) == 'x'))
    xc property.c:1890:11 cxx_eq_to_ne               if (xmp == (XMLTreeInfo *) NULL)
    xc property.c:1893:11 cxx_ne_to_eq               if (rdf != (XMLTreeInfo *) NULL)
    xc property.c:1899:26 cxx_ne_to_eq               while (description != (XMLTreeInfo *) NULL)
    xc property.c:1908:21 cxx_ne_to_eq               while (node != (XMLTreeInfo *) NULL)
    xc property.c:1912:22 cxx_eq_to_ne               if ((child == (XMLTreeInfo *) NULL) &&
    xc property.c:1913:38 cxx_eq_to_ne               (SkipXMPValue(content) == MagickFalse))
    xc property.c:1918:41 cxx_le_to_gt               if ((xmp_namespace_length <= 2) ||
    xc property.c:1918:41 cxx_le_to_lt               if ((xmp_namespace_length <= 2) ||
    xc property.c:1919:57 cxx_sub_to_add             (*(xmp_namespace+(xmp_namespace_length-2)) != ':') ||
    xc property.c:1919:62 cxx_ne_to_eq               (*(xmp_namespace+(xmp_namespace_length-2)) != ':') ||
    xc property.c:1920:57 cxx_sub_to_add             (*(xmp_namespace+(xmp_namespace_length-1)) != '*'))
    xc property.c:1920:62 cxx_ne_to_eq               (*(xmp_namespace+(xmp_namespace_length-1)) != '*'))
     c property.c:1928:39 cxx_eq_to_ne               if (SkipXMPValue(content) == MagickFalse)
     c property.c:1933:43 cxx_le_to_gt               if ((xmp_namespace_length <= 2) ||
     c property.c:1933:43 cxx_le_to_lt               if ((xmp_namespace_length <= 2) ||
     c property.c:1934:59 cxx_sub_to_add             (*(xmp_namespace+(xmp_namespace_length-2)) != ':') ||
     c property.c:1934:64 cxx_ne_to_eq               (*(xmp_namespace+(xmp_namespace_length-2)) != ':') ||
     c property.c:1935:59 cxx_sub_to_add             (*(xmp_namespace+(xmp_namespace_length-1)) != '*'))
     c property.c:1935:64 cxx_ne_to_eq               (*(xmp_namespace+(xmp_namespace_length-1)) != '*'))
    xc property.c:2318:24 cxx_ne_to_eq               if (IsEventLogging() != MagickFalse)
    xc property.c:2324:24 cxx_gt_to_ge               if ((property_length > 2) && (*(property+(property_length-2)) == ':') &&
    xc property.c:2324:24 cxx_gt_to_le               if ((property_length > 2) && (*(property+(property_length-2)) == ':') &&
    xc property.c:2324:60 cxx_sub_to_add             if ((property_length > 2) && (*(property+(property_length-2)) == ':') &&
    xc property.c:2324:65 cxx_eq_to_ne               if ((property_length > 2) && (*(property+(property_length-2)) == ':') &&
    xc property.c:2325:35 cxx_sub_to_add             (*(property+(property_length-1)) == '*'))
    xc property.c:2337:32 cxx_eq_to_ne               if (strchr(property,':') == (char *) NULL)
    xc property.c:2344:46 cxx_eq_to_ne               if (LocaleNCompare("8bim:",property,5) == 0)
    xc property.c:2354:46 cxx_eq_to_ne               if (LocaleNCompare("exif:",property,5) == 0)
    xc property.c:2364:46 cxx_eq_to_ne               if ((LocaleNCompare("icc:",property,4) == 0) ||
    xc property.c:2365:46 cxx_eq_to_ne               (LocaleNCompare("icm:",property,4) == 0))
    xc property.c:2372:46 cxx_eq_to_ne               if (LocaleNCompare("iptc:",property,5) == 0)
    xc property.c:2382:45 cxx_eq_to_ne               if (LocaleNCompare("xmp:",property,4) == 0)
    xc property.c:2393:29 cxx_ne_to_eq               (read_from_properties != MagickFalse))
    xc property.c:2515:14 cxx_ne_to_eq               if ((image != (Image *) NULL) && (IsEventLogging() != MagickFalse))
    xc property.c:2515:54 cxx_ne_to_eq               if ((image != (Image *) NULL) && (IsEventLogging() != MagickFalse))
    xc property.c:2518:21 cxx_ne_to_eq               if ((image_info != (ImageInfo *) NULL) &&
    xc property.c:2519:27 cxx_ne_to_eq               (IsEventLogging() != MagickFalse))
    xc property.c:2582:22 cxx_ne_to_eq               (image->rows != 0 ? image->rows : image->magick_rows));
    xc property.c:2694:25 cxx_ne_to_eq               (image->columns != 0 ? image->columns : image->magick_columns));
    xc property.c:2701:35 cxx_gt_to_ge               fabs(image->resolution.x) > MagickEpsilon ? image->resolution.x :
    xc property.c:2710:35 cxx_gt_to_ge               fabs(image->resolution.y) > MagickEpsilon ? image->resolution.y :
     c property.c:2775:18 cxx_ne_to_eq               if ((image != (Image *) NULL) && (image->next == (Image *) NULL))
     c property.c:2775:53 cxx_eq_to_ne               if ((image != (Image *) NULL) && (image->next == (Image *) NULL))
    xc property.c:2892:17 cxx_ne_to_eq               if (image != (Image *) NULL)
    xc property.c:3640:24 cxx_ne_to_eq               if (IsEventLogging() != MagickFalse)
    xc property.c:3779:14 cxx_ne_to_eq               if ((image != (Image *) NULL) && (IsEventLogging() != MagickFalse))
    xc property.c:3779:54 cxx_ne_to_eq               if ((image != (Image *) NULL) && (IsEventLogging() != MagickFalse))
    xc property.c:3782:21 cxx_ne_to_eq               if ((image_info != (ImageInfo *) NULL) && (IsEventLogging() != MagickFalse))
    xc property.c:3782:65 cxx_ne_to_eq               if ((image_info != (ImageInfo *) NULL) && (IsEventLogging() != MagickFalse))
    xc property.c:3786:28 cxx_ne_to_eq               if (IsEventLogging() != MagickFalse)
    xc property.c:3791:60 cxx_ne_to_eq               while ((isspace((int) ((unsigned char) *p)) != 0) && (*p != '\0'))
    xc property.c:3795:11 cxx_eq_to_ne               if ((*p == '@') && (IsPathAccessible(p+1) != MagickFalse))
    xc property.c:3795:45 cxx_ne_to_eq               if ((*p == '@') && (IsPathAccessible(p+1) != MagickFalse))
     c property.c:3801:26 cxx_ne_to_eq               if (interpret_text != (char *) NULL)
    xc property.c:3807:18 cxx_ne_to_eq               if (image_info != (ImageInfo *) NULL)
     c property.c:3867:20 cxx_eq_to_ne               if (*p == '\n') /* return-newline EOL */
     c property.c:3881:40 cxx_eq_to_ne               if (LocaleNCompare("&lt;",p,4) == 0)
     c property.c:3887:42 cxx_eq_to_ne               if (LocaleNCompare("&gt;",p,4) == 0)
     c property.c:3893:45 cxx_eq_to_ne               if (LocaleNCompare("&amp;",p,5) == 0)
    xc property.c:3974:29 cxx_lt_to_le               for (offset=0; offset < (MagickPathExtent-1L) && (*p != '\0'); )
    xc property.c:3976:37 cxx_ne_to_eq               if ((*p == '\\') && (*(p+1) != '\0'))
     c property.c:3981:27 cxx_post_inc_to_post_dec   pattern[offset++]=(*p++);
     c property.c:3982:27 cxx_post_inc_to_post_dec   pattern[offset++]=(*p++);
     c property.c:3999:22 cxx_ge_to_gt               if (offset >= 64)
     c property.c:3999:22 cxx_ge_to_lt               if (offset >= 64)
    xc property.c:4075:42 cxx_eq_to_ne               if (property_image->colorspace == CMYKColorspace)
    xc property.c:4079:48 cxx_mul_to_div             pixel.black=(double) QuantumRange*value;
    xc property.c:4125:42 cxx_eq_to_ne               if (property_image->colorspace == CMYKColorspace)
    xc property.c:4129:48 cxx_mul_to_div             pixel.black=(double) QuantumRange*value;
     c property.c:4161:62 cxx_ne_to_eq               while ((key=GetNextImageOption(property_info)) != (const char *) NULL)
     c property.c:4162:62 cxx_ne_to_eq               if (GlobExpression(key,pattern+7,MagickTrue) != MagickFalse)
     c property.c:4165:32 cxx_ne_to_eq               if (string != (const char *) NULL)
     c property.c:4181:33 cxx_ne_to_eq               if (IsGlob(pattern+9) != MagickFalse)
     c property.c:4184:65 cxx_ne_to_eq               while ((key=GetNextImageArtifact(property_image)) != (const char *) NULL)
     c property.c:4185:62 cxx_ne_to_eq               if (GlobExpression(key,pattern+9,MagickTrue) != MagickFalse)
     c property.c:4188:32 cxx_ne_to_eq               if (string != (const char *) NULL)
     c property.c:4194:22 cxx_eq_to_ne               if (string == (char *) NULL)
     c property.c:4207:65 cxx_ne_to_eq               while ((key=GetNextImageProperty(property_image)) != (const char *) NULL)
     c property.c:4208:60 cxx_ne_to_eq               if (GlobExpression(key,pattern,MagickTrue) != MagickFalse)
     c property.c:4211:32 cxx_ne_to_eq               if (string != (const char *) NULL)
    xc property.c:4274:18 cxx_ge_to_gt               if (offset >= 64)
    xc property.c:4274:18 cxx_ge_to_lt               if (offset >= 64)
    xc property.c:4288:52 cxx_ne_to_eq               if ((property_image != image) && (property_image != (Image *) NULL))
    xc property.c:4290:55 cxx_ne_to_eq               if ((property_info != image_info) && (property_info != (ImageInfo *) NULL))
     c property.c:4294:26 cxx_ne_to_eq               if (interpret_text != (char *) NULL)
    xc property.c:4373:24 cxx_ne_to_eq               if (IsEventLogging() != MagickFalse)
    xc property.c:4427:24 cxx_ne_to_eq               if (IsEventLogging() != MagickFalse)
    xc property.c:4434:24 cxx_le_to_lt               if (strlen(property) <= 1)
    xc property.c:4444:24 cxx_gt_to_ge               if ((property_length > 2) && (*(property+(property_length-2)) == ':') &&
    xc property.c:4444:24 cxx_gt_to_le               if ((property_length > 2) && (*(property+(property_length-2)) == ':') &&
    xc property.c:4444:60 cxx_sub_to_add             if ((property_length > 2) && (*(property+(property_length-2)) == ':') &&
    xc property.c:4444:65 cxx_eq_to_ne               if ((property_length > 2) && (*(property+(property_length-2)) == ':') &&
    xc property.c:4445:35 cxx_sub_to_add             (*(property+(property_length-1)) == '*'))
    xc property.c:4475:48 cxx_eq_to_ne               if (LocaleCompare("background",property) == 0)
    xc property.c:4500:26 cxx_lt_to_ge               if (colorspace < 0)
    xc property.c:4500:26 cxx_lt_to_le               if (colorspace < 0)
     c property.c:4510:23 cxx_lt_to_ge               if (compose < 0)
     c property.c:4510:23 cxx_lt_to_le               if (compose < 0)
     c property.c:4522:27 cxx_lt_to_ge               if (compression < 0)
     c property.c:4522:27 cxx_lt_to_le               if (compression < 0)
     c property.c:4540:32 cxx_gt_to_ge               if (image->delay > (size_t) floor(geometry_info.rho+0.5))
     c property.c:4540:32 cxx_gt_to_le               if (image->delay > (size_t) floor(geometry_info.rho+0.5))
     c property.c:4540:66 cxx_add_to_sub             if (image->delay > (size_t) floor(geometry_info.rho+0.5))
     c property.c:4541:62 cxx_add_to_sub             image->delay=(size_t) floor(geometry_info.rho+0.5);
     c property.c:4546:43 cxx_lt_to_ge               if ((double) image->delay < floor(geometry_info.rho+0.5))
     c property.c:4546:43 cxx_lt_to_le               if ((double) image->delay < floor(geometry_info.rho+0.5))
     c property.c:4546:68 cxx_add_to_sub             if ((double) image->delay < floor(geometry_info.rho+0.5))
     c property.c:4548:40 cxx_add_to_sub             geometry_info.sigma+0.5));
     c property.c:4554:34 cxx_add_to_sub             geometry_info.sigma+0.5));
     c property.c:4569:34 cxx_ne_to_eq               if ((flags & RhoValue) != 0)
     c property.c:4572:36 cxx_ne_to_eq               if ((flags & SigmaValue) != 0)
     c property.c:4587:23 cxx_lt_to_ge               if (dispose < 0)
     c property.c:4587:23 cxx_lt_to_le               if (dispose < 0)
    xc property.c:4622:43 cxx_eq_to_ne               if (LocaleCompare("gamma",property) == 0)
    xc property.c:4627:45 cxx_eq_to_ne               if (LocaleCompare("gravity",property) == 0)
     c property.c:4633:23 cxx_lt_to_ge               if (gravity < 0)
     c property.c:4633:23 cxx_lt_to_le               if (gravity < 0)
     c property.c:4661:25 cxx_lt_to_ge               if (intensity < 0)
     c property.c:4661:25 cxx_lt_to_le               if (intensity < 0)
     c property.c:4673:32 cxx_lt_to_ge               if (rendering_intent < 0)
     c property.c:4673:32 cxx_lt_to_le               if (rendering_intent < 0)
     c property.c:4685:27 cxx_lt_to_ge               if (interpolate < 0)
     c property.c:4685:27 cxx_lt_to_le               if (interpolate < 0)
     c property.c:4703:46 cxx_eq_to_ne               if (LocaleCompare("kurtosis",property) == 0)
     c property.c:4735:44 cxx_eq_to_ne               if (LocaleCompare("opaque",property) == 0)
     c property.c:4769:54 cxx_eq_to_ne               if (LocaleCompare("rendering-intent",property) == 0)
     c property.c:4776:32 cxx_lt_to_ge               if (rendering_intent < 0)
     c property.c:4776:32 cxx_lt_to_le               if (rendering_intent < 0)
     c property.c:4814:20 cxx_lt_to_ge               if (type < 0)
     c property.c:4814:20 cxx_lt_to_le               if (type < 0)
     c property.c:4824:43 cxx_eq_to_ne               if (LocaleCompare("units",property) == 0)
     c property.c:4830:21 cxx_lt_to_ge               if (units < 0)
     c property.c:4830:21 cxx_lt_to_le               if (units < 0)
  (x: the oracle executes this line; c: capped, not every reaching case ran)

  full results: build-oracle/work/mutation-cap1500-property.json
