  casemap: 500/12085 (3s)
  casemap: 1000/12085 (6s)
  casemap: 1500/12085 (8s)
  casemap: 2000/12085 (11s)
  casemap: 2500/12085 (14s)
  casemap: 3000/12085 (17s)
  casemap: 3500/12085 (20s)
  casemap: 4000/12085 (22s)
  casemap: 4500/12085 (25s)
  casemap: 5000/12085 (27s)
  casemap: 5500/12085 (30s)
  casemap: 6000/12085 (33s)
  casemap: 6500/12085 (35s)
  casemap: 7000/12085 (38s)
  casemap: 7500/12085 (41s)
  casemap: 8000/12085 (49s)
  casemap: 8500/12085 (52s)
  casemap: 9000/12085 (56s)
  casemap: 9500/12085 (60s)
  casemap: 10000/12085 (64s)
  casemap: 10500/12085 (66s)
  casemap: 11000/12085 (69s)
  casemap: 11500/12085 (72s)
  casemap: 12000/12085 (75s)
  casemap: 12085/12085 (82s)
casemap: 12085 cases, 4173 functions reached, 0 cases without a profile, 85s
Traceback (most recent call last):
  File "/home/jovyan/imagemagick-mutation/ImageMagick/tools/oracle/erdc/new-cases.py", line 43, in <module>
    main()
  File "/home/jovyan/imagemagick-mutation/ImageMagick/tools/oracle/erdc/new-cases.py", line 33, in main
    manifest, now = oracle.load_cases(binary)
                    ^^^^^^^^^^^^^^^^^^^^^^^^^
  File "/home/jovyan/imagemagick-mutation/ImageMagick/tools/oracle/erdc/../oracle.py", line 293, in load_cases
    lists, writable = build_lists(binary)
                      ^^^^^^^^^^^^^^^^^^^
  File "/home/jovyan/imagemagick-mutation/ImageMagick/tools/oracle/erdc/../oracle.py", line 279, in build_lists
    r = magick(binary, ["-list", name], WORK)
        ^^^^^^^^^^^^^^^^^^^^^^^^^^^^^^^^^^^^^
  File "/home/jovyan/imagemagick-mutation/ImageMagick/tools/oracle/erdc/../oracle.py", line 175, in magick
    return subprocess.run([binary] + argv, cwd=cwd, env=env_for(binary, cwd),
           ^^^^^^^^^^^^^^^^^^^^^^^^^^^^^^^^^^^^^^^^^^^^^^^^^^^^^^^^^^^^^^^^^^
  File "/home/jovyan/sysroot/usr/lib/python3.12/subprocess.py", line 548, in run
    with Popen(*popenargs, **kwargs) as process:
         ^^^^^^^^^^^^^^^^^^^^^^^^^^^
  File "/home/jovyan/sysroot/usr/lib/python3.12/subprocess.py", line 1026, in __init__
    self._execute_child(args, executable, preexec_fn, close_fds,
  File "/home/jovyan/sysroot/usr/lib/python3.12/subprocess.py", line 1955, in _execute_child
    raise child_exception_type(errno_num, err_msg, err_filename)
FileNotFoundError: [Errno 2] No such file or directory: '/home/jovyan/imagemagick-mutation/ImageMagick/build-oracle/cand/utilities/magick'
