mutate: 139 mutants in MagickCore/property\.c$, 19 functions
mutate: baseline over 30 cases in 0s
  mutants: 25/139 (2s)
  mutants: 50/139 (2s)
  mutants: 75/139 (3s)
  mutants: 100/139 (3s)
  mutants: 125/139 (3s)
  mutants: 139/139 (4s)

mutate: 139 mutants, 4s
  killed 0, survived 41 (0 capped), no coverage 98, errors 0
  mutation score on reached code: 0.0%   overall: 0.0%

  function                           total killed survived no-cov
  GetEXIFProperty                       25      0       25      0
  InterpretImageProperties              24      0        0     24
  GetMagickProperty                     22      0        0     22
  SetImageProperty                      16      0        0     16
  Get8BIMProperty                        9      0        0      9
  GetMagickPropertyLetter                9      0        0      9
  TracePSClippath                        6      0        0      6
  GetICCProperty                         5      0        5      0
  GetIPTCProperty                        4      0        4      0
  CloneImageProperties                   3      0        3      0
  DefineImageProperty                    3      0        0      3
  TraceSVGClippath                       3      0        0      3
  GetXMPProperty                         2      0        2      0
  GetImageProperty                       2      0        2      0
  RemoveImageProperty                    2      0        0      2
  DeleteImageProperty                    1      0        0      1
  ReadPropertyMSBShort                   1      0        0      1
  GetNextImageProperty                   1      0        0      1
  ResetImagePropertyIterator             1      0        0      1

  survivors (equivalent, or a gap in the catalogue):
    x  property.c:156:24 cxx_ne_to_eq               if (IsEventLogging() != MagickFalse)
    x  property.c:210:29 cxx_ne_to_eq               if (image->properties != (void *) NULL)
    x  property.c:211:9 cxx_remove_void_call       DestroyImageProperties(image);
    x  property.c:463:15 cxx_lt_to_le               for (i=0; i < (ssize_t) GetStringInfoLength(profile)-5; )
    x  property.c:463:55 cxx_sub_to_add             for (i=0; i < (ssize_t) GetStringInfoLength(profile)-5; )
    x  property.c:481:56 cxx_sub_to_add             size_t remaining = GetStringInfoLength(profile)-(i+5);
    x  property.c:504:21 cxx_ne_to_eq               if (attribute != (char *) NULL)
    x  property.c:1401:14 cxx_lt_to_le               if (length < 6)
    x  property.c:1437:15 cxx_lt_to_le               if ((offset < 0) || (size_t) offset >= length)
    x  property.c:1437:39 cxx_ge_to_gt               if ((offset < 0) || (size_t) offset >= length)
    x  property.c:1460:20 cxx_lt_to_le               if ((directory < exif) || (directory > (exif+length-2)))
    x  property.c:1460:42 cxx_gt_to_ge               if ((directory < exif) || (directory > (exif+length-2)))
    x  property.c:1466:19 cxx_lt_to_le               for ( ; entry < number_entries; entry++)
    x  property.c:1480:13 cxx_gt_to_ge               if (q > (exif+length-12))
    x  property.c:1488:18 cxx_ge_to_gt               if (format >= (sizeof(tag_bytes)/sizeof(*tag_bytes)))
    x  property.c:1509:55 cxx_ge_to_gt               if ((dir_offset < 0) || (size_t) dir_offset >= length)
    x  property.c:1513:35 cxx_add_to_sub             if ((size_t) (dir_offset+(ssize_t) number_bytes) > length)
    x  property.c:1523:18 cxx_lt_to_le               if ((p < exif) || (p > (exif+length-tag_bytes[format])))
    x  property.c:1523:46 cxx_sub_to_add             if ((p < exif) || (p > (exif+length-tag_bytes[format])))
    x  property.c:1533:74 cxx_add_to_sub             value=(char *) AcquireQuantumMemory((size_t) number_bytes+1UL,
    x  property.c:1619:22 cxx_lt_to_le               if ((p < exif) || (p > (exif+length-number_bytes)))
    x  property.c:1619:50 cxx_sub_to_add             if ((p < exif) || (p > (exif+length-number_bytes)))
    x  property.c:1622:44 cxx_ge_to_gt               if (~((size_t) number_bytes) >= 1)
    x  property.c:1623:74 cxx_add_to_sub             value=(char *) AcquireQuantumMemory((size_t) number_bytes+1UL,
    x  property.c:1674:35 cxx_lt_to_le               if (tag_value < 0x20000)
    x  property.c:1701:39 cxx_lt_to_le               if (((size_t) tag_offset1 < length) &&
    x  property.c:1702:24 cxx_lt_to_le               (level < (MaxDirectoryStack-2)))
    x  property.c:1717:29 cxx_lt_to_le               for (i=0; i < level; i++)
    x  property.c:1726:37 cxx_mul_to_div             if ((directory+2+(12*number_entries)+4) > (exif+length))
    x  property.c:1726:57 cxx_gt_to_ge               if ((directory+2+(12*number_entries)+4) > (exif+length))
    x  property.c:1730:65 cxx_lt_to_le               if ((tag_offset1 != 0) && ((size_t) tag_offset1 < length) &&
    x  property.c:1731:28 cxx_lt_to_le               (level < (MaxDirectoryStack-2)))
    x  property.c:1764:36 cxx_lt_to_le               if (GetStringInfoLength(profile) < 128)
    x  property.c:1789:11 cxx_remove_void_call       SetStringInfoLength(info,extent+1);
    x  property.c:1800:42 cxx_add_to_sub             SetStringInfoLength(info,extent+1);
    x  property.c:1811:42 cxx_add_to_sub             SetStringInfoLength(info,extent+1);
    x  property.c:1822:11 cxx_remove_void_call       SetStringInfoLength(info,extent+1);
    x  property.c:1876:36 cxx_lt_to_le               if (GetStringInfoLength(profile) < 17)
    x  property.c:1933:43 cxx_le_to_lt               if ((xmp_namespace_length <= 2) ||
    x  property.c:2324:60 cxx_sub_to_add             if ((property_length > 2) && (*(property+(property_length-2)) == ':') &&
    x  property.c:2324:65 cxx_eq_to_ne               if ((property_length > 2) && (*(property+(property_length-2)) == ':') &&
  (x: the oracle executes this line; c: capped, not every reaching case ran)

  full results: build-oracle/work/mutation-confirm-af3128576-property.json
