mutate: 164 mutants in MagickCore/log\.c$, 20 functions
mutate: baseline over 307 cases in 0s
  mutants: 25/164 (47s)
  mutants: 50/164 (47s)
  mutants: 75/164 (47s)
  mutants: 100/164 (47s)
  mutants: 125/164 (48s)
  mutants: 150/164 (49s)
  mutants: 164/164 (95s)

mutate: 164 mutants, 95s
  killed 0, survived 39 (0 capped), no coverage 125, errors 0
  mutation score on reached code: 0.0%   overall: 0.0%

  function                           total killed survived no-cov
  TranslateEvent                        49      0        0     49
  LogMagickEventList                    33      0        0     33
  LoadLogCache                          18      0       18      0
  GetLogList                            12      0        0     12
  CloseMagickLog                         6      0        0      6
  GetLogInfo                             6      0        6      0
  FormatLogFilename                      5      0        0      5
  SetLogEventMask                        5      0        0      5
  SetLogFormat                           4      0        0      4
  GetLogInfoList                         3      0        0      3
  IsLogCacheInstantiated                 3      0        3      0
  DestroyLogElement                      3      0        3      0
  LogComponentTerminus                   3      0        3      0
  SetLogMethod                           3      0        0      3
  AcquireLogCache                        2      0        2      0
  CheckEventLogging                      2      0        2      0
  ListLogInfo                            2      0        0      2
  ParseLogHandlers                       2      0        2      0
  SetLogName                             2      0        0      2
  LogInfoCompare                         1      0        0      1

  survivors (equivalent, or a gap in the catalogue):
    x  log.c:327:5 cxx_remove_void_call       GetTimerInfo((TimerInfo *) &log_info->timer);
    x  log.c:334:16 cxx_eq_to_ne               if (status == MagickFalse)
    x  log.c:452:41 cxx_eq_to_ne               if (IsLogCacheInstantiated(exception) == MagickFalse)
    x  log.c:460:13 cxx_eq_to_ne               if ((name == (const char *) NULL) || (LocaleCompare(name,"*") == 0))
    x  log.c:460:65 cxx_eq_to_ne               if ((name == (const char *) NULL) || (LocaleCompare(name,"*") == 0))
       log.c:467:12 cxx_ne_to_eq               while (p != (ElementInfo *) NULL)
       log.c:477:5 cxx_remove_void_call       SetHeadElementInLinkedList(log_cache,p);
       log.c:478:3 cxx_remove_void_call       UnlockSemaphoreInfo(log_semaphore);
    x  log.c:725:36 cxx_ne_to_eq               if (IsLinkedListEmpty(log_cache) != MagickFalse)
    x  log.c:733:24 cxx_ne_to_eq               event_logging=(p != (ElementInfo *) NULL) &&
    x  log.c:743:25 cxx_eq_to_ne               if (log_semaphore == (SemaphoreInfo *) NULL)
       log.c:744:9 cxx_remove_void_call       ActivateSemaphoreInfo(&log_semaphore);
    x  log.c:749:11 cxx_remove_void_call       CheckEventLogging();
    x  log.c:977:55 cxx_eq_to_ne               if ((*q == '>') && (bracket_depth == 0))
    x  log.c:991:42 cxx_ne_to_eq               while ((LocaleNCompare(q,"->",2) != 0) && (*q != '\0'))
       log.c:1000:25 cxx_ne_to_eq               while (((*token != '/') && (*(token+1) != '>')) && (*q != '\0'))
       log.c:1000:64 cxx_ne_to_eq               while (((*token != '/') && (*(token+1) != '>')) && (*q != '\0'))
       log.c:1004:22 cxx_ne_to_eq               if (*token != '=')
       log.c:1007:45 cxx_eq_to_ne               if (LocaleCompare(keyword,"file") == 0)
       log.c:1009:25 cxx_ge_to_lt               if (depth >= MagickMaxRecursionDepth)
       log.c:1019:29 cxx_ne_to_eq               if (*path != '\0')
       log.c:1022:30 cxx_eq_to_ne               if (*token == *DirectorySeparator)
       log.c:1027:32 cxx_ne_to_eq               if (file_xml != (char *) NULL)
       log.c:1030:35 cxx_add_to_sub             path,depth+1,exception);
    x  log.c:1046:9 cxx_remove_void_call       GetTimerInfo((TimerInfo *) &log_info->timer);
    x  log.c:1084:36 cxx_ne_to_eq               if (log_info->filename != (char *) NULL)
    x  log.c:1092:34 cxx_ne_to_eq               if (log_info->format != (char *) NULL)
    x  log.c:1126:33 cxx_lt_to_le               if (log_info->limit < 1024)
       log.c:1127:40 cxx_mul_to_div             log_info->limit=1024*1024*StringToUnsignedLong(token);
    x  log.c:1148:13 cxx_eq_to_ne               if (cache == (LinkedListInfo *) NULL)
    x  log.c:1150:17 cxx_ne_to_eq               return(status != 0 ? MagickTrue : MagickFalse);
    x  log.c:1218:15 cxx_ne_to_eq               if (p->path != (char *) NULL)
    x  log.c:1220:19 cxx_ne_to_eq               if (p->filename != (char *) NULL)
       log.c:1223:5 cxx_remove_void_call       RelinquishSemaphoreInfo(&p->event_semaphore);
    x  log.c:1230:21 cxx_eq_to_ne               if (log_semaphore == (SemaphoreInfo *) NULL)
    x  log.c:1233:17 cxx_ne_to_eq               if (log_cache != (LinkedListInfo *) NULL)
    x  log.c:1237:3 cxx_remove_void_call       RelinquishSemaphoreInfo(&log_semaphore);
    x  log.c:1787:16 cxx_ne_to_eq               while ((*p != '\0') && ((isspace((int) ((unsigned char) *p)) != 0) ||
    x  log.c:1790:46 cxx_post_inc_to_post_dec   for (i=0; *LogHandlers[i].name != '\0'; i++)
  (x: the oracle executes this line; c: capped, not every reaching case ran)

  full results: build-oracle/work/mutation-confirm-d09139dff-log.json
