mutate: 173 mutants in MagickCore/image\.c$, 44 functions
mutate: baseline over 0 cases in 0s
  mutants: 25/173 (0s)
  mutants: 50/173 (0s)
  mutants: 75/173 (0s)
  mutants: 100/173 (0s)
  mutants: 125/173 (0s)
  mutants: 150/173 (0s)
  mutants: 173/173 (0s)

mutate: 173 mutants, 0s
  killed 0, survived 0 (0 capped), no coverage 173, errors 0

  function                           total killed survived no-cov
  InterpretImageFilename                13      0        0     13
  SetImageInfo                          13      0        0     13
  AcquireImage                          12      0        0     12
  NewMagickImage                        12      0        0     12
  SetImageColor                         11      0        0     11
  DestroyImage                          10      0        0     10
  DestroyImageInfo                       9      0        0      9
  SmushXGap                              9      0        0      9
  SmushYGap                              9      0        0      9
  AppendImages                           6      0        0      6
  IsTaintImage                           5      0        0      5
  ModifyImage                            5      0        0      5
  ResetImagePixels                       5      0        0      5
  AcquireNextImage                       3      0        0      3
  ClipImagePath                          3      0        0      3
  CloneImage                             3      0        0      3
  CloneImageInfo                         3      0        0      3
  GetImageInfo                           3      0        0      3
  GetImageReferenceCount                 3      0        0      3
  IsImageObject                          3      0        0      3
  SetImageRegionMask                     3      0        0      3
  SmushImages                            3      0        0      3
  CatchImageException                    2      0        0      2
  GetImageMask                           2      0        0      2
  IsHighDynamicRangeImage                2      0        0      2
  SetImageAlpha                          2      0        0      2
  SetImageBackgroundColor                2      0        0      2
  CopyImagePixels                        1      0        0      1
  DisassociateImageStream                1      0        0      1
  GetImageVirtualPixelMethod             1      0        0      1
  IsValidFormatSpecifier                 1      0        0      1
  ReferenceImage                         1      0        0      1
  ResetImagePage                         1      0        0      1
  SetImageStorageClass                   1      0        0      1
  SetImageExtent                         1      0        0      1
  SetImageInfoBlob                       1      0        0      1
  SetImageInfoCustomStream               1      0        0      1
  SetImageInfoFile                       1      0        0      1
  SetImageMask                           1      0        0      1
  SetImageVirtualPixelMethod             1      0        0      1
  StripImage                             1      0        0      1
  SyncImage                              1      0        0      1
  SyncImagesSettings                     1      0        0      1
  SyncImageSettings                      1      0        0      1

  full results: build-oracle/work/mutation-confirm-ca57d53bb-image.json
