mutate: 105 mutants in MagickCore/policy\.c$, 17 functions
mutate: baseline over 76 cases in 0s
  mutants: 25/105 (0s)
  mutants: 50/105 (5s)
  mutants: 75/105 (6s)
  mutants: 100/105 (6s)
  mutants: 105/105 (8s)

mutate: 105 mutants, 8s
  killed 0, survived 32 (0 capped), no coverage 73, errors 0
  mutation score on reached code: 0.0%   overall: 0.0%

  function                           total killed survived no-cov
  IsPathContainsSymlink                 23      0        0     23
  SetMagickSecurityPolicyValue          20      0        0     20
  IsRightsAuthorizedByName              13      0        0     13
  LoadPolicyCache                       10      0       10      0
  SetMagickSecurityPolicy               10      0        0     10
  AcquirePolicyCache                     6      0        6      0
  GetPolicyInfo                          4      0        4      0
  PolicyComponentTerminus                4      0        4      0
  AcquirePolicyString                    3      0        3      0
  DestroyPolicyElement                   3      0        3      0
  GetPolicyList                          2      0        0      2
  ValidateSecurityPolicy                 2      0        0      2
  GetPolicyInfoList                      1      0        0      1
  GetPolicyValue                         1      0        1      0
  IsPolicyPathSeparator                  1      0        0      1
  IsPathAuthorized                       1      0        0      1
  PolicyComponentGenesis                 1      0        1      0

  survivors (equivalent, or a gap in the catalogue):
    x  policy.c:210:18 cxx_eq_to_ne               if (status == MagickFalse)
       policy.c:211:9 cxx_remove_void_call       CatchException(exception);
       policy.c:234:19 cxx_eq_to_ne               p->name == (char *) NULL ? "" : p->name);
       policy.c:235:9 cxx_remove_void_call       CatchException(exception);
       policy.c:252:19 cxx_eq_to_ne               p->name == (char *) NULL ? "" : p->name);
       policy.c:253:9 cxx_remove_void_call       CatchException(exception);
    x  policy.c:308:25 cxx_ne_to_eq               for (q=policyname; *q != '\0'; q++)
    x  policy.c:334:3 cxx_remove_void_call       ResetLinkedListIterator(policy_cache);
       policy.c:338:7 cxx_remove_void_call       UnlockSemaphoreInfo(policy_semaphore);
       policy.c:339:13 cxx_ne_to_eq               if (p != (ElementInfo *) NULL)
    x  policy.c:472:15 cxx_ge_to_gt               if (~length >= pad)
    x  policy.c:473:58 cxx_mul_to_div             destination=(char *) AcquireMagickMemory((length+pad)*sizeof(*destination));
    x  policy.c:477:44 cxx_mul_to_div             (void) memcpy(destination,source,length*sizeof(*destination));
    x  policy.c:561:24 cxx_ne_to_eq               if (IsEventLogging() != MagickFalse)
    x  policy.c:1093:22 cxx_ne_to_eq               if (p->pattern != (char *) NULL)
    x  policy.c:1095:19 cxx_ne_to_eq               if (p->name != (char *) NULL)
    x  policy.c:1097:19 cxx_ne_to_eq               if (p->path != (char *) NULL)
    x  policy.c:1197:48 cxx_ne_to_eq               while (((*token != '/') && (*(token+1) != '>')) && (*q != '\0'))
    x  policy.c:1197:64 cxx_ne_to_eq               while (((*token != '/') && (*(token+1) != '>')) && (*q != '\0'))
    x  policy.c:1201:22 cxx_ne_to_eq               if (*token != '=')
    x  policy.c:1204:45 cxx_eq_to_ne               if (LocaleCompare(keyword,"file") == 0)
    x  policy.c:1206:25 cxx_ge_to_gt               if (depth >= MagickMaxRecursionDepth)
    x  policy.c:1216:29 cxx_ne_to_eq               if (*path != '\0')
    x  policy.c:1219:30 cxx_eq_to_ne               if (*token == *DirectorySeparator)
       policy.c:1227:35 cxx_add_to_sub             path,depth+1,exception);
    x  policy.c:1253:20 cxx_eq_to_ne               if (status == MagickFalse)
    x  policy.c:1334:17 cxx_ne_to_eq               return(status != 0 ? MagickTrue : MagickFalse);
    x  policy.c:1357:24 cxx_eq_to_ne               if (policy_semaphore == (SemaphoreInfo *) NULL)
    x  policy.c:1382:24 cxx_eq_to_ne               if (policy_semaphore == (SemaphoreInfo *) NULL)
       policy.c:1383:5 cxx_remove_void_call       ActivateSemaphoreInfo(&policy_semaphore);
    x  policy.c:1385:20 cxx_ne_to_eq               if (policy_cache != (LinkedListInfo *) NULL)
    x  policy.c:1388:3 cxx_remove_void_call       RelinquishSemaphoreInfo(&policy_semaphore);
  (x: the oracle executes this line; c: capped, not every reaching case ran)

  full results: build-oracle/work/mutation-confirm-ca57d53bb-policy.json
