mutate: 14 mutants in MagickCore/artifact\.c$, 9 functions
mutate: baseline over 2158 cases in 0s
  mutants: 14/14 (7s)

mutate: 14 mutants, 7s
  killed 5, survived 2 (0 capped), no coverage 7, errors 0
  mutation score on reached code: 71.4%   overall: 35.7%

  function                           total killed survived no-cov
  CloneImageArtifacts                    3      3        0      0
  DefineImageArtifact                    3      0        0      3
  RemoveImageArtifact                    2      0        0      2
  DeleteImageArtifact                    1      0        1      0
  DestroyImageArtifacts                  1      1        0      0
  GetImageArtifact                       1      1        0      0
  GetNextImageArtifact                   1      0        0      1
  ResetImageArtifactIterator             1      0        0      1
  SetImageArtifact                       1      0        1      0

  survivors (equivalent, or a gap in the catalogue):
    x  artifact.c:219:24 cxx_ne_to_eq               if (IsEventLogging() != MagickFalse)
    x  artifact.c:472:24 cxx_ne_to_eq               if (IsEventLogging() != MagickFalse)
  (x: the oracle executes this line; c: capped, not every reaching case ran)

  full results: build-oracle/work/mutation-confirm-8810b1471-artifact.json
