mutate: 98 mutants in MagickCore/string\.c$, 30 functions
  baseline: 11/11 (0s)
mutate: baseline over 77 cases in 0s
  mutants: 25/98 (6s)
  mutants: 50/98 (6s)
  mutants: 75/98 (7s)
  mutants: 98/98 (10s)

mutate: 98 mutants, 10s
  killed 11, survived 63 (0 capped), no coverage 24, errors 0
  mutation score on reached code: 14.9%   overall: 11.2%

  function                           total killed survived no-cov
  ConfigureFileToStringInfo             13      4        9      0
  StringToStrings                       13      0       13      0
  CopyMagickString                       7      2        5      0
  EscapeString                           7      0        0      7
  ConcatenateMagickString                5      1        4      0
  InterpretSiPrefixValue                 5      0        5      0
  SubstituteString                       5      0        5      0
  CloneString                            4      3        1      0
  ConcatenateStringInfo                  3      0        3      0
  DestroyStringInfo                      3      0        3      0
  AcquireString                          2      0        2      0
  AcquireStringInfo                      2      0        2      0
  BlobToStringInfo                       2      0        0      2
  CompareStringInfo                      2      0        0      2
  ConcatenateString                      2      0        2      0
  ConstantString                         2      1        1      0
  DestroyStringList                      2      0        0      2
  PrintStringInfo                        2      0        0      2
  SetStringInfoLength                    2      0        2      0
  StringInfoToDigest                     2      0        0      2
  StringInfoToString                     2      0        0      2
  StringToArgv                           2      0        2      0
  StripMagickString                      2      0        0      2
  FileToString                           1      0        1      0
  FileToStringInfo                       1      0        0      1
  FormatMagickSize                       1      0        1      0
  SanitizeString                         1      0        1      0
  SplitStringInfo                        1      0        0      1
  StringInfoToHexString                  1      0        1      0
  StringToArrayOfDoubles                 1      0        0      1

  survivors (equivalent, or a gap in the catalogue):
    x  string.c:107:15 cxx_lt_to_le               if (~length < MagickPathExtent)
    x  string.c:114:44 cxx_mul_to_div             (void) memcpy(destination,source,length*sizeof(*destination));
    x  string.c:160:28 cxx_ge_to_gt               if (~string_info->length >= (MagickPathExtent-1))
    x  string.c:165:63 cxx_mul_to_div             (void) memset(string_info->datum,0,(length+MagickPathExtent)*
    x  string.c:260:24 cxx_ne_to_eq               if (*destination != (char *) NULL)
    x  string.c:415:20 cxx_sub_to_add             count=(size_t) (q-destination);
    x  string.c:416:11 cxx_sub_to_add             i=length-count;
       string.c:418:17 cxx_add_to_sub             return(count+strlen(p));
    x  string.c:429:27 cxx_sub_to_add             return(count+(size_t) (p-source));
    x  string.c:477:15 cxx_lt_to_le               if (~length < source_length)
    x  string.c:480:15 cxx_lt_to_le               if (~length < MagickPathExtent)
    x  string.c:528:15 cxx_lt_to_le               if (~length < source->length)
    x  string.c:531:15 cxx_lt_to_le               if (~length < MagickPathExtent)
       string.c:534:69 cxx_add_to_sub             string_info->datum=(unsigned char *) AcquireQuantumMemory(length+
    x  string.c:596:15 cxx_lt_to_le               if ((offset < 0) || (offset != (MagickOffsetType) ((ssize_t) offset)))
       string.c:598:28 cxx_sub_to_add             file=close_utf8(file)-1;
    x  string.c:603:15 cxx_ge_to_gt               if (~length >= (MagickPathExtent-1))
       string.c:608:28 cxx_sub_to_add             file=close_utf8(file)-1;
    x  string.c:612:11 cxx_ne_to_eq               if (map != (void *) NULL)
       string.c:630:19 cxx_le_to_gt               if (count <= 0)
       string.c:633:13 cxx_lt_to_ge               if (i < length)
       string.c:633:13 cxx_lt_to_le               if (i < length)
       string.c:635:32 cxx_sub_to_add             file=close_utf8(file)-1;
    x  string.c:687:15 cxx_ge_to_gt               if (~length >= 1UL)
    x  string.c:747:25 cxx_sub_to_add             return((size_t) (p-source-1));
    x  string.c:747:32 cxx_sub_to_add             return((size_t) (p-source-1));
    x  string.c:757:29 cxx_sub_to_add             return((size_t) (p-source-1));
    x  string.c:757:36 cxx_sub_to_add             return((size_t) (p-source-1));
    x  string.c:760:21 cxx_sub_to_add             return((size_t) (p-source));
    x  string.c:816:26 cxx_ne_to_eq               if (string_info->datum != (unsigned char *) NULL)
    x  string.c:819:25 cxx_ne_to_eq               if (string_info->name != (char *) NULL)
    x  string.c:821:25 cxx_ne_to_eq               if (string_info->path != (char *) NULL)
    x  string.c:973:24 cxx_ne_to_eq               if (IsEventLogging() != MagickFalse)
    x  string.c:1117:21 cxx_ge_to_gt               for (i=0; (extent >= bytes) && (units[i+1] != (const char *) NULL); i++)
    x  string.c:1321:30 cxx_le_to_lt               if ((*q >= 'E') && (*q <= 'z'))
    x  string.c:1354:17 cxx_ge_to_gt               if (e >= MagickEpsilon)
    x  string.c:1368:15 cxx_eq_to_ne               if ((*q == 'B') || (*q == 'P'))
    x  string.c:1368:30 cxx_eq_to_ne               if ((*q == 'B') || (*q == 'P'))
    x  string.c:1371:16 cxx_ne_to_eq               if (sentinel != (char **) NULL)
    x  string.c:1624:34 cxx_ne_to_eq               for (p+=strspn(p,allowlist); p != q; p+=(ptrdiff_t) strspn(p,allowlist))
    x  string.c:1733:15 cxx_lt_to_le               if (~length < MagickPathExtent)
       string.c:1737:69 cxx_add_to_sub             string_info->datum=(unsigned char *) AcquireQuantumMemory(length+
    x  string.c:1931:15 cxx_lt_to_le               if (~length < MagickPathExtent)
       string.c:2105:21 cxx_ge_to_gt               for (i--; i >= 0; i--)
       string.c:2105:21 cxx_ge_to_lt               for (i--; i >= 0; i--)
       string.c:2365:17 cxx_ne_to_eq               if (count != (size_t *) NULL)
    x  string.c:2370:37 cxx_lt_to_le               if (((int) ((unsigned char) *p) < 32) &&
       string.c:2402:25 cxx_lt_to_ge               for (j=0; j < i; j++)
       string.c:2402:25 cxx_lt_to_le               for (j=0; j < i; j++)
       string.c:2402:31 cxx_post_inc_to_post_dec   for (j=0; j < i; j++)
    x  string.c:2434:19 cxx_lt_to_le               for (i=0; i < (ssize_t) lines; i++)
       string.c:2443:25 cxx_lt_to_ge               for (j=0; j < i; j++)
       string.c:2443:25 cxx_lt_to_le               for (j=0; j < i; j++)
       string.c:2443:31 cxx_post_inc_to_post_dec   for (j=0; j < i; j++)
    x  string.c:2482:24 cxx_add_to_sub             textlist[i]+1),sizeof(**textlist));
       string.c:2486:27 cxx_lt_to_ge               for (j=0; j < i; j++)
       string.c:2486:27 cxx_lt_to_le               for (j=0; j < i; j++)
       string.c:2486:33 cxx_post_inc_to_post_dec   for (j=0; j < i; j++)
    x  string.c:2660:24 cxx_gt_to_ge               if (replace_extent > search_extent)
    x  string.c:2660:24 cxx_gt_to_le               if (replace_extent > search_extent)
    x  string.c:2666:31 cxx_add_to_sub             extent=strlen(*string)+replace_extent-search_extent+1;
    x  string.c:2666:46 cxx_sub_to_add             extent=strlen(*string)+replace_extent-search_extent+1;
    x  string.c:2666:60 cxx_add_to_sub             extent=strlen(*string)+replace_extent-search_extent+1;
  (x: the oracle executes this line; c: capped, not every reaching case ran)

  full results: build-oracle/work/mutation-confirm-e7f5bfd63-string.json
