mutate: 160 mutants in MagickCore/profile\.c$, 31 functions
mutate: baseline over 64 cases in 0s
  mutants: 25/160 (0s)
  mutants: 50/160 (0s)
  mutants: 75/160 (0s)
  mutants: 100/160 (0s)
  mutants: 125/160 (0s)
  mutants: 150/160 (0s)
  mutants: 160/160 (4s)

mutate: 160 mutants, 4s
  killed 0, survived 9 (0 capped), no coverage 151, errors 0
  mutation score on reached code: 0.0%   overall: 0.0%

  function                           total killed survived no-cov
  SyncExifProfile                       35      0        0     35
  TransformQuantumPixels                22      0        0     22
  ProfileImage                          15      0        0     15
  PatchCorruptProfile                    9      0        0      9
  GetXMPNumeratorAndDenominator          8      0        0      8
  WriteTo8BimProfile                     6      0        0      6
  GetProfilesFromResourceBlock           6      0        0      6
  SetImageProfileInternal                5      0        0      5
  DestroyPixelTLS                        4      0        0      4
  WriteProfileDimension                  4      0        0      4
  GetXMPOffsets                          4      0        0      4
  Update8BIMClipPath                     4      0        0      4
  CloneImageProfiles                     3      0        3      0
  DestroyTransformTLS                    3      0        0      3
  RemoveImageProfile                     3      0        0      3
  Sync8BimProfile                        3      0        0      3
  ReplaceXMPValue                        3      0        0      3
  TryAccumulate                          3      0        0      3
  SyncXMPProfile                         3      0        0      3
  AppendImageProfileProperty             2      0        2      0
  AcquirePixelTLS                        2      0        0      2
  AcquireTransformTLS                    2      0        0      2
  CMSExceptionHandler                    2      0        0      2
  ValidateXMPProfile                     2      0        0      2
  DeleteImageProfile                     1      0        1      0
  GetImageProfile                        1      0        1      0
  GetNextImageProfile                    1      0        1      0
  TransformDoublePixels                  1      0        0      1
  ResetImageProfileIterator              1      0        1      0
  AcquireProfileStringInfo               1      0        0      1
  ReadProfileMSBShort                    1      0        0      1

  survivors (equivalent, or a gap in the catalogue):
       profile.c:143:16 cxx_eq_to_ne               if ((current == (const char *) NULL) || (*current == '\0'))
       profile.c:143:53 cxx_eq_to_ne               if ((current == (const char *) NULL) || (*current == '\0'))
    x  profile.c:231:24 cxx_ne_to_eq               if (IsEventLogging() != MagickFalse)
    x  profile.c:235:27 cxx_ne_to_eq               if (image->profiles != (void *) NULL)
       profile.c:236:9 cxx_remove_void_call       DestroyImageProfiles(image);
    x  profile.c:271:24 cxx_ne_to_eq               if (IsEventLogging() != MagickFalse)
    x  profile.c:339:24 cxx_ne_to_eq               if (IsEventLogging() != MagickFalse)
    x  profile.c:374:24 cxx_ne_to_eq               if (IsEventLogging() != MagickFalse)
    x  profile.c:1597:24 cxx_ne_to_eq               if (IsEventLogging() != MagickFalse)
  (x: the oracle executes this line; c: capped, not every reaching case ran)

  full results: build-oracle/work/mutation-confirm-acf185307-profile.json
