mutate: 54 mutants in MagickCore/cipher\.c$, 12 functions
mutate: baseline over 0 cases in 0s
  mutants: 25/54 (0s)
  mutants: 50/54 (0s)
  mutants: 54/54 (0s)

mutate: 54 mutants, 0s
  killed 0, survived 0 (0 capped), no coverage 54, errors 0

  function                           total killed survived no-cov
  InverseAddRoundKey                    12      0        0     12
  SetAESKey                             11      0        0     11
  PasskeyDecipherImage                   7      0        0      7
  PasskeyEncipherImage                   7      0        0      7
  DestroyAESInfo                         4      0        0      4
  ByteMultiply                           4      0        0      4
  EncipherAESBlock                       2      0        0      2
  DecipherImage                          2      0        0      2
  EncipherImage                          2      0        0      2
  AddRoundKey                            1      0        0      1
  InitializeRoundKey                     1      0        0      1
  IncrementCipherNonce                   1      0        0      1

  full results: build-oracle/work/mutation-confirm-55d582237-cipher.json
