mutate: 75 mutants in MagickCore/random\.c$, 10 functions
mutate: baseline over 2458 cases in 0s
  mutants: 25/75 (4s)
  mutants: 50/75 (8s)
  mutants: 75/75 (14s)

mutate: 75 mutants, 14s
  killed 68, survived 0 (0 capped), no coverage 7, errors 0
  mutation score on reached code: 100.0%   overall: 90.7%

  function                           total killed survived no-cov
  GenerateEntropicChaos                 35     35        0      0
  SetRandomKey                          13     13        0      0
  AcquireRandomInfo                      9      9        0      0
  DestroyRandomInfo                      5      5        0      0
  ReadRandom                             4      0        0      4
  GetRandomValue                         3      0        0      3
  RandomComponentTerminus                2      2        0      0
  IncrementRandomNonce                   2      2        0      0
  GetRandomKey                           1      1        0      0
  RandomComponentGenesis                 1      1        0      0

  full results: build-oracle/work/mutation-confirm-8810b1471-random.json
