mutate: 60 mutants in MagickCore/geometry\.c$, 11 functions
mutate: baseline over 2079 cases in 0s
  mutants: 25/60 (6s)
  mutants: 50/60 (13s)
  mutants: 60/60 (17s)

mutate: 60 mutants, 17s
  killed 52, survived 0 (0 capped), no coverage 8, errors 0
  mutation score on reached code: 100.0%   overall: 86.7%

  function                           total killed survived no-cov
  ParseGeometry                         17     17        0      0
  ParseMetaGeometry                     17     17        0      0
  GetGeometry                            7      7        0      0
  ParseGravityGeometry                   6      6        0      0
  ListPagesizes                          4      0        0      4
  ParseAffineGeometry                    3      0        0      3
  GetPageGeometry                        2      2        0      0
  IsSceneGeometry                        1      1        0      0
  ParsePageGeometry                      1      0        0      1
  SetGeometry                            1      1        0      0
  SetGeometryInfo                        1      1        0      0

  full results: build-oracle/work/mutation-confirm-8810b1471-geometry.json
