mutate: 635 mutants in MagickCore/draw\.c$, 40 functions
  baseline: 18/18 (0s)
mutate: baseline over 18 cases in 0s
  mutants: 25/635 (0s)
  mutants: 50/635 (0s)
  mutants: 75/635 (0s)
  mutants: 100/635 (0s)
  mutants: 125/635 (0s)
  mutants: 150/635 (0s)
  mutants: 175/635 (1s)
  mutants: 200/635 (2s)
  mutants: 225/635 (3s)
  mutants: 250/635 (4s)
  mutants: 275/635 (5s)
  mutants: 300/635 (5s)
  mutants: 325/635 (6s)
  mutants: 350/635 (6s)
  mutants: 375/635 (6s)
  mutants: 400/635 (6s)
  mutants: 425/635 (6s)
  mutants: 450/635 (6s)
  mutants: 475/635 (7s)
  mutants: 500/635 (7s)
  mutants: 525/635 (7s)
  mutants: 550/635 (7s)
  mutants: 575/635 (7s)
  mutants: 600/635 (7s)
  mutants: 625/635 (7s)
  mutants: 635/635 (8s)

mutate: 635 mutants, 8s
  killed 0, survived 218 (0 capped), no coverage 417, errors 0
  mutation score on reached code: 0.0%   overall: 0.0%

  function                           total killed survived no-cov
  RenderMVGContent                     142      0      142      0
  DrawBoundingRectangles                59      0        0     59
  TraceStrokePolygon                    56      0        0     56
  DrawPolygonPrimitive                  48      0        0     48
  DrawPrimitive                         27      0       27      0
  GetFillAlpha                          23      0        0     23
  DrawDashPolygon                       21      0        0     21
  LogPrimitiveInfo                      20      0        0     20
  TraceArcPath                          18      0        0     18
  TracePath                             18      0        0     18
  ConvertPathToPolygon                  17      0        0     17
  DrawAffineImage                       16      0        0     16
  DestroyDrawInfo                       14      0       14      0
  AffineEdge                            14      0        0     14
  ClonePolygonEdgesTLS                  13      0        0     13
  DrawGradientImage                     12      0        0     12
  CheckPrimitiveExtent                  12      0       12      0
  TraceSquareLinecap                    12      0        0     12
  TraceEllipse                          11      0        0     11
  GetDrawInfo                            9      0        9      0
  TraceBezier                            9      0        0      9
  CloneDrawInfo                          8      0        8      0
  LogPolygonInfo                         8      0        0      8
  TraceRoundRectangle                    8      0        0      8
  LogPathInfo                            5      0        0      5
  ConvertPrimitiveToPath                 5      0        0      5
  DrawClippingMask                       4      0        0      4
  GetMVGMacros                           4      0        4      0
  DrawPatternPath                        4      0        0      4
  DrawCompositeMask                      3      0        0      3
  StopInfoCompare                        3      0        0      3
  DestroyPolygonInfo                     2      0        0      2
  DestroyPolygonTLS                      2      0        0      2
  DrawStrokePolygon                      2      0        0      2
  IsValidPoint                           1      0        1      0
  AcquirePolygonTLS                      1      0        0      1
  DestroyEdge                            1      0        0      1
  DrawRoundLinecap                       1      0        0      1
  GetAffineMatrix                        1      0        1      0
  TraceRectangle                         1      0        0      1

  survivors (equivalent, or a gap in the catalogue):
    x  draw.c:286:21 cxx_ne_to_eq               if (draw_info->id != (char *) NULL)
    x  draw.c:288:28 cxx_ne_to_eq               if (draw_info->primitive != (char *) NULL)
    x  draw.c:318:26 cxx_ne_to_eq               if (draw_info->metrics != (char *) NULL)
    x  draw.c:338:30 cxx_ne_to_eq               if (draw_info->server_name != (char *) NULL)
    x  draw.c:345:50 cxx_ge_to_gt               for (x=0; fabs(draw_info->dash_pattern[x]) >= MagickEpsilon; x++) ;
       draw.c:365:38 cxx_eq_to_ne               if (clone_info->gradient.stops == (StopInfo *) NULL)
       draw.c:369:30 cxx_mul_to_div             (size_t) number_stops*sizeof(*clone_info->gradient.stops));
    x  draw.c:377:28 cxx_ne_to_eq               if (draw_info->clip_mask != (char *) NULL)
    x  draw.c:975:24 cxx_ne_to_eq               if (IsEventLogging() != MagickFalse)
    x  draw.c:977:21 cxx_ne_to_eq               if (draw_info->id != (char *) NULL)
    x  draw.c:979:28 cxx_ne_to_eq               if (draw_info->primitive != (char *) NULL)
    x  draw.c:981:23 cxx_ne_to_eq               if (draw_info->text != (char *) NULL)
    x  draw.c:983:27 cxx_ne_to_eq               if (draw_info->geometry != (char *) NULL)
    x  draw.c:989:23 cxx_ne_to_eq               if (draw_info->font != (char *) NULL)
    x  draw.c:991:26 cxx_ne_to_eq               if (draw_info->metrics != (char *) NULL)
    x  draw.c:993:25 cxx_ne_to_eq               if (draw_info->family != (char *) NULL)
    x  draw.c:995:27 cxx_ne_to_eq               if (draw_info->encoding != (char *) NULL)
    x  draw.c:997:26 cxx_ne_to_eq               if (draw_info->density != (char *) NULL)
    x  draw.c:999:30 cxx_ne_to_eq               if (draw_info->server_name != (char *) NULL)
    x  draw.c:1002:31 cxx_ne_to_eq               if (draw_info->dash_pattern != (double *) NULL)
    x  draw.c:1005:33 cxx_ne_to_eq               if (draw_info->gradient.stops != (StopInfo *) NULL)
    x  draw.c:1008:28 cxx_ne_to_eq               if (draw_info->clip_mask != (char *) NULL)
    x  draw.c:2305:58 cxx_add_to_sub             proposed_extent=mvg_info->offset+pad+PrimitiveExtentPad+1.0;
    x  draw.c:2306:24 cxx_le_to_lt               if ((proposed_extent <= 0.0) || (proposed_extent > (double) MAGICK_SIZE_MAX))
    x  draw.c:2306:52 cxx_gt_to_ge               if ((proposed_extent <= 0.0) || (proposed_extent > (double) MAGICK_SIZE_MAX))
    x  draw.c:2309:14 cxx_le_to_gt               if (extent <= *mvg_info->extent)
    x  draw.c:2309:14 cxx_le_to_lt               if (extent <= *mvg_info->extent)
    x  draw.c:2311:14 cxx_gt_to_ge               if (extent > (GetMaxMemoryRequest()/sizeof(PrimitiveInfo)))
    x  draw.c:2311:38 cxx_div_to_mul             if (extent > (GetMaxMemoryRequest()/sizeof(PrimitiveInfo)))
    x  draw.c:2314:37 cxx_add_to_sub             *mvg_info->primitive_info,extent+1,sizeof(PrimitiveInfo));
       draw.c:2321:68 cxx_mul_to_div             primitive_info=(PrimitiveInfo *) AcquireCriticalMemory(extent*
       draw.c:2323:44 cxx_mul_to_div             (void) memset(primitive_info,0,extent*sizeof(*primitive_info));
    x  draw.c:2336:41 cxx_lt_to_ge               for (i=(ssize_t) *mvg_info->extent; i < (ssize_t) extent; i++)
    x  draw.c:2336:41 cxx_lt_to_le               for (i=(ssize_t) *mvg_info->extent; i < (ssize_t) extent; i++)
    x  draw.c:2400:41 cxx_lt_to_le               if (GetNextToken(q,&q,extent,token) < 1)
    x  draw.c:2432:51 cxx_lt_to_le               if (GetNextToken(p,&p,extent,token) < 1)
    x  draw.c:2443:27 cxx_ge_to_gt               if (n++ >= MagickMaxRecursionDepth)
    x  draw.c:2450:36 cxx_ge_to_gt               if ((n == 0) && (end >= start))
    x  draw.c:2506:23 cxx_lt_to_le               return((fabs(value) < MagickEpsilon) && (p == point) ? MagickFalse :
    x  draw.c:2601:24 cxx_ne_to_eq               if (IsEventLogging() != MagickFalse)
    x  draw.c:2609:24 cxx_ne_to_eq               if (draw_info->debug != MagickFalse)
    x  draw.c:2619:71 cxx_gt_to_ge               if ((*draw_info->primitive == '@') && (strlen(draw_info->primitive) > 1) &&
    x  draw.c:2619:71 cxx_gt_to_le               if ((*draw_info->primitive == '@') && (strlen(draw_info->primitive) > 1) &&
    x  draw.c:2620:34 cxx_ne_to_eq               (*(draw_info->primitive+1) != '-') && (depth == 0))
    x  draw.c:2620:52 cxx_eq_to_ne               (*(draw_info->primitive+1) != '-') && (depth == 0))
       draw.c:2647:17 cxx_ge_to_gt               for ( ; n >= 0; n--)
       draw.c:2647:17 cxx_ge_to_lt               for ( ; n >= 0; n--)
    x  draw.c:2653:57 cxx_add_to_sub             (void) memset(primitive_info,0,(size_t) (number_points+1)*
    x  draw.c:2660:37 cxx_ne_to_eq               if (graphic_context[n]->primitive != (char *) NULL)
    x  draw.c:2663:26 cxx_eq_to_ne               if ((image->page.width == 0) || (image->page.height == 0))
    x  draw.c:2663:55 cxx_eq_to_ne               if ((image->page.width == 0) || (image->page.height == 0))
    x  draw.c:2680:53 cxx_lt_to_le               if (GetNextToken(q,&q,MagickPathExtent,keyword) < 1)
    x  draw.c:2693:8 cxx_sub_to_add             p=q-strlen(keyword)-1;
    x  draw.c:2804:19 cxx_le_to_lt               if (i <= n)
    x  draw.c:2806:27 cxx_post_inc_to_post_dec   if (classDepth++ >= MagickMaxRecursionDepth)
    x  draw.c:2806:30 cxx_ge_to_gt               if (classDepth++ >= MagickMaxRecursionDepth)
    x  draw.c:2815:58 cxx_gt_to_ge               (mvg_class != (const char *) NULL) && (p > primitive))
    x  draw.c:2862:52 cxx_ne_to_eq               if (graphic_context[n]->compliance != SVGCompliance)
    x  draw.c:2908:17 cxx_remove_void_call       GetAffineMatrix(&current);
       draw.c:2938:51 cxx_eq_to_ne               if (LocaleCompare("currentColor",keyword) == 0)
    x  draw.c:3049:48 cxx_eq_to_ne               if (graphic_context[n]->compliance == SVGCompliance)
    x  draw.c:3053:48 cxx_ne_to_eq               if (graphic_context[n]->fill.alpha != (double) TransparentAlpha)
    x  draw.c:3237:54 cxx_mul_to_div             graphic_context[n]->kerning=metrics.width*
    x  draw.c:3302:48 cxx_eq_to_ne               if (graphic_context[n]->compliance == SVGCompliance)
    x  draw.c:3312:48 cxx_ne_to_eq               if (graphic_context[n]->fill.alpha != (double) TransparentAlpha)
    x  draw.c:3357:49 cxx_lt_to_le               if (GetNextToken(q,&q,extent,token) < 1)
    x  draw.c:3408:49 cxx_lt_to_le               if (GetNextToken(q,&q,extent,token) < 1)
    x  draw.c:3415:30 cxx_ne_to_eq               for (p=q; *q != '\0'; )
    x  draw.c:3417:55 cxx_lt_to_le               if (GetNextToken(q,&q,extent,token) < 1)
    x  draw.c:3422:52 cxx_ne_to_eq               if (LocaleCompare(token,"class") != 0)
    x  draw.c:3434:55 cxx_lt_to_le               if (GetNextToken(q,&q,extent,token) < 1)
    x  draw.c:3443:76 cxx_lt_to_le               if ((q == (char *) NULL) || (p == (char *) NULL) || ((q-4) < p))
    x  draw.c:3454:54 cxx_gt_to_ge               graphic_context[n]->render=defsDepth > 0 ? MagickFalse :
    x  draw.c:3505:32 cxx_eq_to_ne               if (*token == ',')
    x  draw.c:3510:55 cxx_lt_to_le               if (GetNextToken(q,&q,extent,token) < 1)
    x  draw.c:3520:52 cxx_lt_to_le               (p == (char *) NULL) || ((q-4) < p) ||
    x  draw.c:3521:35 cxx_add_to_sub             ((size_t) (q-p+4+1) > extent))
    x  draw.c:3521:37 cxx_add_to_sub             ((size_t) (q-p+4+1) > extent))
    x  draw.c:3521:41 cxx_gt_to_ge               ((size_t) (q-p+4+1) > extent))
    x  draw.c:3528:59 cxx_add_to_sub             graphic_context[n]->affine.ry*segment.y1+
    x  draw.c:3531:59 cxx_add_to_sub             graphic_context[n]->affine.sy*segment.y1+
    x  draw.c:3534:59 cxx_add_to_sub             graphic_context[n]->affine.ry*segment.y2+
    x  draw.c:3537:59 cxx_add_to_sub             graphic_context[n]->affine.sy*segment.y2+
    x  draw.c:3574:23 cxx_ge_to_gt               if (n >= MagickMaxRecursionDepth)
    x  draw.c:3601:31 cxx_sub_to_add             &next_token)-0.5));
    x  draw.c:3610:31 cxx_sub_to_add             &next_token)-0.5));
    x  draw.c:3633:55 cxx_lt_to_le               if (GetNextToken(q,&q,extent,token) < 1)
    x  draw.c:3643:28 cxx_lt_to_le               ((q-4) < p) || ((size_t) (q-p+4+1) > extent))
    x  draw.c:3643:50 cxx_add_to_sub             ((q-4) < p) || ((size_t) (q-p+4+1) > extent))
    x  draw.c:3643:52 cxx_add_to_sub             ((q-4) < p) || ((size_t) (q-p+4+1) > extent))
    x  draw.c:3643:56 cxx_gt_to_ge               ((q-4) < p) || ((size_t) (q-p+4+1) > extent))
    x  draw.c:3648:64 cxx_add_to_sub             (void) CopyMagickString(token,p,(size_t) (q-p-4+1));
    x  draw.c:3662:28 cxx_post_inc_to_post_dec   symbolDepth++;
    x  draw.c:3663:56 cxx_gt_to_ge               graphic_context[n]->render=symbolDepth > 0 ? MagickFalse :
    x  draw.c:3663:56 cxx_gt_to_le               graphic_context[n]->render=symbolDepth > 0 ? MagickFalse :
    x  draw.c:3747:32 cxx_gt_to_ge               if (number_stops > 2)
    x  draw.c:3808:50 cxx_ne_to_eq               if (graphic_context[n]->dash_pattern != (double *) NULL)
    x  draw.c:3840:21 cxx_mul_to_div             (2*x+2)*sizeof(*graphic_context[n]->dash_pattern));
    x  draw.c:3840:23 cxx_add_to_sub             (2*x+2)*sizeof(*graphic_context[n]->dash_pattern));
    x  draw.c:3840:26 cxx_mul_to_div             (2*x+2)*sizeof(*graphic_context[n]->dash_pattern));
    x  draw.c:3923:48 cxx_eq_to_ne               if (graphic_context[n]->compliance == SVGCompliance)
    x  draw.c:4038:48 cxx_ne_to_eq               if (draw_info->macro_expansion != (size_t *) NULL)
    x  draw.c:4040:53 cxx_ge_to_gt               if (*draw_info->macro_expansion >= MacroExpansionLimit)
    x  draw.c:4066:46 cxx_sub_to_add             GetDrawValue(token,&next_token)-0.5));
    x  draw.c:4075:51 cxx_sub_to_add             ceil(GetDrawValue(token,&next_token)-0.5));
    x  draw.c:4084:46 cxx_add_to_sub             GetDrawValue(token,&next_token)+0.5));
    x  draw.c:4093:46 cxx_add_to_sub             GetDrawValue(token,&next_token)+0.5));
       draw.c:4104:51 cxx_eq_to_ne               if (LocaleCompare("word-spacing",keyword) == 0)
       draw.c:4109:23 cxx_eq_to_ne               if (token == next_token)
    x  draw.c:4124:30 cxx_ge_to_gt               if ((fabs(affine.sx-1.0) >= MagickEpsilon) ||
    x  draw.c:4125:26 cxx_ge_to_gt               (fabs(affine.rx) >= MagickEpsilon) || (fabs(affine.ry) >= MagickEpsilon) ||
    x  draw.c:4125:64 cxx_ge_to_gt               (fabs(affine.rx) >= MagickEpsilon) || (fabs(affine.ry) >= MagickEpsilon) ||
    x  draw.c:4126:30 cxx_ge_to_gt               (fabs(affine.sy-1.0) >= MagickEpsilon) ||
    x  draw.c:4127:26 cxx_ge_to_gt               (fabs(affine.tx) >= MagickEpsilon) || (fabs(affine.ty) >= MagickEpsilon))
    x  draw.c:4127:64 cxx_ge_to_gt               (fabs(affine.tx) >= MagickEpsilon) || (fabs(affine.ty) >= MagickEpsilon))
    x  draw.c:4153:29 cxx_gt_to_ge               if (number_stops > 0)
    x  draw.c:4153:29 cxx_gt_to_le               if (number_stops > 0)
    x  draw.c:4156:31 cxx_ne_to_eq               if ((draw_info->debug != MagickFalse) && (q > p))
    x  draw.c:4156:53 cxx_gt_to_ge               if ((draw_info->debug != MagickFalse) && (q > p))
    x  draw.c:4156:53 cxx_gt_to_le               if ((draw_info->debug != MagickFalse) && (q > p))
       draw.c:4158:15 cxx_sub_to_add             (q-p-1),p);
       draw.c:4158:17 cxx_sub_to_add             (q-p-1),p);
    x  draw.c:4165:34 cxx_ne_to_eq               if (primitive_info[i].text != (char *) NULL)
    x  draw.c:4205:13 cxx_lt_to_ge               if (i < (ssize_t) number_points)
    x  draw.c:4205:13 cxx_lt_to_le               if (i < (ssize_t) number_points)
       draw.c:4210:18 cxx_eq_to_ne               if (status == MagickFalse)
    x  draw.c:4215:32 cxx_ne_to_eq               if (primitive_info[j].text != (char *) NULL)
    x  draw.c:4228:17 cxx_lt_to_le               for (k=1; k < (ssize_t) primitive_info[j].coordinates; k++)
    x  draw.c:4231:19 cxx_lt_to_ge               if (point.x < bounds.x1)
    x  draw.c:4231:19 cxx_lt_to_le               if (point.x < bounds.x1)
    x  draw.c:4233:19 cxx_lt_to_ge               if (point.y < bounds.y1)
    x  draw.c:4233:19 cxx_lt_to_le               if (point.y < bounds.y1)
    x  draw.c:4235:19 cxx_gt_to_ge               if (point.x > bounds.x2)
    x  draw.c:4235:19 cxx_gt_to_le               if (point.x > bounds.x2)
    x  draw.c:4237:19 cxx_gt_to_ge               if (point.y > bounds.y2)
    x  draw.c:4237:19 cxx_gt_to_le               if (point.y > bounds.y2)
    x  draw.c:4258:24 cxx_sub_to_add             alpha=bounds.x2-bounds.x1;
    x  draw.c:4259:23 cxx_sub_to_add             beta=bounds.y2-bounds.y1;
    x  draw.c:4262:58 cxx_mul_to_div             coordinates+=2.0*((size_t) ceil((double) MagickPI*radius))+6.0*
    x  draw.c:4263:24 cxx_add_to_sub             BezierQuantum+360.0;
    x  draw.c:4268:35 cxx_mul_to_div             coordinates=(BezierQuantum*(double) primitive_info[j].coordinates);
    x  draw.c:4280:26 cxx_ne_to_eq               for (s=token; *s != '\0'; s=t)
    x  draw.c:4294:26 cxx_ne_to_eq               for (s=token; *s != '\0'; s++)
    x  draw.c:4295:38 cxx_ne_to_eq               if (strspn(s,"AaCcQqSsTt") != 0)
    x  draw.c:4304:21 cxx_add_to_sub             if (((size_t) (i+coordinates)) >= number_points)
    x  draw.c:4304:36 cxx_ge_to_gt               if (((size_t) (i+coordinates)) >= number_points)
    x  draw.c:4304:36 cxx_ge_to_lt               if (((size_t) (i+coordinates)) >= number_points)
    x  draw.c:4309:44 cxx_add_to_sub             number_points+=(size_t) coordinates+1;
    x  draw.c:4310:27 cxx_lt_to_le               if (number_points < (size_t) coordinates)
    x  draw.c:4319:70 cxx_add_to_sub             status&=CheckPrimitiveExtent(&mvg_info,(double) number_points+
    x  draw.c:4320:31 cxx_add_to_sub             (double) coordinates+1.0);
    x  draw.c:4344:20 cxx_eq_to_ne               if (status == MagickFalse)
    x  draw.c:4359:20 cxx_eq_to_ne               if (status == MagickFalse)
    x  draw.c:4392:41 cxx_sub_to_add             if ((primitive_info[j+1].point.x-primitive_info[j].point.x) < 0.0)
    x  draw.c:4397:41 cxx_sub_to_add             if ((primitive_info[j+1].point.y-primitive_info[j].point.y) < 0.0)
    x  draw.c:4507:25 cxx_lt_to_le               if (coordinates < 0.0)
    x  draw.c:4550:35 cxx_sub_to_add             if ((fabs(mvg_info.point.x-primitive_info->point.x) < MagickEpsilon) &&
    x  draw.c:4550:61 cxx_lt_to_ge               if ((fabs(mvg_info.point.x-primitive_info->point.x) < MagickEpsilon) &&
    x  draw.c:4550:61 cxx_lt_to_le               if ((fabs(mvg_info.point.x-primitive_info->point.x) < MagickEpsilon) &&
    x  draw.c:4551:35 cxx_sub_to_add             (fabs(mvg_info.point.y-primitive_info->point.y) < MagickEpsilon))
    x  draw.c:4551:61 cxx_lt_to_ge               (fabs(mvg_info.point.y-primitive_info->point.y) < MagickEpsilon))
    x  draw.c:4551:61 cxx_lt_to_le               (fabs(mvg_info.point.y-primitive_info->point.y) < MagickEpsilon))
    x  draw.c:4567:44 cxx_ne_to_eq               if (graphic_context[n]->compliance != SVGCompliance)
    x  draw.c:4587:27 cxx_ne_to_eq               if ((draw_info->debug != MagickFalse) && (q > p))
    x  draw.c:4587:49 cxx_gt_to_ge               if ((draw_info->debug != MagickFalse) && (q > p))
    x  draw.c:4587:49 cxx_gt_to_le               if ((draw_info->debug != MagickFalse) && (q > p))
       draw.c:4588:74 cxx_sub_to_add             (void) LogMagickEvent(DrawEvent,GetMagickModule(),"  %.*s",(int) (q-p),p);
    x  draw.c:4615:19 cxx_lt_to_le               if (point.x < graphic_context[n]->bounds.x1)
    x  draw.c:4617:19 cxx_lt_to_le               if (point.y < graphic_context[n]->bounds.y1)
    x  draw.c:4619:19 cxx_gt_to_ge               if (point.x > graphic_context[n]->bounds.x2)
    x  draw.c:4621:19 cxx_gt_to_ge               if (point.y > graphic_context[n]->bounds.y2)
    x  draw.c:4625:13 cxx_ge_to_gt               if (i >= (ssize_t) number_points)
    x  draw.c:4640:27 cxx_ne_to_eq               if (clip_path != (const char *) NULL)
    x  draw.c:4649:52 cxx_sub_to_add             proceed=SetImageProgress(image,RenderImageTag,q-primitive,(MagickSizeType)
    x  draw.c:4656:24 cxx_ne_to_eq               if (draw_info->debug != MagickFalse)
    x  draw.c:4663:22 cxx_ne_to_eq               if (primitive_info != (PrimitiveInfo *) NULL)
    x  draw.c:4666:36 cxx_ne_to_eq               if (primitive_info[i].text != (char *) NULL)
    x  draw.c:4671:13 cxx_ne_to_eq               if (stops != (StopInfo *) NULL)
    x  draw.c:4673:13 cxx_ge_to_gt               for ( ; n >= 0; n--)
    x  draw.c:4673:13 cxx_ge_to_lt               for ( ; n >= 0; n--)
    x  draw.c:4676:55 cxx_lt_to_le               if ((status == MagickFalse) && (exception->severity < ErrorException))
    x  draw.c:5500:24 cxx_ne_to_eq               if (draw_info->debug != MagickFalse)
    x  draw.c:5529:50 cxx_eq_to_ne               if ((image->alpha_trait & BlendPixelTrait) == 0)
    x  draw.c:5560:11 cxx_remove_void_call       GetPixelInfo(image,&pixel);
    x  draw.c:5570:25 cxx_lt_to_le               for (x=0; x < (ssize_t) image->columns; x++)
    x  draw.c:5659:11 cxx_remove_void_call       GetPixelInfo(image,&pixel);
    x  draw.c:5683:25 cxx_lt_to_le               for (x=0; x < (ssize_t) image->columns; x++)
    x  draw.c:5726:11 cxx_remove_void_call       GetPixelInfo(image,&pixel);
    x  draw.c:5792:34 cxx_ne_to_eq               if (clone_info->size != (char *) NULL)
    x  draw.c:5794:37 cxx_ne_to_eq               if (clone_info->extract != (char *) NULL)
    x  draw.c:5810:59 cxx_sub_to_add             x1=CastDoubleToSsizeT(ceil(primitive_info[1].point.x-0.5));
    x  draw.c:5811:59 cxx_sub_to_add             y1=CastDoubleToSsizeT(ceil(primitive_info[1].point.y-0.5));
    x  draw.c:5812:16 cxx_ne_to_eq               if (((x1 != 0L) && (x1 != (ssize_t) composite_image->columns)) ||
    x  draw.c:5812:30 cxx_ne_to_eq               if (((x1 != 0L) && (x1 != (ssize_t) composite_image->columns)) ||
    x  draw.c:5813:16 cxx_ne_to_eq               ((y1 != 0L) && (y1 != (ssize_t) composite_image->rows)))
    x  draw.c:5813:30 cxx_ne_to_eq               ((y1 != 0L) && (y1 != (ssize_t) composite_image->rows)))
    x  draw.c:5830:7 cxx_remove_void_call       SetGeometry(image,&geometry);
    x  draw.c:5843:31 cxx_eq_to_ne               (draw_info->compose == SrcOverCompositeOp))
    x  draw.c:5860:25 cxx_ge_to_gt               if ((y < 0) || (y >= (ssize_t) image->rows))
    x  draw.c:5862:25 cxx_ge_to_gt               if ((x < 0) || (x >= (ssize_t) image->columns))
    x  draw.c:5902:28 cxx_ne_to_eq               if (IsEventLogging() != MagickFalse)
       draw.c:5903:9 cxx_remove_void_call       LogPrimitiveInfo(primitive_info);
    x  draw.c:5906:45 cxx_ge_to_gt               (fabs(draw_info->dash_pattern[0]) >= MagickEpsilon) &&
    x  draw.c:5907:22 cxx_mul_to_div             (fabs(scale*draw_info->stroke_width) >= MagickEpsilon) &&
    x  draw.c:5907:48 cxx_ge_to_gt               (fabs(scale*draw_info->stroke_width) >= MagickEpsilon) &&
    x  draw.c:5943:24 cxx_lt_to_le               if ((point_x < MagickEpsilon) && (point_y < MagickEpsilon))
    x  draw.c:5943:53 cxx_lt_to_le               if ((point_x < MagickEpsilon) && (point_y < MagickEpsilon))
    x  draw.c:5978:24 cxx_ne_to_eq               if (draw_info->debug != MagickFalse)
    x  draw.c:6130:24 cxx_ne_to_eq               if (IsEventLogging() != MagickFalse)
    x  draw.c:6177:24 cxx_ne_to_eq               if (IsEventLogging() != MagickFalse)
    x  draw.c:6202:70 cxx_ne_to_eq               draw_info->debug=(GetLogEventMask() & (DrawEvent | AnnotateEvent)) != 0 ?
    x  draw.c:6210:46 cxx_ge_to_gt               if (fabs(draw_info->image_info->pointsize) >= MagickEpsilon)
    x  draw.c:6213:42 cxx_ne_to_eq               if (draw_info->image_info->server_name != (char *) NULL)
    x  draw.c:6222:14 cxx_ne_to_eq               if (option != (const char *) NULL)
    x  draw.c:6252:14 cxx_ne_to_eq               if (option != (const char *) NULL)
    x  draw.c:6260:14 cxx_ne_to_eq               if (option != (const char *) NULL)
       draw.c:6266:18 cxx_eq_to_ne               if (weight == -1)
    x  draw.c:6271:14 cxx_ne_to_eq               if (option != (const char *) NULL)
  (x: the oracle executes this line; c: capped, not every reaching case ran)

  full results: build-oracle/work/mutation-confirm-926d3b9c5-draw.json
