imdriver not built, see /home/jovyan/imagemagick-mutation/ImageMagick/build-oracle/base/709936345fbeaad8b3345e2c3cb53653a5c0e969/make.log
mutate: 186 mutants in MagickCore/effect\.c$, 22 functions
mutate: baseline over 170 cases in 0s
  mutants: 25/186 (0s)
  mutants: 50/186 (0s)
  mutants: 75/186 (0s)
  mutants: 100/186 (6s)
  mutants: 125/186 (6s)
  mutants: 150/186 (6s)
  mutants: 175/186 (12s)
  mutants: 186/186 (24s)

mutate: 186 mutants, 24s
  killed 1, survived 42 (0 capped), no coverage 143, errors 0
  mutation score on reached code: 2.3%   overall: 0.5%

  function                           total killed survived no-cov
  AdaptiveBlurImage                     27      0        0     27
  AdaptiveSharpenImage                  24      0        0     24
  SelectiveBlurImage                    24      0        0     24
  BilateralBlurImage                    17      0        0     17
  ShadeImage                            12      0        0     12
  PreviewImage                          10      0        0     10
  Hull                                   9      0        9      0
  KuwaharaImage                          8      0        0      8
  DespeckleImage                         7      0        7      0
  MotionBlurImage                        7      1        6      0
  RotationalBlurImage                    7      0        7      0
  SharpenImage                           6      0        0      6
  UnsharpMaskImage                       5      0        5      0
  EmbossImage                            4      0        0      4
  LocalContrastImage                     4      0        4      0
  SpreadImage                            4      0        0      4
  DestroyBilateralTLS                    3      0        0      3
  GetMotionBlurKernel                    3      0        3      0
  AcquireBilateralTLS                    2      0        0      2
  BlurImage                              1      0        1      0
  EdgeImage                              1      0        0      1
  GaussianBlurImage                      1      0        0      1

  survivors (equivalent, or a gap in the catalogue):
    x  effect.c:782:24 cxx_ne_to_eq               if (IsEventLogging() != MagickFalse)
    x  effect.c:1237:24 cxx_ne_to_eq               if (IsEventLogging() != MagickFalse)
    x  effect.c:1246:15 cxx_lt_to_le               for (y=0; y < (ssize_t) rows; y++)
    x  effect.c:1256:18 cxx_gt_to_ge               if (polarity > 0)
    x  effect.c:1257:19 cxx_lt_to_le               for (x=0; x < (ssize_t) columns; x++)
    x  effect.c:1266:19 cxx_lt_to_le               for (x=0; x < (ssize_t) columns; x++)
    x  effect.c:1283:15 cxx_lt_to_le               for (y=0; y < (ssize_t) rows; y++)
    x  effect.c:1293:18 cxx_gt_to_ge               if (polarity > 0)
    x  effect.c:1294:19 cxx_lt_to_le               for (x=0; x < (ssize_t) columns; x++)
    x  effect.c:1304:19 cxx_lt_to_le               for (x=0; x < (ssize_t) columns; x++)
    x  effect.c:1355:24 cxx_ne_to_eq               if (IsEventLogging() != MagickFalse)
    x  effect.c:1374:23 cxx_gt_to_ge               if ((image->columns > (MAGICK_SIZE_MAX-2)) ||
    x  effect.c:1375:20 cxx_gt_to_ge               (image->rows > (MAGICK_SIZE_MAX-2)))
       effect.c:1386:23 cxx_ne_to_eq               if (buffer_info != (MemoryInfo *) NULL)
       effect.c:1388:22 cxx_ne_to_eq               if (pixel_info != (MemoryInfo *) NULL)
    x  effect.c:1484:33 cxx_ne_to_eq               if (image->progress_monitor != (MagickProgressMonitor) NULL)
       effect.c:1491:21 cxx_eq_to_ne               if (proceed == MagickFalse)
    x  effect.c:2064:24 cxx_ne_to_eq               if (IsEventLogging() != MagickFalse)
    x  effect.c:2143:17 cxx_mul_to_div             pixels+=id*scanLineSize;
    x  effect.c:2183:43 cxx_sub_to_add             (x != (ssize_t) image->columns-1))
    x  effect.c:2222:17 cxx_mul_to_div             pixels+=id*scanLineSize;
    x  effect.c:2343:24 cxx_ne_to_eq               if (IsEventLogging() != MagickFalse)
    x  effect.c:2353:21 cxx_div_to_mul             MagickSigma)))/(MagickSQ2PI*MagickSigma));
    x  effect.c:2353:34 cxx_mul_to_div             MagickSigma)))/(MagickSQ2PI*MagickSigma));
    x  effect.c:2400:24 cxx_ne_to_eq               if (IsEventLogging() != MagickFalse)
    x  effect.c:2513:13 cxx_remove_void_call       SetPixelChannel(blur_image,channel,p[i],q);
    x  effect.c:2535:21 cxx_lt_to_le               for (j=0; j < (ssize_t) width; j++)
    x  effect.c:2557:33 cxx_ne_to_eq               if (image->progress_monitor != (MagickProgressMonitor) NULL)
       effect.c:2565:17 cxx_post_inc_to_post_dec   progress++;
       effect.c:2567:21 cxx_eq_to_ne               if (proceed == MagickFalse)
    x  effect.c:3184:24 cxx_ne_to_eq               if (IsEventLogging() != MagickFalse)
       effect.c:3208:21 cxx_ne_to_eq               if (cos_theta != (double *) NULL)
       effect.c:3210:21 cxx_ne_to_eq               if (sin_theta != (double *) NULL)
    x  effect.c:3309:13 cxx_remove_void_call       SetPixelChannel(blur_image,channel,p[i],q);
    x  effect.c:3361:33 cxx_ne_to_eq               if (image->progress_monitor != (MagickProgressMonitor) NULL)
       effect.c:3369:17 cxx_post_inc_to_post_dec   progress++;
       effect.c:3371:21 cxx_eq_to_ne               if (proceed == MagickFalse)
    x  effect.c:4299:24 cxx_ne_to_eq               if (IsEventLogging() != MagickFalse)
    x  effect.c:4370:13 cxx_remove_void_call       SetPixelChannel(unsharp_image,channel,p[i],q);
    x  effect.c:4385:33 cxx_ne_to_eq               if (image->progress_monitor != (MagickProgressMonitor) NULL)
       effect.c:4393:17 cxx_post_inc_to_post_dec   progress++;
       effect.c:4395:21 cxx_eq_to_ne               if (proceed == MagickFalse)
  (x: the oracle executes this line; c: capped, not every reaching case ran)

  full results: build-oracle/work/mutation-confirm-ec8ded5ae-effect.json
