mutate: 86 mutants in MagickCore/utility\.c$, 17 functions
mutate: baseline over 52 cases in 0s
  mutants: 25/86 (0s)
  mutants: 50/86 (7s)
  mutants: 75/86 (9s)
  mutants: 86/86 (15s)

mutate: 86 mutants, 15s
  killed 0, survived 35 (0 capped), no coverage 51, errors 0
  mutation score on reached code: 0.0%   overall: 0.0%

  function                           total killed survived no-cov
  ExpandFilenames                       17      0       17      0
  ShredFile                             17      0        0     17
  GetPathComponent                      11      0       11      0
  Base64Decode                           7      0        0      7
  GetExecutionPath                       5      0        0      5
  MagickDelay                            5      0        0      5
  Base64Encode                           4      0        0      4
  ChopPathComponents                     4      0        0      4
  ListFiles                              4      0        4      0
  GetPathComponents                      3      0        0      3
  ExpandFilename                         2      0        0      2
  GetMagickPageSize                      2      0        2      0
  AcquireUniqueFilename                  1      0        0      1
  AcquireUniqueSymbolicLink              1      0        0      1
  AppendImageFormat                      1      0        0      1
  GetPathTemplate                        1      0        0      1
  IsPathAccessible                       1      0        1      0

  survivors (equivalent, or a gap in the catalogue):
    x  utility.c:796:24 cxx_ne_to_eq               if (IsEventLogging() != MagickFalse)
    x  utility.c:829:20 cxx_gt_to_ge               if (parameters > 0)
    x  utility.c:834:36 cxx_post_inc_to_post_dec   for (j=0; j < parameters; j++)
    x  utility.c:847:5 cxx_remove_void_call       GetPathComponent(option,MagickPath,magick);
    x  utility.c:894:21 cxx_lt_to_le               for (j=0; j < (ssize_t) (length-1); j++)
    x  utility.c:894:40 cxx_sub_to_add             for (j=0; j < (ssize_t) (length-1); j++)
    x  utility.c:914:24 cxx_add_to_sub             *number_arguments+count+(ssize_t) number_files+1),sizeof(*vector));
    x  utility.c:914:53 cxx_add_to_sub             *number_arguments+count+(ssize_t) number_files+1),sizeof(*vector));
       utility.c:917:21 cxx_lt_to_ge               for (j=0; j < (ssize_t) number_files; j++)
       utility.c:917:21 cxx_lt_to_le               for (j=0; j < (ssize_t) number_files; j++)
       utility.c:917:48 cxx_post_inc_to_post_dec   for (j=0; j < (ssize_t) number_files; j++)
    x  utility.c:952:28 cxx_ge_to_gt               if (strlen(filename) >= (MagickPathExtent-1))
    x  utility.c:974:33 cxx_ge_to_gt               if (strlen(file_path) >= (MagickPathExtent-1))
    x  utility.c:988:24 cxx_ne_to_eq               if (IsEventLogging() != MagickFalse)
       utility.c:994:19 cxx_lt_to_ge               for (i=1; i < count; i++)
       utility.c:994:19 cxx_lt_to_le               for (i=1; i < count; i++)
       utility.c:994:29 cxx_post_inc_to_post_dec   for (i=1; i < count; i++)
    x  utility.c:1178:17 cxx_gt_to_ge               if (page_size > 0)
    x  utility.c:1185:17 cxx_le_to_gt               if (page_size <= 0)
    x  utility.c:1278:24 cxx_ne_to_eq               if (IsEventLogging() != MagickFalse)
    x  utility.c:1300:42 cxx_eq_to_ne               if ((IsStringTrue(literal) == MagickFalse) ||
    x  utility.c:1301:43 cxx_eq_to_ne               (IsPathAccessible(path) == MagickFalse))
    x  utility.c:1317:27 cxx_ne_to_eq               if (literal != (char *) NULL)
    x  utility.c:1334:16 cxx_eq_to_ne               if (*p == '\0')
    x  utility.c:1337:72 cxx_lt_to_le               if ((p != component) && (*p == ':') && (IsPathDirectory(component) < 0) &&
    x  utility.c:1375:46 cxx_sub_to_add             for (p=component+(strlen(component)-1); p > component; p--)
    x  utility.c:1375:53 cxx_gt_to_ge               for (p=component+(strlen(component)-1); p > component; p--)
    x  utility.c:1404:44 cxx_sub_to_add             for (p=component+(strlen(component)-1); p > component; p--)
    x  utility.c:1404:51 cxx_gt_to_ge               for (p=component+(strlen(component)-1); p > component; p--)
    x  utility.c:1434:49 cxx_gt_to_ge               for (p=component+strlen(component)-1; p > component; p--)
    x  utility.c:1673:14 cxx_eq_to_ne               if (status == MagickFalse)
    x  utility.c:1799:24 cxx_ne_to_eq               if (IsEventLogging() != MagickFalse)
    x  utility.c:1839:29 cxx_ge_to_gt               if (*number_entries >= max_entries)
    x  utility.c:1839:29 cxx_ge_to_lt               if (*number_entries >= max_entries)
       utility.c:1847:26 cxx_eq_to_ne               if (filelist == (char **) NULL)
  (x: the oracle executes this line; c: capped, not every reaching case ran)

  full results: build-oracle/work/mutation-confirm-656676901-utility.json
