mutate: 163 mutants in MagickCore/annotate\.c$, 17 functions
mutate: baseline over 23 cases in 0s
  mutants: 25/163 (0s)
  mutants: 50/163 (0s)
  mutants: 75/163 (0s)
  mutants: 100/163 (0s)
  mutants: 125/163 (0s)
  mutants: 150/163 (0s)
  mutants: 163/163 (2s)

mutate: 163 mutants, 2s
  killed 0, survived 4 (0 capped), no coverage 159, errors 0
  mutation score on reached code: 0.0%   overall: 0.0%

  function                           total killed survived no-cov
  RenderPostscript                      81      0        0     81
  RenderFreetype                        40      0        0     40
  RenderType                             7      0        0      7
  IsValidPostscriptFontname              7      0        0      7
  AnnotateImage                          5      0        0      5
  FormatMagickCaption                    4      0        0      4
  RenderX11                              4      0        0      4
  AnnotateComponentTerminus              3      0        3      0
  GetMultilineTypeMetrics                3      0        0      3
  GetTypeMetrics                         2      0        0      2
  AnnotateComponentGenesis               1      0        1      0
  ReplaceSpaceWithNewline                1      0        0      1
  FreetypeReadStream                     1      0        0      1
  IsEmptyOutline                         1      0        0      1
  FreetypeAlloc                          1      0        0      1
  FreetypeRealloc                        1      0        0      1
  FreetypeInit                           1      0        0      1

  survivors (equivalent, or a gap in the catalogue):
    x  annotate.c:173:26 cxx_eq_to_ne               if (annotate_semaphore == (SemaphoreInfo *) NULL)
    x  annotate.c:198:26 cxx_eq_to_ne               if (annotate_semaphore == (SemaphoreInfo *) NULL)
       annotate.c:199:5 cxx_remove_void_call       ActivateSemaphoreInfo(&annotate_semaphore);
    x  annotate.c:200:3 cxx_remove_void_call       RelinquishSemaphoreInfo(&annotate_semaphore);
  (x: the oracle executes this line; c: capped, not every reaching case ran)

  full results: build-oracle/work/mutation-confirm-310d2a3b3-annotate.json
