mutate: 298 mutants in MagickCore/image\.c$, 45 functions
mutate: baseline over 491 cases in 0s
  mutants: 25/298 (29s)
  mutants: 50/298 (35s)
  mutants: 75/298 (40s)
  mutants: 100/298 (57s)
  mutants: 125/298 (60s)
  mutants: 150/298 (82s)
  mutants: 175/298 (106s)
  mutants: 200/298 (108s)
  mutants: 225/298 (108s)
  mutants: 250/298 (108s)
  mutants: 275/298 (118s)
  mutants: 298/298 (131s)

mutate: 298 mutants, 131s
  killed 10, survived 181 (128 capped), no coverage 107, errors 0
  mutation score on reached code: 5.2%   overall: 3.4%

  function                           total killed survived no-cov
  SetImageRegionMask                    22      0        0     22
  AcquireImage                          21      0       21      0
  SetImageInfo                          21      0       21      0
  SmushXGap                             20      0       20      0
  SmushYGap                             20      0        0     20
  InterpretImageFilename                18      0       18      0
  SyncImageSettings                     17      4       13      0
  GetImageMask                          16      0        0     16
  NewMagickImage                        11      0        0     11
  AppendImages                          10      0       10      0
  DestroyImageInfo                      10      0       10      0
  SetImageColor                         10      0        0     10
  CopyImagePixels                        8      0        0      8
  IsValidFormatSpecifier                 8      6        2      0
  DestroyImage                           7      0        7      0
  CloneImage                             6      0        6      0
  ResetImagePixels                       6      0        6      0
  SetImageInfoFromExtension              6      0        6      0
  ClipImagePath                          5      0        0      5
  CloneImageInfo                         5      0        5      0
  IsTaintImage                           5      0        0      5
  ResetImagePage                         5      0        5      0
  SmushImages                            5      0        5      0
  GetImageInfo                           3      0        3      0
  IsImageObject                          3      0        0      3
  ModifyImage                            3      0        0      3
  SetImageMask                           3      0        3      0
  AcquireNextImage                       2      0        2      0
  IsHighDynamicRangeImage                2      0        2      0
  ReferenceImage                         2      0        2      0
  SetImageAlpha                          2      0        2      0
  SetImageBackgroundColor                2      0        2      0
  SetImageExtent                         2      0        2      0
  CatchImageException                    1      0        0      1
  DisassociateImageStream                1      0        1      0
  GetImageReferenceCount                 1      0        0      1
  GetImageVirtualPixelMethod             1      0        1      0
  SetImageStorageClass                   1      0        1      0
  SetImageInfoBlob                       1      0        1      0
  SetImageInfoCustomStream               1      0        0      1
  SetImageInfoFile                       1      0        1      0
  SetImageVirtualPixelMethod             1      0        1      0
  StripImage                             1      0        0      1
  SyncImage                              1      0        1      0
  SyncImagesSettings                     1      0        1      0

  survivors (equivalent, or a gap in the catalogue):
    xc image.c:153:24 cxx_ne_to_eq               if (IsEventLogging() != MagickFalse)
     c image.c:197:32 cxx_add_to_sub             image->ttl=image->timestamp+(time_t) time_limit;
    xc image.c:208:40 cxx_ne_to_eq               SetBlobExempt(image,image_info->file != (FILE *) NULL ? MagickTrue :
    xc image.c:224:27 cxx_ne_to_eq               if (image_info->extract != (char *) NULL)
    xc image.c:231:29 cxx_ne_to_eq               if (((flags & XValue) != 0) || ((flags & YValue) != 0))
    xc image.c:231:56 cxx_ne_to_eq               if (((flags & XValue) != 0) || ((flags & YValue) != 0))
    xc image.c:243:27 cxx_ne_to_eq               if (image_info->density != (char *) NULL)
    xc image.c:249:30 cxx_ne_to_eq               if ((flags & RhoValue) != 0)
    xc image.c:252:32 cxx_ne_to_eq               if ((flags & SigmaValue) != 0)
    xc image.c:285:14 cxx_ne_to_eq               if (option != (const char *) NULL)
    xc image.c:291:34 cxx_ne_to_eq               if ((flags & GreaterValue) != 0)
    xc image.c:293:37 cxx_gt_to_ge               if ((double) image->delay > floor(geometry_info.rho+0.5))
    xc image.c:293:37 cxx_gt_to_le               if ((double) image->delay > floor(geometry_info.rho+0.5))
    xc image.c:293:62 cxx_add_to_sub             if ((double) image->delay > floor(geometry_info.rho+0.5))
     c image.c:294:77 cxx_add_to_sub             image->delay=(size_t) CastDoubleToSsizeT(floor(geometry_info.rho+
    xc image.c:300:39 cxx_lt_to_ge               if ((double) image->delay < floor(geometry_info.rho+0.5))
    xc image.c:300:39 cxx_lt_to_le               if ((double) image->delay < floor(geometry_info.rho+0.5))
    xc image.c:300:64 cxx_add_to_sub             if ((double) image->delay < floor(geometry_info.rho+0.5))
    xc image.c:302:36 cxx_add_to_sub             geometry_info.sigma+0.5));
    xc image.c:305:75 cxx_add_to_sub             image->delay=(size_t) CastDoubleToSsizeT(floor(geometry_info.rho+
    xc image.c:308:77 cxx_add_to_sub             image->ticks_per_second=CastDoubleToSsizeT(floor(geometry_info.sigma+
    x  image.c:385:24 cxx_ne_to_eq               if (IsEventLogging() != MagickFalse)
    x  image.c:392:18 cxx_ne_to_eq               if (image_info != (ImageInfo *) NULL)
    x  image.c:482:24 cxx_ne_to_eq               if (IsEventLogging() != MagickFalse)
    x  image.c:494:21 cxx_gt_to_ge               if (next->depth > depth)
    x  image.c:494:21 cxx_gt_to_le               if (next->depth > depth)
    x  image.c:496:20 cxx_ne_to_eq               if (next->type != images->type)
    x  image.c:498:26 cxx_ne_to_eq               if (next->colorspace != images->colorspace)
    x  image.c:505:27 cxx_gt_to_ge               if (next->columns > width)
    x  image.c:511:20 cxx_gt_to_ge               if (next->rows > height)
    x  image.c:520:18 cxx_ne_to_eq               if (image_type != BilevelType)
    x  image.c:527:34 cxx_eq_to_ne               if (homogeneous_colorspace == MagickFalse)
    x  image.c:549:15 cxx_ne_to_eq               if (stack != MagickFalse)
    xc image.c:820:24 cxx_ne_to_eq               if (IsEventLogging() != MagickFalse)
    xc image.c:847:22 cxx_ne_to_eq               if (image->ascii85 != (void *) NULL)
    xc image.c:898:26 cxx_ne_to_eq               if (image->montage != (char *) NULL)
    xc image.c:900:28 cxx_ne_to_eq               if (image->directory != (char *) NULL)
    xc image.c:915:44 cxx_lt_to_ge               if (MagickAbsoluteValue(scale_x-scale_y) < 2.0)
    xc image.c:915:44 cxx_lt_to_le               if (MagickAbsoluteValue(scale_x-scale_y) < 2.0)
    xc image.c:974:26 cxx_ne_to_eq               if (image_info->scenes != (char *) NULL)
    xc image.c:976:24 cxx_ne_to_eq               if (image_info->page != (char *) NULL)
    xc image.c:982:35 cxx_ne_to_eq               if (image_info->sampling_factor != (char *) NULL)
    xc image.c:985:31 cxx_ne_to_eq               if (image_info->server_name != (char *) NULL)
    xc image.c:989:27 cxx_ne_to_eq               if (image_info->texture != (char *) NULL)
    xc image.c:1207:24 cxx_ne_to_eq               if (IsEventLogging() != MagickFalse)
    xc image.c:1222:22 cxx_ne_to_eq               if (image->montage != (char *) NULL)
    xc image.c:1224:24 cxx_ne_to_eq               if (image->directory != (char *) NULL)
    xc image.c:1226:23 cxx_ne_to_eq               if (image->colormap != (PixelInfo *) NULL)
    xc image.c:1228:23 cxx_ne_to_eq               if (image->geometry != (char *) NULL)
    xc image.c:1233:22 cxx_ne_to_eq               if (image->ascii85 != (Ascii85Info *) NULL)
    xc image.c:1238:24 cxx_ne_to_eq               if (image->semaphore != (SemaphoreInfo *) NULL)
    xc image.c:1272:24 cxx_ne_to_eq               if (IsEventLogging() != MagickFalse)
    xc image.c:1275:24 cxx_ne_to_eq               if (image_info->size != (char *) NULL)
    xc image.c:1277:27 cxx_ne_to_eq               if (image_info->extract != (char *) NULL)
    xc image.c:1279:26 cxx_ne_to_eq               if (image_info->scenes != (char *) NULL)
    xc image.c:1281:24 cxx_ne_to_eq               if (image_info->page != (char *) NULL)
    xc image.c:1283:35 cxx_ne_to_eq               if (image_info->sampling_factor != (char *) NULL)
    xc image.c:1286:31 cxx_ne_to_eq               if (image_info->server_name != (char *) NULL)
    xc image.c:1289:24 cxx_ne_to_eq               if (image_info->font != (char *) NULL)
    xc image.c:1291:27 cxx_ne_to_eq               if (image_info->texture != (char *) NULL)
    xc image.c:1293:27 cxx_ne_to_eq               if (image_info->density != (char *) NULL)
    xc image.c:1334:24 cxx_ne_to_eq               if (IsEventLogging() != MagickFalse)
    xc image.c:1370:24 cxx_ne_to_eq               if (IsEventLogging() != MagickFalse)
    xc image.c:1381:19 cxx_ne_to_eq               if (synchronize != (const char *) NULL)
    xc image.c:1391:54 cxx_ne_to_eq               image_info->debug=(GetLogEventMask() & ImageEvent) != 0 ? MagickTrue :
    xc image.c:1624:24 cxx_ne_to_eq               if (IsEventLogging() != MagickFalse)
    x  image.c:1692:17 cxx_lt_to_ge               for ( ; i < (length-1); i++)
    x  image.c:1692:32 cxx_post_inc_to_post_dec   for ( ; i < (length-1); i++)
    xc image.c:1718:19 cxx_ne_to_eq               if (literal != (char *) NULL)
    xc image.c:1723:15 cxx_ne_to_eq               if (literal != (char *) NULL)
    xc image.c:1725:45 cxx_lt_to_le               while ((*cursor != '\0') && ((p-filename) < ((ssize_t) MagickPathExtent-1)))
    xc image.c:1768:24 cxx_le_to_lt               if ((count <= 0) || ((size_t) count != pattern_length))
    xc image.c:1770:28 cxx_add_to_sub             if ((p-filename+(ssize_t) pattern_length) >= MagickPathExtent)
    xc image.c:1770:55 cxx_ge_to_gt               if ((p-filename+(ssize_t) pattern_length) >= MagickPathExtent)
    xc image.c:1772:73 cxx_sub_to_add             (void) CopyMagickString(p,pattern,(size_t) (MagickPathExtent-
    xc image.c:1773:17 cxx_sub_to_add             (p-filename)));
    xc image.c:1801:20 cxx_ge_to_gt               if (extent >= sizeof(pattern))
    xc image.c:1812:25 cxx_ne_to_eq               (image_info != (ImageInfo *) NULL))
    xc image.c:1817:24 cxx_add_to_sub             if ((p-filename+(ssize_t) option_length) >= MagickPathExtent)
    xc image.c:1817:50 cxx_ge_to_gt               if ((p-filename+(ssize_t) option_length) >= MagickPathExtent)
    xc image.c:1819:68 cxx_sub_to_add             (void) CopyMagickString(p,option,(size_t) (MagickPathExtent-
    xc image.c:1820:13 cxx_sub_to_add             (p-filename)));
    xc image.c:1829:11 cxx_sub_to_add             if ((p-filename+1) >= MagickPathExtent)
    xc image.c:1829:20 cxx_add_to_sub             if ((p-filename+1) >= MagickPathExtent)
    xc image.c:1829:24 cxx_ge_to_gt               if ((p-filename+1) >= MagickPathExtent)
    xc image.c:1829:24 cxx_ge_to_lt               if ((p-filename+1) >= MagickPathExtent)
    x  image.c:1883:24 cxx_ne_to_eq               if (IsEventLogging() != MagickFalse)
    x  image.c:1890:15 cxx_lt_to_le               for (y=0; y < (ssize_t) image->rows; y++)
    xc image.c:2195:24 cxx_ne_to_eq               if (IsEventLogging() != MagickFalse)
    xc image.c:2198:25 cxx_post_inc_to_post_dec   image->reference_count++;
    x  image.c:2237:24 cxx_ne_to_eq               if (IsEventLogging() != MagickFalse)
       image.c:2249:28 cxx_ne_to_eq               if ((flags & XValue) != 0)
       image.c:2251:28 cxx_ne_to_eq               if ((flags & YValue) != 0)
       image.c:2260:65 cxx_add_to_sub             image->page.width=(size_t) ((ssize_t) image->columns+geometry.x);
       image.c:2266:63 cxx_add_to_sub             image->page.height=(size_t) ((ssize_t) image->rows+geometry.y);
    xc image.c:2318:24 cxx_ne_to_eq               if (IsEventLogging() != MagickFalse)
    xc image.c:2321:14 cxx_ne_to_eq               if (pixels != (void *) NULL)
    xc image.c:2338:15 cxx_lt_to_ge               for (y=0; y < (ssize_t) image->rows; y++)
    xc image.c:2346:16 cxx_eq_to_ne               if (status == MagickFalse)
    xc image.c:2354:17 cxx_lt_to_ge               for (x=0; x < (ssize_t) image->columns; x++)
    xc image.c:2356:48 cxx_mul_to_div             (void) memset(q,0,GetPixelChannels(image)*sizeof(Quantum));
    x  image.c:2411:24 cxx_ne_to_eq               if (IsEventLogging() != MagickFalse)
    x  image.c:2441:38 cxx_gt_to_ge               if (GetPixelWriteMask(image,q) > (QuantumRange/2))
    xc image.c:2497:24 cxx_ne_to_eq               if (IsEventLogging() != MagickFalse)
    xc image.c:2502:47 cxx_eq_to_ne               ((image->alpha_trait & BlendPixelTrait) == 0))
    xc image.c:2691:24 cxx_ne_to_eq               if (IsEventLogging() != MagickFalse)
    xc image.c:2731:16 cxx_gt_to_ge               if ((columns > (size_t) MAGICK_SSIZE_MAX) ||
    xc image.c:2732:13 cxx_gt_to_ge               (rows > (size_t) MAGICK_SSIZE_MAX))
    xc image.c:2831:33 cxx_ne_to_eq               (magick_info->format_type != UndefinedFormatType))
    xc image.c:2834:23 cxx_eq_to_ne               while ((format_type == UndefinedFormatType) &&
    xc image.c:2835:34 cxx_ne_to_eq               (format_type_formats[i] != (char *) NULL))
    xc image.c:2837:17 cxx_eq_to_ne               if ((*magic == *format_type_formats[i]) &&
    xc image.c:2845:21 cxx_eq_to_ne               if (format_type == ExplicitFormatType)
    xc image.c:2850:34 cxx_eq_to_ne               if (LocaleCompare(magic,"RGB") == 0)
    xc image.c:2890:24 cxx_ne_to_eq               if (IsEventLogging() != MagickFalse)
    xc image.c:2895:18 cxx_eq_to_ne               if (*component == '\0')
    xc image.c:2931:23 cxx_gt_to_ge               if (first > last)
    xc image.c:2933:23 cxx_lt_to_ge               if (first < image_info->scene)
    xc image.c:2933:23 cxx_lt_to_le               if (first < image_info->scene)
    xc image.c:2935:22 cxx_gt_to_ge               if (last > image_info->number_scenes)
    xc image.c:2990:29 cxx_eq_to_ne               if (delegate_info == (const DelegateInfo *) NULL)
    xc image.c:2992:30 cxx_eq_to_ne               if ((delegate_info == (const DelegateInfo *) NULL) &&
    xc image.c:2993:59 cxx_eq_to_ne               ((*component != '\0') && (IsGlob(component) == MagickFalse)))
    xc image.c:3011:37 cxx_ne_to_eq               if (IsStringTrue(literal) != MagickFalse)
    xc image.c:3015:23 cxx_ne_to_eq               if (literal != (char *) NULL)
    xc image.c:3023:27 cxx_ne_to_eq               if ((image_info->adjoin != MagickFalse) && (frames > 1))
    xc image.c:3023:54 cxx_gt_to_ge               if ((image_info->adjoin != MagickFalse) && (frames > 1))
    xc image.c:3023:54 cxx_gt_to_le               if ((image_info->adjoin != MagickFalse) && (frames > 1))
    xc image.c:3031:34 cxx_eq_to_ne               (strchr(component,'%') == (char *) NULL))
    xc image.c:3034:27 cxx_ne_to_eq               if ((image_info->adjoin != MagickFalse) && (frames > 0))
    xc image.c:3034:54 cxx_gt_to_ge               if ((image_info->adjoin != MagickFalse) && (frames > 0))
    xc image.c:3034:54 cxx_gt_to_le               if ((image_info->adjoin != MagickFalse) && (frames > 0))
    xc image.c:3109:29 cxx_minus_to_noop          (void) SeekBlob(image,-((MagickOffsetType) count),SEEK_CUR);
    xc image.c:3137:52 cxx_eq_to_ne               (GetMagickEndianSupport(magick_info) == MagickFalse))
    xc image.c:3144:48 cxx_eq_to_ne               (GetMagickEndianSupport(magick_info) == MagickFalse))
    xc image.c:3183:24 cxx_ne_to_eq               if (IsEventLogging() != MagickFalse)
    xc image.c:3254:24 cxx_ne_to_eq               if (IsEventLogging() != MagickFalse)
    x  image.c:3307:24 cxx_ne_to_eq               if (IsEventLogging() != MagickFalse)
    x  image.c:3389:14 cxx_lt_to_le               if ((x < (ssize_t) mask->columns) && (y < (ssize_t) mask->rows))
    x  image.c:3389:47 cxx_lt_to_le               if ((x < (ssize_t) mask->columns) && (y < (ssize_t) mask->rows))
    x  image.c:3609:24 cxx_ne_to_eq               if (IsEventLogging() != MagickFalse)
    x  image.c:3690:15 cxx_lt_to_le               for (y=0; y < (ssize_t) smush_image->rows; y++)
    x  image.c:3692:47 cxx_gt_to_ge               for (x=(ssize_t) left_image->columns-1; x > 0; x--)
    x  image.c:3692:47 cxx_gt_to_le               for (x=(ssize_t) left_image->columns-1; x > 0; x--)
    x  image.c:3694:62 cxx_add_to_sub             p=GetCacheViewVirtualPixels(left_view,x,left_geometry.y+y,1,1,exception);
    x  image.c:3695:14 cxx_eq_to_ne               if ((p == (const Quantum *) NULL) ||
    x  image.c:3697:42 cxx_sub_to_add             (((ssize_t) left_image->columns-x-1) >= (ssize_t) gap))
    x  image.c:3697:44 cxx_sub_to_add             (((ssize_t) left_image->columns-x-1) >= (ssize_t) gap))
    x  image.c:3697:48 cxx_ge_to_gt               (((ssize_t) left_image->columns-x-1) >= (ssize_t) gap))
    x  image.c:3697:48 cxx_ge_to_lt               (((ssize_t) left_image->columns-x-1) >= (ssize_t) gap))
    x  image.c:3701:17 cxx_lt_to_ge               for (x=0; x < (ssize_t) right_image->columns; x++)
    x  image.c:3701:17 cxx_lt_to_le               for (x=0; x < (ssize_t) right_image->columns; x++)
    x  image.c:3701:52 cxx_post_inc_to_post_dec   for (x=0; x < (ssize_t) right_image->columns; x++)
    x  image.c:3703:64 cxx_add_to_sub             p=GetCacheViewVirtualPixels(right_view,x,right_geometry.y+y,1,1,
    x  image.c:3705:14 cxx_eq_to_ne               if ((p == (const Quantum *) NULL) ||
    x  image.c:3707:14 cxx_add_to_sub             ((x+i) >= (ssize_t) gap))
    x  image.c:3707:18 cxx_ge_to_gt               ((x+i) >= (ssize_t) gap))
    x  image.c:3707:18 cxx_ge_to_lt               ((x+i) >= (ssize_t) gap))
    x  image.c:3710:11 cxx_add_to_sub             if ((x+i) < (ssize_t) gap)
    x  image.c:3710:15 cxx_lt_to_le               if ((x+i) < (ssize_t) gap)
    x  image.c:3711:22 cxx_add_to_sub             gap=(size_t) (x+i);
    x  image.c:3834:24 cxx_ne_to_eq               if (IsEventLogging() != MagickFalse)
    x  image.c:3849:27 cxx_gt_to_ge               if (next->columns > width)
    x  image.c:3849:27 cxx_gt_to_le               if (next->columns > width)
    x  image.c:3859:20 cxx_gt_to_ge               if (next->rows > height)
    x  image.c:3859:20 cxx_gt_to_le               if (next->rows > height)
    x  image.c:4012:24 cxx_ne_to_eq               if (IsEventLogging() != MagickFalse)
    xc image.c:4110:24 cxx_ne_to_eq               if (IsEventLogging() != MagickFalse)
    xc image.c:4141:24 cxx_ne_to_eq               if (IsEventLogging() != MagickFalse)
    xc image.c:4148:14 cxx_ne_to_eq               if (option != (const char *) NULL)
    xc image.c:4155:30 cxx_ne_to_eq               if ((flags & RhoValue) != 0)
    xc image.c:4211:30 cxx_ne_to_eq               if ((flags & RhoValue) != 0)
    xc image.c:4261:30 cxx_ne_to_eq               if ((flags & RhoValue) != 0)
    xc image.c:4301:24 cxx_ne_to_eq               if (image->units != units)
    xc image.c:4306:23 cxx_eq_to_ne               if (units == PixelsPerCentimeterResolution)
    xc image.c:4315:23 cxx_eq_to_ne               if (units == PixelsPerInchResolution)
    xc image.c:4318:44 cxx_div_to_mul             image->resolution.x+0.5))/100.0;
    xc image.c:4320:44 cxx_div_to_mul             image->resolution.y+0.5))/100.0;
    xc image.c:4329:18 cxx_ne_to_eq               if (option != (const char *) NULL)
    xc image.c:4332:34 cxx_ne_to_eq               if ((flags & RhoValue) != 0)
    xc image.c:4348:30 cxx_ne_to_eq               if ((flags & RhoValue) != 0)
  (x: the oracle executes this line; c: capped, not every reaching case ran)

  full results: build-oracle/work/mutation-conf1-image.json
