mutate: 106 mutants in MagickCore/threshold\.c$, 19 functions
mutate: baseline over 2 cases in 0s
  mutants: 25/106 (0s)
  mutants: 50/106 (0s)
  mutants: 75/106 (0s)
  mutants: 100/106 (0s)
  mutants: 106/106 (0s)

mutate: 106 mutants, 0s
  killed 0, survived 5 (0 capped), no coverage 101, errors 0
  mutation score on reached code: 0.0%   overall: 0.0%

  function                           total killed survived no-cov
  TriangleThreshold                     13      0        0     13
  RangeThresholdImage                   11      0        0     11
  OrderedDitherImage                    10      0        0     10
  AdaptiveThresholdImage                 8      0        0      8
  KapurThreshold                         8      0        0      8
  ColorThresholdImage                    7      0        0      7
  ClampImage                             6      0        0      6
  PerceptibleImage                       6      0        0      6
  OTSUThreshold                          5      0        0      5
  BilevelImage                           5      0        5      0
  BlackThresholdImage                    5      0        0      5
  RandomThresholdImage                   5      0        0      5
  WhiteThresholdImage                    5      0        0      5
  GetThresholdMapFile                    4      0        0      4
  DestroyThresholdMap                    3      0        0      3
  AutoThresholdImage                     2      0        0      2
  GetThresholdMap                        1      0        0      1
  ListThresholdMaps                      1      0        0      1
  PerceptibleThreshold                   1      0        0      1

  survivors (equivalent, or a gap in the catalogue):
    x  threshold.c:824:24 cxx_ne_to_eq               if (IsEventLogging() != MagickFalse)
    x  threshold.c:879:33 cxx_ne_to_eq               if (image->progress_monitor != (MagickProgressMonitor) NULL)
       threshold.c:887:17 cxx_post_inc_to_post_dec   progress++;
       threshold.c:888:66 cxx_post_inc_to_post_dec   proceed=SetImageProgress(image,ThresholdImageTag,progress++,
       threshold.c:890:21 cxx_eq_to_ne               if (proceed == MagickFalse)
  (x: the oracle executes this line; c: capped, not every reaching case ran)

  full results: build-oracle/work/mutation-confirm-ce1d65ece-threshold.json
