mutate: 31 mutants in MagickCore/magic\.c$, 10 functions
mutate: baseline over 18 cases in 0s
  mutants: 25/31 (0s)
  mutants: 31/31 (1s)

mutate: 31 mutants, 1s
  killed 0, survived 5 (0 capped), no coverage 26, errors 0
  mutation score on reached code: 0.0%   overall: 0.0%

  function                           total killed survived no-cov
  GetMagicList                          11      0        0     11
  CompareMagickInfoExtent                4      0        0      4
  MagicComponentTerminus                 4      0        4      0
  GetMagicInfo                           3      0        0      3
  CompareMagic                           2      0        0      2
  GetMagicPatternExtent                  2      0        0      2
  IsMagicListInstantiated                2      0        0      2
  GetMagicInfoList                       1      0        0      1
  GetMagicName                           1      0        0      1
  MagicComponentGenesis                  1      0        1      0

  survivors (equivalent, or a gap in the catalogue):
    x  magic.c:777:28 cxx_eq_to_ne               if (magic_list_semaphore == (SemaphoreInfo *) NULL)
    x  magic.c:809:28 cxx_eq_to_ne               if (magic_list_semaphore == (SemaphoreInfo *) NULL)
       magic.c:810:5 cxx_remove_void_call       ActivateSemaphoreInfo(&magic_list_semaphore);
    x  magic.c:815:3 cxx_remove_void_call       RelinquishSemaphoreInfo(&magic_list_semaphore);
    x  magic.c:822:3 cxx_remove_void_call       RelinquishSemaphoreInfo(&magic_cache_semaphore);
  (x: the oracle executes this line; c: capped, not every reaching case ran)

  full results: build-oracle/work/mutation-confirm-926d3b9c5-magic.json
