mutate: 722 mutants in MagickCore/image\.c$, 47 functions
mutate: baseline over 10683 cases in 0s
  mutants: 25/722 (50s)
  mutants: 50/722 (50s)
  mutants: 75/722 (53s)
  mutants: 100/722 (62s)
  mutants: 125/722 (70s)
  mutants: 150/722 (101s)
  mutants: 175/722 (119s)
  mutants: 200/722 (135s)
  mutants: 225/722 (148s)
  mutants: 250/722 (174s)
  mutants: 275/722 (193s)
  mutants: 300/722 (193s)
  mutants: 325/722 (201s)
  mutants: 350/722 (224s)
  mutants: 375/722 (229s)
  mutants: 400/722 (244s)
  mutants: 425/722 (279s)
  mutants: 450/722 (312s)
  mutants: 475/722 (327s)
  mutants: 500/722 (343s)
  mutants: 525/722 (350s)
  mutants: 550/722 (351s)
  mutants: 575/722 (353s)
  mutants: 600/722 (353s)
  mutants: 625/722 (354s)
  mutants: 650/722 (356s)
  mutants: 675/722 (365s)
  mutants: 700/722 (395s)
  mutants: 722/722 (484s)

mutate: 722 mutants, 484s
  killed 361, survived 277 (182 capped), no coverage 84, errors 0
  mutation score on reached code: 56.6%   overall: 50.0%

  function                           total killed survived no-cov
  SetImageInfo                          79     39       40      0
  SyncImageSettings                     54     36       18      0
  InterpretImageFilename                46     28       18      0
  AppendImages                          40     28       12      0
  AcquireImage                          38      9       29      0
  SmushXGap                             36     13       23      0
  SmushYGap                             36     12       24      0
  CopyImagePixels                       34     26        8      0
  SetImageRegionMask                    25      0        0     25
  SmushImages                           23     17        6      0
  CloneImage                            22     15        7      0
  SetImageMask                          20     16        4      0
  GetImageMask                          19      0        0     19
  IsHighDynamicRangeImage               19     17        2      0
  DestroyImage                          18      5       13      0
  IsValidFormatSpecifier                17     15        2      0
  ResetImagePage                        16     11        5      0
  SetImageBackgroundColor               15     13        2      0
  SyncImage                             15     14        1      0
  CloneImageInfo                        14      5        9      0
  DestroyImageInfo                      13      2       11      0
  SetImageAlpha                         13     11        2      0
  NewMagickImage                        12      0        0     12
  ResetImagePixels                      12      6        6      0
  SetImageColor                         11      0        0     11
  SetImageInfoFromExtension             11      4        7      0
  SetImageExtent                         9      6        3      0
  GetImageInfo                           7      4        3      0
  ClipImagePath                          6      1        5      0
  AcquireNextImage                       5      2        3      0
  IsTaintImage                           5      0        0      5
  ModifyImage                            5      0        0      5
  ReferenceImage                         4      2        2      0
  GetImageReferenceCount                 3      0        0      3
  IsImageObject                          3      0        0      3
  CatchImageException                    2      0        2      0
  DisassociateImageStream                2      0        2      0
  StripImage                             2      0        2      0
  PushColormapIndex                      2      2        0      0
  SyncImagesSettings                     2      1        1      0
  AcquireImageInfo                       1      1        0      0
  GetImageVirtualPixelMethod             1      0        1      0
  SetImageStorageClass                   1      0        1      0
  SetImageInfoBlob                       1      0        1      0
  SetImageInfoCustomStream               1      0        0      1
  SetImageInfoFile                       1      0        1      0
  SetImageVirtualPixelMethod             1      0        1      0

  survivors (equivalent, or a gap in the catalogue):
    xc image.c:153:24 cxx_ne_to_eq               if (IsEventLogging() != MagickFalse)
    xc image.c:181:3 cxx_remove_void_call       GetPixelInfoRGBA(BackgroundColorRGBA,&image->background_color);
    xc image.c:182:3 cxx_remove_void_call       GetPixelInfoRGBA(BorderColorRGBA,&image->border_color);
    xc image.c:183:3 cxx_remove_void_call       GetPixelInfoRGBA(MatteColorRGBA,&image->matte_color);
    xc image.c:184:3 cxx_remove_void_call       GetPixelInfoRGBA(TransparentColorRGBA,&image->transparent_color);
     c image.c:197:32 cxx_add_to_sub             image->ttl=image->timestamp+(time_t) time_limit;
    xc image.c:208:3 cxx_remove_void_call       SetBlobExempt(image,image_info->file != (FILE *) NULL ? MagickTrue :
    xc image.c:208:40 cxx_ne_to_eq               SetBlobExempt(image,image_info->file != (FILE *) NULL ? MagickTrue :
    xc image.c:224:27 cxx_ne_to_eq               if (image_info->extract != (char *) NULL)
    xc image.c:231:29 cxx_ne_to_eq               if (((flags & XValue) != 0) || ((flags & YValue) != 0))
    xc image.c:231:56 cxx_ne_to_eq               if (((flags & XValue) != 0) || ((flags & YValue) != 0))
    xc image.c:243:27 cxx_ne_to_eq               if (image_info->density != (char *) NULL)
    xc image.c:249:30 cxx_ne_to_eq               if ((flags & RhoValue) != 0)
    xc image.c:252:32 cxx_ne_to_eq               if ((flags & SigmaValue) != 0)
    xc image.c:276:5 cxx_remove_void_call       ClonePixelCacheMethods(image->cache,image_info->cache);
    xc image.c:285:14 cxx_ne_to_eq               if (option != (const char *) NULL)
    xc image.c:291:34 cxx_ne_to_eq               if ((flags & GreaterValue) != 0)
    xc image.c:293:37 cxx_gt_to_ge               if ((double) image->delay > floor(geometry_info.rho+0.5))
    xc image.c:293:37 cxx_gt_to_le               if ((double) image->delay > floor(geometry_info.rho+0.5))
    xc image.c:293:62 cxx_add_to_sub             if ((double) image->delay > floor(geometry_info.rho+0.5))
     c image.c:294:77 cxx_add_to_sub             image->delay=(size_t) CastDoubleToSsizeT(floor(geometry_info.rho+
    xc image.c:298:33 cxx_ne_to_eq               if ((flags & LessValue) != 0)
    xc image.c:300:39 cxx_lt_to_ge               if ((double) image->delay < floor(geometry_info.rho+0.5))
    xc image.c:300:39 cxx_lt_to_le               if ((double) image->delay < floor(geometry_info.rho+0.5))
    xc image.c:300:64 cxx_add_to_sub             if ((double) image->delay < floor(geometry_info.rho+0.5))
    xc image.c:302:36 cxx_add_to_sub             geometry_info.sigma+0.5));
    xc image.c:305:75 cxx_add_to_sub             image->delay=(size_t) CastDoubleToSsizeT(floor(geometry_info.rho+
    xc image.c:307:32 cxx_ne_to_eq               if ((flags & SigmaValue) != 0)
    xc image.c:308:77 cxx_add_to_sub             image->ticks_per_second=CastDoubleToSsizeT(floor(geometry_info.sigma+
    xc image.c:385:24 cxx_ne_to_eq               if (IsEventLogging() != MagickFalse)
    xc image.c:392:18 cxx_ne_to_eq               if (image_info != (ImageInfo *) NULL)
    xc image.c:395:3 cxx_remove_void_call       DestroyBlob(GetNextImageInList(image));
    x  image.c:482:24 cxx_ne_to_eq               if (IsEventLogging() != MagickFalse)
    x  image.c:494:21 cxx_gt_to_ge               if (next->depth > depth)
    x  image.c:494:21 cxx_gt_to_le               if (next->depth > depth)
    x  image.c:496:20 cxx_ne_to_eq               if (next->type != images->type)
    x  image.c:498:26 cxx_ne_to_eq               if (next->colorspace != images->colorspace)
    x  image.c:505:27 cxx_gt_to_ge               if (next->columns > width)
    x  image.c:511:20 cxx_gt_to_ge               if (next->rows > height)
    x  image.c:520:18 cxx_ne_to_eq               if (image_type != BilevelType)
    x  image.c:527:34 cxx_eq_to_ne               if (homogeneous_colorspace == MagickFalse)
    x  image.c:548:5 cxx_remove_void_call       GravityAdjustGeometry(next->columns,next->rows,next->gravity,&geometry);
    x  image.c:549:15 cxx_ne_to_eq               if (stack != MagickFalse)
    x  image.c:585:7 cxx_remove_void_call       GetPixelInfo(next,&pixel);
    x  image.c:653:24 cxx_ne_to_eq               if (IsEventLogging() != MagickFalse)
    x  image.c:656:3 cxx_remove_void_call       CatchException(exception);
    x  image.c:721:24 cxx_ne_to_eq               if (IsEventLogging() != MagickFalse)
       image.c:744:17 cxx_eq_to_ne               if (clip_mask == (Image *) NULL)
       image.c:746:32 cxx_eq_to_ne               if (clip_mask->storage_class == PseudoClass)
       image.c:749:65 cxx_eq_to_ne               if (SetImageStorageClass(clip_mask,DirectClass,exception) == MagickFalse)
       image.c:752:14 cxx_ne_to_eq               if (inside != MagickFalse)
    xc image.c:820:24 cxx_ne_to_eq               if (IsEventLogging() != MagickFalse)
    xc image.c:847:22 cxx_ne_to_eq               if (image->ascii85 != (void *) NULL)
    xc image.c:848:5 cxx_remove_void_call       Ascii85Initialize(clone_image);
    xc image.c:898:26 cxx_ne_to_eq               if (image->montage != (char *) NULL)
    xc image.c:900:28 cxx_ne_to_eq               if (image->directory != (char *) NULL)
    xc image.c:915:44 cxx_lt_to_ge               if (MagickAbsoluteValue(scale_x-scale_y) < 2.0)
    xc image.c:915:44 cxx_lt_to_le               if (MagickAbsoluteValue(scale_x-scale_y) < 2.0)
    xc image.c:972:27 cxx_ne_to_eq               if (image_info->extract != (char *) NULL)
    xc image.c:974:26 cxx_ne_to_eq               if (image_info->scenes != (char *) NULL)
    xc image.c:976:24 cxx_ne_to_eq               if (image_info->page != (char *) NULL)
    xc image.c:982:35 cxx_ne_to_eq               if (image_info->sampling_factor != (char *) NULL)
    xc image.c:985:31 cxx_ne_to_eq               if (image_info->server_name != (char *) NULL)
    xc image.c:987:24 cxx_ne_to_eq               if (image_info->font != (char *) NULL)
    xc image.c:989:27 cxx_ne_to_eq               if (image_info->texture != (char *) NULL)
    xc image.c:991:27 cxx_ne_to_eq               if (image_info->density != (char *) NULL)
    xc image.c:1014:3 cxx_remove_void_call       SetImageInfoFile(clone_info,image_info->file);
    x  image.c:1088:24 cxx_ne_to_eq               if (IsEventLogging() != MagickFalse)
    x  image.c:1091:18 cxx_add_to_sub             ((offset->x+(ssize_t) geometry->width) > (ssize_t) image->columns) ||
    x  image.c:1092:18 cxx_add_to_sub             ((offset->y+(ssize_t) geometry->height) > (ssize_t) image->rows))
    x  image.c:1124:58 cxx_add_to_sub             p=GetCacheViewVirtualPixels(source_view,geometry->x,y+geometry->y,
    x  image.c:1126:59 cxx_add_to_sub             q=QueueCacheViewAuthenticPixels(image_view,offset->x,y+offset->y,
    x  image.c:1155:33 cxx_ne_to_eq               if (image->progress_monitor != (MagickProgressMonitor) NULL)
       image.c:1163:17 cxx_post_inc_to_post_dec   progress++;
       image.c:1165:21 cxx_eq_to_ne               if (proceed == MagickFalse)
    xc image.c:1207:24 cxx_ne_to_eq               if (IsEventLogging() != MagickFalse)
    xc image.c:1220:3 cxx_remove_void_call       DestroyImagePixels(image);
    xc image.c:1222:22 cxx_ne_to_eq               if (image->montage != (char *) NULL)
    xc image.c:1224:24 cxx_ne_to_eq               if (image->directory != (char *) NULL)
    xc image.c:1226:23 cxx_ne_to_eq               if (image->colormap != (PixelInfo *) NULL)
    xc image.c:1228:23 cxx_ne_to_eq               if (image->geometry != (char *) NULL)
    xc image.c:1230:3 cxx_remove_void_call       DestroyImageProfiles(image);
    xc image.c:1231:3 cxx_remove_void_call       DestroyImageProperties(image);
    xc image.c:1232:3 cxx_remove_void_call       DestroyImageArtifacts(image);
    xc image.c:1233:22 cxx_ne_to_eq               if (image->ascii85 != (Ascii85Info *) NULL)
    xc image.c:1237:3 cxx_remove_void_call       DestroyBlob(image);
    xc image.c:1238:24 cxx_ne_to_eq               if (image->semaphore != (SemaphoreInfo *) NULL)
    xc image.c:1239:5 cxx_remove_void_call       RelinquishSemaphoreInfo(&image->semaphore);
    xc image.c:1272:24 cxx_ne_to_eq               if (IsEventLogging() != MagickFalse)
    xc image.c:1275:24 cxx_ne_to_eq               if (image_info->size != (char *) NULL)
    xc image.c:1277:27 cxx_ne_to_eq               if (image_info->extract != (char *) NULL)
    xc image.c:1279:26 cxx_ne_to_eq               if (image_info->scenes != (char *) NULL)
    xc image.c:1281:24 cxx_ne_to_eq               if (image_info->page != (char *) NULL)
    xc image.c:1283:35 cxx_ne_to_eq               if (image_info->sampling_factor != (char *) NULL)
    xc image.c:1286:31 cxx_ne_to_eq               if (image_info->server_name != (char *) NULL)
    xc image.c:1289:24 cxx_ne_to_eq               if (image_info->font != (char *) NULL)
    xc image.c:1291:27 cxx_ne_to_eq               if (image_info->texture != (char *) NULL)
    xc image.c:1293:27 cxx_ne_to_eq               if (image_info->density != (char *) NULL)
    xc image.c:1300:3 cxx_remove_void_call       DestroyImageOptions(image_info);
    xc image.c:1334:24 cxx_ne_to_eq               if (IsEventLogging() != MagickFalse)
    xc image.c:1336:3 cxx_remove_void_call       DisassociateBlob(image);
    xc image.c:1370:24 cxx_ne_to_eq               if (IsEventLogging() != MagickFalse)
    xc image.c:1381:19 cxx_ne_to_eq               if (synchronize != (const char *) NULL)
    xc image.c:1391:54 cxx_ne_to_eq               image_info->debug=(GetLogEventMask() & ImageEvent) != 0 ? MagickTrue :
    xc image.c:1624:24 cxx_ne_to_eq               if (IsEventLogging() != MagickFalse)
    x  image.c:1692:17 cxx_lt_to_ge               for ( ; i < (length-1); i++)
    x  image.c:1692:32 cxx_post_inc_to_post_dec   for ( ; i < (length-1); i++)
    xc image.c:1718:19 cxx_ne_to_eq               if (literal != (char *) NULL)
    xc image.c:1723:15 cxx_ne_to_eq               if (literal != (char *) NULL)
    xc image.c:1725:45 cxx_lt_to_le               while ((*cursor != '\0') && ((p-filename) < ((ssize_t) MagickPathExtent-1)))
    xc image.c:1768:24 cxx_le_to_lt               if ((count <= 0) || ((size_t) count != pattern_length))
    xc image.c:1770:28 cxx_add_to_sub             if ((p-filename+(ssize_t) pattern_length) >= MagickPathExtent)
    xc image.c:1770:55 cxx_ge_to_gt               if ((p-filename+(ssize_t) pattern_length) >= MagickPathExtent)
    xc image.c:1772:73 cxx_sub_to_add             (void) CopyMagickString(p,pattern,(size_t) (MagickPathExtent-
    xc image.c:1773:17 cxx_sub_to_add             (p-filename)));
    xc image.c:1801:20 cxx_ge_to_gt               if (extent >= sizeof(pattern))
    xc image.c:1812:25 cxx_ne_to_eq               (image_info != (ImageInfo *) NULL))
    xc image.c:1817:24 cxx_add_to_sub             if ((p-filename+(ssize_t) option_length) >= MagickPathExtent)
    xc image.c:1817:50 cxx_ge_to_gt               if ((p-filename+(ssize_t) option_length) >= MagickPathExtent)
    xc image.c:1819:68 cxx_sub_to_add             (void) CopyMagickString(p,option,(size_t) (MagickPathExtent-
    xc image.c:1820:13 cxx_sub_to_add             (p-filename)));
    xc image.c:1829:11 cxx_sub_to_add             if ((p-filename+1) >= MagickPathExtent)
    xc image.c:1829:20 cxx_add_to_sub             if ((p-filename+1) >= MagickPathExtent)
    xc image.c:1829:24 cxx_ge_to_gt               if ((p-filename+1) >= MagickPathExtent)
    xc image.c:1829:24 cxx_ge_to_lt               if ((p-filename+1) >= MagickPathExtent)
    x  image.c:1883:24 cxx_ne_to_eq               if (IsEventLogging() != MagickFalse)
    x  image.c:1890:15 cxx_lt_to_le               for (y=0; y < (ssize_t) image->rows; y++)
    xc image.c:2195:24 cxx_ne_to_eq               if (IsEventLogging() != MagickFalse)
    xc image.c:2198:25 cxx_post_inc_to_post_dec   image->reference_count++;
    x  image.c:2237:24 cxx_ne_to_eq               if (IsEventLogging() != MagickFalse)
       image.c:2249:28 cxx_ne_to_eq               if ((flags & XValue) != 0)
       image.c:2251:28 cxx_ne_to_eq               if ((flags & YValue) != 0)
       image.c:2260:65 cxx_add_to_sub             image->page.width=(size_t) ((ssize_t) image->columns+geometry.x);
       image.c:2266:63 cxx_add_to_sub             image->page.height=(size_t) ((ssize_t) image->rows+geometry.y);
    xc image.c:2318:24 cxx_ne_to_eq               if (IsEventLogging() != MagickFalse)
    xc image.c:2321:14 cxx_ne_to_eq               if (pixels != (void *) NULL)
    xc image.c:2338:15 cxx_lt_to_ge               for (y=0; y < (ssize_t) image->rows; y++)
    xc image.c:2346:16 cxx_eq_to_ne               if (status == MagickFalse)
    xc image.c:2354:17 cxx_lt_to_ge               for (x=0; x < (ssize_t) image->columns; x++)
    xc image.c:2356:48 cxx_mul_to_div             (void) memset(q,0,GetPixelChannels(image)*sizeof(Quantum));
    xc image.c:2411:24 cxx_ne_to_eq               if (IsEventLogging() != MagickFalse)
    xc image.c:2441:38 cxx_gt_to_ge               if (GetPixelWriteMask(image,q) > (QuantumRange/2))
    xc image.c:2497:24 cxx_ne_to_eq               if (IsEventLogging() != MagickFalse)
    xc image.c:2502:47 cxx_eq_to_ne               ((image->alpha_trait & BlendPixelTrait) == 0))
    xc image.c:2691:24 cxx_ne_to_eq               if (IsEventLogging() != MagickFalse)
    xc image.c:2731:16 cxx_gt_to_ge               if ((columns > (size_t) MAGICK_SSIZE_MAX) ||
    xc image.c:2732:13 cxx_gt_to_ge               (rows > (size_t) MAGICK_SSIZE_MAX))
    xc image.c:2742:20 cxx_gt_to_ge               if (image->depth > (8*sizeof(MagickSizeType)))
    xc image.c:2831:33 cxx_ne_to_eq               (magick_info->format_type != UndefinedFormatType))
    xc image.c:2834:23 cxx_eq_to_ne               while ((format_type == UndefinedFormatType) &&
    xc image.c:2835:34 cxx_ne_to_eq               (format_type_formats[i] != (char *) NULL))
    xc image.c:2837:17 cxx_eq_to_ne               if ((*magic == *format_type_formats[i]) &&
    xc image.c:2838:54 cxx_eq_to_ne               (LocaleCompare(magic,format_type_formats[i]) == 0))
    xc image.c:2845:21 cxx_eq_to_ne               if (format_type == ExplicitFormatType)
    xc image.c:2850:34 cxx_eq_to_ne               if (LocaleCompare(magic,"RGB") == 0)
    xc image.c:2890:24 cxx_ne_to_eq               if (IsEventLogging() != MagickFalse)
    xc image.c:2895:18 cxx_eq_to_ne               if (*component == '\0')
    xc image.c:2921:50 cxx_ne_to_eq               for (q=(char *) image_info->scenes; *q != '\0'; p++)
    xc image.c:2923:57 cxx_ne_to_eq               while ((isspace((int) ((unsigned char) *p)) != 0) || (*p == ','))
    xc image.c:2923:70 cxx_eq_to_ne               while ((isspace((int) ((unsigned char) *p)) != 0) || (*p == ','))
    xc image.c:2927:56 cxx_ne_to_eq               while (isspace((int) ((unsigned char) *q)) != 0)
    xc image.c:2929:20 cxx_eq_to_ne               if (*q == '-')
    xc image.c:2931:23 cxx_gt_to_ge               if (first > last)
    xc image.c:2931:23 cxx_gt_to_le               if (first > last)
    xc image.c:2933:23 cxx_lt_to_ge               if (first < image_info->scene)
    xc image.c:2933:23 cxx_lt_to_le               if (first < image_info->scene)
    xc image.c:2935:22 cxx_gt_to_ge               if (last > image_info->number_scenes)
    xc image.c:2935:22 cxx_gt_to_le               if (last > image_info->number_scenes)
    xc image.c:2939:55 cxx_sub_to_add             image_info->number_scenes-=image_info->scene-1;
    xc image.c:2951:7 cxx_remove_void_call       GetPathComponent(path,ExtensionPath,component);
    xc image.c:2984:7 cxx_remove_void_call       LocaleUpper(magic);
    xc image.c:2990:29 cxx_eq_to_ne               if (delegate_info == (const DelegateInfo *) NULL)
    xc image.c:2992:30 cxx_eq_to_ne               if ((delegate_info == (const DelegateInfo *) NULL) &&
    xc image.c:2993:59 cxx_eq_to_ne               ((*component != '\0') && (IsGlob(component) == MagickFalse)))
    xc image.c:3011:37 cxx_ne_to_eq               if (IsStringTrue(literal) != MagickFalse)
     c image.c:3012:13 cxx_remove_void_call       GetPathComponent(image_info->filename,SubcanonicalPath,component);
    xc image.c:3015:23 cxx_ne_to_eq               if (literal != (char *) NULL)
    xc image.c:3021:44 cxx_eq_to_ne               (GetMagickEndianSupport(magick_info) == MagickFalse))
    xc image.c:3023:27 cxx_ne_to_eq               if ((image_info->adjoin != MagickFalse) && (frames > 1))
    xc image.c:3023:54 cxx_gt_to_ge               if ((image_info->adjoin != MagickFalse) && (frames > 1))
    xc image.c:3023:54 cxx_gt_to_le               if ((image_info->adjoin != MagickFalse) && (frames > 1))
    xc image.c:3031:34 cxx_eq_to_ne               (strchr(component,'%') == (char *) NULL))
    xc image.c:3034:27 cxx_ne_to_eq               if ((image_info->adjoin != MagickFalse) && (frames > 0))
    xc image.c:3034:54 cxx_gt_to_ge               if ((image_info->adjoin != MagickFalse) && (frames > 0))
    xc image.c:3034:54 cxx_gt_to_le               if ((image_info->adjoin != MagickFalse) && (frames > 0))
    xc image.c:3079:32 cxx_eq_to_ne               if (CloseBlob(image) == MagickFalse)
    xc image.c:3081:22 cxx_eq_to_ne               if (status == MagickFalse)
    xc image.c:3087:11 cxx_remove_void_call       SetImageInfoFile(image_info,(FILE *) NULL);
    xc image.c:3090:22 cxx_eq_to_ne               if (status == MagickFalse)
    xc image.c:3109:29 cxx_minus_to_noop          (void) SeekBlob(image,-((MagickOffsetType) count),SEEK_CUR);
    xc image.c:3127:30 cxx_eq_to_ne               magic_info)) == 0))
    xc image.c:3136:28 cxx_eq_to_ne               if ((magick_info == (const MagickInfo *) NULL) ||
    xc image.c:3137:52 cxx_eq_to_ne               (GetMagickEndianSupport(magick_info) == MagickFalse))
    xc image.c:3143:24 cxx_eq_to_ne               if ((magick_info == (const MagickInfo *) NULL) ||
    xc image.c:3144:48 cxx_eq_to_ne               (GetMagickEndianSupport(magick_info) == MagickFalse))
    xc image.c:3183:24 cxx_ne_to_eq               if (IsEventLogging() != MagickFalse)
    xc image.c:3254:24 cxx_ne_to_eq               if (IsEventLogging() != MagickFalse)
    x  image.c:3307:24 cxx_ne_to_eq               if (IsEventLogging() != MagickFalse)
    x  image.c:3389:14 cxx_lt_to_le               if ((x < (ssize_t) mask->columns) && (y < (ssize_t) mask->rows))
    x  image.c:3389:47 cxx_lt_to_le               if ((x < (ssize_t) mask->columns) && (y < (ssize_t) mask->rows))
       image.c:3405:11 cxx_remove_void_call       SetPixelCompositeMask(image,ClampToQuantum(intensity),q);
    xc image.c:3609:24 cxx_ne_to_eq               if (IsEventLogging() != MagickFalse)
    x  image.c:3681:3 cxx_remove_void_call       GravityAdjustGeometry(right_image->columns,right_image->rows,
    x  image.c:3684:3 cxx_remove_void_call       SetGeometry(smush_image,&left_geometry);
    x  image.c:3685:3 cxx_remove_void_call       GravityAdjustGeometry(left_image->columns,left_image->rows,
    x  image.c:3690:15 cxx_lt_to_le               for (y=0; y < (ssize_t) smush_image->rows; y++)
    x  image.c:3692:47 cxx_gt_to_ge               for (x=(ssize_t) left_image->columns-1; x > 0; x--)
    x  image.c:3692:47 cxx_gt_to_le               for (x=(ssize_t) left_image->columns-1; x > 0; x--)
    x  image.c:3694:62 cxx_add_to_sub             p=GetCacheViewVirtualPixels(left_view,x,left_geometry.y+y,1,1,exception);
    x  image.c:3695:14 cxx_eq_to_ne               if ((p == (const Quantum *) NULL) ||
    x  image.c:3697:42 cxx_sub_to_add             (((ssize_t) left_image->columns-x-1) >= (ssize_t) gap))
    x  image.c:3697:44 cxx_sub_to_add             (((ssize_t) left_image->columns-x-1) >= (ssize_t) gap))
    x  image.c:3697:48 cxx_ge_to_gt               (((ssize_t) left_image->columns-x-1) >= (ssize_t) gap))
    x  image.c:3697:48 cxx_ge_to_lt               (((ssize_t) left_image->columns-x-1) >= (ssize_t) gap))
    x  image.c:3701:17 cxx_lt_to_ge               for (x=0; x < (ssize_t) right_image->columns; x++)
    x  image.c:3701:17 cxx_lt_to_le               for (x=0; x < (ssize_t) right_image->columns; x++)
    x  image.c:3701:52 cxx_post_inc_to_post_dec   for (x=0; x < (ssize_t) right_image->columns; x++)
    x  image.c:3703:64 cxx_add_to_sub             p=GetCacheViewVirtualPixels(right_view,x,right_geometry.y+y,1,1,
    x  image.c:3705:14 cxx_eq_to_ne               if ((p == (const Quantum *) NULL) ||
    x  image.c:3707:14 cxx_add_to_sub             ((x+i) >= (ssize_t) gap))
    x  image.c:3707:18 cxx_ge_to_gt               ((x+i) >= (ssize_t) gap))
    x  image.c:3707:18 cxx_ge_to_lt               ((x+i) >= (ssize_t) gap))
    x  image.c:3710:11 cxx_add_to_sub             if ((x+i) < (ssize_t) gap)
    x  image.c:3710:15 cxx_lt_to_le               if ((x+i) < (ssize_t) gap)
    x  image.c:3711:22 cxx_add_to_sub             gap=(size_t) (x+i);
    x  image.c:3751:3 cxx_remove_void_call       SetGeometry(smush_image,&bottom_geometry);
    x  image.c:3752:3 cxx_remove_void_call       GravityAdjustGeometry(bottom_image->columns,bottom_image->rows,
    x  image.c:3755:3 cxx_remove_void_call       SetGeometry(smush_image,&top_geometry);
    x  image.c:3756:3 cxx_remove_void_call       GravityAdjustGeometry(top_image->columns,top_image->rows,top_image->gravity,
    x  image.c:3761:15 cxx_lt_to_le               for (x=0; x < (ssize_t) smush_image->columns; x++)
    x  image.c:3763:43 cxx_gt_to_ge               for (y=(ssize_t) top_image->rows-1; y > 0; y--)
    x  image.c:3763:43 cxx_gt_to_le               for (y=(ssize_t) top_image->rows-1; y > 0; y--)
    x  image.c:3765:58 cxx_add_to_sub             p=GetCacheViewVirtualPixels(top_view,top_geometry.x+x,y,1,1,exception);
    x  image.c:3766:14 cxx_eq_to_ne               if ((p == (const Quantum *) NULL) ||
    x  image.c:3768:38 cxx_sub_to_add             (((ssize_t) top_image->rows-y-1) >= (ssize_t) gap))
    x  image.c:3768:40 cxx_sub_to_add             (((ssize_t) top_image->rows-y-1) >= (ssize_t) gap))
    x  image.c:3768:44 cxx_ge_to_gt               (((ssize_t) top_image->rows-y-1) >= (ssize_t) gap))
    x  image.c:3768:44 cxx_ge_to_lt               (((ssize_t) top_image->rows-y-1) >= (ssize_t) gap))
    x  image.c:3772:17 cxx_lt_to_ge               for (y=0; y < (ssize_t) bottom_image->rows; y++)
    x  image.c:3772:17 cxx_lt_to_le               for (y=0; y < (ssize_t) bottom_image->rows; y++)
    x  image.c:3772:50 cxx_post_inc_to_post_dec   for (y=0; y < (ssize_t) bottom_image->rows; y++)
    x  image.c:3774:64 cxx_add_to_sub             p=GetCacheViewVirtualPixels(bottom_view,bottom_geometry.x+x,y,1,1,
    x  image.c:3776:14 cxx_eq_to_ne               if ((p == (const Quantum *) NULL) ||
    x  image.c:3778:14 cxx_add_to_sub             ((y+i) >= (ssize_t) gap))
    x  image.c:3778:18 cxx_ge_to_gt               ((y+i) >= (ssize_t) gap))
    x  image.c:3778:18 cxx_ge_to_lt               ((y+i) >= (ssize_t) gap))
    x  image.c:3781:11 cxx_add_to_sub             if ((y+i) < (ssize_t) gap)
    x  image.c:3781:15 cxx_lt_to_le               if ((y+i) < (ssize_t) gap)
    x  image.c:3782:22 cxx_add_to_sub             gap=(size_t) (y+i);
    x  image.c:3834:24 cxx_ne_to_eq               if (IsEventLogging() != MagickFalse)
    x  image.c:3849:27 cxx_gt_to_ge               if (next->columns > width)
    x  image.c:3849:27 cxx_gt_to_le               if (next->columns > width)
    x  image.c:3859:20 cxx_gt_to_ge               if (next->rows > height)
    x  image.c:3859:20 cxx_gt_to_le               if (next->rows > height)
    x  image.c:3881:5 cxx_remove_void_call       GravityAdjustGeometry(image->columns,image->rows,image->gravity,&geometry);
    x  image.c:3950:24 cxx_ne_to_eq               if (IsEventLogging() != MagickFalse)
    x  image.c:3952:3 cxx_remove_void_call       DestroyImageProfiles(image);
    xc image.c:4012:24 cxx_ne_to_eq               if (IsEventLogging() != MagickFalse)
    xc image.c:4110:24 cxx_ne_to_eq               if (IsEventLogging() != MagickFalse)
    xc image.c:4141:24 cxx_ne_to_eq               if (IsEventLogging() != MagickFalse)
    xc image.c:4148:14 cxx_ne_to_eq               if (option != (const char *) NULL)
    xc image.c:4155:30 cxx_ne_to_eq               if ((flags & RhoValue) != 0)
    xc image.c:4158:32 cxx_ne_to_eq               if ((flags & SigmaValue) != 0)
    xc image.c:4211:30 cxx_ne_to_eq               if ((flags & RhoValue) != 0)
    xc image.c:4214:32 cxx_ne_to_eq               if ((flags & SigmaValue) != 0)
    xc image.c:4261:30 cxx_ne_to_eq               if ((flags & RhoValue) != 0)
    xc image.c:4264:32 cxx_ne_to_eq               if ((flags & SigmaValue) != 0)
    xc image.c:4301:24 cxx_ne_to_eq               if (image->units != units)
    xc image.c:4306:23 cxx_eq_to_ne               if (units == PixelsPerCentimeterResolution)
    xc image.c:4315:23 cxx_eq_to_ne               if (units == PixelsPerInchResolution)
    xc image.c:4318:44 cxx_div_to_mul             image->resolution.x+0.5))/100.0;
    xc image.c:4320:44 cxx_div_to_mul             image->resolution.y+0.5))/100.0;
    xc image.c:4329:18 cxx_ne_to_eq               if (option != (const char *) NULL)
    xc image.c:4332:34 cxx_ne_to_eq               if ((flags & RhoValue) != 0)
    xc image.c:4335:36 cxx_ne_to_eq               if ((flags & SigmaValue) != 0)
    xc image.c:4348:30 cxx_ne_to_eq               if ((flags & RhoValue) != 0)
    xc image.c:4351:32 cxx_ne_to_eq               if ((flags & SigmaValue) != 0)
  (x: the oracle executes this line; c: capped, not every reaching case ran)

  full results: build-oracle/work/mutation-ext-image.json
