mutate: 52 mutants in MagickCore/colormap\.c$, 4 functions
mutate: baseline over 2617 cases in 0s
  mutants: 25/52 (0s)
  mutants: 50/52 (20s)
  mutants: 52/52 (130s)

mutate: 52 mutants, 130s
  killed 42, survived 10 (3 capped), no coverage 0, errors 0
  mutation score on reached code: 80.8%   overall: 80.8%

  function                           total killed survived no-cov
  SortColormapByIntensity               21     17        4      0
  CycleColormapImage                    17     15        2      0
  AcquireImageColormap                  13     10        3      0
  IntensityCompare                       1      0        1      0

  survivors (equivalent, or a gap in the catalogue):
    xc colormap.c:116:24 cxx_ne_to_eq               if (IsEventLogging() != MagickFalse)
    xc colormap.c:126:23 cxx_eq_to_ne               if (image->colormap == (PixelInfo *) NULL)
    xc colormap.c:139:15 cxx_lt_to_le               for (i=0; i < (ssize_t) image->colors; i++)
    x  colormap.c:202:24 cxx_ne_to_eq               if (IsEventLogging() != MagickFalse)
    x  colormap.c:238:7 cxx_remove_void_call       SetPixelViaPixelInfo(image,image->colormap+(ssize_t) index,q);
    x  colormap.c:290:70 cxx_sub_to_add             intensity=(int) GetPixelInfoIntensity((const Image *) NULL,color_2)-(int)
    x  colormap.c:319:24 cxx_ne_to_eq               if (IsEventLogging() != MagickFalse)
    x  colormap.c:334:15 cxx_lt_to_le               for (j=0; j < (ssize_t) image->colors; j++)
    x  colormap.c:344:15 cxx_lt_to_le               for (j=0; j < (ssize_t) image->colors; j++)
    x  colormap.c:379:7 cxx_remove_void_call       SetPixelViaPixelInfo(image,image->colormap+(ssize_t) index,q);
  (x: the oracle executes this line; c: capped, not every reaching case ran)

  full results: build-oracle/work/mutation-ext-colormap.json
