mutate: 10 mutants in MagickCore/configure\.c$, 4 functions
mutate: baseline over 10683 cases in 0s
  mutants: 10/10 (128s)

mutate: 10 mutants, 128s
  killed 0, survived 10 (10 capped), no coverage 0, errors 0
  mutation score on reached code: 0.0%   overall: 0.0%

  function                           total killed survived no-cov
  ConfigureComponentTerminus             3      0        3      0
  GetConfigureOptions                    3      0        3      0
  GetConfigurePaths                      3      0        3      0
  ConfigureComponentGenesis              1      0        1      0

  survivors (equivalent, or a gap in the catalogue):
    xc configure.c:234:27 cxx_eq_to_ne               if (configure_semaphore == (SemaphoreInfo *) NULL)
    xc configure.c:279:27 cxx_eq_to_ne               if (configure_semaphore == (SemaphoreInfo *) NULL)
     c configure.c:280:5 cxx_remove_void_call       ActivateSemaphoreInfo(&configure_semaphore);
    xc configure.c:286:3 cxx_remove_void_call       RelinquishSemaphoreInfo(&configure_semaphore);
    xc configure.c:679:24 cxx_ne_to_eq               if (IsEventLogging() != MagickFalse)
    xc configure.c:689:7 cxx_remove_void_call       ResetLinkedListIterator(paths);
    xc configure.c:724:3 cxx_remove_void_call       ResetLinkedListIterator(options);
    xc configure.c:765:24 cxx_ne_to_eq               if (IsEventLogging() != MagickFalse)
    xc configure.c:790:18 cxx_ge_to_gt               if ((q >= path) && (*q != *DirectorySeparator))
    xc configure.c:906:14 cxx_ne_to_eq               if (home != (char *) NULL)
  (x: the oracle executes this line; c: capped, not every reaching case ran)

  full results: build-oracle/work/mutation-extcap-configure.json
