mutate: 11 mutants in MagickCore/profile\.c$, 7 functions
mutate: baseline over 10644 cases in 0s
  mutants: 11/11 (124s)

mutate: 11 mutants, 124s
  killed 2, survived 9 (4 capped), no coverage 0, errors 0
  mutation score on reached code: 18.2%   overall: 18.2%

  function                           total killed survived no-cov
  CloneImageProfiles                     3      0        3      0
  AppendImageProfileProperty             2      0        2      0
  SyncImageProfiles                      2      2        0      0
  DeleteImageProfile                     1      0        1      0
  GetImageProfile                        1      0        1      0
  GetNextImageProfile                    1      0        1      0
  ResetImageProfileIterator              1      0        1      0

  survivors (equivalent, or a gap in the catalogue):
       profile.c:143:16 cxx_eq_to_ne               if ((current == (const char *) NULL) || (*current == '\0'))
       profile.c:143:53 cxx_eq_to_ne               if ((current == (const char *) NULL) || (*current == '\0'))
    xc profile.c:231:24 cxx_ne_to_eq               if (IsEventLogging() != MagickFalse)
    xc profile.c:235:27 cxx_ne_to_eq               if (image->profiles != (void *) NULL)
     c profile.c:236:9 cxx_remove_void_call       DestroyImageProfiles(image);
    x  profile.c:271:24 cxx_ne_to_eq               if (IsEventLogging() != MagickFalse)
    xc profile.c:339:24 cxx_ne_to_eq               if (IsEventLogging() != MagickFalse)
    x  profile.c:374:24 cxx_ne_to_eq               if (IsEventLogging() != MagickFalse)
    x  profile.c:1597:24 cxx_ne_to_eq               if (IsEventLogging() != MagickFalse)
  (x: the oracle executes this line; c: capped, not every reaching case ran)

  full results: build-oracle/work/mutation-extcap-profile.json
