mutate: 137 mutants in MagickCore/segment\.c$, 9 functions
mutate: baseline over 29 cases in 0s
  mutants: 25/137 (0s)
  mutants: 50/137 (0s)
  mutants: 75/137 (0s)
  mutants: 100/137 (9s)
  mutants: 125/137 (17s)
  mutants: 137/137 (17s)

mutate: 137 mutants, 17s
  killed 0, survived 54 (0 capped), no coverage 83, errors 0
  mutation score on reached code: 0.0%   overall: 0.0%

  function                           total killed survived no-cov
  GetImageDynamicThreshold              83      0        0     83
  OptimalTau                            18      0       18      0
  Classify                              16      0       16      0
  ConsolidateCrossings                   7      0        7      0
  SegmentImage                           4      0        4      0
  FreeNodes                              3      0        3      0
  DefineRegion                           2      0        2      0
  InitializeIntervalTree                 2      0        2      0
  ScaleSpace                             2      0        2      0

  survivors (equivalent, or a gap in the catalogue):
    x  segment.c:402:18 cxx_post_inc_to_post_dec   count++;
    x  segment.c:411:33 cxx_ne_to_eq               if (image->progress_monitor != (MagickProgressMonitor) NULL)
       segment.c:419:17 cxx_post_inc_to_post_dec   progress++;
       segment.c:420:66 cxx_mul_to_div             proceed=SetImageProgress(image,SegmentImageTag,progress,2*image->rows);
       segment.c:421:21 cxx_eq_to_ne               if (proceed == MagickFalse)
       segment.c:477:34 cxx_ne_to_eq               for (cluster=head; cluster != (Cluster *) NULL; cluster=cluster->next)
       segment.c:486:34 cxx_ne_to_eq               for (cluster=head; cluster != (Cluster *) NULL; cluster=cluster->next)
       segment.c:502:34 cxx_ne_to_eq               for (cluster=head; cluster != (Cluster *) NULL; cluster=cluster->next)
    x  segment.c:512:23 cxx_gt_to_ge               if (number_clusters > 256)
    x  segment.c:522:20 cxx_le_to_lt               for (i=(-255); i <= 255; i++)
    x  segment.c:576:7 cxx_remove_void_call       SetPixelIndex(image,(Quantum) 0,q);
    x  segment.c:629:30 cxx_div_to_mul             ratio=numerator/distance_squared;
    x  segment.c:646:33 cxx_ne_to_eq               if (image->progress_monitor != (MagickProgressMonitor) NULL)
       segment.c:654:17 cxx_post_inc_to_post_dec   progress++;
       segment.c:655:66 cxx_mul_to_div             proceed=SetImageProgress(image,SegmentImageTag,progress,2*image->rows);
       segment.c:656:21 cxx_eq_to_ne               if (proceed == MagickFalse)
    x  segment.c:732:21 cxx_gt_to_ge               for (k=j-1; k > 0; k--)
    x  segment.c:737:21 cxx_lt_to_le               for (k=j+1; k < 255; k++)
    x  segment.c:744:21 cxx_gt_to_ge               for (k=j-1; k > 0; k--)
    x  segment.c:747:13 cxx_lt_to_le               if (k < 0)
    x  segment.c:758:20 cxx_post_inc_to_post_dec   count++;
    x  segment.c:770:20 cxx_post_inc_to_post_dec   count++;
    x  segment.c:782:20 cxx_post_inc_to_post_dec   count++;
    x  segment.c:834:22 cxx_gt_to_ge               if (extents->index > 255)
    x  segment.c:841:33 cxx_lt_to_le               if (extrema[extents->index] < 0)
       segment.c:1414:17 cxx_remove_void_call       FreeNodes(root);
       segment.c:1433:15 cxx_remove_void_call       FreeNodes(root);
    x  segment.c:1502:12 cxx_eq_to_ne               if (node == (IntervalTree *) NULL)
    x  segment.c:1504:3 cxx_remove_void_call       FreeNodes(node->sibling);
    x  segment.c:1505:3 cxx_remove_void_call       FreeNodes(node->child);
    x  segment.c:1555:27 cxx_sub_to_add             count=(size_t) ((max_tau-min_tau)/delta_tau)+2;
    x  segment.c:1563:15 cxx_lt_to_ge               for (i=0; i < (ssize_t) count; i++)
    x  segment.c:1572:25 cxx_ge_to_gt               for (tau=max_tau; tau >= min_tau; tau-=delta_tau)
    x  segment.c:1604:17 cxx_lt_to_ge               for (j=0; j < 255; j++)
    x  segment.c:1604:17 cxx_lt_to_le               for (j=0; j < 255; j++)
    x  segment.c:1604:25 cxx_post_inc_to_post_dec   for (j=0; j < 255; j++)
    x  segment.c:1605:41 cxx_ne_to_eq               if (zero_crossing[i].crossings[j] != 0)
    x  segment.c:1607:36 cxx_minus_to_noop          zero_crossing[i].crossings[0]=(-zero_crossing[i].crossings[j]);
    x  segment.c:1608:19 cxx_gt_to_ge               for (j=255; j > 0; j--)
    x  segment.c:1632:15 cxx_le_to_lt               for (i=0; i <= 255; i++)
    x  segment.c:1651:26 cxx_le_to_gt               for (x=node->left; x <= node->right; x++)
    x  segment.c:1651:26 cxx_le_to_lt               for (x=node->left; x <= node->right; x++)
    x  segment.c:1653:16 cxx_ne_to_eq               if (peak != MagickFalse)
    x  segment.c:1655:45 cxx_gt_to_ge               if (zero_crossing[k].histogram[x] > value)
    x  segment.c:1655:45 cxx_gt_to_le               if (zero_crossing[k].histogram[x] > value)
    x  segment.c:1662:43 cxx_lt_to_ge               if (zero_crossing[k].histogram[x] < value)
    x  segment.c:1662:43 cxx_lt_to_le               if (zero_crossing[k].histogram[x] < value)
    x  segment.c:1688:3 cxx_remove_void_call       FreeNodes(root);
    x  segment.c:1738:15 cxx_le_to_lt               for (x=0; x <= 255; x++)
    x  segment.c:1741:18 cxx_lt_to_le               if (gamma[x] < MagickEpsilon)
    x  segment.c:1821:24 cxx_ne_to_eq               if (IsEventLogging() != MagickFalse)
       segment.c:1829:22 cxx_ge_to_gt               for (i-- ; i >= 0; i--)
       segment.c:1829:22 cxx_ge_to_lt               for (i-- ; i >= 0; i--)
    x  segment.c:1859:15 cxx_lt_to_ge               for (i=0; i < MaxDimension; i++)
  (x: the oracle executes this line; c: capped, not every reaching case ran)

  full results: build-oracle/work/mutation-extnew-segment.json
