mutate: 166 mutants in MagickCore/enhance\.c$, 30 functions
mutate: baseline over 581 cases in 0s
  mutants: 25/166 (1s)
  mutants: 50/166 (9s)
  mutants: 75/166 (25s)
  mutants: 100/166 (32s)
  mutants: 125/166 (41s)
  mutants: 150/166 (44s)
  mutants: 166/166 (50s)

mutate: 166 mutants, 50s
  killed 8, survived 158 (0 capped), no coverage 0, errors 0
  mutation score on reached code: 4.8%   overall: 4.8%

  function                           total killed survived no-cov
  ContrastStretchImage                  19      0       19      0
  EqualizeImage                         16      0       16      0
  ModulateImage                         14      8        6      0
  CLAHEImage                            12      0       12      0
  ColorDecisionListImage                 9      0        9      0
  SigmoidalContrastImage                 9      0        9      0
  NegateImage                            8      0        8      0
  ClutImage                              7      0        7      0
  HaldClutImage                          7      0        7      0
  EnhanceImage                           6      0        6      0
  GammaImage                             6      0        6      0
  LevelizeImage                          6      0        6      0
  ClipCLAHEHistogram                     5      0        5      0
  ContrastImage                          5      0        5      0
  LevelImage                             5      0        5      0
  WhiteBalanceImage                      5      0        5      0
  GrayscaleImage                         4      0        4      0
  MapCLAHEHistogram                      3      0        3      0
  Contrast                               3      0        3      0
  AutoGammaImage                         2      0        2      0
  BrightnessContrastImage                2      0        2      0
  GenerateCLAHELut                       2      0        2      0
  LevelImageColors                       2      0        2      0
  LinearStretchImage                     2      0        2      0
  InverseScaledSigmoidal                 2      0        2      0
  GenerateCLAHEHistogram                 1      0        1      0
  CLAHE                                  1      0        1      0
  ModulateHSI                            1      0        1      0
  ModulateLCHab                          1      0        1      0
  ModulateLCHuv                          1      0        1      0

  survivors (equivalent, or a gap in the catalogue):
    x  enhance.c:142:15 cxx_lt_to_le               for (i=0; i < (ssize_t) GetPixelChannels(image); i++)
    x  enhance.c:160:17 cxx_ne_to_eq               return(status != 0 ? MagickTrue : MagickFalse);
    x  enhance.c:243:24 cxx_ne_to_eq               if (IsEventLogging() != MagickFalse)
    x  enhance.c:246:16 cxx_lt_to_le               if (contrast < 0.0)
    x  enhance.c:322:22 cxx_gt_to_ge               if (histogram[i] > clip_limit)
    x  enhance.c:329:15 cxx_lt_to_le               for (i=0; i < (ssize_t) number_bins; i++)
    x  enhance.c:359:43 cxx_lt_to_le               while ((cumulative_excess != 0) && (p < q))
    x  enhance.c:362:16 cxx_lt_to_le               if (step < 1)
    x  enhance.c:364:28 cxx_lt_to_le               for (p=histogram; (p < q) && (cumulative_excess != 0); p+=(ptrdiff_t) step)
    x  enhance.c:388:15 cxx_lt_to_le               for (i=0; i < (ssize_t) number_bins; i++)
    x  enhance.c:446:43 cxx_sub_to_add             delta=(unsigned short) ((range_info->max-range_info->min)/number_bins+1);
    x  enhance.c:448:32 cxx_sub_to_add             lut[i]=(unsigned short) ((i-range_info->min)/delta);
    x  enhance.c:464:34 cxx_sub_to_add             scale=(double) (range_info->max-range_info->min)/number_pixels;
    x  enhance.c:466:15 cxx_lt_to_le               for (i=0; i < (ssize_t) number_bins; i++)
    x  enhance.c:470:22 cxx_gt_to_ge               if (histogram[i] > range_info->max)
    x  enhance.c:511:13 cxx_lt_to_le               if (limit < 1UL)
    x  enhance.c:662:24 cxx_ne_to_eq               if (IsEventLogging() != MagickFalse)
    x  enhance.c:669:23 cxx_lt_to_le               if (tile_info.width < 2)
    x  enhance.c:674:24 cxx_lt_to_le               if (tile_info.height < 2)
    x  enhance.c:727:33 cxx_ne_to_eq               if (image->progress_monitor != (MagickProgressMonitor) NULL)
       enhance.c:732:17 cxx_post_inc_to_post_dec   progress++;
       enhance.c:733:64 cxx_mul_to_div             proceed=SetImageProgress(image,CLAHEImageTag,progress,2*
       enhance.c:735:21 cxx_eq_to_ne               if (proceed == MagickFalse)
    x  enhance.c:776:33 cxx_ne_to_eq               if (image->progress_monitor != (MagickProgressMonitor) NULL)
       enhance.c:781:17 cxx_post_inc_to_post_dec   progress++;
       enhance.c:782:64 cxx_mul_to_div             proceed=SetImageProgress(image,CLAHEImageTag,progress,2*
       enhance.c:784:21 cxx_eq_to_ne               if (proceed == MagickFalse)
    x  enhance.c:790:60 cxx_eq_to_ne               if (TransformImageColorspace(image,colorspace,exception) == MagickFalse)
    x  enhance.c:867:24 cxx_ne_to_eq               if (IsEventLogging() != MagickFalse)
    x  enhance.c:887:5 cxx_remove_void_call       GetPixelInfo(clut_image,clut_map+i);
    x  enhance.c:919:5 cxx_remove_void_call       GetPixelInfo(image,&pixel);
    x  enhance.c:951:33 cxx_ne_to_eq               if (image->progress_monitor != (MagickProgressMonitor) NULL)
       enhance.c:959:17 cxx_post_inc_to_post_dec   progress++;
       enhance.c:961:21 cxx_eq_to_ne               if (proceed == MagickFalse)
    x  enhance.c:967:32 cxx_ne_to_eq               if ((clut_image->alpha_trait != UndefinedPixelTrait) &&
    x  enhance.c:1081:24 cxx_ne_to_eq               if (IsEventLogging() != MagickFalse)
    x  enhance.c:1117:40 cxx_lt_to_le               for (i=0; (*p != '\0') && (i < 3); i++)
    x  enhance.c:1149:40 cxx_lt_to_le               for (i=0; (*p != '\0') && (i < 3); i++)
    x  enhance.c:1182:40 cxx_lt_to_le               for (i=0; (*p != '\0') && (i < 3); i++)
    x  enhance.c:1226:20 cxx_ne_to_eq               if (image->debug != MagickFalse)
    x  enhance.c:1269:19 cxx_lt_to_le               for (i=0; i < (ssize_t) image->colors; i++)
    x  enhance.c:1334:33 cxx_ne_to_eq               if (image->progress_monitor != (MagickProgressMonitor) NULL)
       enhance.c:1342:17 cxx_post_inc_to_post_dec   progress++;
       enhance.c:1345:21 cxx_eq_to_ne               if (proceed == MagickFalse)
    x  enhance.c:1396:18 cxx_mul_to_div             brightness+=0.5*sign*(0.5*(sin((double) (MagickPI*(brightness-0.5)))+1.0)-
    x  enhance.c:1398:18 cxx_gt_to_ge               if (brightness > 1.0)
    x  enhance.c:1401:20 cxx_lt_to_le               if (brightness < 0.0)
    x  enhance.c:1435:24 cxx_ne_to_eq               if (IsEventLogging() != MagickFalse)
    x  enhance.c:1443:19 cxx_lt_to_le               for (i=0; i < (ssize_t) image->colors; i++)
    x  enhance.c:1503:33 cxx_ne_to_eq               if (image->progress_monitor != (MagickProgressMonitor) NULL)
       enhance.c:1511:17 cxx_post_inc_to_post_dec   progress++;
       enhance.c:1513:21 cxx_eq_to_ne               if (proceed == MagickFalse)
    x  enhance.c:1597:24 cxx_ne_to_eq               if (IsEventLogging() != MagickFalse)
       enhance.c:1611:21 cxx_ne_to_eq               if (histogram != (double *) NULL)
       enhance.c:1613:23 cxx_ne_to_eq               if (stretch_map != (Quantum *) NULL)
       enhance.c:1615:17 cxx_ne_to_eq               if (white != (Quantum *) NULL)
       enhance.c:1617:17 cxx_ne_to_eq               if (black != (Quantum *) NULL)
    x  enhance.c:1665:15 cxx_lt_to_le               for (i=0; i < (ssize_t) GetPixelChannels(image); i++)
    x  enhance.c:1676:17 cxx_le_to_lt               for (j=0; j <= (ssize_t) MaxMap; j++)
    x  enhance.c:1696:41 cxx_mul_to_div             (void) memset(stretch_map,0,(MaxMap+1)*GetPixelChannels(image)*
    x  enhance.c:1696:65 cxx_mul_to_div             (void) memset(stretch_map,0,(MaxMap+1)*GetPixelChannels(image)*
    x  enhance.c:1709:13 cxx_lt_to_le               if (j < (ssize_t) black[i])
    x  enhance.c:1712:15 cxx_gt_to_ge               if (j > (ssize_t) white[i])
    x  enhance.c:1728:19 cxx_lt_to_le               for (j=0; j < (ssize_t) image->colors; j++)
    x  enhance.c:1735:39 cxx_add_to_sub             image->colormap[j].red))+(size_t) i];
    x  enhance.c:1751:61 cxx_ne_to_eq               if ((GetPixelAlphaTraits(image) & UpdatePixelTrait) != 0)
    x  enhance.c:1755:38 cxx_mul_to_div             GetPixelChannels(image)*ScaleQuantumToMap(ClampToQuantum(
    x  enhance.c:1756:41 cxx_add_to_sub             image->colormap[j].alpha))+(size_t) i];
    x  enhance.c:1806:33 cxx_ne_to_eq               if (image->progress_monitor != (MagickProgressMonitor) NULL)
       enhance.c:1814:17 cxx_post_inc_to_post_dec   progress++;
       enhance.c:1817:21 cxx_eq_to_ne               if (proceed == MagickFalse)
    x  enhance.c:1909:24 cxx_ne_to_eq               if (IsEventLogging() != MagickFalse)
    x  enhance.c:1961:5 cxx_remove_void_call       GetPixelInfo(image,&pixel);
    x  enhance.c:1994:24 cxx_gt_to_ge               if (total_weight > MagickEpsilon)
    x  enhance.c:2008:33 cxx_ne_to_eq               if (image->progress_monitor != (MagickProgressMonitor) NULL)
       enhance.c:2016:17 cxx_post_inc_to_post_dec   progress++;
       enhance.c:2018:21 cxx_eq_to_ne               if (proceed == MagickFalse)
    x  enhance.c:2089:24 cxx_ne_to_eq               if (IsEventLogging() != MagickFalse)
       enhance.c:2099:15 cxx_ne_to_eq               if (map != (double *) NULL)
       enhance.c:2101:21 cxx_ne_to_eq               if (histogram != (double *) NULL)
       enhance.c:2103:24 cxx_ne_to_eq               if (equalize_map != (double *) NULL)
    x  enhance.c:2142:49 cxx_post_inc_to_post_dec   ClampToQuantum(intensity))+(size_t) i]++;
    x  enhance.c:2166:42 cxx_mul_to_div             (void) memset(equalize_map,0,(MaxMap+1)*GetPixelChannels(image)*
    x  enhance.c:2166:66 cxx_mul_to_div             (void) memset(equalize_map,0,(MaxMap+1)*GetPixelChannels(image)*
    x  enhance.c:2193:19 cxx_lt_to_le               for (j=0; j < (ssize_t) image->colors; j++)
    x  enhance.c:2202:56 cxx_add_to_sub             ClampToQuantum(image->colormap[j].red))+channel];
    x  enhance.c:2222:61 cxx_ne_to_eq               if ((GetPixelAlphaTraits(image) & UpdatePixelTrait) != 0)
    x  enhance.c:2226:32 cxx_ne_to_eq               if (black[channel] != white[channel])
    x  enhance.c:2228:40 cxx_mul_to_div             GetPixelChannels(image)*ScaleQuantumToMap(
    x  enhance.c:2229:58 cxx_add_to_sub             ClampToQuantum(image->colormap[j].alpha))+channel];
    x  enhance.c:2276:33 cxx_ne_to_eq               if (image->progress_monitor != (MagickProgressMonitor) NULL)
       enhance.c:2284:17 cxx_post_inc_to_post_dec   progress++;
       enhance.c:2286:21 cxx_eq_to_ne               if (proceed == MagickFalse)
    x  enhance.c:2363:24 cxx_ne_to_eq               if (IsEventLogging() != MagickFalse)
    x  enhance.c:2377:17 cxx_lt_to_le               for (i=0; i < (ssize_t) image->colors; i++)
    x  enhance.c:2391:59 cxx_ne_to_eq               if ((GetPixelAlphaTraits(image) & UpdatePixelTrait) != 0)
    x  enhance.c:2439:33 cxx_ne_to_eq               if (image->progress_monitor != (MagickProgressMonitor) NULL)
       enhance.c:2447:17 cxx_post_inc_to_post_dec   progress++;
       enhance.c:2449:21 cxx_eq_to_ne               if (proceed == MagickFalse)
    x  enhance.c:2506:24 cxx_ne_to_eq               if (IsEventLogging() != MagickFalse)
    x  enhance.c:2645:33 cxx_ne_to_eq               if (image->progress_monitor != (MagickProgressMonitor) NULL)
       enhance.c:2653:17 cxx_post_inc_to_post_dec   progress++;
       enhance.c:2655:21 cxx_eq_to_ne               if (proceed == MagickFalse)
    x  enhance.c:2738:24 cxx_ne_to_eq               if (IsEventLogging() != MagickFalse)
    x  enhance.c:2759:3 cxx_remove_void_call       GetPixelInfo(hald_image,&zero);
    x  enhance.c:2815:23 cxx_lt_to_le               area=(point.y < 0.5) ? 0.0 : 1.0;
    x  enhance.c:2831:23 cxx_lt_to_le               area=(point.z < 0.5)? 0.0 : 1.0;
    x  enhance.c:2850:33 cxx_ne_to_eq               if (image->progress_monitor != (MagickProgressMonitor) NULL)
       enhance.c:2858:17 cxx_post_inc_to_post_dec   progress++;
       enhance.c:2860:21 cxx_eq_to_ne               if (proceed == MagickFalse)
    x  enhance.c:2949:24 cxx_ne_to_eq               if (IsEventLogging() != MagickFalse)
    x  enhance.c:2952:17 cxx_lt_to_le               for (i=0; i < (ssize_t) image->colors; i++)
    x  enhance.c:3014:33 cxx_ne_to_eq               if (image->progress_monitor != (MagickProgressMonitor) NULL)
       enhance.c:3022:17 cxx_post_inc_to_post_dec   progress++;
       enhance.c:3024:21 cxx_eq_to_ne               if (proceed == MagickFalse)
    x  enhance.c:3103:24 cxx_ne_to_eq               if (IsEventLogging() != MagickFalse)
    x  enhance.c:3106:17 cxx_lt_to_le               for (i=0; i < (ssize_t) image->colors; i++)
    x  enhance.c:3118:59 cxx_ne_to_eq               if ((GetPixelAlphaTraits(image) & UpdatePixelTrait) != 0)
    x  enhance.c:3165:33 cxx_ne_to_eq               if (image->progress_monitor != (MagickProgressMonitor) NULL)
       enhance.c:3173:17 cxx_post_inc_to_post_dec   progress++;
       enhance.c:3175:21 cxx_eq_to_ne               if (proceed == MagickFalse)
    x  enhance.c:3239:24 cxx_ne_to_eq               if (IsEventLogging() != MagickFalse)
    x  enhance.c:3326:17 cxx_ne_to_eq               return(status != 0 ? MagickTrue : MagickFalse);
    x  enhance.c:3397:15 cxx_lt_to_le               for (y=0; y < (ssize_t) image->rows; y++)
    x  enhance.c:3420:23 cxx_lt_to_le               for (black=0; black < (ssize_t) MaxMap; black++)
    x  enhance.c:3544:25 cxx_sub_to_add             hue+=fmod((percent_hue-100.0),200.0)/200.0;
    x  enhance.c:3622:25 cxx_sub_to_add             hue+=fmod((percent_hue-100.0),200.0)/200.0;
    x  enhance.c:3641:25 cxx_sub_to_add             hue+=fmod((percent_hue-100.0),200.0)/200.0;
    x  enhance.c:3690:24 cxx_ne_to_eq               if (IsEventLogging() != MagickFalse)
    x  enhance.c:3715:27 cxx_lt_to_le               if (illuminant_type < 0)
    x  enhance.c:3724:17 cxx_lt_to_le               for (i=0; i < (ssize_t) image->colors; i++)
    x  enhance.c:3907:33 cxx_ne_to_eq               if (image->progress_monitor != (MagickProgressMonitor) NULL)
       enhance.c:3915:17 cxx_post_inc_to_post_dec   progress++;
       enhance.c:3917:21 cxx_eq_to_ne               if (proceed == MagickFalse)
    x  enhance.c:3975:24 cxx_ne_to_eq               if (IsEventLogging() != MagickFalse)
    x  enhance.c:3978:17 cxx_lt_to_le               for (i=0; i < (ssize_t) image->colors; i++)
    x  enhance.c:4045:37 cxx_ne_to_eq               if (image->progress_monitor != (MagickProgressMonitor) NULL)
       enhance.c:4050:21 cxx_post_inc_to_post_dec   progress++;
       enhance.c:4052:25 cxx_eq_to_ne               if (proceed == MagickFalse)
    x  enhance.c:4099:33 cxx_ne_to_eq               if (image->progress_monitor != (MagickProgressMonitor) NULL)
       enhance.c:4107:17 cxx_post_inc_to_post_dec   progress++;
       enhance.c:4109:21 cxx_eq_to_ne               if (proceed == MagickFalse)
    x  enhance.c:4262:16 cxx_lt_to_le               argument < -1+MagickEpsilon
    x  enhance.c:4266:18 cxx_gt_to_ge               ( argument > 1-MagickEpsilon ? 1-MagickEpsilon : argument )
    x  enhance.c:4308:24 cxx_ne_to_eq               if (IsEventLogging() != MagickFalse)
    x  enhance.c:4314:16 cxx_lt_to_le               if (contrast < MagickEpsilon)
    x  enhance.c:4325:21 cxx_lt_to_le               for (i=0; i < (ssize_t) image->colors; i++)
    x  enhance.c:4336:63 cxx_ne_to_eq               if ((GetPixelAlphaTraits(image) & UpdatePixelTrait) != 0)
    x  enhance.c:4341:21 cxx_lt_to_le               for (i=0; i < (ssize_t) image->colors; i++)
    x  enhance.c:4352:63 cxx_ne_to_eq               if ((GetPixelAlphaTraits(image) & UpdatePixelTrait) != 0)
    x  enhance.c:4403:33 cxx_ne_to_eq               if (image->progress_monitor != (MagickProgressMonitor) NULL)
       enhance.c:4411:17 cxx_post_inc_to_post_dec   progress++;
       enhance.c:4414:21 cxx_eq_to_ne               if (proceed == MagickFalse)
    x  enhance.c:4477:24 cxx_ne_to_eq               if (IsEventLogging() != MagickFalse)
    x  enhance.c:4548:33 cxx_ne_to_eq               if (image->progress_monitor != (MagickProgressMonitor) NULL)
       enhance.c:4556:17 cxx_post_inc_to_post_dec   progress++;
       enhance.c:4559:21 cxx_eq_to_ne               if (proceed == MagickFalse)
    x  enhance.c:4595:17 cxx_ne_to_eq               return(status != 0 ? MagickTrue : MagickFalse);
  (x: the oracle executes this line; c: capped, not every reaching case ran)

  full results: build-oracle/work/mutation-extnew-enhance.json
