mutate: 539 mutants in MagickCore/property\.c$, 27 functions
mutate: baseline over 11230 cases in 0s
  mutants: 25/539 (56s)
  mutants: 50/539 (172s)
  mutants: 75/539 (195s)
  mutants: 100/539 (1192s)
  mutants: 125/539 (1948s)
  mutants: 150/539 (2811s)
  mutants: 175/539 (3727s)
  mutants: 200/539 (4749s)
  mutants: 225/539 (5853s)
  mutants: 250/539 (6609s)
  mutants: 275/539 (7415s)
  mutants: 300/539 (7415s)
  mutants: 325/539 (7415s)
  mutants: 350/539 (7769s)
  mutants: 375/539 (8428s)
  mutants: 400/539 (8483s)
  mutants: 425/539 (8524s)
  mutants: 450/539 (9143s)
  mutants: 475/539 (9969s)
  mutants: 500/539 (11080s)
  mutants: 525/539 (11773s)
  mutants: 539/539 (12194s)

mutate: 539 mutants, 12194s
  killed 211, survived 251 (0 capped), no coverage 77, errors 0
  mutation score on reached code: 45.7%   overall: 39.1%

  function                           total killed survived no-cov
  GetEXIFProperty                      153     78       75      0
  Get8BIMProperty                       57     22       35      0
  GetMagickProperty                     57     35       22      0
  SetImageProperty                      46     15       31      0
  TracePSClippath                       41      0        0     41
  InterpretImageProperties              40     15       25      0
  GetXMPProperty                        27     10       17      0
  TraceSVGClippath                      27      0        0     27
  GetIPTCProperty                       21     11       10      0
  GetImageProperty                      18     12        6      0
  GetMagickPropertyLetter               11      0       11      0
  GetICCProperty                         9      0        9      0
  ReadPropertyMSBLong                    5      4        1      0
  ReadPropertyMSBShort                   4      3        1      0
  TraceBezierCurve                       4      0        0      4
  CloneImageProperties                   3      0        3      0
  DefineImageProperty                    3      0        0      3
  SkipXMPValue                           3      3        0      0
  RemoveImageProperty                    2      0        0      2
  DeleteImageProperty                    1      0        1      0
  DestroyImageProperties                 1      0        1      0
  ReadPropertySignedLong                 1      1        0      0
  ReadPropertyUnsignedLong               1      1        0      0
  ReadPropertySignedShort                1      0        1      0
  ReadPropertyUnsignedShort              1      1        0      0
  GetNextImageProperty                   1      0        1      0
  ResetImagePropertyIterator             1      0        1      0

  survivors (equivalent, or a gap in the catalogue):
    x  property.c:156:24 cxx_ne_to_eq               if (IsEventLogging() != MagickFalse)
    x  property.c:210:29 cxx_ne_to_eq               if (image->properties != (void *) NULL)
    x  property.c:211:9 cxx_remove_void_call       DestroyImageProperties(image);
    x  property.c:299:24 cxx_ne_to_eq               if (IsEventLogging() != MagickFalse)
    x  property.c:333:24 cxx_ne_to_eq               if (IsEventLogging() != MagickFalse)
    x  property.c:455:15 cxx_eq_to_ne               if (profile == (StringInfo *) NULL)
    x  property.c:463:15 cxx_lt_to_le               for (i=0; i < (ssize_t) GetStringInfoLength(profile)-5; )
    x  property.c:463:55 cxx_sub_to_add             for (i=0; i < (ssize_t) GetStringInfoLength(profile)-5; )
       property.c:469:10 cxx_post_inc_to_post_dec   i++;
    x  property.c:481:56 cxx_sub_to_add             size_t remaining = GetStringInfoLength(profile)-(i+5);
    x  property.c:481:59 cxx_add_to_sub             size_t remaining = GetStringInfoLength(profile)-(i+5);
    x  property.c:483:21 cxx_ge_to_gt               if (~length >= 1)
    x  property.c:484:55 cxx_add_to_sub             message=(char *) AcquireQuantumMemory(length+1UL,sizeof(*message));
    x  property.c:500:46 cxx_add_to_sub             i+=(((size_t) p[3] << 8) | (size_t) p[4])+5;
       property.c:504:21 cxx_ne_to_eq               if (attribute != (char *) NULL)
    x  property.c:550:15 cxx_lt_to_le               if (*length < 4)
    x  property.c:590:15 cxx_lt_to_le               if (*length < 2)
    x  property.c:646:13 cxx_lt_to_ge               if (count < 4)
    x  property.c:646:13 cxx_lt_to_le               if (count < 4)
    x  property.c:648:13 cxx_lt_to_le               if (count < 3)
    x  property.c:651:13 cxx_eq_to_ne               if (*name == '#')
    x  property.c:672:27 cxx_ne_to_eq               if (macroman_resource != (char *) NULL)
    x  property.c:674:18 cxx_ne_to_eq               if (resource != (char *) NULL)
    x  property.c:677:16 cxx_ne_to_eq               if ((count != 0) && ((size_t) count <= length))
    x  property.c:677:41 cxx_le_to_gt               if ((count != 0) && ((size_t) count <= length))
    x  property.c:677:41 cxx_le_to_lt               if ((count != 0) && ((size_t) count <= length))
       property.c:679:31 cxx_ge_to_gt               if (~((size_t) count) >= (MagickPathExtent-1))
       property.c:679:31 cxx_ge_to_lt               if (~((size_t) count) >= (MagickPathExtent-1))
       property.c:680:64 cxx_add_to_sub             resource=(char *) AcquireQuantumMemory((size_t) count+
       property.c:682:22 cxx_ne_to_eq               if (resource != (char *) NULL)
       property.c:684:25 cxx_lt_to_ge               for (i=0; i < (ssize_t) count; i++)
       property.c:684:25 cxx_lt_to_le               for (i=0; i < (ssize_t) count; i++)
       property.c:684:45 cxx_post_inc_to_post_dec   for (i=0; i < (ssize_t) count; i++)
    x  property.c:692:16 cxx_lt_to_le               if ((count < 0) || ((size_t) count > length))
    x  property.c:697:18 cxx_ne_to_eq               if (resource != (char *) NULL)
    x  property.c:700:35 cxx_ne_to_eq               if ((*name != '\0') && (*name != '#'))
       property.c:701:21 cxx_eq_to_ne               if ((resource == (char *) NULL) || (macroman_resource == (char *) NULL) ||
       property.c:701:61 cxx_eq_to_ne               if ((resource == (char *) NULL) || (macroman_resource == (char *) NULL) ||
       property.c:702:42 cxx_ne_to_eq               ((LocaleCompare(name,resource) != 0) &&
       property.c:703:51 cxx_ne_to_eq               (LocaleCompare(name,macroman_resource) != 0)))
       property.c:709:44 cxx_sub_to_add             length=(size_t) ((ssize_t) length-MagickMin(count,(ssize_t) length));
    x  property.c:712:16 cxx_eq_to_ne               if ((*name == '#') && (sub_number != 1))
    x  property.c:712:39 cxx_ne_to_eq               if ((*name == '#') && (sub_number != 1))
       property.c:719:42 cxx_sub_to_add             length=(size_t) ((ssize_t) length-MagickMin(count,(ssize_t) length));
    x  property.c:726:27 cxx_ge_to_gt               if (~((size_t) count) >= (MagickPathExtent-1))
    x  property.c:734:42 cxx_sub_to_add             length=(size_t) ((ssize_t) length-MagickMin(count,(ssize_t) length));
    x  property.c:735:17 cxx_le_to_lt               if ((id <= 1999) || (id >= 2999))
    x  property.c:735:33 cxx_ge_to_gt               if ((id <= 1999) || (id >= 2999))
    x  property.c:735:33 cxx_ge_to_lt               if ((id <= 1999) || (id >= 2999))
       property.c:743:45 cxx_eq_to_ne               if (LocaleCompare(format,"svg") == 0)
    x  property.c:756:25 cxx_ne_to_eq               if (macroman_resource != (char *) NULL)
    x  property.c:758:16 cxx_ne_to_eq               if (resource != (char *) NULL)
    x  property.c:830:14 cxx_eq_to_ne               if (endian == LSBEndian)
    x  property.c:1318:24 cxx_le_to_lt               if (strlen(property) <= 5)
    x  property.c:1366:32 cxx_le_to_lt               if ((c >= '0') && (c <= '9'))
    x  property.c:1369:20 cxx_ge_to_gt               if ((c >= 'A') && (c <= 'F'))
    x  property.c:1372:22 cxx_ge_to_gt               if ((c >= 'a') && (c <= 'f'))
    x  property.c:1372:22 cxx_ge_to_lt               if ((c >= 'a') && (c <= 'f'))
    x  property.c:1372:36 cxx_le_to_gt               if ((c >= 'a') && (c <= 'f'))
    x  property.c:1372:36 cxx_le_to_lt               if ((c >= 'a') && (c <= 'f'))
    x  property.c:1373:33 cxx_sub_to_add             tag|=(size_t) (c-('a'-10));
    x  property.c:1385:20 cxx_post_inc_to_post_dec   for (i=0; ; i++)
    x  property.c:1387:28 cxx_eq_to_ne               if (EXIFTag[i].tag == 0)
    x  property.c:1389:60 cxx_eq_to_ne               if (LocaleCompare(EXIFTag[i].description,property) == 0)
    x  property.c:1401:14 cxx_lt_to_le               if (length < 6)
    x  property.c:1420:14 cxx_lt_to_le               if (length < 16)
    x  property.c:1427:12 cxx_eq_to_ne               if (id == 0x4D4D)
    x  property.c:1437:15 cxx_lt_to_le               if ((offset < 0) || (size_t) offset >= length)
    x  property.c:1437:39 cxx_ge_to_gt               if ((offset < 0) || (size_t) offset >= length)
    x  property.c:1460:20 cxx_lt_to_le               if ((directory < exif) || (directory > (exif+length-2)))
    x  property.c:1460:42 cxx_gt_to_ge               if ((directory < exif) || (directory > (exif+length-2)))
    x  property.c:1466:19 cxx_lt_to_le               for ( ; entry < number_entries; entry++)
    x  property.c:1480:13 cxx_gt_to_ge               if (q > (exif+length-12))
    x  property.c:1485:62 cxx_add_to_sub             tag_value=(size_t) (ReadPropertyUnsignedShort(endian,q)+(ssize_t)
    x  property.c:1488:18 cxx_ge_to_gt               if (format >= (sizeof(tag_bytes)/sizeof(*tag_bytes)))
    x  property.c:1493:22 cxx_lt_to_le               if (components < 0)
    x  property.c:1498:24 cxx_le_to_lt               if (number_bytes <= 4)
    x  property.c:1509:27 cxx_lt_to_le               if ((dir_offset < 0) || (size_t) dir_offset >= length)
    x  property.c:1509:55 cxx_ge_to_gt               if ((dir_offset < 0) || (size_t) dir_offset >= length)
    x  property.c:1511:59 cxx_lt_to_le               if (((size_t) dir_offset+(size_t) number_bytes) < (size_t) dir_offset)
    x  property.c:1513:35 cxx_add_to_sub             if ((size_t) (dir_offset+(ssize_t) number_bytes) > length)
    x  property.c:1517:30 cxx_eq_to_ne               if ((all != 0) || (tag == (size_t) tag_value))
    x  property.c:1523:18 cxx_lt_to_le               if ((p < exif) || (p > (exif+length-tag_bytes[format])))
    x  property.c:1523:46 cxx_sub_to_add             if ((p < exif) || (p > (exif+length-tag_bytes[format])))
       property.c:1532:44 cxx_ge_to_gt               if (~((size_t) number_bytes) >= 1)
       property.c:1532:44 cxx_ge_to_lt               if (~((size_t) number_bytes) >= 1)
       property.c:1533:74 cxx_add_to_sub             value=(char *) AcquireQuantumMemory((size_t) number_bytes+1UL,
       property.c:1535:25 cxx_ne_to_eq               if (value != (char *) NULL)
       property.c:1537:31 cxx_lt_to_ge               for (i=0; i < (ssize_t) number_bytes; i++)
       property.c:1537:31 cxx_lt_to_le               for (i=0; i < (ssize_t) number_bytes; i++)
       property.c:1537:58 cxx_post_inc_to_post_dec   for (i=0; i < (ssize_t) number_bytes; i++)
       property.c:1540:45 cxx_ne_to_eq               if (isprint((int) p[i]) != 0)
       property.c:1579:36 cxx_lt_to_ge               if (number_bytes < 24)
       property.c:1579:36 cxx_lt_to_le               if (number_bytes < 24)
    x  property.c:1619:22 cxx_lt_to_le               if ((p < exif) || (p > (exif+length-number_bytes)))
    x  property.c:1619:50 cxx_sub_to_add             if ((p < exif) || (p > (exif+length-number_bytes)))
    x  property.c:1622:44 cxx_ge_to_gt               if (~((size_t) number_bytes) >= 1)
    x  property.c:1623:74 cxx_add_to_sub             value=(char *) AcquireQuantumMemory((size_t) number_bytes+1UL,
    x  property.c:1627:31 cxx_lt_to_le               for (i=0; i < (ssize_t) number_bytes; i++)
       property.c:1670:33 cxx_lt_to_ge               if (tag_value < 0x10000)
       property.c:1670:33 cxx_lt_to_le               if (tag_value < 0x10000)
       property.c:1674:35 cxx_lt_to_ge               if (tag_value < 0x20000)
       property.c:1674:35 cxx_lt_to_le               if (tag_value < 0x20000)
    x  property.c:1683:29 cxx_eq_to_ne               if (level == 2)
       property.c:1701:39 cxx_lt_to_ge               if (((size_t) tag_offset1 < length) &&
       property.c:1701:39 cxx_lt_to_le               if (((size_t) tag_offset1 < length) &&
       property.c:1702:24 cxx_lt_to_ge               (level < (MaxDirectoryStack-2)))
       property.c:1702:24 cxx_lt_to_le               (level < (MaxDirectoryStack-2)))
       property.c:1707:51 cxx_eq_to_ne               tag_offset2=(ssize_t) ((tag_value == TAG_GPS_OFFSET) ? 0x10000 :
       property.c:1710:22 cxx_post_inc_to_post_dec   entry++;
       property.c:1713:22 cxx_post_inc_to_post_dec   level++;
       property.c:1717:29 cxx_lt_to_ge               for (i=0; i < level; i++)
       property.c:1717:29 cxx_lt_to_le               for (i=0; i < level; i++)
       property.c:1717:39 cxx_post_inc_to_post_dec   for (i=0; i < level; i++)
       property.c:1718:52 cxx_eq_to_ne               if (directory_stack[i].directory == (exif+tag_offset1))
       property.c:1720:23 cxx_lt_to_ge               if (i < level)
       property.c:1720:23 cxx_lt_to_le               if (i < level)
       property.c:1725:22 cxx_post_inc_to_post_dec   level++;
       property.c:1726:37 cxx_mul_to_div             if ((directory+2+(12*number_entries)+4) > (exif+length))
       property.c:1726:57 cxx_gt_to_ge               if ((directory+2+(12*number_entries)+4) > (exif+length))
       property.c:1726:57 cxx_gt_to_le               if ((directory+2+(12*number_entries)+4) > (exif+length))
       property.c:1729:24 cxx_mul_to_div             2+(12*number_entries));
       property.c:1730:34 cxx_ne_to_eq               if ((tag_offset1 != 0) && ((size_t) tag_offset1 < length) &&
       property.c:1730:65 cxx_lt_to_ge               if ((tag_offset1 != 0) && ((size_t) tag_offset1 < length) &&
       property.c:1730:65 cxx_lt_to_le               if ((tag_offset1 != 0) && ((size_t) tag_offset1 < length) &&
       property.c:1731:28 cxx_lt_to_ge               (level < (MaxDirectoryStack-2)))
       property.c:1731:28 cxx_lt_to_le               (level < (MaxDirectoryStack-2)))
       property.c:1736:26 cxx_post_inc_to_post_dec   level++;
    x  property.c:1764:36 cxx_lt_to_le               if (GetStringInfoLength(profile) < 128)
    x  property.c:1789:11 cxx_remove_void_call       SetStringInfoLength(info,extent+1);
    x  property.c:1789:42 cxx_add_to_sub             SetStringInfoLength(info,extent+1);
    x  property.c:1800:11 cxx_remove_void_call       SetStringInfoLength(info,extent+1);
    x  property.c:1800:42 cxx_add_to_sub             SetStringInfoLength(info,extent+1);
    x  property.c:1811:11 cxx_remove_void_call       SetStringInfoLength(info,extent+1);
    x  property.c:1811:42 cxx_add_to_sub             SetStringInfoLength(info,extent+1);
    x  property.c:1822:11 cxx_remove_void_call       SetStringInfoLength(info,extent+1);
    x  property.c:1822:42 cxx_add_to_sub             SetStringInfoLength(info,extent+1);
    x  property.c:1876:36 cxx_lt_to_le               if (GetStringInfoLength(profile) < 17)
    x  property.c:1883:26 cxx_ne_to_eq               for (p=xmp_profile; *p != '\0'; p++)
    x  property.c:1884:13 cxx_eq_to_ne               if ((*p == '<') && (*(p+1) == 'x'))
    x  property.c:1884:32 cxx_eq_to_ne               if ((*p == '<') && (*(p+1) == 'x'))
    x  property.c:1918:41 cxx_le_to_gt               if ((xmp_namespace_length <= 2) ||
    x  property.c:1918:41 cxx_le_to_lt               if ((xmp_namespace_length <= 2) ||
    x  property.c:1919:57 cxx_sub_to_add             (*(xmp_namespace+(xmp_namespace_length-2)) != ':') ||
    x  property.c:1919:62 cxx_ne_to_eq               (*(xmp_namespace+(xmp_namespace_length-2)) != ':') ||
    x  property.c:1920:57 cxx_sub_to_add             (*(xmp_namespace+(xmp_namespace_length-1)) != '*'))
    x  property.c:1920:62 cxx_ne_to_eq               (*(xmp_namespace+(xmp_namespace_length-1)) != '*'))
       property.c:1928:39 cxx_eq_to_ne               if (SkipXMPValue(content) == MagickFalse)
       property.c:1933:43 cxx_le_to_gt               if ((xmp_namespace_length <= 2) ||
       property.c:1933:43 cxx_le_to_lt               if ((xmp_namespace_length <= 2) ||
       property.c:1934:59 cxx_sub_to_add             (*(xmp_namespace+(xmp_namespace_length-2)) != ':') ||
       property.c:1934:64 cxx_ne_to_eq               (*(xmp_namespace+(xmp_namespace_length-2)) != ':') ||
       property.c:1935:59 cxx_sub_to_add             (*(xmp_namespace+(xmp_namespace_length-1)) != '*'))
       property.c:1935:64 cxx_ne_to_eq               (*(xmp_namespace+(xmp_namespace_length-1)) != '*'))
    x  property.c:2318:24 cxx_ne_to_eq               if (IsEventLogging() != MagickFalse)
    x  property.c:2324:24 cxx_gt_to_ge               if ((property_length > 2) && (*(property+(property_length-2)) == ':') &&
    x  property.c:2324:24 cxx_gt_to_le               if ((property_length > 2) && (*(property+(property_length-2)) == ':') &&
    x  property.c:2324:60 cxx_sub_to_add             if ((property_length > 2) && (*(property+(property_length-2)) == ':') &&
    x  property.c:2324:65 cxx_eq_to_ne               if ((property_length > 2) && (*(property+(property_length-2)) == ':') &&
    x  property.c:2325:35 cxx_sub_to_add             (*(property+(property_length-1)) == '*'))
    x  property.c:2515:14 cxx_ne_to_eq               if ((image != (Image *) NULL) && (IsEventLogging() != MagickFalse))
    x  property.c:2515:54 cxx_ne_to_eq               if ((image != (Image *) NULL) && (IsEventLogging() != MagickFalse))
    x  property.c:2518:21 cxx_ne_to_eq               if ((image_info != (ImageInfo *) NULL) &&
    x  property.c:2519:27 cxx_ne_to_eq               (IsEventLogging() != MagickFalse))
    x  property.c:2582:22 cxx_ne_to_eq               (image->rows != 0 ? image->rows : image->magick_rows));
    x  property.c:2694:25 cxx_ne_to_eq               (image->columns != 0 ? image->columns : image->magick_columns));
    x  property.c:2701:35 cxx_gt_to_ge               fabs(image->resolution.x) > MagickEpsilon ? image->resolution.x :
    x  property.c:2710:35 cxx_gt_to_ge               fabs(image->resolution.y) > MagickEpsilon ? image->resolution.y :
       property.c:2775:18 cxx_ne_to_eq               if ((image != (Image *) NULL) && (image->next == (Image *) NULL))
       property.c:2775:53 cxx_eq_to_ne               if ((image != (Image *) NULL) && (image->next == (Image *) NULL))
    x  property.c:2892:17 cxx_ne_to_eq               if (image != (Image *) NULL)
    x  property.c:2920:14 cxx_ne_to_eq               if ((image != (Image *) NULL) && (IsEventLogging() != MagickFalse))
    x  property.c:2920:54 cxx_ne_to_eq               if ((image != (Image *) NULL) && (IsEventLogging() != MagickFalse))
    x  property.c:2923:21 cxx_ne_to_eq               if ((image_info != (ImageInfo *) NULL) &&
    x  property.c:2924:27 cxx_ne_to_eq               (IsEventLogging() != MagickFalse))
    x  property.c:3056:23 cxx_lt_to_ge               for (n=0; n < (ssize_t) number_points; n++)
    x  property.c:3056:23 cxx_lt_to_le               for (n=0; n < (ssize_t) number_points; n++)
    x  property.c:3058:34 cxx_lt_to_le               if (convex_hull[n].y < extreme.y)
    x  property.c:3063:34 cxx_ne_to_eq               if (convex_hull[n].y != extreme.y)
    x  property.c:3065:34 cxx_lt_to_le               if (convex_hull[n].x < extreme.x)
    x  property.c:3072:23 cxx_lt_to_le               for (n=0; n < (ssize_t) number_points; n++)
    x  property.c:3079:34 cxx_ne_to_eq               if (convex_hull[n].x != extreme.x)
    x  property.c:3081:34 cxx_lt_to_le               if (convex_hull[n].y < extreme.y)
    x  property.c:3088:23 cxx_lt_to_le               for (n=0; n < (ssize_t) number_points; n++)
    x  property.c:3095:34 cxx_ne_to_eq               if (convex_hull[n].y != extreme.y)
    x  property.c:3097:34 cxx_gt_to_ge               if (convex_hull[n].x > extreme.x)
    x  property.c:3104:23 cxx_lt_to_le               for (n=0; n < (ssize_t) number_points; n++)
    x  property.c:3111:34 cxx_ne_to_eq               if (convex_hull[n].x != extreme.x)
    x  property.c:3113:34 cxx_gt_to_ge               if (convex_hull[n].y > extreme.y)
       property.c:3350:44 cxx_eq_to_ne               if (LocaleCompare("output",property) == 0)
       property.c:3375:25 cxx_ne_to_eq               if (papersize != (const char *) NULL)
       property.c:3407:27 cxx_ne_to_eq               if (icc_profile != (cmsHPROFILE *) NULL)
    x  property.c:3599:17 cxx_ne_to_eq               if (image != (Image *) NULL)
    x  property.c:3640:24 cxx_ne_to_eq               if (IsEventLogging() != MagickFalse)
    x  property.c:3779:14 cxx_ne_to_eq               if ((image != (Image *) NULL) && (IsEventLogging() != MagickFalse))
    x  property.c:3779:54 cxx_ne_to_eq               if ((image != (Image *) NULL) && (IsEventLogging() != MagickFalse))
    x  property.c:3782:21 cxx_ne_to_eq               if ((image_info != (ImageInfo *) NULL) && (IsEventLogging() != MagickFalse))
    x  property.c:3782:65 cxx_ne_to_eq               if ((image_info != (ImageInfo *) NULL) && (IsEventLogging() != MagickFalse))
    x  property.c:3786:28 cxx_ne_to_eq               if (IsEventLogging() != MagickFalse)
    x  property.c:3791:60 cxx_ne_to_eq               while ((isspace((int) ((unsigned char) *p)) != 0) && (*p != '\0'))
    x  property.c:3807:18 cxx_ne_to_eq               if (image_info != (ImageInfo *) NULL)
       property.c:3867:20 cxx_eq_to_ne               if (*p == '\n') /* return-newline EOL */
    x  property.c:3974:29 cxx_lt_to_le               for (offset=0; offset < (MagickPathExtent-1L) && (*p != '\0'); )
    x  property.c:3976:37 cxx_ne_to_eq               if ((*p == '\\') && (*(p+1) != '\0'))
       property.c:3999:22 cxx_ge_to_gt               if (offset >= 64)
       property.c:3999:22 cxx_ge_to_lt               if (offset >= 64)
    x  property.c:4062:11 cxx_remove_void_call       GetPixelInfo(property_image,&pixel);
    x  property.c:4183:15 cxx_remove_void_call       ResetImageArtifactIterator(property_image);
       property.c:4185:62 cxx_ne_to_eq               if (GlobExpression(key,pattern+9,MagickTrue) != MagickFalse)
       property.c:4188:32 cxx_ne_to_eq               if (string != (const char *) NULL)
       property.c:4194:22 cxx_eq_to_ne               if (string == (char *) NULL)
       property.c:4206:15 cxx_remove_void_call       ResetImagePropertyIterator(property_image);
       property.c:4207:65 cxx_ne_to_eq               while ((key=GetNextImageProperty(property_image)) != (const char *) NULL)
       property.c:4208:60 cxx_ne_to_eq               if (GlobExpression(key,pattern,MagickTrue) != MagickFalse)
       property.c:4211:32 cxx_ne_to_eq               if (string != (const char *) NULL)
    x  property.c:4274:18 cxx_ge_to_gt               if (offset >= 64)
    x  property.c:4288:52 cxx_ne_to_eq               if ((property_image != image) && (property_image != (Image *) NULL))
    x  property.c:4290:55 cxx_ne_to_eq               if ((property_info != image_info) && (property_info != (ImageInfo *) NULL))
       property.c:4294:26 cxx_ne_to_eq               if (interpret_text != (char *) NULL)
    x  property.c:4373:24 cxx_ne_to_eq               if (IsEventLogging() != MagickFalse)
    x  property.c:4427:24 cxx_ne_to_eq               if (IsEventLogging() != MagickFalse)
    x  property.c:4434:24 cxx_le_to_lt               if (strlen(property) <= 1)
    x  property.c:4444:24 cxx_gt_to_ge               if ((property_length > 2) && (*(property+(property_length-2)) == ':') &&
    x  property.c:4444:24 cxx_gt_to_le               if ((property_length > 2) && (*(property+(property_length-2)) == ':') &&
    x  property.c:4444:60 cxx_sub_to_add             if ((property_length > 2) && (*(property+(property_length-2)) == ':') &&
    x  property.c:4444:65 cxx_eq_to_ne               if ((property_length > 2) && (*(property+(property_length-2)) == ':') &&
    x  property.c:4445:35 cxx_sub_to_add             (*(property+(property_length-1)) == '*'))
    x  property.c:4500:26 cxx_lt_to_le               if (colorspace < 0)
    x  property.c:4510:23 cxx_lt_to_ge               if (compose < 0)
    x  property.c:4510:23 cxx_lt_to_le               if (compose < 0)
    x  property.c:4522:27 cxx_lt_to_ge               if (compression < 0)
    x  property.c:4522:27 cxx_lt_to_le               if (compression < 0)
       property.c:4540:32 cxx_gt_to_ge               if (image->delay > (size_t) floor(geometry_info.rho+0.5))
       property.c:4540:32 cxx_gt_to_le               if (image->delay > (size_t) floor(geometry_info.rho+0.5))
       property.c:4540:66 cxx_add_to_sub             if (image->delay > (size_t) floor(geometry_info.rho+0.5))
       property.c:4541:62 cxx_add_to_sub             image->delay=(size_t) floor(geometry_info.rho+0.5);
       property.c:4546:43 cxx_lt_to_ge               if ((double) image->delay < floor(geometry_info.rho+0.5))
       property.c:4546:43 cxx_lt_to_le               if ((double) image->delay < floor(geometry_info.rho+0.5))
       property.c:4546:68 cxx_add_to_sub             if ((double) image->delay < floor(geometry_info.rho+0.5))
       property.c:4548:40 cxx_add_to_sub             geometry_info.sigma+0.5));
    x  property.c:4587:23 cxx_lt_to_le               if (dispose < 0)
    x  property.c:4633:23 cxx_lt_to_le               if (gravity < 0)
    x  property.c:4661:25 cxx_lt_to_le               if (intensity < 0)
    x  property.c:4673:32 cxx_lt_to_ge               if (rendering_intent < 0)
    x  property.c:4673:32 cxx_lt_to_le               if (rendering_intent < 0)
    x  property.c:4685:27 cxx_lt_to_ge               if (interpolate < 0)
    x  property.c:4685:27 cxx_lt_to_le               if (interpolate < 0)
    x  property.c:4776:32 cxx_lt_to_le               if (rendering_intent < 0)
    x  property.c:4814:20 cxx_lt_to_ge               if (type < 0)
    x  property.c:4814:20 cxx_lt_to_le               if (type < 0)
    x  property.c:4830:21 cxx_lt_to_le               if (units < 0)
  (x: the oracle executes this line; c: capped, not every reaching case ran)

  full results: build-oracle/work/mutation-extnew-property.json
