mutate: 158 mutants in MagickCore/enhance\.c$, 30 functions
mutate: baseline over 25 cases in 0s
  mutants: 25/158 (0s)
  mutants: 50/158 (0s)
  mutants: 75/158 (0s)
  mutants: 100/158 (0s)
  mutants: 125/158 (0s)
  mutants: 150/158 (0s)
  mutants: 158/158 (2s)

mutate: 158 mutants, 2s
  killed 3, survived 14 (0 capped), no coverage 141, errors 0
  mutation score on reached code: 17.6%   overall: 1.9%

  function                           total killed survived no-cov
  ContrastStretchImage                  19      0        0     19
  EqualizeImage                         16      0        0     16
  CLAHEImage                            12      0        0     12
  ColorDecisionListImage                 9      0        9      0
  SigmoidalContrastImage                 9      0        0      9
  NegateImage                            8      3        5      0
  ClutImage                              7      0        0      7
  HaldClutImage                          7      0        0      7
  EnhanceImage                           6      0        0      6
  GammaImage                             6      0        0      6
  LevelizeImage                          6      0        0      6
  ModulateImage                          6      0        0      6
  ClipCLAHEHistogram                     5      0        0      5
  ContrastImage                          5      0        0      5
  LevelImage                             5      0        0      5
  WhiteBalanceImage                      5      0        0      5
  GrayscaleImage                         4      0        0      4
  MapCLAHEHistogram                      3      0        0      3
  Contrast                               3      0        0      3
  AutoGammaImage                         2      0        0      2
  BrightnessContrastImage                2      0        0      2
  GenerateCLAHELut                       2      0        0      2
  LevelImageColors                       2      0        0      2
  LinearStretchImage                     2      0        0      2
  InverseScaledSigmoidal                 2      0        0      2
  GenerateCLAHEHistogram                 1      0        0      1
  CLAHE                                  1      0        0      1
  ModulateHSI                            1      0        0      1
  ModulateLCHab                          1      0        0      1
  ModulateLCHuv                          1      0        0      1

  survivors (equivalent, or a gap in the catalogue):
    x  enhance.c:1081:24 cxx_ne_to_eq               if (IsEventLogging() != MagickFalse)
    x  enhance.c:1117:40 cxx_lt_to_le               for (i=0; (*p != '\0') && (i < 3); i++)
    x  enhance.c:1149:40 cxx_lt_to_le               for (i=0; (*p != '\0') && (i < 3); i++)
    x  enhance.c:1182:40 cxx_lt_to_le               for (i=0; (*p != '\0') && (i < 3); i++)
    x  enhance.c:1226:20 cxx_ne_to_eq               if (image->debug != MagickFalse)
    x  enhance.c:1269:19 cxx_lt_to_le               for (i=0; i < (ssize_t) image->colors; i++)
    x  enhance.c:1334:33 cxx_ne_to_eq               if (image->progress_monitor != (MagickProgressMonitor) NULL)
       enhance.c:1342:17 cxx_post_inc_to_post_dec   progress++;
       enhance.c:1345:21 cxx_eq_to_ne               if (proceed == MagickFalse)
    x  enhance.c:3975:24 cxx_ne_to_eq               if (IsEventLogging() != MagickFalse)
    x  enhance.c:3978:17 cxx_lt_to_le               for (i=0; i < (ssize_t) image->colors; i++)
    x  enhance.c:4045:37 cxx_ne_to_eq               if (image->progress_monitor != (MagickProgressMonitor) NULL)
       enhance.c:4050:21 cxx_post_inc_to_post_dec   progress++;
       enhance.c:4052:25 cxx_eq_to_ne               if (proceed == MagickFalse)
  (x: the oracle executes this line; c: capped, not every reaching case ran)

  full results: build-oracle/work/mutation-extnew2-enhance.json
