mutate: 122 mutants in MagickCore/utility\.c$, 17 functions
mutate: baseline over 211 cases in 0s
  mutants: 25/122 (1s)
  mutants: 50/122 (18s)
  mutants: 75/122 (19s)
  mutants: 100/122 (20s)
  mutants: 122/122 (31s)

mutate: 122 mutants, 31s
  killed 1, survived 80 (0 capped), no coverage 41, errors 0
  mutation score on reached code: 1.2%   overall: 0.8%

  function                           total killed survived no-cov
  ShredFile                             23      0       23      0
  ExpandFilenames                       17      0       17      0
  GetPathComponents                     17      0        0     17
  AcquireUniqueSymbolicLink             13      1       12      0
  GetPathComponent                      13      0       13      0
  Base64Decode                           7      0        7      0
  GetExecutionPath                       5      0        0      5
  MagickDelay                            5      0        0      5
  Base64Encode                           4      0        0      4
  ChopPathComponents                     4      0        0      4
  ListFiles                              4      0        0      4
  GetMagickPageSize                      3      0        3      0
  ExpandFilename                         2      0        0      2
  GetPathTemplate                        2      0        2      0
  AcquireUniqueFilename                  1      0        1      0
  AppendImageFormat                      1      0        1      0
  IsPathAccessible                       1      0        1      0

  survivors (equivalent, or a gap in the catalogue):
    x  utility.c:120:24 cxx_sub_to_add             file=close_utf8(file)-1;
    x  utility.c:189:16 cxx_eq_to_ne               if (passes == -1)
    x  utility.c:191:17 cxx_eq_to_ne               if ((passes == 0) && (status != MagickFalse))
    x  utility.c:191:34 cxx_ne_to_eq               if ((passes == 0) && (status != MagickFalse))
       utility.c:221:24 cxx_eq_to_ne               if (destination_file == -1)
       utility.c:224:19 cxx_eq_to_ne               if (source_file == -1)
       utility.c:231:39 cxx_eq_to_ne               if ((fstat(source_file,&attributes) == 0) && (attributes.st_size > 0))
       utility.c:231:68 cxx_gt_to_ge               if ((fstat(source_file,&attributes) == 0) && (attributes.st_size > 0))
       utility.c:231:68 cxx_gt_to_le               if ((fstat(source_file,&attributes) == 0) && (attributes.st_size > 0))
       utility.c:234:14 cxx_eq_to_ne               if (buffer == (unsigned char *) NULL)
       utility.c:245:15 cxx_le_to_gt               if (count <= 0)
       utility.c:245:15 cxx_le_to_lt               if (count <= 0)
       utility.c:249:24 cxx_ne_to_eq               if ((size_t) count != length)
    x  utility.c:297:24 cxx_ne_to_eq               if (IsEventLogging() != MagickFalse)
    x  utility.c:372:24 cxx_ne_to_eq               if (IsEventLogging() != MagickFalse)
    x  utility.c:375:67 cxx_div_to_mul             decode=(unsigned char *) AcquireQuantumMemory((strlen(source)+3)/4,
    x  utility.c:397:37 cxx_sub_to_add             decode[i]=(unsigned char)((q-Base64) << 2);
    x  utility.c:404:38 cxx_sub_to_add             decode[i]=(unsigned char)(((q-Base64) & 0x0f) << 4);
    x  utility.c:411:38 cxx_sub_to_add             decode[i]=(unsigned char)(((q-Base64) & 0x03) << 6);
    x  utility.c:450:22 cxx_ne_to_eq               for ( ; *p != '\0'; p++)
       utility.c:463:53 cxx_eq_to_ne               if (isspace((int) ((unsigned char) *p)) == 0)
    x  utility.c:796:24 cxx_ne_to_eq               if (IsEventLogging() != MagickFalse)
    x  utility.c:829:20 cxx_gt_to_ge               if (parameters > 0)
    x  utility.c:834:36 cxx_post_inc_to_post_dec   for (j=0; j < parameters; j++)
    x  utility.c:847:5 cxx_remove_void_call       GetPathComponent(option,MagickPath,magick);
    x  utility.c:894:21 cxx_lt_to_le               for (j=0; j < (ssize_t) (length-1); j++)
    x  utility.c:894:40 cxx_sub_to_add             for (j=0; j < (ssize_t) (length-1); j++)
    x  utility.c:914:24 cxx_add_to_sub             *number_arguments+count+(ssize_t) number_files+1),sizeof(*vector));
    x  utility.c:914:53 cxx_add_to_sub             *number_arguments+count+(ssize_t) number_files+1),sizeof(*vector));
       utility.c:917:21 cxx_lt_to_ge               for (j=0; j < (ssize_t) number_files; j++)
       utility.c:917:21 cxx_lt_to_le               for (j=0; j < (ssize_t) number_files; j++)
       utility.c:917:48 cxx_post_inc_to_post_dec   for (j=0; j < (ssize_t) number_files; j++)
    x  utility.c:952:28 cxx_ge_to_gt               if (strlen(filename) >= (MagickPathExtent-1))
    x  utility.c:974:33 cxx_ge_to_gt               if (strlen(file_path) >= (MagickPathExtent-1))
    x  utility.c:988:24 cxx_ne_to_eq               if (IsEventLogging() != MagickFalse)
       utility.c:994:19 cxx_lt_to_ge               for (i=1; i < count; i++)
       utility.c:994:19 cxx_lt_to_le               for (i=1; i < count; i++)
       utility.c:994:29 cxx_post_inc_to_post_dec   for (i=1; i < count; i++)
    x  utility.c:1178:17 cxx_gt_to_ge               if (page_size > 0)
    x  utility.c:1185:17 cxx_le_to_gt               if (page_size <= 0)
    x  utility.c:1185:17 cxx_le_to_lt               if (page_size <= 0)
    x  utility.c:1278:24 cxx_ne_to_eq               if (IsEventLogging() != MagickFalse)
    x  utility.c:1291:30 cxx_gt_to_ge               if ((strlen(component) > 2) && (*p == ']'))
    x  utility.c:1300:42 cxx_eq_to_ne               if ((IsStringTrue(literal) == MagickFalse) ||
    x  utility.c:1301:43 cxx_eq_to_ne               (IsPathAccessible(path) == MagickFalse))
    x  utility.c:1317:27 cxx_ne_to_eq               if (literal != (char *) NULL)
    x  utility.c:1334:16 cxx_eq_to_ne               if (*p == '\0')
    x  utility.c:1337:72 cxx_lt_to_le               if ((p != component) && (*p == ':') && (IsPathDirectory(component) < 0) &&
    x  utility.c:1375:46 cxx_sub_to_add             for (p=component+(strlen(component)-1); p > component; p--)
    x  utility.c:1375:53 cxx_gt_to_ge               for (p=component+(strlen(component)-1); p > component; p--)
    x  utility.c:1404:44 cxx_sub_to_add             for (p=component+(strlen(component)-1); p > component; p--)
    x  utility.c:1404:51 cxx_gt_to_ge               for (p=component+(strlen(component)-1); p > component; p--)
    x  utility.c:1434:49 cxx_gt_to_ge               for (p=component+strlen(component)-1; p > component; p--)
    x  utility.c:1445:52 cxx_lt_to_le               if ((subimage_length != 0) && (magick_length < subimage_offset))
    x  utility.c:1602:25 cxx_gt_to_ge               if (strlen(directory) > (MagickPathExtent-25))
    x  utility.c:1613:34 cxx_sub_to_add             if (directory[strlen(directory)-1] == *DirectorySeparator)
    x  utility.c:1673:14 cxx_eq_to_ne               if (status == MagickFalse)
    x  utility.c:2043:13 cxx_eq_to_ne               if ((path == (const char *) NULL) || (*path == '\0'))
    x  utility.c:2043:47 cxx_eq_to_ne               if ((path == (const char *) NULL) || (*path == '\0'))
    x  utility.c:2045:14 cxx_eq_to_ne               if (passes == -1)
    x  utility.c:2047:14 cxx_eq_to_ne               if (passes == 0)
    x  utility.c:2053:12 cxx_eq_to_ne               if (file == -1)
    x  utility.c:2056:32 cxx_eq_to_ne               if ((fstat(file,&file_stats) == 0) && (file_stats.st_size > 0))
    x  utility.c:2056:61 cxx_gt_to_ge               if ((fstat(file,&file_stats) == 0) && (file_stats.st_size > 0))
    x  utility.c:2056:61 cxx_gt_to_le               if ((fstat(file,&file_stats) == 0) && (file_stats.st_size > 0))
    x  utility.c:2061:15 cxx_lt_to_ge               for (i=0; i < passes; i++)
    x  utility.c:2061:15 cxx_lt_to_le               for (i=0; i < passes; i++)
    x  utility.c:2069:32 cxx_lt_to_ge               if (lseek(file,0,SEEK_SET) < 0)
    x  utility.c:2069:32 cxx_lt_to_le               if (lseek(file,0,SEEK_SET) < 0)
    x  utility.c:2071:17 cxx_lt_to_ge               for (j=0; j < (MagickOffsetType) length; j+=count)
    x  utility.c:2071:17 cxx_lt_to_le               for (j=0; j < (MagickOffsetType) length; j+=count)
    x  utility.c:2073:13 cxx_ne_to_eq               if (i != 0)
    x  utility.c:2074:9 cxx_remove_void_call       SetRandomKey(random_info,quantum,GetStringInfoDatum(key));
    x  utility.c:2077:17 cxx_le_to_gt               if (count <= 0)
    x  utility.c:2077:17 cxx_le_to_lt               if (count <= 0)
    x  utility.c:2080:11 cxx_lt_to_ge               if (j < (MagickOffsetType) length)
    x  utility.c:2080:11 cxx_lt_to_le               if (j < (MagickOffsetType) length)
    x  utility.c:2086:18 cxx_eq_to_ne               return((status == -1 || i < passes) ? MagickFalse : MagickTrue);
    x  utility.c:2086:29 cxx_lt_to_ge               return((status == -1 || i < passes) ? MagickFalse : MagickTrue);
    x  utility.c:2086:29 cxx_lt_to_le               return((status == -1 || i < passes) ? MagickFalse : MagickTrue);
  (x: the oracle executes this line; c: capped, not every reaching case ran)

  full results: build-oracle/work/mutation-extnew3-utility.json
