mutate: 333 mutants in MagickCore/profile\.c$, 34 functions
mutate: baseline over 838 cases in 0s
  mutants: 25/333 (0s)
  mutants: 50/333 (0s)
  mutants: 75/333 (2s)
  mutants: 100/333 (5s)
  mutants: 125/333 (7s)
  mutants: 150/333 (10s)
  mutants: 175/333 (13s)
  mutants: 200/333 (14s)
  mutants: 225/333 (16s)
  mutants: 250/333 (17s)
  mutants: 275/333 (17s)
  mutants: 300/333 (18s)
  mutants: 325/333 (22s)
  mutants: 333/333 (148s)

mutate: 333 mutants, 148s
  killed 41, survived 212 (0 capped), no coverage 80, errors 0
  mutation score on reached code: 16.2%   overall: 12.3%

  function                           total killed survived no-cov
  ProfileImage                          56      0       56      0
  SyncExifProfile                       54      0       54      0
  TransformDoublePixels                 22      0        0     22
  TransformQuantumPixels                22      0        0     22
  UpdateClipPath                        20     20        0      0
  Update8BIMClipPath                    19     13        6      0
  WriteTo8BimProfile                    16      0       16      0
  PatchCorruptProfile                   13      4        9      0
  Sync8BimProfile                       13      0       13      0
  WriteProfileDimension                 12      0       12      0
  AcquirePixelTLS                        8      0        0      8
  GetProfilesFromResourceBlock           8      0        8      0
  SetImageProfileInternal                8      1        7      0
  GetXMPNumeratorAndDenominator          8      0        8      0
  AcquireTransformTLS                    6      0        0      6
  CMSExceptionHandler                    6      0        0      6
  DestroyPixelTLS                        5      0        0      5
  DestroyTransformTLS                    5      0        0      5
  GetXMPOffsets                          4      0        4      0
  CloneImageProfiles                     3      0        3      0
  RemoveImageProfile                     3      0        0      3
  ValidateXMPProfile                     3      1        2      0
  ReplaceXMPValue                        3      0        3      0
  TryAccumulate                          3      0        0      3
  SyncXMPProfile                         3      0        3      0
  AppendImageProfileProperty             2      0        2      0
  DeleteImageProfile                     1      0        1      0
  GetImageProfile                        1      0        1      0
  GetNextImageProfile                    1      0        1      0
  ResetImageProfileIterator              1      0        1      0
  AcquireProfileStringInfo               1      0        1      0
  ReadProfileByte                        1      1        0      0
  ReadProfileMSBLong                     1      1        0      0
  ReadProfileMSBShort                    1      0        1      0

  survivors (equivalent, or a gap in the catalogue):
       profile.c:143:16 cxx_eq_to_ne               if ((current == (const char *) NULL) || (*current == '\0'))
       profile.c:143:53 cxx_eq_to_ne               if ((current == (const char *) NULL) || (*current == '\0'))
    x  profile.c:231:24 cxx_ne_to_eq               if (IsEventLogging() != MagickFalse)
    x  profile.c:235:27 cxx_ne_to_eq               if (image->profiles != (void *) NULL)
       profile.c:236:9 cxx_remove_void_call       DestroyImageProfiles(image);
    x  profile.c:271:24 cxx_ne_to_eq               if (IsEventLogging() != MagickFalse)
    x  profile.c:339:24 cxx_ne_to_eq               if (IsEventLogging() != MagickFalse)
    x  profile.c:374:24 cxx_ne_to_eq               if (IsEventLogging() != MagickFalse)
    x  profile.c:1030:24 cxx_ne_to_eq               if (IsEventLogging() != MagickFalse)
    x  profile.c:1046:13 cxx_remove_void_call       ResetImageProfileIterator(image);
    x  profile.c:1069:51 cxx_eq_to_ne               (CompareStringInfo(icc_profile,profile) == 0))
    x  profile.c:1076:40 cxx_ne_to_eq               if (LocaleCompare(value,"1") != 0)
    x  profile.c:1077:13 cxx_remove_void_call       SetsRGBImageProfile(image,exception);
    x  profile.c:1079:43 cxx_ne_to_eq               if (LocaleCompare(value,"R98.") != 0)
    x  profile.c:1080:13 cxx_remove_void_call       SetsRGBImageProfile(image,exception);
    x  profile.c:1084:51 cxx_eq_to_ne               (CompareStringInfo(icc_profile,profile) == 0))
    x  profile.c:1117:9 cxx_remove_void_call       cmsSetLogErrorHandlerTHR(cms_context,CMSExceptionHandler);
       profile.c:1124:13 cxx_remove_void_call       cmsDeleteContext(cms_context);
       profile.c:1155:29 cxx_ne_to_eq               if (icc_profile != (StringInfo *) NULL)
       profile.c:1161:41 cxx_eq_to_ne               if (source_info.profile == (cmsHPROFILE) NULL)
       profile.c:1176:13 cxx_remove_void_call       SetLCMSInfoScale(&source_info,1.0);
       profile.c:1177:13 cxx_remove_void_call       SetLCMSInfoTranslate(&source_info,0.0);
       profile.c:1186:29 cxx_ne_to_eq               if (highres != MagickFalse)
       profile.c:1189:21 cxx_remove_void_call       SetLCMSInfoScale(&source_info,100.0);
       profile.c:1204:29 cxx_ne_to_eq               if (highres != MagickFalse)
       profile.c:1218:29 cxx_ne_to_eq               if (highres != MagickFalse)
       profile.c:1241:29 cxx_ne_to_eq               if (highres != MagickFalse)
       profile.c:1255:29 cxx_ne_to_eq               if (highres != MagickFalse)
       profile.c:1271:37 cxx_ne_to_eq               if (target_info.profile != (cmsHPROFILE) NULL)
       profile.c:1273:13 cxx_remove_void_call       SetLCMSInfoScale(&target_info,1.0);
       profile.c:1274:13 cxx_remove_void_call       SetLCMSInfoTranslate(&target_info,0.0);
       profile.c:1282:29 cxx_ne_to_eq               if (highres != MagickFalse)
       profile.c:1285:21 cxx_remove_void_call       SetLCMSInfoScale(&target_info,0.01);
       profile.c:1300:29 cxx_ne_to_eq               if (highres != MagickFalse)
       profile.c:1314:29 cxx_ne_to_eq               if (highres != MagickFalse)
       profile.c:1337:29 cxx_ne_to_eq               if (highres != MagickFalse)
       profile.c:1351:29 cxx_ne_to_eq               if (highres != MagickFalse)
       profile.c:1396:49 cxx_ne_to_eq               if (image->black_point_compensation != MagickFalse)
       profile.c:1401:27 cxx_eq_to_ne               if (transform == (cmsHTRANSFORM *) NULL)
       profile.c:1411:37 cxx_eq_to_ne               if ((source_info.pixels == (void **) NULL) ||
       profile.c:1412:37 cxx_eq_to_ne               (target_info.pixels == (void **) NULL))
       profile.c:1420:67 cxx_eq_to_ne               if (SetImageStorageClass(image,DirectClass,exception) == MagickFalse)
       profile.c:1425:41 cxx_ne_to_eq               if (source_info.profile != (cmsHPROFILE) NULL)
       profile.c:1427:41 cxx_ne_to_eq               if (target_info.profile != (cmsHPROFILE) NULL)
       profile.c:1431:40 cxx_eq_to_ne               if (target_info.colorspace == CMYKColorspace)
       profile.c:1439:25 cxx_lt_to_ge               for (y=0; y < (ssize_t) image->rows; y++)
       profile.c:1439:25 cxx_lt_to_le               for (y=0; y < (ssize_t) image->rows; y++)
       profile.c:1439:51 cxx_post_inc_to_post_dec   for (y=0; y < (ssize_t) image->rows; y++)
       profile.c:1450:26 cxx_eq_to_ne               if (status == MagickFalse)
       profile.c:1454:21 cxx_eq_to_ne               if (q == (Quantum *) NULL)
       profile.c:1459:27 cxx_ne_to_eq               if (highres != MagickFalse)
       profile.c:1460:17 cxx_remove_void_call       TransformDoublePixels(id,image,&source_info,&target_info,
       profile.c:1463:17 cxx_remove_void_call       TransformQuantumPixels(id,image,&source_info,&target_info,
       profile.c:1466:24 cxx_eq_to_ne               if (sync == MagickFalse)
       profile.c:1468:43 cxx_ne_to_eq               if (image->progress_monitor != (MagickProgressMonitor) NULL)
       profile.c:1476:27 cxx_post_inc_to_post_dec   progress++;
       profile.c:1479:31 cxx_eq_to_ne               if (proceed == MagickFalse)
       profile.c:1489:48 cxx_eq_to_ne               image->type=image->alpha_trait == UndefinedPixelTrait ?
       profile.c:1495:48 cxx_eq_to_ne               image->type=image->alpha_trait == UndefinedPixelTrait ?
       profile.c:1501:48 cxx_eq_to_ne               image->type=image->alpha_trait == UndefinedPixelTrait ?
       profile.c:1511:25 cxx_ne_to_eq               if ((status != MagickFalse) &&
       profile.c:1512:57 cxx_ne_to_eq               (cmsGetDeviceClass(source_info.profile) != cmsSigLinkClass))
       profile.c:1516:37 cxx_ne_to_eq               if (target_info.profile != (cmsHPROFILE) NULL)
    x  profile.c:1520:9 cxx_remove_void_call       cmsDeleteContext(cms_context);
    x  profile.c:1597:24 cxx_ne_to_eq               if (IsEventLogging() != MagickFalse)
    x  profile.c:1713:37 cxx_eq_to_ne               if (LocaleCompare(name,"xmp") == 0)
    x  profile.c:1723:19 cxx_lt_to_le               for (p=datum; p < (datum+length-16); )
    x  profile.c:1732:22 cxx_add_to_sub             if (((length_byte+1) & 0x01) != 0)
    x  profile.c:1734:11 cxx_gt_to_ge               if (p > (datum+length-4))
       profile.c:1739:12 cxx_post_inc_to_post_dec   count++;
    x  profile.c:1740:16 cxx_lt_to_le               if ((count < 0) || (p > (datum+length-count)) || (count > (ssize_t) length))
    x  profile.c:1740:42 cxx_sub_to_add             if ((count < 0) || (p > (datum+length-count)) || (count > (ssize_t) length))
    x  profile.c:1740:61 cxx_gt_to_ge               if ((count < 0) || (p > (datum+length-count)) || (count > (ssize_t) length))
    x  profile.c:1761:53 cxx_add_to_sub             extract_profile=AcquireStringInfo(offset+extent);
       profile.c:1766:31 cxx_sub_to_add             offset=(size_t) (p-datum);
       profile.c:1768:41 cxx_ne_to_eq               if ((extract_extent & 0x01) != 0)
       profile.c:1769:29 cxx_post_inc_to_post_dec   extract_extent++;
       profile.c:1770:53 cxx_add_to_sub             extract_profile=AcquireStringInfo(offset+(size_t) extract_extent+
       profile.c:1770:77 cxx_add_to_sub             extract_profile=AcquireStringInfo(offset+(size_t) extract_extent+
       profile.c:1772:62 cxx_sub_to_add             (void) memcpy(extract_profile->datum,datum,offset-4);
       profile.c:1773:13 cxx_remove_void_call       WriteResourceLong(extract_profile->datum+offset-4,(unsigned int)
    x  profile.c:1817:19 cxx_lt_to_le               for (p=datum; p < (datum+length-16); )
    x  profile.c:1825:22 cxx_add_to_sub             if (((length_byte+1) & 0x01) != 0)
    x  profile.c:1827:11 cxx_gt_to_ge               if (p > (datum+length-4))
    x  profile.c:1831:27 cxx_sub_to_add             if ((p > (datum+length-count)) || (count > (ssize_t) length) ||
    x  profile.c:1831:46 cxx_gt_to_ge               if ((p > (datum+length-count)) || (count > (ssize_t) length) ||
    x  profile.c:1832:16 cxx_le_to_lt               (count <= 0))
       profile.c:1905:21 cxx_ne_to_eq               if (profile != (StringInfo *) NULL)
       profile.c:1917:21 cxx_ne_to_eq               if (profile != (StringInfo *) NULL)
    x  profile.c:1964:37 cxx_eq_to_ne               if (((LocaleCompare(name, "exif") == 0) || (LocaleCompare(name, "app1") == 0)) &&
    x  profile.c:1964:75 cxx_eq_to_ne               if (((LocaleCompare(name, "exif") == 0) || (LocaleCompare(name, "app1") == 0)) &&
    x  profile.c:1965:37 cxx_gt_to_ge               (GetStringInfoLength(profile) > 2))
    x  profile.c:1965:37 cxx_gt_to_le               (GetStringInfoLength(profile) > 2))
       profile.c:1981:28 cxx_ne_to_eq               if (exif_profile != (StringInfo *) NULL)
       profile.c:1983:15 cxx_remove_void_call       SetStringInfoDatum(exif_profile,profile_start);
       profile.c:1984:15 cxx_remove_void_call       ConcatenateStringInfo(exif_profile,profile);
       profile.c:1985:15 cxx_remove_void_call       SetStringInfoLength(profile,GetStringInfoLength(exif_profile));
       profile.c:1986:15 cxx_remove_void_call       SetStringInfo(profile,exif_profile);
       profile.c:2009:16 cxx_eq_to_ne               if (document == (xmlDocPtr) NULL)
       profile.c:2015:3 cxx_remove_void_call       xmlFreeDoc(document);
    x  profile.c:2043:24 cxx_ne_to_eq               if (IsEventLogging() != MagickFalse)
    x  profile.c:2046:32 cxx_gt_to_ge               if ((length == 0) || (length > GetMaxProfileSize()))
       profile.c:2048:18 cxx_ne_to_eq               if (length != 0)
    x  profile.c:2056:34 cxx_eq_to_ne               if ((LocaleCompare(name,"xmp") == 0) &&
    x  profile.c:2071:15 cxx_gt_to_ge               if ((length > 4) && (LocaleCompare(key,"app1") == 0) &&
    x  profile.c:2085:23 cxx_eq_to_ne               if (recursive == MagickFalse)
    x  profile.c:2086:11 cxx_remove_void_call       WriteTo8BimProfile(image,key,profile);
    x  profile.c:2097:14 cxx_gt_to_ge               if (length > GetMaxProfileSize())
    x  profile.c:2257:15 cxx_lt_to_le               if (*length < 2)
    x  profile.c:2309:19 cxx_ne_to_eq               if ((components != 1) || ((format != 3) && (format != 4)))
    x  profile.c:2309:37 cxx_ne_to_eq               if ((components != 1) || ((format != 3) && (format != 4)))
    x  profile.c:2309:54 cxx_ne_to_eq               if ((components != 1) || ((format != 3) && (format != 4)))
    x  profile.c:2311:15 cxx_eq_to_ne               if ((format == 3) && (dimension <= MAGICK_USHORT_MAX))
    x  profile.c:2311:35 cxx_le_to_gt               if ((format == 3) && (dimension <= MAGICK_USHORT_MAX))
    x  profile.c:2311:35 cxx_le_to_lt               if ((format == 3) && (dimension <= MAGICK_USHORT_MAX))
       profile.c:2313:7 cxx_remove_void_call       WriteProfileShort(endian,(unsigned short) dimension,value);
    x  profile.c:2316:17 cxx_gt_to_ge               if (dimension > UINT32_MAX)
    x  profile.c:2316:17 cxx_gt_to_le               if (dimension > UINT32_MAX)
    x  profile.c:2318:14 cxx_eq_to_ne               if (format == 3)
       profile.c:2319:5 cxx_remove_void_call       WriteProfileShort(endian,4,entry+2);
    x  profile.c:2320:3 cxx_remove_void_call       WriteProfileLong(endian,dimension,value);
    x  profile.c:2372:14 cxx_lt_to_le               if (length < 16)
    x  profile.c:2393:18 cxx_lt_to_le               if (length < 16)
    x  profile.c:2411:15 cxx_lt_to_le               if ((offset < 0) || ((size_t) offset >= length))
    x  profile.c:2411:40 cxx_ge_to_gt               if ((offset < 0) || ((size_t) offset >= length))
    x  profile.c:2428:20 cxx_lt_to_le               if ((directory < exif) || (directory > (exif+length-2)))
    x  profile.c:2428:42 cxx_gt_to_ge               if ((directory < exif) || (directory > (exif+length-2)))
    x  profile.c:2433:28 cxx_sub_to_add             directory_length=length-(size_t) (directory-exif);
    x  profile.c:2433:48 cxx_sub_to_add             directory_length=length-(size_t) (directory-exif);
    x  profile.c:2434:26 cxx_lt_to_le               if (directory_length < 6)
    x  profile.c:2438:24 cxx_gt_to_ge               if (number_entries > ((directory_length-6)/12))
    x  profile.c:2438:44 cxx_sub_to_add             if (number_entries > ((directory_length-6)/12))
    x  profile.c:2438:47 cxx_div_to_mul             if (number_entries > ((directory_length-6)/12))
    x  profile.c:2440:19 cxx_lt_to_le               for ( ; entry < number_entries; entry++)
    x  profile.c:2459:13 cxx_gt_to_ge               if (q > (exif+length-12))
    x  profile.c:2466:19 cxx_lt_to_le               if ((format < 0) || ((format-1) >= EXIF_NUM_FORMATS))
    x  profile.c:2466:35 cxx_sub_to_add             if ((format < 0) || ((format-1) >= EXIF_NUM_FORMATS))
    x  profile.c:2466:39 cxx_ge_to_gt               if ((format < 0) || ((format-1) >= EXIF_NUM_FORMATS))
    x  profile.c:2469:22 cxx_lt_to_le               if (components < 0)
    x  profile.c:2472:34 cxx_lt_to_le               if ((ssize_t) number_bytes < components)
    x  profile.c:2482:23 cxx_lt_to_le               if ((offset < 0) ||
    x  profile.c:2483:32 cxx_add_to_sub             ((size_t) (offset+(ssize_t) number_bytes) > length))
    x  profile.c:2485:23 cxx_lt_to_le               if (~length < number_bytes)
       profile.c:2494:25 cxx_eq_to_ne               if (directory == ifd0)
       profile.c:2495:13 cxx_remove_void_call       WriteProfileDimension(endian,tag_value == TAG_IMAGE_WIDTH ?
       profile.c:2495:52 cxx_eq_to_ne               WriteProfileDimension(endian,tag_value == TAG_IMAGE_WIDTH ?
    x  profile.c:2502:25 cxx_eq_to_ne               if (directory == exif_directory)
    x  profile.c:2503:13 cxx_remove_void_call       WriteProfileDimension(endian,tag_value == TAG_PIXEL_X_DIMENSION ?
    x  profile.c:2503:52 cxx_eq_to_ne               WriteProfileDimension(endian,tag_value == TAG_PIXEL_X_DIMENSION ?
    x  profile.c:2553:23 cxx_eq_to_ne               if (((tag_value == TAG_EXIF_OFFSET) ||
    x  profile.c:2554:23 cxx_eq_to_ne               (tag_value == TAG_INTEROP_OFFSET)) && (format == 4) &&
    x  profile.c:2554:58 cxx_eq_to_ne               (tag_value == TAG_INTEROP_OFFSET)) && (format == 4) &&
    x  profile.c:2555:23 cxx_eq_to_ne               (components == 1) && (number_bytes == 4))
    x  profile.c:2555:46 cxx_eq_to_ne               (components == 1) && (number_bytes == 4))
    x  profile.c:2558:32 cxx_lt_to_ge               if (((size_t) offset < (length-1)) &&
    x  profile.c:2558:32 cxx_lt_to_le               if (((size_t) offset < (length-1)) &&
    x  profile.c:2558:41 cxx_sub_to_add             if (((size_t) offset < (length-1)) &&
    x  profile.c:2559:22 cxx_lt_to_ge               (level < (MaxDirectoryStack-2)))
    x  profile.c:2559:22 cxx_lt_to_le               (level < (MaxDirectoryStack-2)))
    x  profile.c:2561:30 cxx_eq_to_ne               if ((directory == ifd0) && (tag_value == TAG_EXIF_OFFSET))
    x  profile.c:2561:53 cxx_eq_to_ne               if ((directory == ifd0) && (tag_value == TAG_EXIF_OFFSET))
    x  profile.c:2564:20 cxx_post_inc_to_post_dec   entry++;
    x  profile.c:2566:20 cxx_post_inc_to_post_dec   level++;
    x  profile.c:2569:20 cxx_post_inc_to_post_dec   level++;
    x  profile.c:2570:35 cxx_mul_to_div             if ((directory+2+(12*number_entries)) > (exif+length))
    x  profile.c:2570:53 cxx_gt_to_ge               if ((directory+2+(12*number_entries)) > (exif+length))
    x  profile.c:2570:53 cxx_gt_to_le               if ((directory+2+(12*number_entries)) > (exif+length))
    x  profile.c:2572:70 cxx_mul_to_div             offset=(ssize_t) ReadProfileLong(endian,directory+2+(12*
    x  profile.c:2574:27 cxx_ne_to_eq               if ((offset != 0) && ((size_t) offset < (length-1)) &&
    x  profile.c:2574:53 cxx_lt_to_ge               if ((offset != 0) && ((size_t) offset < (length-1)) &&
    x  profile.c:2574:53 cxx_lt_to_le               if ((offset != 0) && ((size_t) offset < (length-1)) &&
    x  profile.c:2574:62 cxx_sub_to_add             if ((offset != 0) && ((size_t) offset < (length-1)) &&
    x  profile.c:2575:26 cxx_lt_to_ge               (level < (MaxDirectoryStack-2)))
    x  profile.c:2575:26 cxx_lt_to_le               (level < (MaxDirectoryStack-2)))
    x  profile.c:2579:24 cxx_post_inc_to_post_dec   level++;
    x  profile.c:2616:16 cxx_lt_to_le               if (length < 7)
    x  profile.c:2620:16 cxx_ge_to_gt               if ((count >= (ssize_t) length) || (count < 0))
    x  profile.c:2627:46 cxx_lt_to_le               if ((count > (ssize_t) length) || (count < 0))
       profile.c:2632:11 cxx_remove_void_call       WriteProfileLong(MSBEndian,(unsigned int) CastDoubleToSsizeT(
       profile.c:2633:32 cxx_mul_to_div             image->resolution.x*2.54*65536.0),p);
       profile.c:2633:37 cxx_mul_to_div             image->resolution.x*2.54*65536.0),p);
    x  profile.c:2637:9 cxx_remove_void_call       WriteProfileShort(MSBEndian,(unsigned short) image->units,p+4);
       profile.c:2639:11 cxx_remove_void_call       WriteProfileLong(MSBEndian,(unsigned int) CastDoubleToSsizeT(
       profile.c:2640:32 cxx_mul_to_div             image->resolution.y*2.54*65536.0),p+8);
       profile.c:2640:37 cxx_mul_to_div             image->resolution.y*2.54*65536.0),p+8);
    x  profile.c:2644:9 cxx_remove_void_call       WriteProfileShort(MSBEndian,(unsigned short) image->units,p+12);
    x  profile.c:2646:12 cxx_eq_to_ne               if (id == 0x0422)
       profile.c:2647:7 cxx_remove_void_call       SyncExifProfile(image,p,(size_t) count);
    x  profile.c:2668:18 cxx_gt_to_ge               if (new_length > length)
    x  profile.c:2671:59 cxx_sub_to_add             (void) memmove(datum+start+value_length,datum+end,length-end);
    x  profile.c:2674:18 cxx_lt_to_le               if (new_length < length)
    x  profile.c:2696:38 cxx_sub_to_add             if ((pos == (char *) NULL) || ((pos-datum) < 1) || (*(pos-1) != '<') ||
    x  profile.c:2696:46 cxx_lt_to_le               if ((pos == (char *) NULL) || ((pos-datum) < 1) || (*(pos-1) != '<') ||
    x  profile.c:2697:29 cxx_add_to_sub             (((size_t) (pos-datum)+tag_length) > length) ||
    x  profile.c:2697:42 cxx_gt_to_ge               (((size_t) (pos-datum)+tag_length) > length) ||
    x  profile.c:2744:13 cxx_le_to_lt               if (value <= MagickEpsilon)
    x  profile.c:2746:13 cxx_gt_to_ge               if (value > (double) MAGICK_ULONG_MAX)
    x  profile.c:2763:15 cxx_lt_to_le               for (i=0; i < 128; i++)
    x  profile.c:2763:23 cxx_post_inc_to_post_dec   for (i=0; i < 128; i++)
    x  profile.c:2779:22 cxx_div_to_mul             approximation=num/(double) den;
    x  profile.c:2780:27 cxx_sub_to_add             if (fabs(approximation-value) <= MagickEpsilon)
    x  profile.c:2780:35 cxx_le_to_lt               if (fabs(approximation-value) <= MagickEpsilon)
    x  profile.c:2783:18 cxx_le_to_lt               if (fraction <= 0.0)
    x  profile.c:2815:36 cxx_sub_to_add             if ((fabs(image->resolution.x-image->resolution.y) > MagickEpsilon) ||
    x  profile.c:2815:58 cxx_gt_to_ge               if ((fabs(image->resolution.x-image->resolution.y) > MagickEpsilon) ||
    x  profile.c:2816:19 cxx_eq_to_ne               (*value == '\0'))
    x  profile.c:2978:16 cxx_ne_to_eq               if ((count != 0) && ((size_t) count <= length))
    x  profile.c:2978:41 cxx_le_to_gt               if ((count != 0) && ((size_t) count <= length))
    x  profile.c:2978:41 cxx_le_to_lt               if ((count != 0) && ((size_t) count <= length))
    x  profile.c:2986:16 cxx_lt_to_le               if ((count < 0) || ((size_t) count > length))
    x  profile.c:2991:13 cxx_gt_to_ge               if ((id > 1999) && (id < 2999))
    x  profile.c:2991:28 cxx_lt_to_le               if ((id > 1999) && (id < 2999))
  (x: the oracle executes this line; c: capped, not every reaching case ran)

  full results: build-oracle/work/mutation-extnew2-profile.json
