mutate: 116 mutants in MagickCore/geometry\.c$, 11 functions
mutate: baseline over 11208 cases in 0s
  mutants: 25/116 (1114s)
  mutants: 50/116 (1932s)
  mutants: 75/116 (2560s)
  mutants: 100/116 (2820s)
  mutants: 116/116 (3597s)

mutate: 116 mutants, 3597s
  killed 7, survived 105 (0 capped), no coverage 4, errors 0
  mutation score on reached code: 6.2%   overall: 6.0%

  function                           total killed survived no-cov
  ParseGeometry                         39      1       38      0
  ParseMetaGeometry                     23      0       23      0
  ParseGravityGeometry                  22      0       22      0
  GetGeometry                           15      5       10      0
  ListPagesizes                          4      0        0      4
  ParseAffineGeometry                    4      0        4      0
  IsSceneGeometry                        3      0        3      0
  GetPageGeometry                        2      0        2      0
  ParsePageGeometry                      2      1        1      0
  SetGeometry                            1      0        1      0
  SetGeometryInfo                        1      0        1      0

  survivors (equivalent, or a gap in the catalogue):
    x  geometry.c:225:24 cxx_ge_to_gt               if (strlen(geometry) >= (MagickPathExtent-1))
    x  geometry.c:343:14 cxx_eq_to_ne               if ((c == 215) || (*q == 'x') || (*q == 'X') || (*q == ':') ||
    x  geometry.c:343:59 cxx_eq_to_ne               if ((c == 215) || (*q == 'x') || (*q == 'X') || (*q == ':') ||
    x  geometry.c:364:14 cxx_eq_to_ne               if ((c == 215) || (*p == 'x') || (*p == 'X') || (*p == ':'))
    x  geometry.c:364:44 cxx_eq_to_ne               if ((c == 215) || (*p == 'x') || (*p == 'X') || (*p == ':'))
    x  geometry.c:364:59 cxx_eq_to_ne               if ((c == 215) || (*p == 'x') || (*p == 'X') || (*p == ':'))
    x  geometry.c:430:37 cxx_ne_to_eq               if (((flags & SeparatorValue) != 0) && ((flags & WidthValue) == 0) &&
    x  geometry.c:430:68 cxx_eq_to_ne               if (((flags & SeparatorValue) != 0) && ((flags & WidthValue) == 0) &&
    x  geometry.c:431:19 cxx_ne_to_eq               (height != (size_t *) NULL) && (width != (size_t *) NULL))
    x  geometry.c:431:49 cxx_ne_to_eq               (height != (size_t *) NULL) && (width != (size_t *) NULL))
    x  geometry.c:482:24 cxx_ne_to_eq               if (IsEventLogging() != MagickFalse)
    x  geometry.c:508:36 cxx_eq_to_ne               if ((flags & GreaterValue) == 0)
    x  geometry.c:684:13 cxx_gt_to_ge               if (value > (double) MAGICK_SSIZE_MAX)
    x  geometry.c:686:13 cxx_lt_to_le               if (value < (double) MAGICK_SSIZE_MIN)
    x  geometry.c:692:58 cxx_ne_to_eq               if ((pedantic != MagickFalse) && (strchr(geometry,',') != (char *) NULL))
    x  geometry.c:831:3 cxx_remove_void_call       GetAffineMatrix(affine_matrix);
    x  geometry.c:834:32 cxx_lt_to_le               for (i=0; (*p != '\0') && (i < 6); i++)
    x  geometry.c:875:69 cxx_mul_to_div             determinant=(affine_matrix->sx*affine_matrix->sy-affine_matrix->rx*
    x  geometry.c:877:25 cxx_lt_to_le               if (fabs(determinant) < MagickEpsilon)
       geometry.c:1021:20 cxx_eq_to_ne               if (*(p+1) == ')')
    x  geometry.c:1115:15 cxx_ne_to_eq               if (((c != 215) && (*q != 'x') && (*q != 'X') && (*q != ':')) ||
    x  geometry.c:1115:30 cxx_ne_to_eq               if (((c != 215) && (*q != 'x') && (*q != 'X') && (*q != ':')) ||
    x  geometry.c:1115:45 cxx_ne_to_eq               if (((c != 215) && (*q != 'x') && (*q != 'X') && (*q != ':')) ||
    x  geometry.c:1115:60 cxx_ne_to_eq               if (((c != 215) && (*q != 'x') && (*q != 'X') && (*q != ':')) ||
    x  geometry.c:1129:71 cxx_eq_to_ne               if ((*p == '+') || (*p == '-') || (*p == ',') || (*p == '/') || (*p == ':'))
    x  geometry.c:1153:30 cxx_eq_to_ne               if ((*p == '+') || (*p == '-') || (*p == ',') || (*p == '/') ||
    x  geometry.c:1153:45 cxx_eq_to_ne               if ((*p == '+') || (*p == '-') || (*p == ',') || (*p == '/') ||
    x  geometry.c:1153:60 cxx_eq_to_ne               if ((*p == '+') || (*p == '-') || (*p == ',') || (*p == '/') ||
    x  geometry.c:1154:15 cxx_eq_to_ne               (*p == ':'))
    x  geometry.c:1159:19 cxx_eq_to_ne               if ((*p == ',') || (*p == '/') || (*p == ':'))
    x  geometry.c:1159:34 cxx_eq_to_ne               if ((*p == ',') || (*p == '/') || (*p == ':'))
    x  geometry.c:1159:49 cxx_eq_to_ne               if ((*p == ',') || (*p == '/') || (*p == ':'))
    x  geometry.c:1161:22 cxx_eq_to_ne               while ((*p == '+') || (*p == '-'))
    x  geometry.c:1173:24 cxx_minus_to_noop          value=(-value);
    x  geometry.c:1177:50 cxx_ne_to_eq               while (isspace((int) ((unsigned char) *p)) != 0)
    x  geometry.c:1179:15 cxx_eq_to_ne               if ((*p == '+') || (*p == '-') || (*p == ',') || (*p == '/') ||
    x  geometry.c:1179:30 cxx_eq_to_ne               if ((*p == '+') || (*p == '-') || (*p == ',') || (*p == '/') ||
    x  geometry.c:1179:45 cxx_eq_to_ne               if ((*p == '+') || (*p == '-') || (*p == ',') || (*p == '/') ||
    x  geometry.c:1179:60 cxx_eq_to_ne               if ((*p == '+') || (*p == '-') || (*p == ',') || (*p == '/') ||
    x  geometry.c:1180:15 cxx_eq_to_ne               (*p == ':'))
       geometry.c:1185:19 cxx_eq_to_ne               if ((*p == ',') || (*p == '/') || (*p == ':'))
       geometry.c:1185:34 cxx_eq_to_ne               if ((*p == ',') || (*p == '/') || (*p == ':'))
       geometry.c:1185:49 cxx_eq_to_ne               if ((*p == ',') || (*p == '/') || (*p == ':'))
       geometry.c:1187:22 cxx_eq_to_ne               while ((*p == '+') || (*p == '-'))
       geometry.c:1187:37 cxx_eq_to_ne               while ((*p == '+') || (*p == '-'))
       geometry.c:1189:20 cxx_eq_to_ne               if (*p == '-')
       geometry.c:1195:17 cxx_ne_to_eq               if (p != q)
       geometry.c:1198:41 cxx_ne_to_eq               if ((flags & ChiNegative) != 0)
       geometry.c:1199:24 cxx_minus_to_noop          value=(-value);
    x  geometry.c:1212:30 cxx_ne_to_eq               if (((flags & XiValue) != 0) && (geometry_info->xi == 0.0))
    x  geometry.c:1215:27 cxx_ne_to_eq               if (((flags & RhoValue) != 0) && ((flags & SigmaValue) == 0) &&
    x  geometry.c:1216:26 cxx_ne_to_eq               ((flags & XiValue) != 0) && ((flags & XiNegative) != 0))
    x  geometry.c:1216:57 cxx_ne_to_eq               ((flags & XiValue) != 0) && ((flags & XiNegative) != 0))
       geometry.c:1218:30 cxx_eq_to_ne               if ((flags & PsiValue) == 0)
       geometry.c:1229:32 cxx_eq_to_ne               if ((flags & ChiValue) == 0)
    x  geometry.c:1256:37 cxx_eq_to_ne               if (((flags & SeparatorValue) == 0) && ((flags & SigmaValue) == 0))
    x  geometry.c:1258:37 cxx_ne_to_eq               if (((flags & SeparatorValue) != 0) && ((flags & RhoValue) == 0))
    x  geometry.c:1323:24 cxx_ne_to_eq               if (IsEventLogging() != MagickFalse)
    x  geometry.c:1328:25 cxx_ne_to_eq               if (image->page.width != 0)
    x  geometry.c:1330:26 cxx_ne_to_eq               if (image->page.height != 0)
       geometry.c:1386:30 cxx_lt_to_ge               if (geometry_ratio < image_ratio)
       geometry.c:1386:30 cxx_lt_to_le               if (geometry_ratio < image_ratio)
       geometry.c:1387:71 cxx_mul_to_div             region_info->height=CastDoubleToSizeT((double) image->rows*
       geometry.c:1388:26 cxx_div_to_mul             image_ratio/geometry_ratio+0.5);
       geometry.c:1388:41 cxx_add_to_sub             image_ratio/geometry_ratio+0.5);
       geometry.c:1390:73 cxx_mul_to_div             region_info->width=CastDoubleToSizeT((double) image->columns*
       geometry.c:1391:29 cxx_div_to_mul             geometry_ratio/image_ratio+0.5);
       geometry.c:1391:41 cxx_add_to_sub             geometry_ratio/image_ratio+0.5);
    x  geometry.c:1394:28 cxx_ge_to_gt               if (geometry_ratio >= image_ratio)
       geometry.c:1412:29 cxx_lt_to_ge               if ((region_info->width < image->columns) &&
       geometry.c:1412:29 cxx_lt_to_le               if ((region_info->width < image->columns) &&
       geometry.c:1413:30 cxx_lt_to_ge               (region_info->height < image->rows))
       geometry.c:1413:30 cxx_lt_to_le               (region_info->height < image->rows))
       geometry.c:1415:9 cxx_remove_void_call       SetGeometry(image,region_info);
    x  geometry.c:1419:29 cxx_gt_to_ge               if ((region_info->width > image->columns) &&
    x  geometry.c:1419:29 cxx_gt_to_le               if ((region_info->width > image->columns) &&
    x  geometry.c:1420:30 cxx_gt_to_ge               (region_info->height > image->rows))
    x  geometry.c:1420:30 cxx_gt_to_le               (region_info->height > image->rows))
       geometry.c:1422:9 cxx_remove_void_call       SetGeometry(image,region_info);
    x  geometry.c:1493:24 cxx_ne_to_eq               if (IsEventLogging() != MagickFalse)
    x  geometry.c:1502:3 cxx_remove_void_call       SetGeometryInfo(&geometry_info);
    x  geometry.c:1540:26 cxx_ge_to_gt               if (geometry_ratio >= image_ratio)
    x  geometry.c:1579:34 cxx_gt_to_ge               if (scale_factor > ((double) *height/(double) stasis_height))
    x  geometry.c:1583:32 cxx_lt_to_le               if (scale_factor < ((double) *height/(double) stasis_height))
    x  geometry.c:1591:33 cxx_lt_to_le               (scale_factor < ((double) *width/(double) stasis_height)))
    x  geometry.c:1591:51 cxx_div_to_mul             (scale_factor < ((double) *width/(double) stasis_height)))
    x  geometry.c:1597:43 cxx_ne_to_eq               if (((flags & MinimumValue) != 0) &&
    x  geometry.c:1598:33 cxx_lt_to_le               (scale_factor < ((double) *height/(double) stasis_width)))
       geometry.c:1599:46 cxx_div_to_mul             scale_factor=(double) *height/(double) stasis_width;
    x  geometry.c:1608:24 cxx_lt_to_le               if (stasis_width < *width)
    x  geometry.c:1610:25 cxx_lt_to_le               if (stasis_height < *height)
    x  geometry.c:1615:24 cxx_gt_to_ge               if (stasis_width > *width)
    x  geometry.c:1617:25 cxx_gt_to_ge               if (stasis_height > *height)
    x  geometry.c:1633:29 cxx_add_to_sub             area=geometry_info.rho+sqrt(MagickEpsilon);
    x  geometry.c:1635:36 cxx_mul_to_div             scale.x=(double) stasis_width*MagickSafeReciprocal(distance*
    x  geometry.c:1635:66 cxx_mul_to_div             scale.x=(double) stasis_width*MagickSafeReciprocal(distance*
    x  geometry.c:1637:37 cxx_mul_to_div             scale.y=(double) stasis_height*MagickSafeReciprocal(distance*
    x  geometry.c:1637:67 cxx_mul_to_div             scale.y=(double) stasis_height*MagickSafeReciprocal(distance*
    x  geometry.c:1639:20 cxx_lt_to_ge               if ((scale.x < (double) *width) || (scale.y < (double) *height))
    x  geometry.c:1639:20 cxx_lt_to_le               if ((scale.x < (double) *width) || (scale.y < (double) *height))
    x  geometry.c:1639:51 cxx_lt_to_ge               if ((scale.x < (double) *width) || (scale.y < (double) *height))
    x  geometry.c:1639:51 cxx_lt_to_le               if ((scale.x < (double) *width) || (scale.y < (double) *height))
    x  geometry.c:1709:32 cxx_ne_to_eq               (((flags & PercentValue) != 0) || ((flags & SeparatorValue) == 0)))
    x  geometry.c:1795:24 cxx_ne_to_eq               if (IsEventLogging() != MagickFalse)
    x  geometry.c:1828:24 cxx_ne_to_eq               if (IsEventLogging() != MagickFalse)
  (x: the oracle executes this line; c: capped, not every reaching case ran)

  full results: build-oracle/work/mutation-extnew-geometry.json
