mutate: 328 mutants in MagickCore/image\.c$, 45 functions
mutate: baseline over 11231 cases in 0s
  mutants: 25/328 (151s)
  mutants: 50/328 (1335s)
  mutants: 75/328 (2434s)
  mutants: 100/328 (2563s)
  mutants: 125/328 (2748s)
  mutants: 150/328 (3262s)
  mutants: 175/328 (3843s)
  mutants: 200/328 (5018s)
  mutants: 225/328 (5079s)
  mutants: 250/328 (5095s)
  mutants: 275/328 (5102s)
  mutants: 300/328 (5270s)
  mutants: 325/328 (6085s)
  mutants: 328/328 (6167s)

mutate: 328 mutants, 6167s
  killed 47, survived 197 (0 capped), no coverage 84, errors 0
  mutation score on reached code: 19.3%   overall: 14.3%

  function                           total killed survived no-cov
  AcquireImage                          26      6       20      0
  SetImageRegionMask                    25      0        0     25
  SmushYGap                             24     13       11      0
  SmushXGap                             23     11       12      0
  SetImageInfo                          21      0       21      0
  GetImageMask                          19      0        0     19
  InterpretImageFilename                18      0       18      0
  DestroyImage                          13      0       13      0
  SyncImageSettings                     13      9        4      0
  AppendImages                          12      4        8      0
  NewMagickImage                        12      0        0     12
  DestroyImageInfo                      11      0       11      0
  SetImageColor                         11      0        0     11
  CopyImagePixels                        8      0        8      0
  CloneImage                             7      1        6      0
  ResetImagePixels                       6      0        6      0
  SetImageInfoFromExtension              6      0        6      0
  SmushImages                            6      0        6      0
  ClipImagePath                          5      0        5      0
  CloneImageInfo                         5      1        4      0
  IsTaintImage                           5      0        0      5
  ModifyImage                            5      0        0      5
  ResetImagePage                         5      2        3      0
  SetImageMask                           4      0        4      0
  AcquireNextImage                       3      0        3      0
  GetImageInfo                           3      0        3      0
  GetImageReferenceCount                 3      0        0      3
  IsImageObject                          3      0        0      3
  CatchImageException                    2      0        2      0
  DisassociateImageStream                2      0        2      0
  IsValidFormatSpecifier                 2      0        2      0
  IsHighDynamicRangeImage                2      0        2      0
  ReferenceImage                         2      0        2      0
  SetImageAlpha                          2      0        2      0
  SetImageBackgroundColor                2      0        2      0
  SetImageExtent                         2      0        2      0
  StripImage                             2      0        2      0
  GetImageVirtualPixelMethod             1      0        1      0
  SetImageStorageClass                   1      0        1      0
  SetImageInfoBlob                       1      0        1      0
  SetImageInfoCustomStream               1      0        0      1
  SetImageInfoFile                       1      0        1      0
  SetImageVirtualPixelMethod             1      0        1      0
  SyncImage                              1      0        1      0
  SyncImagesSettings                     1      0        1      0

  survivors (equivalent, or a gap in the catalogue):
    x  image.c:153:24 cxx_ne_to_eq               if (IsEventLogging() != MagickFalse)
    x  image.c:181:3 cxx_remove_void_call       GetPixelInfoRGBA(BackgroundColorRGBA,&image->background_color);
    x  image.c:182:3 cxx_remove_void_call       GetPixelInfoRGBA(BorderColorRGBA,&image->border_color);
    x  image.c:183:3 cxx_remove_void_call       GetPixelInfoRGBA(MatteColorRGBA,&image->matte_color);
    x  image.c:184:3 cxx_remove_void_call       GetPixelInfoRGBA(TransparentColorRGBA,&image->transparent_color);
    x  image.c:208:3 cxx_remove_void_call       SetBlobExempt(image,image_info->file != (FILE *) NULL ? MagickTrue :
    x  image.c:208:40 cxx_ne_to_eq               SetBlobExempt(image,image_info->file != (FILE *) NULL ? MagickTrue :
    x  image.c:224:27 cxx_ne_to_eq               if (image_info->extract != (char *) NULL)
    x  image.c:231:29 cxx_ne_to_eq               if (((flags & XValue) != 0) || ((flags & YValue) != 0))
    x  image.c:231:56 cxx_ne_to_eq               if (((flags & XValue) != 0) || ((flags & YValue) != 0))
    x  image.c:243:27 cxx_ne_to_eq               if (image_info->density != (char *) NULL)
    x  image.c:249:30 cxx_ne_to_eq               if ((flags & RhoValue) != 0)
    x  image.c:252:32 cxx_ne_to_eq               if ((flags & SigmaValue) != 0)
    x  image.c:293:37 cxx_gt_to_ge               if ((double) image->delay > floor(geometry_info.rho+0.5))
    x  image.c:293:62 cxx_add_to_sub             if ((double) image->delay > floor(geometry_info.rho+0.5))
       image.c:294:77 cxx_add_to_sub             image->delay=(size_t) CastDoubleToSsizeT(floor(geometry_info.rho+
    x  image.c:300:39 cxx_lt_to_le               if ((double) image->delay < floor(geometry_info.rho+0.5))
    x  image.c:300:64 cxx_add_to_sub             if ((double) image->delay < floor(geometry_info.rho+0.5))
    x  image.c:305:75 cxx_add_to_sub             image->delay=(size_t) CastDoubleToSsizeT(floor(geometry_info.rho+
    x  image.c:308:77 cxx_add_to_sub             image->ticks_per_second=CastDoubleToSsizeT(floor(geometry_info.sigma+
    x  image.c:385:24 cxx_ne_to_eq               if (IsEventLogging() != MagickFalse)
    x  image.c:392:18 cxx_ne_to_eq               if (image_info != (ImageInfo *) NULL)
    x  image.c:395:3 cxx_remove_void_call       DestroyBlob(GetNextImageInList(image));
    x  image.c:482:24 cxx_ne_to_eq               if (IsEventLogging() != MagickFalse)
    x  image.c:494:21 cxx_gt_to_ge               if (next->depth > depth)
    x  image.c:496:20 cxx_ne_to_eq               if (next->type != images->type)
    x  image.c:505:27 cxx_gt_to_ge               if (next->columns > width)
    x  image.c:511:20 cxx_gt_to_ge               if (next->rows > height)
    x  image.c:548:5 cxx_remove_void_call       GravityAdjustGeometry(next->columns,next->rows,next->gravity,&geometry);
    x  image.c:549:15 cxx_ne_to_eq               if (stack != MagickFalse)
    x  image.c:585:7 cxx_remove_void_call       GetPixelInfo(next,&pixel);
    x  image.c:653:24 cxx_ne_to_eq               if (IsEventLogging() != MagickFalse)
    x  image.c:656:3 cxx_remove_void_call       CatchException(exception);
    x  image.c:721:24 cxx_ne_to_eq               if (IsEventLogging() != MagickFalse)
       image.c:744:17 cxx_eq_to_ne               if (clip_mask == (Image *) NULL)
       image.c:746:32 cxx_eq_to_ne               if (clip_mask->storage_class == PseudoClass)
       image.c:749:65 cxx_eq_to_ne               if (SetImageStorageClass(clip_mask,DirectClass,exception) == MagickFalse)
       image.c:752:14 cxx_ne_to_eq               if (inside != MagickFalse)
    x  image.c:820:24 cxx_ne_to_eq               if (IsEventLogging() != MagickFalse)
    x  image.c:847:22 cxx_ne_to_eq               if (image->ascii85 != (void *) NULL)
    x  image.c:848:5 cxx_remove_void_call       Ascii85Initialize(clone_image);
    x  image.c:898:26 cxx_ne_to_eq               if (image->montage != (char *) NULL)
    x  image.c:900:28 cxx_ne_to_eq               if (image->directory != (char *) NULL)
    x  image.c:915:44 cxx_lt_to_le               if (MagickAbsoluteValue(scale_x-scale_y) < 2.0)
    x  image.c:974:26 cxx_ne_to_eq               if (image_info->scenes != (char *) NULL)
    x  image.c:976:24 cxx_ne_to_eq               if (image_info->page != (char *) NULL)
    x  image.c:985:31 cxx_ne_to_eq               if (image_info->server_name != (char *) NULL)
    x  image.c:989:27 cxx_ne_to_eq               if (image_info->texture != (char *) NULL)
    x  image.c:1088:24 cxx_ne_to_eq               if (IsEventLogging() != MagickFalse)
    x  image.c:1091:18 cxx_add_to_sub             ((offset->x+(ssize_t) geometry->width) > (ssize_t) image->columns) ||
    x  image.c:1092:18 cxx_add_to_sub             ((offset->y+(ssize_t) geometry->height) > (ssize_t) image->rows))
    x  image.c:1124:58 cxx_add_to_sub             p=GetCacheViewVirtualPixels(source_view,geometry->x,y+geometry->y,
    x  image.c:1126:59 cxx_add_to_sub             q=QueueCacheViewAuthenticPixels(image_view,offset->x,y+offset->y,
    x  image.c:1155:33 cxx_ne_to_eq               if (image->progress_monitor != (MagickProgressMonitor) NULL)
       image.c:1163:17 cxx_post_inc_to_post_dec   progress++;
       image.c:1165:21 cxx_eq_to_ne               if (proceed == MagickFalse)
    x  image.c:1207:24 cxx_ne_to_eq               if (IsEventLogging() != MagickFalse)
    x  image.c:1220:3 cxx_remove_void_call       DestroyImagePixels(image);
    x  image.c:1222:22 cxx_ne_to_eq               if (image->montage != (char *) NULL)
    x  image.c:1224:24 cxx_ne_to_eq               if (image->directory != (char *) NULL)
    x  image.c:1226:23 cxx_ne_to_eq               if (image->colormap != (PixelInfo *) NULL)
    x  image.c:1228:23 cxx_ne_to_eq               if (image->geometry != (char *) NULL)
    x  image.c:1230:3 cxx_remove_void_call       DestroyImageProfiles(image);
    x  image.c:1231:3 cxx_remove_void_call       DestroyImageProperties(image);
    x  image.c:1232:3 cxx_remove_void_call       DestroyImageArtifacts(image);
    x  image.c:1233:22 cxx_ne_to_eq               if (image->ascii85 != (Ascii85Info *) NULL)
    x  image.c:1237:3 cxx_remove_void_call       DestroyBlob(image);
    x  image.c:1238:24 cxx_ne_to_eq               if (image->semaphore != (SemaphoreInfo *) NULL)
    x  image.c:1239:5 cxx_remove_void_call       RelinquishSemaphoreInfo(&image->semaphore);
    x  image.c:1272:24 cxx_ne_to_eq               if (IsEventLogging() != MagickFalse)
    x  image.c:1275:24 cxx_ne_to_eq               if (image_info->size != (char *) NULL)
    x  image.c:1277:27 cxx_ne_to_eq               if (image_info->extract != (char *) NULL)
    x  image.c:1279:26 cxx_ne_to_eq               if (image_info->scenes != (char *) NULL)
    x  image.c:1281:24 cxx_ne_to_eq               if (image_info->page != (char *) NULL)
    x  image.c:1283:35 cxx_ne_to_eq               if (image_info->sampling_factor != (char *) NULL)
    x  image.c:1286:31 cxx_ne_to_eq               if (image_info->server_name != (char *) NULL)
    x  image.c:1289:24 cxx_ne_to_eq               if (image_info->font != (char *) NULL)
    x  image.c:1291:27 cxx_ne_to_eq               if (image_info->texture != (char *) NULL)
    x  image.c:1293:27 cxx_ne_to_eq               if (image_info->density != (char *) NULL)
    x  image.c:1300:3 cxx_remove_void_call       DestroyImageOptions(image_info);
    x  image.c:1334:24 cxx_ne_to_eq               if (IsEventLogging() != MagickFalse)
    x  image.c:1336:3 cxx_remove_void_call       DisassociateBlob(image);
    x  image.c:1370:24 cxx_ne_to_eq               if (IsEventLogging() != MagickFalse)
    x  image.c:1381:19 cxx_ne_to_eq               if (synchronize != (const char *) NULL)
    x  image.c:1391:54 cxx_ne_to_eq               image_info->debug=(GetLogEventMask() & ImageEvent) != 0 ? MagickTrue :
    x  image.c:1624:24 cxx_ne_to_eq               if (IsEventLogging() != MagickFalse)
    x  image.c:1692:17 cxx_lt_to_ge               for ( ; i < (length-1); i++)
    x  image.c:1692:32 cxx_post_inc_to_post_dec   for ( ; i < (length-1); i++)
    x  image.c:1718:19 cxx_ne_to_eq               if (literal != (char *) NULL)
    x  image.c:1723:15 cxx_ne_to_eq               if (literal != (char *) NULL)
    x  image.c:1725:45 cxx_lt_to_le               while ((*cursor != '\0') && ((p-filename) < ((ssize_t) MagickPathExtent-1)))
    x  image.c:1768:24 cxx_le_to_lt               if ((count <= 0) || ((size_t) count != pattern_length))
    x  image.c:1770:28 cxx_add_to_sub             if ((p-filename+(ssize_t) pattern_length) >= MagickPathExtent)
    x  image.c:1770:55 cxx_ge_to_gt               if ((p-filename+(ssize_t) pattern_length) >= MagickPathExtent)
    x  image.c:1772:73 cxx_sub_to_add             (void) CopyMagickString(p,pattern,(size_t) (MagickPathExtent-
    x  image.c:1773:17 cxx_sub_to_add             (p-filename)));
    x  image.c:1801:20 cxx_ge_to_gt               if (extent >= sizeof(pattern))
    x  image.c:1812:25 cxx_ne_to_eq               (image_info != (ImageInfo *) NULL))
    x  image.c:1817:24 cxx_add_to_sub             if ((p-filename+(ssize_t) option_length) >= MagickPathExtent)
    x  image.c:1817:50 cxx_ge_to_gt               if ((p-filename+(ssize_t) option_length) >= MagickPathExtent)
    x  image.c:1819:68 cxx_sub_to_add             (void) CopyMagickString(p,option,(size_t) (MagickPathExtent-
    x  image.c:1820:13 cxx_sub_to_add             (p-filename)));
    x  image.c:1829:11 cxx_sub_to_add             if ((p-filename+1) >= MagickPathExtent)
    x  image.c:1829:20 cxx_add_to_sub             if ((p-filename+1) >= MagickPathExtent)
    x  image.c:1829:24 cxx_ge_to_gt               if ((p-filename+1) >= MagickPathExtent)
    x  image.c:1829:24 cxx_ge_to_lt               if ((p-filename+1) >= MagickPathExtent)
    x  image.c:1883:24 cxx_ne_to_eq               if (IsEventLogging() != MagickFalse)
    x  image.c:1890:15 cxx_lt_to_le               for (y=0; y < (ssize_t) image->rows; y++)
    x  image.c:2195:24 cxx_ne_to_eq               if (IsEventLogging() != MagickFalse)
    x  image.c:2198:25 cxx_post_inc_to_post_dec   image->reference_count++;
    x  image.c:2237:24 cxx_ne_to_eq               if (IsEventLogging() != MagickFalse)
       image.c:2249:28 cxx_ne_to_eq               if ((flags & XValue) != 0)
       image.c:2251:28 cxx_ne_to_eq               if ((flags & YValue) != 0)
    x  image.c:2318:24 cxx_ne_to_eq               if (IsEventLogging() != MagickFalse)
    x  image.c:2321:14 cxx_ne_to_eq               if (pixels != (void *) NULL)
    x  image.c:2338:15 cxx_lt_to_ge               for (y=0; y < (ssize_t) image->rows; y++)
    x  image.c:2346:16 cxx_eq_to_ne               if (status == MagickFalse)
    x  image.c:2354:17 cxx_lt_to_ge               for (x=0; x < (ssize_t) image->columns; x++)
    x  image.c:2356:48 cxx_mul_to_div             (void) memset(q,0,GetPixelChannels(image)*sizeof(Quantum));
    x  image.c:2411:24 cxx_ne_to_eq               if (IsEventLogging() != MagickFalse)
    x  image.c:2441:38 cxx_gt_to_ge               if (GetPixelWriteMask(image,q) > (QuantumRange/2))
    x  image.c:2497:24 cxx_ne_to_eq               if (IsEventLogging() != MagickFalse)
    x  image.c:2502:47 cxx_eq_to_ne               ((image->alpha_trait & BlendPixelTrait) == 0))
    x  image.c:2691:24 cxx_ne_to_eq               if (IsEventLogging() != MagickFalse)
    x  image.c:2731:16 cxx_gt_to_ge               if ((columns > (size_t) MAGICK_SSIZE_MAX) ||
    x  image.c:2732:13 cxx_gt_to_ge               (rows > (size_t) MAGICK_SSIZE_MAX))
    x  image.c:2831:33 cxx_ne_to_eq               (magick_info->format_type != UndefinedFormatType))
    x  image.c:2834:23 cxx_eq_to_ne               while ((format_type == UndefinedFormatType) &&
    x  image.c:2835:34 cxx_ne_to_eq               (format_type_formats[i] != (char *) NULL))
    x  image.c:2837:17 cxx_eq_to_ne               if ((*magic == *format_type_formats[i]) &&
    x  image.c:2845:21 cxx_eq_to_ne               if (format_type == ExplicitFormatType)
    x  image.c:2850:34 cxx_eq_to_ne               if (LocaleCompare(magic,"RGB") == 0)
    x  image.c:2890:24 cxx_ne_to_eq               if (IsEventLogging() != MagickFalse)
    x  image.c:2895:18 cxx_eq_to_ne               if (*component == '\0')
    x  image.c:2931:23 cxx_gt_to_ge               if (first > last)
    x  image.c:2933:23 cxx_lt_to_ge               if (first < image_info->scene)
    x  image.c:2933:23 cxx_lt_to_le               if (first < image_info->scene)
    x  image.c:2935:22 cxx_gt_to_ge               if (last > image_info->number_scenes)
    x  image.c:2951:7 cxx_remove_void_call       GetPathComponent(path,ExtensionPath,component);
    x  image.c:2990:29 cxx_eq_to_ne               if (delegate_info == (const DelegateInfo *) NULL)
    x  image.c:2992:30 cxx_eq_to_ne               if ((delegate_info == (const DelegateInfo *) NULL) &&
    x  image.c:2993:59 cxx_eq_to_ne               ((*component != '\0') && (IsGlob(component) == MagickFalse)))
    x  image.c:3011:37 cxx_ne_to_eq               if (IsStringTrue(literal) != MagickFalse)
       image.c:3012:13 cxx_remove_void_call       GetPathComponent(image_info->filename,SubcanonicalPath,component);
    x  image.c:3015:23 cxx_ne_to_eq               if (literal != (char *) NULL)
    x  image.c:3023:54 cxx_gt_to_ge               if ((image_info->adjoin != MagickFalse) && (frames > 1))
    x  image.c:3034:27 cxx_ne_to_eq               if ((image_info->adjoin != MagickFalse) && (frames > 0))
    x  image.c:3034:54 cxx_gt_to_ge               if ((image_info->adjoin != MagickFalse) && (frames > 0))
    x  image.c:3034:54 cxx_gt_to_le               if ((image_info->adjoin != MagickFalse) && (frames > 0))
    x  image.c:3087:11 cxx_remove_void_call       SetImageInfoFile(image_info,(FILE *) NULL);
    x  image.c:3109:29 cxx_minus_to_noop          (void) SeekBlob(image,-((MagickOffsetType) count),SEEK_CUR);
    x  image.c:3137:52 cxx_eq_to_ne               (GetMagickEndianSupport(magick_info) == MagickFalse))
    x  image.c:3144:48 cxx_eq_to_ne               (GetMagickEndianSupport(magick_info) == MagickFalse))
    x  image.c:3183:24 cxx_ne_to_eq               if (IsEventLogging() != MagickFalse)
    x  image.c:3254:24 cxx_ne_to_eq               if (IsEventLogging() != MagickFalse)
    x  image.c:3307:24 cxx_ne_to_eq               if (IsEventLogging() != MagickFalse)
    x  image.c:3389:14 cxx_lt_to_le               if ((x < (ssize_t) mask->columns) && (y < (ssize_t) mask->rows))
    x  image.c:3389:47 cxx_lt_to_le               if ((x < (ssize_t) mask->columns) && (y < (ssize_t) mask->rows))
       image.c:3405:11 cxx_remove_void_call       SetPixelCompositeMask(image,ClampToQuantum(intensity),q);
    x  image.c:3609:24 cxx_ne_to_eq               if (IsEventLogging() != MagickFalse)
    x  image.c:3681:3 cxx_remove_void_call       GravityAdjustGeometry(right_image->columns,right_image->rows,
    x  image.c:3684:3 cxx_remove_void_call       SetGeometry(smush_image,&left_geometry);
    x  image.c:3685:3 cxx_remove_void_call       GravityAdjustGeometry(left_image->columns,left_image->rows,
    x  image.c:3690:15 cxx_lt_to_le               for (y=0; y < (ssize_t) smush_image->rows; y++)
    x  image.c:3692:47 cxx_gt_to_ge               for (x=(ssize_t) left_image->columns-1; x > 0; x--)
    x  image.c:3697:44 cxx_sub_to_add             (((ssize_t) left_image->columns-x-1) >= (ssize_t) gap))
    x  image.c:3697:48 cxx_ge_to_gt               (((ssize_t) left_image->columns-x-1) >= (ssize_t) gap))
    x  image.c:3701:17 cxx_lt_to_le               for (x=0; x < (ssize_t) right_image->columns; x++)
    x  image.c:3707:14 cxx_add_to_sub             ((x+i) >= (ssize_t) gap))
    x  image.c:3707:18 cxx_ge_to_gt               ((x+i) >= (ssize_t) gap))
    x  image.c:3710:11 cxx_add_to_sub             if ((x+i) < (ssize_t) gap)
    x  image.c:3710:15 cxx_lt_to_le               if ((x+i) < (ssize_t) gap)
    x  image.c:3752:3 cxx_remove_void_call       GravityAdjustGeometry(bottom_image->columns,bottom_image->rows,
    x  image.c:3756:3 cxx_remove_void_call       GravityAdjustGeometry(top_image->columns,top_image->rows,top_image->gravity,
    x  image.c:3761:15 cxx_lt_to_le               for (x=0; x < (ssize_t) smush_image->columns; x++)
    x  image.c:3763:43 cxx_gt_to_ge               for (y=(ssize_t) top_image->rows-1; y > 0; y--)
    x  image.c:3768:40 cxx_sub_to_add             (((ssize_t) top_image->rows-y-1) >= (ssize_t) gap))
    x  image.c:3768:44 cxx_ge_to_gt               (((ssize_t) top_image->rows-y-1) >= (ssize_t) gap))
    x  image.c:3772:17 cxx_lt_to_le               for (y=0; y < (ssize_t) bottom_image->rows; y++)
    x  image.c:3778:14 cxx_add_to_sub             ((y+i) >= (ssize_t) gap))
    x  image.c:3778:18 cxx_ge_to_gt               ((y+i) >= (ssize_t) gap))
    x  image.c:3781:11 cxx_add_to_sub             if ((y+i) < (ssize_t) gap)
    x  image.c:3781:15 cxx_lt_to_le               if ((y+i) < (ssize_t) gap)
    x  image.c:3834:24 cxx_ne_to_eq               if (IsEventLogging() != MagickFalse)
    x  image.c:3849:27 cxx_gt_to_ge               if (next->columns > width)
    x  image.c:3849:27 cxx_gt_to_le               if (next->columns > width)
    x  image.c:3859:20 cxx_gt_to_ge               if (next->rows > height)
    x  image.c:3859:20 cxx_gt_to_le               if (next->rows > height)
    x  image.c:3881:5 cxx_remove_void_call       GravityAdjustGeometry(image->columns,image->rows,image->gravity,&geometry);
    x  image.c:3950:24 cxx_ne_to_eq               if (IsEventLogging() != MagickFalse)
    x  image.c:3952:3 cxx_remove_void_call       DestroyImageProfiles(image);
    x  image.c:4012:24 cxx_ne_to_eq               if (IsEventLogging() != MagickFalse)
    x  image.c:4110:24 cxx_ne_to_eq               if (IsEventLogging() != MagickFalse)
    x  image.c:4141:24 cxx_ne_to_eq               if (IsEventLogging() != MagickFalse)
    x  image.c:4148:14 cxx_ne_to_eq               if (option != (const char *) NULL)
    x  image.c:4329:18 cxx_ne_to_eq               if (option != (const char *) NULL)
    x  image.c:4332:34 cxx_ne_to_eq               if ((flags & RhoValue) != 0)
  (x: the oracle executes this line; c: capped, not every reaching case ran)

  full results: build-oracle/work/mutation-extnew-image.json
