mutate: 145 mutants in MagickCore/string\.c$, 31 functions
mutate: baseline over 868 cases in 0s
  mutants: 25/145 (94s)
  mutants: 50/145 (94s)
  mutants: 75/145 (95s)
  mutants: 100/145 (97s)
  mutants: 125/145 (108s)
  mutants: 145/145 (226s)

mutate: 145 mutants, 226s
  killed 41, survived 92 (0 capped), no coverage 12, errors 0
  mutation score on reached code: 30.8%   overall: 28.3%

  function                           total killed survived no-cov
  PrintStringInfo                       30     28        2      0
  ConfigureFileToStringInfo             13      0       13      0
  StringToStrings                       13      0       13      0
  ConcatenateStringInfo                  8      5        3      0
  CopyMagickString                       7      0        7      0
  EscapeString                           7      0        7      0
  StripMagickString                      7      5        2      0
  InterpretSiPrefixValue                 6      1        5      0
  StringToArgv                           6      0        6      0
  ConcatenateMagickString                5      0        5      0
  SubstituteString                       5      0        5      0
  CloneString                            4      0        4      0
  CompareStringInfo                      4      0        0      4
  DestroyStringInfo                      3      0        3      0
  AcquireString                          2      0        2      0
  AcquireStringInfo                      2      0        2      0
  BlobToStringInfo                       2      0        0      2
  ConcatenateString                      2      0        2      0
  ConstantString                         2      0        2      0
  DestroyStringList                      2      0        0      2
  FileToString                           2      1        1      0
  SetStringInfoLength                    2      0        2      0
  StringInfoToDigest                     2      0        0      2
  StringInfoToString                     2      0        2      0
  FileToStringInfo                       1      0        0      1
  FormatMagickSize                       1      0        1      0
  SanitizeString                         1      0        1      0
  SplitStringInfo                        1      0        0      1
  StringInfoToHexString                  1      0        1      0
  StringToArrayOfDoubles                 1      0        1      0
  StringToStringInfo                     1      1        0      0

  survivors (equivalent, or a gap in the catalogue):
    x  string.c:107:15 cxx_lt_to_le               if (~length < MagickPathExtent)
    x  string.c:114:44 cxx_mul_to_div             (void) memcpy(destination,source,length*sizeof(*destination));
    x  string.c:160:28 cxx_ge_to_gt               if (~string_info->length >= (MagickPathExtent-1))
    x  string.c:165:63 cxx_mul_to_div             (void) memset(string_info->datum,0,(length+MagickPathExtent)*
    x  string.c:260:24 cxx_ne_to_eq               if (*destination != (char *) NULL)
    x  string.c:264:20 cxx_eq_to_ne               if (*destination == (char *) NULL)
    x  string.c:270:15 cxx_lt_to_le               if (~length < MagickPathExtent)
    x  string.c:277:45 cxx_mul_to_div             (void) memcpy(*destination,source,length*sizeof(**destination));
    x  string.c:415:20 cxx_sub_to_add             count=(size_t) (q-destination);
    x  string.c:416:11 cxx_sub_to_add             i=length-count;
       string.c:418:17 cxx_add_to_sub             return(count+strlen(p));
    x  string.c:429:15 cxx_add_to_sub             return(count+(size_t) (p-source));
    x  string.c:429:27 cxx_sub_to_add             return(count+(size_t) (p-source));
    x  string.c:477:15 cxx_lt_to_le               if (~length < source_length)
    x  string.c:480:15 cxx_lt_to_le               if (~length < MagickPathExtent)
    x  string.c:528:15 cxx_lt_to_le               if (~length < source->length)
    x  string.c:531:15 cxx_lt_to_le               if (~length < MagickPathExtent)
       string.c:534:69 cxx_add_to_sub             string_info->datum=(unsigned char *) AcquireQuantumMemory(length+
    x  string.c:596:15 cxx_lt_to_le               if ((offset < 0) || (offset != (MagickOffsetType) ((ssize_t) offset)))
       string.c:598:28 cxx_sub_to_add             file=close_utf8(file)-1;
    x  string.c:603:15 cxx_ge_to_gt               if (~length >= (MagickPathExtent-1))
       string.c:608:28 cxx_sub_to_add             file=close_utf8(file)-1;
    x  string.c:612:11 cxx_ne_to_eq               if (map != (void *) NULL)
       string.c:626:19 cxx_lt_to_ge               for (i=0; i < length; i+=(size_t) count)
       string.c:626:19 cxx_lt_to_le               for (i=0; i < length; i+=(size_t) count)
       string.c:630:19 cxx_le_to_gt               if (count <= 0)
       string.c:630:19 cxx_le_to_lt               if (count <= 0)
       string.c:633:13 cxx_lt_to_ge               if (i < length)
       string.c:633:13 cxx_lt_to_le               if (i < length)
       string.c:635:32 cxx_sub_to_add             file=close_utf8(file)-1;
    x  string.c:641:24 cxx_sub_to_add             file=close_utf8(file)-1;
    x  string.c:687:15 cxx_ge_to_gt               if (~length >= 1UL)
    x  string.c:692:44 cxx_mul_to_div             (void) memcpy(destination,source,length*sizeof(*destination));
    x  string.c:747:25 cxx_sub_to_add             return((size_t) (p-source-1));
    x  string.c:747:32 cxx_sub_to_add             return((size_t) (p-source-1));
    x  string.c:749:25 cxx_sub_to_add             return((size_t) (p-source-1));
    x  string.c:749:32 cxx_sub_to_add             return((size_t) (p-source-1));
    x  string.c:757:29 cxx_sub_to_add             return((size_t) (p-source-1));
    x  string.c:757:36 cxx_sub_to_add             return((size_t) (p-source-1));
    x  string.c:760:21 cxx_sub_to_add             return((size_t) (p-source));
    x  string.c:816:26 cxx_ne_to_eq               if (string_info->datum != (unsigned char *) NULL)
    x  string.c:819:25 cxx_ne_to_eq               if (string_info->name != (char *) NULL)
    x  string.c:821:25 cxx_ne_to_eq               if (string_info->path != (char *) NULL)
    x  string.c:907:21 cxx_ne_to_eq               for (p=source; *p != '\0'; p++)
    x  string.c:909:13 cxx_eq_to_ne               if ((*p == '\\') || (*p == escape))
    x  string.c:909:29 cxx_eq_to_ne               if ((*p == '\\') || (*p == escape))
       string.c:911:21 cxx_lt_to_ge               if (~length < 1)
       string.c:911:21 cxx_lt_to_le               if (~length < 1)
       string.c:913:15 cxx_post_inc_to_post_dec   length++;
    x  string.c:918:15 cxx_ge_to_gt               if (~length >= (MagickPathExtent-1))
    x  string.c:973:24 cxx_ne_to_eq               if (IsEventLogging() != MagickFalse)
    x  string.c:1117:21 cxx_ge_to_gt               for (i=0; (extent >= bytes) && (units[i+1] != (const char *) NULL); i++)
    x  string.c:1321:30 cxx_le_to_lt               if ((*q >= 'E') && (*q <= 'z'))
    x  string.c:1354:17 cxx_ge_to_gt               if (e >= MagickEpsilon)
    x  string.c:1368:15 cxx_eq_to_ne               if ((*q == 'B') || (*q == 'P'))
    x  string.c:1368:30 cxx_eq_to_ne               if ((*q == 'B') || (*q == 'P'))
    x  string.c:1371:16 cxx_ne_to_eq               if (sentinel != (char **) NULL)
    x  string.c:1502:15 cxx_lt_to_le               for (i=0; i < string_info->length; i++)
    x  string.c:1503:15 cxx_lt_to_le               if ((p[i] < 32) && (isspace((int)p[i]) == 0))
    x  string.c:1624:34 cxx_ne_to_eq               for (p+=strspn(p,allowlist); p != q; p+=(ptrdiff_t) strspn(p,allowlist))
    x  string.c:1733:15 cxx_lt_to_le               if (~length < MagickPathExtent)
       string.c:1737:69 cxx_add_to_sub             string_info->datum=(unsigned char *) AcquireQuantumMemory(length+
    x  string.c:1931:15 cxx_lt_to_le               if (~length < MagickPathExtent)
    x  string.c:1997:15 cxx_ge_to_gt               if (~length >= (MagickPathExtent-1))
    x  string.c:2002:58 cxx_mul_to_div             (void) memcpy(string,(char *) string_info->datum,length*sizeof(*string));
    x  string.c:2067:21 cxx_ne_to_eq               for (p++; (*p != '"') && (*p != '\0'); p++) ;
    x  string.c:2067:36 cxx_ne_to_eq               for (p++; (*p != '"') && (*p != '\0'); p++) ;
    x  string.c:2069:21 cxx_ne_to_eq               for (p++; (*p != '\'') && (*p != '\0'); p++) ;
    x  string.c:2069:37 cxx_ne_to_eq               for (p++; (*p != '\'') && (*p != '\0'); p++) ;
       string.c:2105:21 cxx_ge_to_gt               for (i--; i >= 0; i--)
       string.c:2105:21 cxx_ge_to_lt               for (i--; i >= 0; i--)
    x  string.c:2211:29 cxx_lt_to_le               while ((*p != '\0') && (i < *count))
       string.c:2365:17 cxx_ne_to_eq               if (count != (size_t *) NULL)
    x  string.c:2370:37 cxx_lt_to_le               if (((int) ((unsigned char) *p) < 32) &&
       string.c:2402:25 cxx_lt_to_ge               for (j=0; j < i; j++)
       string.c:2402:25 cxx_lt_to_le               for (j=0; j < i; j++)
       string.c:2402:31 cxx_post_inc_to_post_dec   for (j=0; j < i; j++)
    x  string.c:2434:19 cxx_lt_to_le               for (i=0; i < (ssize_t) lines; i++)
       string.c:2443:25 cxx_lt_to_ge               for (j=0; j < i; j++)
       string.c:2443:25 cxx_lt_to_le               for (j=0; j < i; j++)
       string.c:2443:31 cxx_post_inc_to_post_dec   for (j=0; j < i; j++)
    x  string.c:2482:24 cxx_add_to_sub             textlist[i]+1),sizeof(**textlist));
       string.c:2486:27 cxx_lt_to_ge               for (j=0; j < i; j++)
       string.c:2486:27 cxx_lt_to_le               for (j=0; j < i; j++)
       string.c:2486:33 cxx_post_inc_to_post_dec   for (j=0; j < i; j++)
    x  string.c:2594:21 cxx_sub_to_add             return((size_t) (q-p+1));
    x  string.c:2594:23 cxx_add_to_sub             return((size_t) (q-p+1));
    x  string.c:2660:24 cxx_gt_to_ge               if (replace_extent > search_extent)
    x  string.c:2660:24 cxx_gt_to_le               if (replace_extent > search_extent)
    x  string.c:2666:31 cxx_add_to_sub             extent=strlen(*string)+replace_extent-search_extent+1;
    x  string.c:2666:46 cxx_sub_to_add             extent=strlen(*string)+replace_extent-search_extent+1;
    x  string.c:2666:60 cxx_add_to_sub             extent=strlen(*string)+replace_extent-search_extent+1;
  (x: the oracle executes this line; c: capped, not every reaching case ran)

  full results: build-oracle/work/mutation-extnew2-string.json
