mutate: 205 mutants in MagickCore/transform\.c$, 15 functions
mutate: baseline over 722 cases in 0s
  mutants: 25/205 (2s)
  mutants: 50/205 (66s)
  mutants: 75/205 (104s)
  mutants: 100/205 (105s)
  mutants: 125/205 (109s)
  mutants: 150/205 (114s)
  mutants: 175/205 (116s)
  mutants: 200/205 (138s)
  mutants: 205/205 (150s)

mutate: 205 mutants, 150s
  killed 0, survived 158 (0 capped), no coverage 47, errors 0
  mutation score on reached code: 0.0%   overall: 0.0%

  function                           total killed survived no-cov
  CropImageToTiles                      37      0       37      0
  SpliceImage                           29      0       29      0
  CropImage                             26      0       26      0
  ConsolidateCMYKImages                 24      0        0     24
  ExcerptImage                          23      0        0     23
  TrimImage                             16      0       16      0
  ChopImage                             13      0       13      0
  FlipImage                              6      0        6      0
  FlopImage                              6      0        6      0
  TransposeImage                         6      0        6      0
  TransverseImage                        6      0        6      0
  RollImage                              5      0        5      0
  TransformImage                         4      0        4      0
  ExtentImage                            3      0        3      0
  ShaveImage                             1      0        1      0

  survivors (equivalent, or a gap in the catalogue):
    x  transform.c:224:24 cxx_ne_to_eq               if (IsEventLogging() != MagickFalse)
    x  transform.c:232:41 cxx_gt_to_ge               if ((extent.x+(ssize_t) extent.width) > (ssize_t) image->columns)
    x  transform.c:234:42 cxx_gt_to_ge               if ((extent.y+(ssize_t) extent.height) > (ssize_t) image->rows)
    x  transform.c:236:16 cxx_lt_to_le               if (extent.x < 0)
    x  transform.c:241:16 cxx_lt_to_le               if (extent.y < 0)
    x  transform.c:246:21 cxx_ge_to_gt               if ((extent.width >= image->columns) || (extent.height >= image->rows))
    x  transform.c:246:58 cxx_ge_to_gt               if ((extent.width >= image->columns) || (extent.height >= image->rows))
    x  transform.c:307:33 cxx_ne_to_eq               if (image->progress_monitor != (MagickProgressMonitor) NULL)
       transform.c:315:17 cxx_post_inc_to_post_dec   progress++;
       transform.c:317:21 cxx_eq_to_ne               if (proceed == MagickFalse)
    x  transform.c:373:33 cxx_ne_to_eq               if (image->progress_monitor != (MagickProgressMonitor) NULL)
       transform.c:381:17 cxx_post_inc_to_post_dec   progress++;
       transform.c:383:21 cxx_eq_to_ne               if (proceed == MagickFalse)
    x  transform.c:578:24 cxx_ne_to_eq               if (IsEventLogging() != MagickFalse)
    x  transform.c:591:41 cxx_ge_to_gt               if ((((double) bounding_box.x-page.x) >= (double) page.width) ||
    x  transform.c:592:41 cxx_ge_to_gt               (((double) bounding_box.y-page.y) >= (double) page.height) ||
    x  transform.c:616:15 cxx_lt_to_le               if ((page.x < 0) && (bounding_box.x >= 0))
    x  transform.c:616:39 cxx_ge_to_gt               if ((page.x < 0) && (bounding_box.x >= 0))
    x  transform.c:618:62 cxx_sub_to_add             page.width=CastDoubleToSizeT((double) page.width+page.x-bounding_box.x);
    x  transform.c:625:18 cxx_lt_to_le               if (page.x < 0)
    x  transform.c:628:15 cxx_lt_to_le               if ((page.y < 0) && (bounding_box.y >= 0))
    x  transform.c:628:39 cxx_ge_to_gt               if ((page.y < 0) && (bounding_box.y >= 0))
    x  transform.c:630:64 cxx_sub_to_add             page.height=CastDoubleToSizeT((double) page.height+page.y-bounding_box.y);
    x  transform.c:638:18 cxx_lt_to_le               if (page.y < 0)
    x  transform.c:641:37 cxx_gt_to_ge               if ((page.x+(ssize_t) page.width) > (ssize_t) image->columns)
    x  transform.c:643:45 cxx_gt_to_ge               if ((geometry->width != 0) && (page.width > geometry->width))
    x  transform.c:645:38 cxx_gt_to_ge               if ((page.y+(ssize_t) page.height) > (ssize_t) image->rows)
    x  transform.c:647:47 cxx_gt_to_ge               if ((geometry->height != 0) && (page.height > geometry->height))
    x  transform.c:665:26 cxx_add_to_sub             offset.x=bounding_box.x+(ssize_t) bounding_box.width;
    x  transform.c:666:26 cxx_add_to_sub             offset.y=bounding_box.y+(ssize_t) bounding_box.height;
    x  transform.c:667:17 cxx_gt_to_ge               if ((offset.x > (ssize_t) image->page.width) ||
    x  transform.c:667:17 cxx_gt_to_le               if ((offset.x > (ssize_t) image->page.width) ||
    x  transform.c:668:17 cxx_gt_to_ge               (offset.y > (ssize_t) image->page.height))
    x  transform.c:668:17 cxx_gt_to_le               (offset.y > (ssize_t) image->page.height))
    x  transform.c:728:33 cxx_ne_to_eq               if (image->progress_monitor != (MagickProgressMonitor) NULL)
       transform.c:736:17 cxx_post_inc_to_post_dec   progress++;
       transform.c:738:21 cxx_eq_to_ne               if (proceed == MagickFalse)
    x  transform.c:745:14 cxx_ne_to_eq               if (status != MagickFalse)
    x  transform.c:754:7 cxx_remove_void_call       AppendImageProfileProperty(crop_image,"hdrgm","hdrgm:Transform",
    x  transform.c:815:24 cxx_ne_to_eq               if (IsEventLogging() != MagickFalse)
    x  transform.c:843:55 cxx_lt_to_le               width=(size_t) ((ssize_t) width-(geometry.x < 0 ? -1 : 1)*geometry.x);
    x  transform.c:844:57 cxx_lt_to_le               height=(size_t) ((ssize_t) height-(geometry.y < 0 ? -1 : 1)*
       transform.c:849:42 cxx_add_to_sub             width=(size_t) ((ssize_t) width+(geometry.x < 0 ? -1 : 1)*geometry.x);
       transform.c:849:55 cxx_lt_to_ge               width=(size_t) ((ssize_t) width+(geometry.x < 0 ? -1 : 1)*geometry.x);
       transform.c:849:55 cxx_lt_to_le               width=(size_t) ((ssize_t) width+(geometry.x < 0 ? -1 : 1)*geometry.x);
       transform.c:849:68 cxx_mul_to_div             width=(size_t) ((ssize_t) width+(geometry.x < 0 ? -1 : 1)*geometry.x);
       transform.c:850:44 cxx_add_to_sub             height=(size_t) ((ssize_t) height+(geometry.y < 0 ? -1 : 1)*
       transform.c:850:57 cxx_lt_to_ge               height=(size_t) ((ssize_t) height+(geometry.y < 0 ? -1 : 1)*
       transform.c:850:57 cxx_lt_to_le               height=(size_t) ((ssize_t) height+(geometry.y < 0 ? -1 : 1)*
       transform.c:850:70 cxx_mul_to_div             height=(size_t) ((ssize_t) height+(geometry.y < 0 ? -1 : 1)*
    x  transform.c:855:19 cxx_lt_to_le               if (delta.x < 1.0)
    x  transform.c:857:19 cxx_lt_to_le               if (delta.y < 1.0)
    x  transform.c:864:27 cxx_gt_to_ge               (geometry.y > 0 ? 0 : geometry.y)));
    x  transform.c:867:27 cxx_lt_to_le               (geometry.y < 0 ? 0 : geometry.y)));
       transform.c:871:55 cxx_sub_to_add             crop.y=PixelRoundOffset((double) (offset.y-
       transform.c:872:27 cxx_gt_to_ge               (geometry.y > 0 ? geometry.y : 0)));
       transform.c:872:27 cxx_gt_to_le               (geometry.y > 0 ? geometry.y : 0)));
       transform.c:875:24 cxx_add_to_sub             (offset.y+(geometry.y < -1 ? geometry.y : 0)));
       transform.c:875:37 cxx_lt_to_ge               (offset.y+(geometry.y < -1 ? geometry.y : 0)));
       transform.c:875:37 cxx_lt_to_le               (offset.y+(geometry.y < -1 ? geometry.y : 0)));
    x  transform.c:884:29 cxx_gt_to_ge               (geometry.x > 0 ? 0 : geometry.x)));
    x  transform.c:887:29 cxx_lt_to_le               (geometry.x < 0 ? 0 : geometry.x)));
       transform.c:891:57 cxx_sub_to_add             crop.x=PixelRoundOffset((double) (offset.x-
       transform.c:892:29 cxx_gt_to_ge               (geometry.x > 0 ? geometry.x : 0)));
       transform.c:892:29 cxx_gt_to_le               (geometry.x > 0 ? geometry.x : 0)));
       transform.c:894:70 cxx_add_to_sub             crop.width=(size_t) PixelRoundOffset((double) (offset.x+
       transform.c:895:29 cxx_lt_to_ge               (geometry.x < 0 ? geometry.x : 0)));
       transform.c:895:29 cxx_lt_to_le               (geometry.x < 0 ? geometry.x : 0)));
    x  transform.c:904:7 cxx_remove_void_call       ClearMagickException(exception);
    x  transform.c:914:23 cxx_ne_to_eq               if ((crop_image != (Image *) NULL) && ((flags & AspectValue) != 0))
    x  transform.c:923:23 cxx_gt_to_ge               if ((image->columns > geometry.width) || (image->rows > geometry.height))
    x  transform.c:923:23 cxx_gt_to_le               if ((image->columns > geometry.width) || (image->rows > geometry.height))
    x  transform.c:923:57 cxx_gt_to_ge               if ((image->columns > geometry.width) || (image->rows > geometry.height))
    x  transform.c:923:57 cxx_gt_to_le               if ((image->columns > geometry.width) || (image->rows > geometry.height))
    x  transform.c:940:22 cxx_eq_to_ne               if (page.width == 0)
    x  transform.c:942:23 cxx_eq_to_ne               if (page.height == 0)
    x  transform.c:1158:24 cxx_ne_to_eq               if (IsEventLogging() != MagickFalse)
    x  transform.c:1173:14 cxx_ne_to_eq               if (status != MagickFalse)
    x  transform.c:1174:5 cxx_remove_void_call       Update8BIMClipPath(extent_image,image->columns,image->rows,geometry);
    x  transform.c:1230:24 cxx_ne_to_eq               if (IsEventLogging() != MagickFalse)
    x  transform.c:1288:33 cxx_ne_to_eq               if (image->progress_monitor != (MagickProgressMonitor) NULL)
       transform.c:1296:17 cxx_post_inc_to_post_dec   progress++;
       transform.c:1298:21 cxx_eq_to_ne               if (proceed == MagickFalse)
    x  transform.c:1308:14 cxx_ne_to_eq               if (status != MagickFalse)
    x  transform.c:1315:7 cxx_remove_void_call       AppendImageProfileProperty(flip_image,"hdrgm","hdrgm:Transform",
    x  transform.c:1375:24 cxx_ne_to_eq               if (IsEventLogging() != MagickFalse)
    x  transform.c:1434:33 cxx_ne_to_eq               if (image->progress_monitor != (MagickProgressMonitor) NULL)
       transform.c:1442:17 cxx_post_inc_to_post_dec   progress++;
       transform.c:1444:21 cxx_eq_to_ne               if (proceed == MagickFalse)
    x  transform.c:1454:14 cxx_ne_to_eq               if (status != MagickFalse)
    x  transform.c:1461:7 cxx_remove_void_call       AppendImageProfileProperty(flop_image,"hdrgm","hdrgm:Transform",
    x  transform.c:1596:24 cxx_ne_to_eq               if (IsEventLogging() != MagickFalse)
    x  transform.c:1603:19 cxx_lt_to_le               while (offset.x < 0)
    x  transform.c:1605:19 cxx_ge_to_gt               while (offset.x >= (ssize_t) image->columns)
    x  transform.c:1607:19 cxx_lt_to_le               while (offset.y < 0)
    x  transform.c:1609:19 cxx_ge_to_gt               while (offset.y >= (ssize_t) image->rows)
    x  transform.c:1681:24 cxx_ne_to_eq               if (IsEventLogging() != MagickFalse)
    x  transform.c:1760:24 cxx_ne_to_eq               if (IsEventLogging() != MagickFalse)
    x  transform.c:1779:34 cxx_eq_to_ne               (splice_image->alpha_trait == UndefinedPixelTrait))
    x  transform.c:1875:19 cxx_lt_to_le               for (i=0; i < (ssize_t) GetPixelChannels(image); i++)
    x  transform.c:1885:7 cxx_remove_void_call       SetPixelRed(splice_image,GetPixelRed(image,p),q);
    x  transform.c:1886:7 cxx_remove_void_call       SetPixelGreen(splice_image,GetPixelGreen(image,p),q);
    x  transform.c:1887:7 cxx_remove_void_call       SetPixelBlue(splice_image,GetPixelBlue(image,p),q);
    x  transform.c:1888:7 cxx_remove_void_call       SetPixelAlpha(splice_image,GetPixelAlpha(image,p),q);
    x  transform.c:1899:19 cxx_lt_to_le               for (i=0; i < (ssize_t) GetPixelChannels(image); i++)
    x  transform.c:1909:7 cxx_remove_void_call       SetPixelRed(splice_image,GetPixelRed(image,p),q);
    x  transform.c:1910:7 cxx_remove_void_call       SetPixelGreen(splice_image,GetPixelGreen(image,p),q);
    x  transform.c:1911:7 cxx_remove_void_call       SetPixelBlue(splice_image,GetPixelBlue(image,p),q);
    x  transform.c:1912:7 cxx_remove_void_call       SetPixelAlpha(splice_image,GetPixelAlpha(image,p),q);
    x  transform.c:1918:33 cxx_ne_to_eq               if (image->progress_monitor != (MagickProgressMonitor) NULL)
       transform.c:1926:17 cxx_post_inc_to_post_dec   progress++;
       transform.c:1929:21 cxx_eq_to_ne               if (proceed == MagickFalse)
    x  transform.c:1937:64 cxx_lt_to_le               for (y=splice_geometry.y+(ssize_t) splice_geometry.height; y < (ssize_t) splice_image->row
    x  transform.c:1950:12 cxx_lt_to_le               if ((y < 0) || (y >= (ssize_t) splice_image->rows))
    x  transform.c:1950:23 cxx_ge_to_gt               if ((y < 0) || (y >= (ssize_t) splice_image->rows))
    x  transform.c:1966:19 cxx_lt_to_le               for (i=0; i < (ssize_t) GetPixelChannels(image); i++)
    x  transform.c:1976:7 cxx_remove_void_call       SetPixelRed(splice_image,GetPixelRed(image,p),q);
    x  transform.c:1977:7 cxx_remove_void_call       SetPixelGreen(splice_image,GetPixelGreen(image,p),q);
    x  transform.c:1978:7 cxx_remove_void_call       SetPixelBlue(splice_image,GetPixelBlue(image,p),q);
    x  transform.c:1979:7 cxx_remove_void_call       SetPixelAlpha(splice_image,GetPixelAlpha(image,p),q);
    x  transform.c:1990:19 cxx_lt_to_le               for (i=0; i < (ssize_t) GetPixelChannels(image); i++)
    x  transform.c:2000:7 cxx_remove_void_call       SetPixelRed(splice_image,GetPixelRed(image,p),q);
    x  transform.c:2003:7 cxx_remove_void_call       SetPixelAlpha(splice_image,GetPixelAlpha(image,p),q);
    x  transform.c:2009:33 cxx_ne_to_eq               if (image->progress_monitor != (MagickProgressMonitor) NULL)
       transform.c:2017:17 cxx_post_inc_to_post_dec   progress++;
       transform.c:2020:21 cxx_eq_to_ne               if (proceed == MagickFalse)
    x  transform.c:2090:24 cxx_ne_to_eq               if (IsEventLogging() != MagickFalse)
       transform.c:2102:22 cxx_eq_to_ne               if (crop_image == (Image *) NULL)
    x  transform.c:2120:33 cxx_eq_to_ne               if ((transform_image->columns == geometry.width) &&
    x  transform.c:2121:30 cxx_eq_to_ne               (transform_image->rows == geometry.height))
    x  transform.c:2185:24 cxx_ne_to_eq               if (IsEventLogging() != MagickFalse)
    x  transform.c:2245:33 cxx_ne_to_eq               if (image->progress_monitor != (MagickProgressMonitor) NULL)
       transform.c:2253:17 cxx_post_inc_to_post_dec   progress++;
       transform.c:2255:21 cxx_eq_to_ne               if (proceed == MagickFalse)
    x  transform.c:2266:14 cxx_ne_to_eq               if (status != MagickFalse)
    x  transform.c:2274:7 cxx_remove_void_call       AppendImageProfileProperty(transpose_image,"hdrgm","hdrgm:Transform",
    x  transform.c:2334:24 cxx_ne_to_eq               if (IsEventLogging() != MagickFalse)
    x  transform.c:2398:33 cxx_ne_to_eq               if (image->progress_monitor != (MagickProgressMonitor) NULL)
       transform.c:2406:17 cxx_post_inc_to_post_dec   progress++;
       transform.c:2408:21 cxx_eq_to_ne               if (proceed == MagickFalse)
    x  transform.c:2423:14 cxx_ne_to_eq               if (status != MagickFalse)
    x  transform.c:2431:7 cxx_remove_void_call       AppendImageProfileProperty(transverse_image,"hdrgm","hdrgm:Transform",
    x  transform.c:2478:24 cxx_ne_to_eq               if (IsEventLogging() != MagickFalse)
    x  transform.c:2510:27 cxx_lt_to_ge               if ((geometry.width < minSize.width) ||
    x  transform.c:2510:27 cxx_lt_to_le               if ((geometry.width < minSize.width) ||
    x  transform.c:2511:28 cxx_lt_to_le               (geometry.height < minSize.height))
    x  transform.c:2513:37 cxx_lt_to_le               minSize.x=(geometry.width < minSize.width) ? (ssize_t)
    x  transform.c:2515:38 cxx_lt_to_le               minSize.y=(geometry.height < minSize.height) ? (ssize_t)
    x  transform.c:2568:30 cxx_lt_to_le               if (geometry.width < minSize.width)
    x  transform.c:2570:31 cxx_lt_to_le               if (geometry.height < minSize.height)
    x  transform.c:2572:30 cxx_gt_to_ge               if (geometry.width > image->columns)
    x  transform.c:2574:31 cxx_gt_to_ge               if (geometry.height > image->rows)
    x  transform.c:2576:26 cxx_lt_to_le               if (geometry.x < 0)
    x  transform.c:2578:53 cxx_gt_to_ge               if ((geometry.x+(ssize_t) geometry.width) > (ssize_t) image->columns)
    x  transform.c:2580:26 cxx_lt_to_le               if (geometry.y < 0)
    x  transform.c:2582:54 cxx_gt_to_ge               if ((geometry.y+(ssize_t) geometry.height) > (ssize_t) image->rows)
    x  transform.c:2593:30 cxx_eq_to_ne               if (trim_image->page.x == 0)
    x  transform.c:2595:30 cxx_eq_to_ne               if (trim_image->page.y == 0)
  (x: the oracle executes this line; c: capped, not every reaching case ran)

  full results: build-oracle/work/mutation-extnew-transform.json
