mutate: 282 mutants in MagickCore/paint\.c$, 8 functions
mutate: baseline over 110 cases in 0s
  mutants: 25/282 (1s)
  mutants: 50/282 (2s)
  mutants: 75/282 (3s)
  mutants: 100/282 (4s)
  mutants: 125/282 (4s)
  mutants: 150/282 (5s)
  mutants: 175/282 (5s)
  mutants: 200/282 (6s)
  mutants: 225/282 (8s)
  mutants: 250/282 (8s)
  mutants: 275/282 (10s)
  mutants: 282/282 (138s)

mutate: 282 mutants, 138s
  killed 173, survived 81 (0 capped), no coverage 28, errors 0
  mutation score on reached code: 68.1%   overall: 61.3%

  function                           total killed survived no-cov
  FloodfillPaintImage                   85     60       25      0
  GradientImage                         68     39       29      0
  OilPaintImage                         55     41       14      0
  TransparentPaintImageChroma           28      0        0     28
  OpaquePaintImage                      20     16        4      0
  TransparentPaintImage                 16     11        5      0
  AcquireHistogramTLS                    6      4        2      0
  DestroyHistogramTLS                    4      2        2      0

  survivors (equivalent, or a gap in the catalogue):
    x  paint.c:178:24 cxx_ne_to_eq               if (IsEventLogging() != MagickFalse)
    x  paint.c:180:17 cxx_lt_to_le               if ((x_offset < 0) || (x_offset >= (ssize_t) image->columns))
    x  paint.c:180:35 cxx_ge_to_gt               if ((x_offset < 0) || (x_offset >= (ssize_t) image->columns))
    x  paint.c:182:17 cxx_lt_to_le               if ((y_offset < 0) || (y_offset >= (ssize_t) image->rows))
    x  paint.c:182:35 cxx_ge_to_gt               if ((y_offset < 0) || (y_offset >= (ssize_t) image->rows))
    x  paint.c:249:22 cxx_mul_to_div             q+=(ptrdiff_t) x1*(ssize_t) GetPixelChannels(floodplane_image);
    x  paint.c:267:19 cxx_lt_to_ge               if (start < x1)
    x  paint.c:267:19 cxx_lt_to_le               if (start < x1)
    x  paint.c:275:17 cxx_lt_to_le               if (x < (ssize_t) image->columns)
    x  paint.c:278:42 cxx_sub_to_add             ((ssize_t) image->columns-x),1,exception);
    x  paint.c:280:42 cxx_sub_to_add             ((ssize_t) image->columns-x),1,exception);
    x  paint.c:283:25 cxx_lt_to_le               for ( ; x < (ssize_t) image->columns; x++)
    x  paint.c:299:17 cxx_gt_to_ge               if (x > (x2+1))
    x  paint.c:299:17 cxx_gt_to_le               if (x > (x2+1))
    x  paint.c:299:22 cxx_add_to_sub             if (x > (x2+1))
    x  paint.c:304:13 cxx_le_to_lt               if (x <= x2)
    x  paint.c:306:66 cxx_sub_to_add             p=GetCacheViewVirtualPixels(image_view,x,y,(size_t) (x2-x+1),1,
    x  paint.c:308:73 cxx_sub_to_add             q=GetCacheViewAuthenticPixels(floodplane_view,x,y,(size_t) (x2-x+1),1,
    x  paint.c:310:18 cxx_eq_to_ne               if ((p == (const Quantum *) NULL) || (q == (Quantum *) NULL))
    x  paint.c:310:51 cxx_eq_to_ne               if ((p == (const Quantum *) NULL) || (q == (Quantum *) NULL))
    x  paint.c:312:21 cxx_le_to_gt               for ( ; x <= x2; x++)
    x  paint.c:312:21 cxx_le_to_lt               for ( ; x <= x2; x++)
    x  paint.c:314:50 cxx_ne_to_eq               if (GetPixelGray(floodplane_image,q) != 0)
    x  paint.c:317:60 cxx_ne_to_eq               if (IsFuzzyEquivalencePixelInfo(&pixel,target) != invert)
    x  paint.c:324:16 cxx_le_to_lt               } while (x <= x2);
    x  paint.c:448:24 cxx_ne_to_eq               if (IsEventLogging() != MagickFalse)
    x  paint.c:456:16 cxx_ne_to_eq               if (artifact != (const char *) NULL)
       paint.c:472:63 cxx_sub_to_add             gradient->gradient_vector.x1=(double) image->columns-1;
       paint.c:473:60 cxx_sub_to_add             gradient->gradient_vector.y1=(double) image->rows-1;
       paint.c:481:60 cxx_sub_to_add             gradient->gradient_vector.y1=(double) image->rows-1;
       paint.c:489:60 cxx_sub_to_add             gradient->gradient_vector.y1=(double) image->rows-1;
       paint.c:490:63 cxx_sub_to_add             gradient->gradient_vector.x2=(double) image->columns-1;
       paint.c:496:63 cxx_sub_to_add             gradient->gradient_vector.x1=(double) image->columns-1;
       paint.c:512:63 cxx_sub_to_add             gradient->gradient_vector.x1=(double) image->columns-1;
       paint.c:515:60 cxx_sub_to_add             gradient->gradient_vector.y2=(double) image->rows-1;
       paint.c:523:60 cxx_sub_to_add             gradient->gradient_vector.y2=(double) image->rows-1;
       paint.c:530:63 cxx_sub_to_add             gradient->gradient_vector.x2=(double) image->columns-1;
       paint.c:531:60 cxx_sub_to_add             gradient->gradient_vector.y2=(double) image->rows-1;
    x  paint.c:582:16 cxx_ne_to_eq               if (artifact != (const char *) NULL)
    x  paint.c:584:44 cxx_eq_to_ne               if (LocaleCompare(artifact,"Circle") == 0)
    x  paint.c:587:31 cxx_div_to_mul             (image->rows-1.0))/2.0;
       paint.c:592:68 cxx_sub_to_add             gradient->radii.x=(double) (sqrt((double) (image->columns-1.0)*
       paint.c:593:28 cxx_sub_to_add             (image->columns-1.0)+(image->rows-1.0)*(image->rows-1.0)))/2.0;
       paint.c:593:46 cxx_sub_to_add             (image->columns-1.0)+(image->rows-1.0)*(image->rows-1.0)))/2.0;
       paint.c:593:51 cxx_mul_to_div             (image->columns-1.0)+(image->rows-1.0)*(image->rows-1.0)))/2.0;
       paint.c:593:64 cxx_sub_to_add             (image->columns-1.0)+(image->rows-1.0)*(image->rows-1.0)))/2.0;
       paint.c:593:71 cxx_div_to_mul             (image->columns-1.0)+(image->rows-1.0)*(image->rows-1.0)))/2.0;
       paint.c:598:53 cxx_sub_to_add             gradient->radii.x=(double) (image->columns-1.0)/2.0;
       paint.c:598:58 cxx_div_to_mul             gradient->radii.x=(double) (image->columns-1.0)/2.0;
       paint.c:599:50 cxx_sub_to_add             gradient->radii.y=(double) (image->rows-1.0)/2.0;
       paint.c:599:55 cxx_div_to_mul             gradient->radii.y=(double) (image->rows-1.0)/2.0;
    x  paint.c:601:45 cxx_eq_to_ne               if (LocaleCompare(artifact,"Maximum") == 0)
       paint.c:604:31 cxx_div_to_mul             (image->rows-1.0))/2.0;
       paint.c:610:32 cxx_div_to_mul             (image->rows-1.0)))/2.0;
    x  paint.c:676:15 cxx_lt_to_ge               for (i=0; i < (ssize_t) GetMagickResourceLimit(ThreadResource); i++)
    x  paint.c:677:22 cxx_ne_to_eq               if (histogram[i] != (size_t *) NULL)
    x  paint.c:696:43 cxx_mul_to_div             (void) memset(histogram,0,number_threads*sizeof(*histogram));
    x  paint.c:697:15 cxx_lt_to_le               for (i=0; i < (ssize_t) number_threads; i++)
    x  paint.c:741:24 cxx_ne_to_eq               if (IsEventLogging() != MagickFalse)
       paint.c:748:24 cxx_ne_to_eq               if (linear_image != (Image *) NULL)
       paint.c:750:23 cxx_ne_to_eq               if (paint_image != (Image *) NULL)
    x  paint.c:772:51 cxx_mul_to_div             center=(ssize_t) (GetPixelChannels(linear_image)*(linear_image->columns+
    x  paint.c:772:74 cxx_add_to_sub             center=(ssize_t) (GetPixelChannels(linear_image)*(linear_image->columns+
    x  paint.c:773:11 cxx_mul_to_div             width)*(width/2L)+GetPixelChannels(linear_image)*(width/2L));
    x  paint.c:773:18 cxx_div_to_mul             width)*(width/2L)+GetPixelChannels(linear_image)*(width/2L));
    x  paint.c:773:22 cxx_add_to_sub             width)*(width/2L)+GetPixelChannels(linear_image)*(width/2L));
    x  paint.c:773:53 cxx_mul_to_div             width)*(width/2L)+GetPixelChannels(linear_image)*(width/2L));
    x  paint.c:773:60 cxx_div_to_mul             width)*(width/2L)+GetPixelChannels(linear_image)*(width/2L));
       paint.c:853:57 cxx_add_to_sub             SetPixelChannel(paint_image,channel,p[center+i],q);
    x  paint.c:864:40 cxx_ne_to_eq               if (linear_image->progress_monitor != (MagickProgressMonitor) NULL)
       paint.c:872:17 cxx_post_inc_to_post_dec   progress++;
       paint.c:875:21 cxx_eq_to_ne               if (proceed == MagickFalse)
    x  paint.c:954:24 cxx_ne_to_eq               if (IsEventLogging() != MagickFalse)
    x  paint.c:1019:33 cxx_ne_to_eq               if (image->progress_monitor != (MagickProgressMonitor) NULL)
       paint.c:1027:17 cxx_post_inc_to_post_dec   progress++;
       paint.c:1030:21 cxx_eq_to_ne               if (proceed == MagickFalse)
    x  paint.c:1101:24 cxx_ne_to_eq               if (IsEventLogging() != MagickFalse)
    x  paint.c:1138:17 cxx_lt_to_le               for (x=0; x < (ssize_t) image->columns; x++)
    x  paint.c:1147:33 cxx_ne_to_eq               if (image->progress_monitor != (MagickProgressMonitor) NULL)
       paint.c:1155:17 cxx_post_inc_to_post_dec   progress++;
       paint.c:1158:21 cxx_eq_to_ne               if (proceed == MagickFalse)
  (x: the oracle executes this line; c: capped, not every reaching case ran)

  full results: build-oracle/work/mutation-full-paint.json
