mutate: 116 mutants in MagickCore/configure\.c$, 16 functions
mutate: baseline over 10525 cases in 0s
  mutants: 25/116 (0s)
  mutants: 50/116 (0s)
  mutants: 75/116 (1s)
  mutants: 100/116 (1s)
  mutants: 116/116 (132s)

mutate: 116 mutants, 132s
  killed 64, survived 31 (7 capped), no coverage 21, errors 0
  mutation score on reached code: 67.4%   overall: 55.2%

  function                           total killed survived no-cov
  LoadConfigureCache                    41     23       18      0
  ListConfigureInfo                     14     14        0      0
  GetConfigurePaths                     10      6        4      0
  GetConfigureInfoList                   9      8        1      0
  GetConfigureList                       9      0        0      9
  GetConfigureInfo                       7      0        0      7
  GetConfigureOptions                    5      4        1      0
  DestroyConfigureElement                4      1        3      0
  GetConfigureOption                     4      0        0      4
  IsConfigureCacheInstantiated           4      3        1      0
  AddConfigureKey                        2      2        0      0
  AcquireConfigureCache                  2      1        1      0
  ConfigureComponentTerminus             2      1        1      0
  ConfigureComponentGenesis              1      0        1      0
  ConfigureInfoCompare                   1      1        0      0
  GetConfigureValue                      1      0        0      1

  survivors (equivalent, or a gap in the catalogue):
    x  configure.c:184:18 cxx_eq_to_ne               if (status == MagickTrue)
    xc configure.c:234:27 cxx_eq_to_ne               if (configure_semaphore == (SemaphoreInfo *) NULL)
    x  configure.c:266:20 cxx_ne_to_eq               if (p->value != (char *) NULL)
    x  configure.c:268:19 cxx_ne_to_eq               if (p->name != (char *) NULL)
    x  configure.c:270:19 cxx_ne_to_eq               if (p->path != (char *) NULL)
    xc configure.c:279:27 cxx_eq_to_ne               if (configure_semaphore == (SemaphoreInfo *) NULL)
    x  configure.c:458:24 cxx_ne_to_eq               if (IsEventLogging() != MagickFalse)
    xc configure.c:679:24 cxx_ne_to_eq               if (IsEventLogging() != MagickFalse)
    xc configure.c:765:24 cxx_ne_to_eq               if (IsEventLogging() != MagickFalse)
    xc configure.c:790:18 cxx_ge_to_gt               if ((q >= path) && (*q != *DirectorySeparator))
    xc configure.c:906:14 cxx_ne_to_eq               if (home != (char *) NULL)
    xc configure.c:917:14 cxx_ne_to_eq               if (home != (char *) NULL)
    x  configure.c:1031:31 cxx_eq_to_ne               if (configure_semaphore == (SemaphoreInfo *) NULL)
    x  configure.c:1186:23 cxx_add_to_sub             extent=strlen(token)+MagickPathExtent;
    x  configure.c:1209:22 cxx_eq_to_ne               if (*q == quote)
    x  configure.c:1222:41 cxx_gt_to_ge               if (bracket_depth > 0)
    x  configure.c:1240:42 cxx_ne_to_eq               while ((LocaleNCompare(q,"->",2) != 0) && (*q != '\0'))
    x  configure.c:1240:55 cxx_ne_to_eq               while ((LocaleNCompare(q,"->",2) != 0) && (*q != '\0'))
       configure.c:1249:25 cxx_ne_to_eq               while (((*token != '/') && (*(token+1) != '>')) && (*q != '\0'))
       configure.c:1249:48 cxx_ne_to_eq               while (((*token != '/') && (*(token+1) != '>')) && (*q != '\0'))
       configure.c:1249:64 cxx_ne_to_eq               while (((*token != '/') && (*(token+1) != '>')) && (*q != '\0'))
       configure.c:1253:22 cxx_ne_to_eq               if (*token != '=')
       configure.c:1256:45 cxx_eq_to_ne               if (LocaleCompare(keyword,"file") == 0)
       configure.c:1258:25 cxx_ge_to_gt               if (depth >= MagickMaxRecursionDepth)
       configure.c:1258:25 cxx_ge_to_lt               if (depth >= MagickMaxRecursionDepth)
       configure.c:1268:29 cxx_ne_to_eq               if (*path != '\0')
       configure.c:1271:30 cxx_eq_to_ne               if (*token == *DirectorySeparator)
       configure.c:1276:32 cxx_ne_to_eq               if (file_xml != (char *) NULL)
       configure.c:1279:44 cxx_add_to_sub             file_xml,path,depth+1,exception);
       configure.c:1336:55 cxx_eq_to_ne               if (LocaleCompare((char *) keyword,"stealth") == 0)
    x  configure.c:1358:17 cxx_ne_to_eq               return(status != 0 ? MagickTrue : MagickFalse);
  (x: the oracle executes this line; c: capped, not every reaching case ran)

  full results: build-oracle/work/mutation-full-configure.json
