mutate: 68 mutants in MagickCore/memory\.c$, 18 functions
mutate: baseline over 10525 cases in 0s
  mutants: 25/68 (58s)
  mutants: 50/68 (59s)
  mutants: 68/68 (130s)

mutate: 68 mutants, 130s
  killed 18, survived 43 (43 capped), no coverage 7, errors 0
  mutation score on reached code: 29.5%   overall: 26.5%

  function                           total killed survived no-cov
  AcquireVirtualMemory                  22      3       19      0
  ShredMagickMemory                     14      0       14      0
  AcquireAlignedMemory                   4      2        2      0
  CopyMagickMemory                       4      0        0      4
  AcquireQuantumMemory                   3      2        1      0
  ResizeMagickMemory                     3      3        0      0
  ResizeQuantumMemory                    3      2        1      0
  SetMagickMemoryMethods                 3      0        0      3
  RelinquishAlignedMemory                2      0        2      0
  RelinquishVirtualMemory                2      0        2      0
  AcquireMagickMemory                    1      1        0      0
  AcquireCriticalMemory                  1      1        0      0
  GetMaxMemoryRequestFromPolicy          1      1        0      0
  GetMaxMemoryRequest                    1      1        0      0
  GetMaxProfileSizeFromPolicy            1      1        0      0
  GetMaxProfileSize                      1      1        0      0
  RelinquishMagickMemory                 1      0        1      0
  ResetMagickMemory                      1      0        1      0

  survivors (equivalent, or a gap in the catalogue):
    xc memory.c:350:13 cxx_gt_to_ge               (size > GetMaxMemoryRequest()))
    xc memory.c:355:53 cxx_ne_to_eq               if (memory_methods.acquire_aligned_memory_handler != (AcquireAlignedMemoryHandler) NULL)
    xc memory.c:660:13 cxx_gt_to_ge               (size > GetMaxMemoryRequest()))
    xc memory.c:711:32 cxx_eq_to_ne               if (virtual_anonymous_memory == 0)
    xc memory.c:715:44 cxx_eq_to_ne               if (LocaleCompare(value,"anonymous") == 0)
    xc memory.c:733:33 cxx_eq_to_ne               if ((virtual_anonymous_memory == 1) && (size <= GetMaxMemoryRequest()))
    xc memory.c:733:48 cxx_le_to_gt               if ((virtual_anonymous_memory == 1) && (size <= GetMaxMemoryRequest()))
    xc memory.c:733:48 cxx_le_to_lt               if ((virtual_anonymous_memory == 1) && (size <= GetMaxMemoryRequest()))
    xc memory.c:736:29 cxx_ne_to_eq               if (memory_info->blob != NULL)
    xc memory.c:739:25 cxx_eq_to_ne               if (memory_info->blob == NULL)
     c memory.c:745:16 cxx_le_to_gt               if (size <= GetMaxMemoryRequest())
     c memory.c:745:16 cxx_le_to_lt               if (size <= GetMaxMemoryRequest())
     c memory.c:747:29 cxx_ne_to_eq               if (memory_info->blob != NULL)
     c memory.c:758:20 cxx_ne_to_eq               if (file != -1)
     c memory.c:763:65 cxx_sub_to_add             offset=(MagickOffsetType) lseek(file,(off_t) (size-1),SEEK_SET);
     c memory.c:764:27 cxx_eq_to_ne               if ((offset == (MagickOffsetType) (size-1)) &&
     c memory.c:764:54 cxx_sub_to_add             if ((offset == (MagickOffsetType) (size-1)) &&
     c memory.c:765:37 cxx_eq_to_ne               (write(file,"",1) == 1))
     c memory.c:770:71 cxx_eq_to_ne               if (posix_fallocate(file,0,(MagickOffsetType) size) == 0)
     c memory.c:773:41 cxx_ne_to_eq               if (memory_info->blob != NULL)
    xc memory.c:786:25 cxx_eq_to_ne               if (memory_info->blob == NULL)
     c memory.c:789:29 cxx_ne_to_eq               if (memory_info->blob != NULL)
    xc memory.c:1169:14 cxx_eq_to_ne               if (memory == (void *) NULL)
    xc memory.c:1171:56 cxx_ne_to_eq               if (memory_methods.relinquish_aligned_memory_handler != (RelinquishAlignedMemoryHandler) N
    xc memory.c:1211:14 cxx_eq_to_ne               if (memory == (void *) NULL)
    xc memory.c:1280:25 cxx_ne_to_eq               if (memory_info->blob != (void *) NULL)
     c memory.c:1293:36 cxx_ne_to_eq               if (*memory_info->filename != '\0')
    xc memory.c:1348:14 cxx_ne_to_eq               while (n-- != 0)
    xc memory.c:1490:13 cxx_gt_to_ge               (size > GetMaxMemoryRequest()))
    xc memory.c:1679:15 cxx_eq_to_ne               if ((memory == NULL) || (length == 0))
    xc memory.c:1679:35 cxx_eq_to_ne               if ((memory == NULL) || (length == 0))
    xc memory.c:1681:14 cxx_eq_to_ne               if (passes == -1)
    xc memory.c:1683:14 cxx_eq_to_ne               if (passes == 0)
     c memory.c:1691:15 cxx_lt_to_ge               for (i=0; i < passes; i++)
     c memory.c:1691:15 cxx_lt_to_le               for (i=0; i < passes; i++)
     c memory.c:1691:26 cxx_post_inc_to_post_dec   for (i=0; i < passes; i++)
     c memory.c:1699:17 cxx_lt_to_ge               for (j=0; j < length; j+=quantum)
     c memory.c:1699:17 cxx_lt_to_le               for (j=0; j < length; j+=quantum)
     c memory.c:1701:13 cxx_ne_to_eq               if (i != 0)
     c memory.c:1707:11 cxx_lt_to_ge               if (j < length)
     c memory.c:1707:11 cxx_lt_to_le               if (j < length)
     c memory.c:1712:12 cxx_lt_to_ge               return(i < passes ? MagickFalse : MagickTrue);
     c memory.c:1712:12 cxx_lt_to_le               return(i < passes ? MagickFalse : MagickTrue);
  (x: the oracle executes this line; c: capped, not every reaching case ran)

  full results: build-oracle/work/mutation-full-memory.json
