mutate: 748 mutants in MagickCore/property\.c$, 28 functions
mutate: baseline over 10611 cases in 0s
  mutants: 25/748 (108s)
  mutants: 50/748 (126s)
  mutants: 75/748 (145s)
  mutants: 100/748 (150s)
  mutants: 125/748 (260s)
  mutants: 150/748 (377s)
  mutants: 175/748 (489s)
  mutants: 200/748 (606s)
  mutants: 225/748 (726s)
  mutants: 250/748 (773s)
  mutants: 275/748 (857s)
  mutants: 300/748 (919s)
  mutants: 325/748 (920s)
  mutants: 350/748 (920s)
  mutants: 375/748 (967s)
  mutants: 400/748 (1078s)
  mutants: 425/748 (1123s)
  mutants: 450/748 (1156s)
  mutants: 475/748 (1178s)
  mutants: 500/748 (1179s)
  mutants: 525/748 (1183s)
  mutants: 550/748 (1189s)
  mutants: 575/748 (1221s)
  mutants: 600/748 (1290s)
  mutants: 625/748 (1398s)
  mutants: 650/748 (1439s)
  mutants: 675/748 (1525s)
  mutants: 700/748 (1623s)
  mutants: 725/748 (1657s)
  mutants: 748/748 (1721s)

mutate: 748 mutants, 1721s
  killed 181, survived 487 (363 capped), no coverage 80, errors 0
  mutation score on reached code: 27.1%   overall: 24.2%

  function                           total killed survived no-cov
  GetEXIFProperty                      158      5      153      0
  GetMagickProperty                    119     63       56      0
  InterpretImageProperties             103     45       58      0
  SetImageProperty                      83     34       49      0
  Get8BIMProperty                       60      3       57      0
  TracePSClippath                       41      0        0     41
  GetMagickPropertyLetter               31      5       26      0
  GetXMPProperty                        30      3       27      0
  TraceSVGClippath                      25      0        0     25
  GetIPTCProperty                       21      0       21      0
  GetImageProperty                      21      7       14      0
  GetICCProperty                        17      8        9      0
  ReadPropertyMSBLong                    5      0        0      5
  ReadPropertyMSBShort                   5      1        4      0
  TraceBezierCurve                       4      0        0      4
  CloneImageProperties                   3      1        2      0
  DefineImageProperty                    3      0        0      3
  SkipXMPValue                           3      0        3      0
  DeleteImageProperty                    2      1        1      0
  DestroyImageProperties                 2      1        1      0
  ReadPropertyByte                       2      2        0      0
  GetNextImageProperty                   2      1        1      0
  RemoveImageProperty                    2      0        0      2
  ResetImagePropertyIterator             2      1        1      0
  ReadPropertySignedLong                 1      0        1      0
  ReadPropertyUnsignedLong               1      0        1      0
  ReadPropertySignedShort                1      0        1      0
  ReadPropertyUnsignedShort              1      0        1      0

  survivors (equivalent, or a gap in the catalogue):
    xc property.c:156:24 cxx_ne_to_eq               if (IsEventLogging() != MagickFalse)
    xc property.c:210:29 cxx_ne_to_eq               if (image->properties != (void *) NULL)
    xc property.c:299:24 cxx_ne_to_eq               if (IsEventLogging() != MagickFalse)
    xc property.c:333:24 cxx_ne_to_eq               if (IsEventLogging() != MagickFalse)
    xc property.c:455:15 cxx_eq_to_ne               if (profile == (StringInfo *) NULL)
    xc property.c:457:15 cxx_eq_to_ne               if (profile == (StringInfo *) NULL)
    xc property.c:460:13 cxx_ne_to_eq               if (count != 2)
     c property.c:463:15 cxx_lt_to_ge               for (i=0; i < (ssize_t) GetStringInfoLength(profile)-5; )
     c property.c:463:15 cxx_lt_to_le               for (i=0; i < (ssize_t) GetStringInfoLength(profile)-5; )
     c property.c:463:55 cxx_sub_to_add             for (i=0; i < (ssize_t) GetStringInfoLength(profile)-5; )
     c property.c:467:14 cxx_ne_to_eq               if (p[0] != 0x1c)  /* Look for IPTC marker */
     c property.c:469:10 cxx_post_inc_to_post_dec   i++;
     c property.c:475:22 cxx_eq_to_ne               if (((long) p[1] == dataset) && ((long) p[2] == record))
     c property.c:475:50 cxx_eq_to_ne               if (((long) p[1] == dataset) && ((long) p[2] == record))
     c property.c:481:56 cxx_sub_to_add             size_t remaining = GetStringInfoLength(profile)-(i+5);
     c property.c:481:59 cxx_add_to_sub             size_t remaining = GetStringInfoLength(profile)-(i+5);
     c property.c:483:21 cxx_ge_to_gt               if (~length >= 1)
     c property.c:483:21 cxx_ge_to_lt               if (~length >= 1)
     c property.c:484:55 cxx_add_to_sub             message=(char *) AcquireQuantumMemory(length+1UL,sizeof(*message));
     c property.c:485:21 cxx_ne_to_eq               if (message != (char *) NULL)
     c property.c:500:46 cxx_add_to_sub             i+=(((size_t) p[3] << 8) | (size_t) p[4])+5;
     c property.c:502:18 cxx_eq_to_ne               if ((attribute == (char *) NULL) || (*attribute == ';'))
     c property.c:502:51 cxx_eq_to_ne               if ((attribute == (char *) NULL) || (*attribute == ';'))
     c property.c:504:21 cxx_ne_to_eq               if (attribute != (char *) NULL)
     c property.c:508:30 cxx_sub_to_add             attribute[strlen(attribute)-1]='\0';
    x  property.c:590:15 cxx_lt_to_ge               if (*length < 2)
    x  property.c:590:15 cxx_lt_to_le               if (*length < 2)
    x  property.c:592:15 cxx_lt_to_ge               for (i=0; i < 2; i++)
    x  property.c:592:15 cxx_lt_to_le               for (i=0; i < 2; i++)
    x  property.c:644:14 cxx_ne_to_eq               if ((count != 2) && (count != 3) && (count != 4))
    x  property.c:644:30 cxx_ne_to_eq               if ((count != 2) && (count != 3) && (count != 4))
    x  property.c:644:46 cxx_ne_to_eq               if ((count != 2) && (count != 3) && (count != 4))
    x  property.c:646:13 cxx_lt_to_ge               if (count < 4)
    x  property.c:646:13 cxx_lt_to_le               if (count < 4)
    x  property.c:648:13 cxx_lt_to_ge               if (count < 3)
    x  property.c:648:13 cxx_lt_to_le               if (count < 3)
    x  property.c:651:13 cxx_eq_to_ne               if (*name == '#')
    x  property.c:657:18 cxx_gt_to_le               while ((length > 0) && (status == MagickFalse))
    x  property.c:657:34 cxx_eq_to_ne               while ((length > 0) && (status == MagickFalse))
    x  property.c:659:41 cxx_ne_to_eq               if (ReadPropertyByte(&info,&length) != (unsigned char) '8')
    x  property.c:661:41 cxx_ne_to_eq               if (ReadPropertyByte(&info,&length) != (unsigned char) 'B')
    x  property.c:663:41 cxx_ne_to_eq               if (ReadPropertyByte(&info,&length) != (unsigned char) 'I')
    x  property.c:665:41 cxx_ne_to_eq               if (ReadPropertyByte(&info,&length) != (unsigned char) 'M')
    x  property.c:668:12 cxx_lt_to_le               if (id < (ssize_t) start)
       property.c:670:12 cxx_gt_to_ge               if (id > (ssize_t) stop)
       property.c:670:12 cxx_gt_to_le               if (id > (ssize_t) stop)
       property.c:672:27 cxx_ne_to_eq               if (macroman_resource != (char *) NULL)
       property.c:674:18 cxx_ne_to_eq               if (resource != (char *) NULL)
       property.c:677:16 cxx_ne_to_eq               if ((count != 0) && ((size_t) count <= length))
       property.c:677:41 cxx_le_to_gt               if ((count != 0) && ((size_t) count <= length))
       property.c:677:41 cxx_le_to_lt               if ((count != 0) && ((size_t) count <= length))
       property.c:679:31 cxx_ge_to_gt               if (~((size_t) count) >= (MagickPathExtent-1))
       property.c:679:31 cxx_ge_to_lt               if (~((size_t) count) >= (MagickPathExtent-1))
       property.c:680:64 cxx_add_to_sub             resource=(char *) AcquireQuantumMemory((size_t) count+
       property.c:682:22 cxx_ne_to_eq               if (resource != (char *) NULL)
       property.c:684:25 cxx_lt_to_ge               for (i=0; i < (ssize_t) count; i++)
       property.c:684:25 cxx_lt_to_le               for (i=0; i < (ssize_t) count; i++)
       property.c:684:45 cxx_post_inc_to_post_dec   for (i=0; i < (ssize_t) count; i++)
       property.c:689:24 cxx_eq_to_ne               if ((count & 0x01) == 0)
       property.c:692:16 cxx_lt_to_ge               if ((count < 0) || ((size_t) count > length))
       property.c:692:16 cxx_lt_to_le               if ((count < 0) || ((size_t) count > length))
       property.c:692:40 cxx_gt_to_ge               if ((count < 0) || ((size_t) count > length))
       property.c:692:40 cxx_gt_to_le               if ((count < 0) || ((size_t) count > length))
       property.c:697:18 cxx_ne_to_eq               if (resource != (char *) NULL)
       property.c:700:16 cxx_ne_to_eq               if ((*name != '\0') && (*name != '#'))
       property.c:700:35 cxx_ne_to_eq               if ((*name != '\0') && (*name != '#'))
       property.c:701:21 cxx_eq_to_ne               if ((resource == (char *) NULL) || (macroman_resource == (char *) NULL) ||
       property.c:701:61 cxx_eq_to_ne               if ((resource == (char *) NULL) || (macroman_resource == (char *) NULL) ||
       property.c:702:42 cxx_ne_to_eq               ((LocaleCompare(name,resource) != 0) &&
       property.c:703:51 cxx_ne_to_eq               (LocaleCompare(name,macroman_resource) != 0)))
       property.c:709:44 cxx_sub_to_add             length=(size_t) ((ssize_t) length-MagickMin(count,(ssize_t) length));
       property.c:712:16 cxx_eq_to_ne               if ((*name == '#') && (sub_number != 1))
       property.c:712:39 cxx_ne_to_eq               if ((*name == '#') && (sub_number != 1))
       property.c:719:42 cxx_sub_to_add             length=(size_t) ((ssize_t) length-MagickMin(count,(ssize_t) length));
       property.c:726:27 cxx_ge_to_gt               if (~((size_t) count) >= (MagickPathExtent-1))
       property.c:726:27 cxx_ge_to_lt               if (~((size_t) count) >= (MagickPathExtent-1))
       property.c:727:61 cxx_add_to_sub             attribute=(char *) AcquireQuantumMemory((size_t) count+MagickPathExtent,
       property.c:729:19 cxx_ne_to_eq               if (attribute != (char *) NULL)
       property.c:734:42 cxx_sub_to_add             length=(size_t) ((ssize_t) length-MagickMin(count,(ssize_t) length));
       property.c:735:17 cxx_le_to_gt               if ((id <= 1999) || (id >= 2999))
       property.c:735:17 cxx_le_to_lt               if ((id <= 1999) || (id >= 2999))
       property.c:735:33 cxx_ge_to_gt               if ((id <= 1999) || (id >= 2999))
       property.c:735:33 cxx_ge_to_lt               if ((id <= 1999) || (id >= 2999))
       property.c:743:45 cxx_eq_to_ne               if (LocaleCompare(format,"svg") == 0)
    x  property.c:756:25 cxx_ne_to_eq               if (macroman_resource != (char *) NULL)
    x  property.c:758:16 cxx_ne_to_eq               if (resource != (char *) NULL)
    x  property.c:777:14 cxx_eq_to_ne               if (endian == LSBEndian)
    x  property.c:800:14 cxx_eq_to_ne               if (endian == LSBEndian)
    x  property.c:830:14 cxx_eq_to_ne               if (endian == LSBEndian)
    x  property.c:849:14 cxx_eq_to_ne               if (endian == LSBEndian)
    xc property.c:1314:17 cxx_eq_to_ne               if ((property == (const char *) NULL) || (*property == '\0'))
    xc property.c:1314:55 cxx_eq_to_ne               if ((property == (const char *) NULL) || (*property == '\0'))
    xc property.c:1316:53 cxx_ne_to_eq               while (isspace((int) ((unsigned char) *property)) != 0)
    xc property.c:1318:24 cxx_le_to_gt               if (strlen(property) <= 5)
    xc property.c:1318:24 cxx_le_to_lt               if (strlen(property) <= 5)
     c property.c:1351:26 cxx_eq_to_ne               tag=(*(property+5) == '@') ? 1UL : 0UL;
     c property.c:1354:13 cxx_ne_to_eq               if (n != 4)
     c property.c:1362:27 cxx_sub_to_add             for (i=(ssize_t) n-1L; i >= 0; i--)
     c property.c:1362:34 cxx_ge_to_gt               for (i=(ssize_t) n-1L; i >= 0; i--)
     c property.c:1362:34 cxx_ge_to_lt               for (i=(ssize_t) n-1L; i >= 0; i--)
     c property.c:1366:18 cxx_ge_to_gt               if ((c >= '0') && (c <= '9'))
     c property.c:1366:18 cxx_ge_to_lt               if ((c >= '0') && (c <= '9'))
     c property.c:1366:32 cxx_le_to_gt               if ((c >= '0') && (c <= '9'))
     c property.c:1366:32 cxx_le_to_lt               if ((c >= '0') && (c <= '9'))
     c property.c:1367:29 cxx_sub_to_add             tag|=(size_t) (c-'0');
     c property.c:1369:20 cxx_ge_to_gt               if ((c >= 'A') && (c <= 'F'))
     c property.c:1369:20 cxx_ge_to_lt               if ((c >= 'A') && (c <= 'F'))
     c property.c:1369:34 cxx_le_to_gt               if ((c >= 'A') && (c <= 'F'))
     c property.c:1369:34 cxx_le_to_lt               if ((c >= 'A') && (c <= 'F'))
     c property.c:1370:31 cxx_sub_to_add             tag|=(size_t) (c-('A'-10));
     c property.c:1372:22 cxx_ge_to_gt               if ((c >= 'a') && (c <= 'f'))
     c property.c:1372:22 cxx_ge_to_lt               if ((c >= 'a') && (c <= 'f'))
     c property.c:1372:36 cxx_le_to_gt               if ((c >= 'a') && (c <= 'f'))
     c property.c:1372:36 cxx_le_to_lt               if ((c >= 'a') && (c <= 'f'))
     c property.c:1373:33 cxx_sub_to_add             tag|=(size_t) (c-('a'-10));
     c property.c:1377:26 cxx_ne_to_eq               } while (*property != '\0');
     c property.c:1385:20 cxx_post_inc_to_post_dec   for (i=0; ; i++)
     c property.c:1387:28 cxx_eq_to_ne               if (EXIFTag[i].tag == 0)
     c property.c:1389:60 cxx_eq_to_ne               if (LocaleCompare(EXIFTag[i].description,property) == 0)
    xc property.c:1398:11 cxx_eq_to_ne               if (tag == (~0UL))
    xc property.c:1401:14 cxx_lt_to_ge               if (length < 6)
    xc property.c:1401:14 cxx_lt_to_le               if (length < 6)
    xc property.c:1404:17 cxx_ne_to_eq               while (length != 0)
    xc property.c:1406:41 cxx_ne_to_eq               if (ReadPropertyByte(&exif,&length) != 0x45)
    xc property.c:1408:41 cxx_ne_to_eq               if (ReadPropertyByte(&exif,&length) != 0x78)
    xc property.c:1410:41 cxx_ne_to_eq               if (ReadPropertyByte(&exif,&length) != 0x69)
    xc property.c:1412:41 cxx_ne_to_eq               if (ReadPropertyByte(&exif,&length) != 0x66)
    xc property.c:1414:41 cxx_ne_to_eq               if (ReadPropertyByte(&exif,&length) != 0x00)
    xc property.c:1416:41 cxx_ne_to_eq               if (ReadPropertyByte(&exif,&length) != 0x00)
    xc property.c:1420:14 cxx_lt_to_ge               if (length < 16)
    xc property.c:1420:14 cxx_lt_to_le               if (length < 16)
    xc property.c:1424:10 cxx_eq_to_ne               if (id == 0x4949)
    xc property.c:1427:12 cxx_eq_to_ne               if (id == 0x4D4D)
    xc property.c:1431:48 cxx_ne_to_eq               if (ReadPropertyUnsignedShort(endian,exif+2) != 0x002a)
    xc property.c:1437:15 cxx_lt_to_ge               if ((offset < 0) || (size_t) offset >= length)
    xc property.c:1437:15 cxx_lt_to_le               if ((offset < 0) || (size_t) offset >= length)
    xc property.c:1437:39 cxx_ge_to_gt               if ((offset < 0) || (size_t) offset >= length)
    xc property.c:1437:39 cxx_ge_to_lt               if ((offset < 0) || (size_t) offset >= length)
    xc property.c:1453:15 cxx_gt_to_ge               if (level > 0)
    xc property.c:1453:15 cxx_gt_to_le               if (level > 0)
    xc property.c:1460:20 cxx_lt_to_ge               if ((directory < exif) || (directory > (exif+length-2)))
    xc property.c:1460:20 cxx_lt_to_le               if ((directory < exif) || (directory > (exif+length-2)))
    xc property.c:1460:42 cxx_gt_to_ge               if ((directory < exif) || (directory > (exif+length-2)))
    xc property.c:1460:42 cxx_gt_to_le               if ((directory < exif) || (directory > (exif+length-2)))
    xc property.c:1466:19 cxx_lt_to_ge               for ( ; entry < number_entries; entry++)
    xc property.c:1466:19 cxx_lt_to_le               for ( ; entry < number_entries; entry++)
    xc property.c:1466:42 cxx_post_inc_to_post_dec   for ( ; entry < number_entries; entry++)
    xc property.c:1480:13 cxx_gt_to_ge               if (q > (exif+length-12))
    xc property.c:1480:13 cxx_gt_to_le               if (q > (exif+length-12))
    xc property.c:1482:51 cxx_eq_to_ne               if (GetValueFromSplayTree(exif_resources,q) == q)
    xc property.c:1485:62 cxx_add_to_sub             tag_value=(size_t) (ReadPropertyUnsignedShort(endian,q)+(ssize_t)
    xc property.c:1488:18 cxx_ge_to_gt               if (format >= (sizeof(tag_bytes)/sizeof(*tag_bytes)))
    xc property.c:1488:18 cxx_ge_to_lt               if (format >= (sizeof(tag_bytes)/sizeof(*tag_bytes)))
    xc property.c:1490:18 cxx_eq_to_ne               if (format == 0)
    xc property.c:1493:22 cxx_lt_to_ge               if (components < 0)
    xc property.c:1493:22 cxx_lt_to_le               if (components < 0)
    xc property.c:1495:30 cxx_mul_to_div             number_bytes=components*(ssize_t) tag_bytes[format];
    xc property.c:1496:24 cxx_lt_to_ge               if (number_bytes < components)
    xc property.c:1496:24 cxx_lt_to_le               if (number_bytes < components)
    xc property.c:1498:24 cxx_le_to_gt               if (number_bytes <= 4)
    xc property.c:1498:24 cxx_le_to_lt               if (number_bytes <= 4)
    xc property.c:1509:27 cxx_lt_to_ge               if ((dir_offset < 0) || (size_t) dir_offset >= length)
    xc property.c:1509:27 cxx_lt_to_le               if ((dir_offset < 0) || (size_t) dir_offset >= length)
    xc property.c:1509:55 cxx_ge_to_gt               if ((dir_offset < 0) || (size_t) dir_offset >= length)
    xc property.c:1509:55 cxx_ge_to_lt               if ((dir_offset < 0) || (size_t) dir_offset >= length)
    xc property.c:1511:35 cxx_add_to_sub             if (((size_t) dir_offset+(size_t) number_bytes) < (size_t) dir_offset)
    xc property.c:1511:59 cxx_lt_to_ge               if (((size_t) dir_offset+(size_t) number_bytes) < (size_t) dir_offset)
    xc property.c:1511:59 cxx_lt_to_le               if (((size_t) dir_offset+(size_t) number_bytes) < (size_t) dir_offset)
    xc property.c:1513:35 cxx_add_to_sub             if ((size_t) (dir_offset+(ssize_t) number_bytes) > length)
    xc property.c:1513:60 cxx_gt_to_ge               if ((size_t) (dir_offset+(ssize_t) number_bytes) > length)
    xc property.c:1513:60 cxx_gt_to_le               if ((size_t) (dir_offset+(ssize_t) number_bytes) > length)
    xc property.c:1517:16 cxx_ne_to_eq               if ((all != 0) || (tag == (size_t) tag_value))
    xc property.c:1517:30 cxx_eq_to_ne               if ((all != 0) || (tag == (size_t) tag_value))
    xc property.c:1523:18 cxx_lt_to_ge               if ((p < exif) || (p > (exif+length-tag_bytes[format])))
    xc property.c:1523:18 cxx_lt_to_le               if ((p < exif) || (p > (exif+length-tag_bytes[format])))
    xc property.c:1523:32 cxx_gt_to_ge               if ((p < exif) || (p > (exif+length-tag_bytes[format])))
    xc property.c:1523:32 cxx_gt_to_le               if ((p < exif) || (p > (exif+length-tag_bytes[format])))
    xc property.c:1523:46 cxx_sub_to_add             if ((p < exif) || (p > (exif+length-tag_bytes[format])))
     c property.c:1532:44 cxx_ge_to_gt               if (~((size_t) number_bytes) >= 1)
     c property.c:1532:44 cxx_ge_to_lt               if (~((size_t) number_bytes) >= 1)
     c property.c:1533:74 cxx_add_to_sub             value=(char *) AcquireQuantumMemory((size_t) number_bytes+1UL,
     c property.c:1535:25 cxx_ne_to_eq               if (value != (char *) NULL)
     c property.c:1537:31 cxx_lt_to_ge               for (i=0; i < (ssize_t) number_bytes; i++)
     c property.c:1537:31 cxx_lt_to_le               for (i=0; i < (ssize_t) number_bytes; i++)
     c property.c:1537:58 cxx_post_inc_to_post_dec   for (i=0; i < (ssize_t) number_bytes; i++)
     c property.c:1540:45 cxx_ne_to_eq               if (isprint((int) p[i]) != 0)
    xc property.c:1576:30 cxx_eq_to_ne               if ((tag_value == GPS_LATITUDE) || (tag_value == GPS_LONGITUDE) ||
    xc property.c:1576:61 cxx_eq_to_ne               if ((tag_value == GPS_LATITUDE) || (tag_value == GPS_LONGITUDE) ||
    xc property.c:1577:30 cxx_eq_to_ne               (tag_value == GPS_TIMESTAMP))
     c property.c:1579:36 cxx_lt_to_ge               if (number_bytes < 24)
     c property.c:1579:36 cxx_lt_to_le               if (number_bytes < 24)
     c property.c:1619:22 cxx_lt_to_ge               if ((p < exif) || (p > (exif+length-number_bytes)))
     c property.c:1619:22 cxx_lt_to_le               if ((p < exif) || (p > (exif+length-number_bytes)))
     c property.c:1619:36 cxx_gt_to_ge               if ((p < exif) || (p > (exif+length-number_bytes)))
     c property.c:1619:36 cxx_gt_to_le               if ((p < exif) || (p > (exif+length-number_bytes)))
     c property.c:1619:50 cxx_sub_to_add             if ((p < exif) || (p > (exif+length-number_bytes)))
     c property.c:1622:44 cxx_ge_to_gt               if (~((size_t) number_bytes) >= 1)
     c property.c:1622:44 cxx_ge_to_lt               if (~((size_t) number_bytes) >= 1)
     c property.c:1623:74 cxx_add_to_sub             value=(char *) AcquireQuantumMemory((size_t) number_bytes+1UL,
     c property.c:1625:25 cxx_ne_to_eq               if (value != (char *) NULL)
     c property.c:1627:31 cxx_lt_to_ge               for (i=0; i < (ssize_t) number_bytes; i++)
     c property.c:1627:31 cxx_lt_to_le               for (i=0; i < (ssize_t) number_bytes; i++)
     c property.c:1627:58 cxx_post_inc_to_post_dec   for (i=0; i < (ssize_t) number_bytes; i++)
     c property.c:1630:46 cxx_ne_to_eq               if ((isprint((int) p[i]) != 0) || (p[i] == '\0'))
     c property.c:1630:61 cxx_eq_to_ne               if ((isprint((int) p[i]) != 0) || (p[i] == '\0'))
    xc property.c:1638:21 cxx_ne_to_eq               if (value != (char *) NULL)
    xc property.c:1652:32 cxx_post_inc_to_post_dec   for (i=0; ; i++)
    xc property.c:1654:40 cxx_eq_to_ne               if (EXIFTag[i].tag == 0)
    xc property.c:1656:40 cxx_eq_to_ne               if (EXIFTag[i].tag == tag_value)
    xc property.c:1664:29 cxx_eq_to_ne               if (level == 2)
     c property.c:1670:33 cxx_lt_to_ge               if (tag_value < 0x10000)
     c property.c:1670:33 cxx_lt_to_le               if (tag_value < 0x10000)
     c property.c:1674:35 cxx_lt_to_ge               if (tag_value < 0x20000)
     c property.c:1674:35 cxx_lt_to_le               if (tag_value < 0x20000)
     c property.c:1683:29 cxx_eq_to_ne               if (level == 2)
    xc property.c:1688:83 cxx_eq_to_ne               (GetValueFromSplayTree((SplayTreeInfo *) image->properties,key) == (const void *) NULL))
    xc property.c:1694:24 cxx_eq_to_ne               if ((tag_value == TAG_EXIF_OFFSET) ||
    xc property.c:1695:24 cxx_eq_to_ne               (tag_value == TAG_INTEROP_OFFSET) || (tag_value == TAG_GPS_OFFSET))
    xc property.c:1695:61 cxx_eq_to_ne               (tag_value == TAG_INTEROP_OFFSET) || (tag_value == TAG_GPS_OFFSET))
     c property.c:1701:39 cxx_lt_to_ge               if (((size_t) tag_offset1 < length) &&
     c property.c:1701:39 cxx_lt_to_le               if (((size_t) tag_offset1 < length) &&
     c property.c:1702:24 cxx_lt_to_ge               (level < (MaxDirectoryStack-2)))
     c property.c:1702:24 cxx_lt_to_le               (level < (MaxDirectoryStack-2)))
     c property.c:1707:51 cxx_eq_to_ne               tag_offset2=(ssize_t) ((tag_value == TAG_GPS_OFFSET) ? 0x10000 :
     c property.c:1710:22 cxx_post_inc_to_post_dec   entry++;
     c property.c:1713:22 cxx_post_inc_to_post_dec   level++;
     c property.c:1717:29 cxx_lt_to_ge               for (i=0; i < level; i++)
     c property.c:1717:29 cxx_lt_to_le               for (i=0; i < level; i++)
     c property.c:1717:39 cxx_post_inc_to_post_dec   for (i=0; i < level; i++)
     c property.c:1718:52 cxx_eq_to_ne               if (directory_stack[i].directory == (exif+tag_offset1))
     c property.c:1720:23 cxx_lt_to_ge               if (i < level)
     c property.c:1720:23 cxx_lt_to_le               if (i < level)
     c property.c:1725:22 cxx_post_inc_to_post_dec   level++;
     c property.c:1726:37 cxx_mul_to_div             if ((directory+2+(12*number_entries)+4) > (exif+length))
     c property.c:1726:57 cxx_gt_to_ge               if ((directory+2+(12*number_entries)+4) > (exif+length))
     c property.c:1726:57 cxx_gt_to_le               if ((directory+2+(12*number_entries)+4) > (exif+length))
     c property.c:1729:24 cxx_mul_to_div             2+(12*number_entries));
     c property.c:1730:34 cxx_ne_to_eq               if ((tag_offset1 != 0) && ((size_t) tag_offset1 < length) &&
     c property.c:1730:65 cxx_lt_to_ge               if ((tag_offset1 != 0) && ((size_t) tag_offset1 < length) &&
     c property.c:1730:65 cxx_lt_to_le               if ((tag_offset1 != 0) && ((size_t) tag_offset1 < length) &&
     c property.c:1731:28 cxx_lt_to_ge               (level < (MaxDirectoryStack-2)))
     c property.c:1731:28 cxx_lt_to_le               (level < (MaxDirectoryStack-2)))
     c property.c:1736:26 cxx_post_inc_to_post_dec   level++;
    xc property.c:1764:36 cxx_lt_to_le               if (GetStringInfoLength(profile) < 128)
    xc property.c:1789:42 cxx_add_to_sub             SetStringInfoLength(info,extent+1);
    xc property.c:1798:18 cxx_ne_to_eq               if (extent != 0)
    xc property.c:1800:42 cxx_add_to_sub             SetStringInfoLength(info,extent+1);
    xc property.c:1803:22 cxx_ne_to_eq               if (extent != 0)
    xc property.c:1809:18 cxx_ne_to_eq               if (extent != 0)
    xc property.c:1811:42 cxx_add_to_sub             SetStringInfoLength(info,extent+1);
    xc property.c:1814:22 cxx_ne_to_eq               if (extent != 0)
    xc property.c:1822:42 cxx_add_to_sub             SetStringInfoLength(info,extent+1);
    x  property.c:1838:13 cxx_eq_to_ne               if (value == (const char*) NULL)
    x  property.c:1840:17 cxx_ne_to_eq               while (*value != '\0')
    x  property.c:1842:49 cxx_eq_to_ne               if (isspace((int) ((unsigned char) *value)) == 0)
    xc property.c:1876:36 cxx_lt_to_ge               if (GetStringInfoLength(profile) < 17)
    xc property.c:1876:36 cxx_lt_to_le               if (GetStringInfoLength(profile) < 17)
    xc property.c:1878:17 cxx_eq_to_ne               if ((property == (const char *) NULL) || (*property == '\0'))
    xc property.c:1878:55 cxx_eq_to_ne               if ((property == (const char *) NULL) || (*property == '\0'))
    xc property.c:1881:19 cxx_eq_to_ne               if (xmp_profile == (char *) NULL)
    xc property.c:1883:26 cxx_ne_to_eq               for (p=xmp_profile; *p != '\0'; p++)
    xc property.c:1884:13 cxx_eq_to_ne               if ((*p == '<') && (*(p+1) == 'x'))
    xc property.c:1884:32 cxx_eq_to_ne               if ((*p == '<') && (*(p+1) == 'x'))
    xc property.c:1890:11 cxx_eq_to_ne               if (xmp == (XMLTreeInfo *) NULL)
    xc property.c:1893:11 cxx_ne_to_eq               if (rdf != (XMLTreeInfo *) NULL)
    xc property.c:1899:26 cxx_ne_to_eq               while (description != (XMLTreeInfo *) NULL)
    xc property.c:1908:21 cxx_ne_to_eq               while (node != (XMLTreeInfo *) NULL)
    xc property.c:1912:22 cxx_eq_to_ne               if ((child == (XMLTreeInfo *) NULL) &&
    xc property.c:1913:38 cxx_eq_to_ne               (SkipXMPValue(content) == MagickFalse))
    xc property.c:1918:41 cxx_le_to_gt               if ((xmp_namespace_length <= 2) ||
    xc property.c:1918:41 cxx_le_to_lt               if ((xmp_namespace_length <= 2) ||
    xc property.c:1919:57 cxx_sub_to_add             (*(xmp_namespace+(xmp_namespace_length-2)) != ':') ||
    xc property.c:1919:62 cxx_ne_to_eq               (*(xmp_namespace+(xmp_namespace_length-2)) != ':') ||
    xc property.c:1920:57 cxx_sub_to_add             (*(xmp_namespace+(xmp_namespace_length-1)) != '*'))
    xc property.c:1920:62 cxx_ne_to_eq               (*(xmp_namespace+(xmp_namespace_length-1)) != '*'))
     c property.c:1928:39 cxx_eq_to_ne               if (SkipXMPValue(content) == MagickFalse)
     c property.c:1933:43 cxx_le_to_gt               if ((xmp_namespace_length <= 2) ||
     c property.c:1933:43 cxx_le_to_lt               if ((xmp_namespace_length <= 2) ||
     c property.c:1934:59 cxx_sub_to_add             (*(xmp_namespace+(xmp_namespace_length-2)) != ':') ||
     c property.c:1934:64 cxx_ne_to_eq               (*(xmp_namespace+(xmp_namespace_length-2)) != ':') ||
     c property.c:1935:59 cxx_sub_to_add             (*(xmp_namespace+(xmp_namespace_length-1)) != '*'))
     c property.c:1935:64 cxx_ne_to_eq               (*(xmp_namespace+(xmp_namespace_length-1)) != '*'))
    xc property.c:2318:24 cxx_ne_to_eq               if (IsEventLogging() != MagickFalse)
    xc property.c:2324:24 cxx_gt_to_ge               if ((property_length > 2) && (*(property+(property_length-2)) == ':') &&
    xc property.c:2324:24 cxx_gt_to_le               if ((property_length > 2) && (*(property+(property_length-2)) == ':') &&
    xc property.c:2324:60 cxx_sub_to_add             if ((property_length > 2) && (*(property+(property_length-2)) == ':') &&
    xc property.c:2324:65 cxx_eq_to_ne               if ((property_length > 2) && (*(property+(property_length-2)) == ':') &&
    xc property.c:2325:35 cxx_sub_to_add             (*(property+(property_length-1)) == '*'))
    xc property.c:2337:32 cxx_eq_to_ne               if (strchr(property,':') == (char *) NULL)
    xc property.c:2344:46 cxx_eq_to_ne               if (LocaleNCompare("8bim:",property,5) == 0)
    xc property.c:2354:46 cxx_eq_to_ne               if (LocaleNCompare("exif:",property,5) == 0)
    xc property.c:2364:46 cxx_eq_to_ne               if ((LocaleNCompare("icc:",property,4) == 0) ||
    xc property.c:2365:46 cxx_eq_to_ne               (LocaleNCompare("icm:",property,4) == 0))
    xc property.c:2372:46 cxx_eq_to_ne               if (LocaleNCompare("iptc:",property,5) == 0)
    xc property.c:2382:45 cxx_eq_to_ne               if (LocaleNCompare("xmp:",property,4) == 0)
    xc property.c:2393:29 cxx_ne_to_eq               (read_from_properties != MagickFalse))
    xc property.c:2515:14 cxx_ne_to_eq               if ((image != (Image *) NULL) && (IsEventLogging() != MagickFalse))
    xc property.c:2515:54 cxx_ne_to_eq               if ((image != (Image *) NULL) && (IsEventLogging() != MagickFalse))
    xc property.c:2518:21 cxx_ne_to_eq               if ((image_info != (ImageInfo *) NULL) &&
    xc property.c:2519:27 cxx_ne_to_eq               (IsEventLogging() != MagickFalse))
    xc property.c:2533:25 cxx_eq_to_ne               if (image->extent == 0)
    xc property.c:2550:18 cxx_eq_to_ne               if (*value == '\0')
    xc property.c:2558:18 cxx_eq_to_ne               if (*value == '\0')
    xc property.c:2582:22 cxx_ne_to_eq               (image->rows != 0 ? image->rows : image->magick_rows));
    xc property.c:2617:18 cxx_ne_to_eq               if ( image != (Image *) NULL )
    xc property.c:2654:50 cxx_ne_to_eq               (ssize_t) colorspace),image->alpha_trait != UndefinedPixelTrait ?
    xc property.c:2680:18 cxx_eq_to_ne               if (*value == '\0')
    xc property.c:2694:25 cxx_ne_to_eq               (image->columns != 0 ? image->columns : image->magick_columns));
    xc property.c:2701:35 cxx_gt_to_ge               fabs(image->resolution.x) > MagickEpsilon ? image->resolution.x :
    xc property.c:2701:35 cxx_gt_to_le               fabs(image->resolution.x) > MagickEpsilon ? image->resolution.x :
    xc property.c:2702:22 cxx_eq_to_ne               image->units == PixelsPerCentimeterResolution ? DefaultResolution/2.54 :
    xc property.c:2710:35 cxx_gt_to_ge               fabs(image->resolution.y) > MagickEpsilon ? image->resolution.y :
    xc property.c:2710:35 cxx_gt_to_le               fabs(image->resolution.y) > MagickEpsilon ? image->resolution.y :
    xc property.c:2711:22 cxx_eq_to_ne               image->units == PixelsPerCentimeterResolution ? DefaultResolution/2.54 :
    xc property.c:2734:25 cxx_eq_to_ne               if (image->extent == 0)
     c property.c:2775:18 cxx_ne_to_eq               if ((image != (Image *) NULL) && (image->next == (Image *) NULL))
     c property.c:2775:53 cxx_eq_to_ne               if ((image != (Image *) NULL) && (image->next == (Image *) NULL))
    xc property.c:2800:25 cxx_eq_to_ne               (image->quality == 0 ? 92 : image->quality));
    xc property.c:2816:36 cxx_eq_to_ne               (image_info->number_scenes == 0 ? 2147483647 :
    xc property.c:2879:27 cxx_ne_to_eq               if ((image->columns != 0) && (image->rows != 0))
    xc property.c:2879:49 cxx_ne_to_eq               if ((image->columns != 0) && (image->rows != 0))
    xc property.c:2892:17 cxx_ne_to_eq               if (image != (Image *) NULL)
    x  property.c:2920:14 cxx_ne_to_eq               if ((image != (Image *) NULL) && (IsEventLogging() != MagickFalse))
    x  property.c:2920:54 cxx_ne_to_eq               if ((image != (Image *) NULL) && (IsEventLogging() != MagickFalse))
    x  property.c:2923:21 cxx_ne_to_eq               if ((image_info != (ImageInfo *) NULL) &&
    x  property.c:2924:27 cxx_ne_to_eq               (IsEventLogging() != MagickFalse))
       property.c:2947:50 cxx_eq_to_ne               if (LocaleCompare("bounding-box",property) == 0)
       property.c:2956:32 cxx_add_to_sub             (double) geometry.x+geometry.width,
       property.c:2957:32 cxx_add_to_sub             (double) geometry.y+geometry.height);
       property.c:3052:27 cxx_eq_to_ne               if (convex_hull == (PointInfo *) NULL)
       property.c:3056:23 cxx_lt_to_ge               for (n=0; n < (ssize_t) number_points; n++)
       property.c:3056:23 cxx_lt_to_le               for (n=0; n < (ssize_t) number_points; n++)
       property.c:3056:51 cxx_post_inc_to_post_dec   for (n=0; n < (ssize_t) number_points; n++)
       property.c:3058:34 cxx_lt_to_ge               if (convex_hull[n].y < extreme.y)
       property.c:3058:34 cxx_lt_to_le               if (convex_hull[n].y < extreme.y)
       property.c:3063:34 cxx_ne_to_eq               if (convex_hull[n].y != extreme.y)
       property.c:3065:34 cxx_lt_to_ge               if (convex_hull[n].x < extreme.x)
       property.c:3065:34 cxx_lt_to_le               if (convex_hull[n].x < extreme.x)
       property.c:3072:23 cxx_lt_to_ge               for (n=0; n < (ssize_t) number_points; n++)
       property.c:3072:23 cxx_lt_to_le               for (n=0; n < (ssize_t) number_points; n++)
       property.c:3072:51 cxx_post_inc_to_post_dec   for (n=0; n < (ssize_t) number_points; n++)
       property.c:3074:34 cxx_gt_to_ge               if (convex_hull[n].x > extreme.x)
       property.c:3074:34 cxx_gt_to_le               if (convex_hull[n].x > extreme.x)
       property.c:3079:34 cxx_ne_to_eq               if (convex_hull[n].x != extreme.x)
       property.c:3081:34 cxx_lt_to_ge               if (convex_hull[n].y < extreme.y)
       property.c:3081:34 cxx_lt_to_le               if (convex_hull[n].y < extreme.y)
       property.c:3088:23 cxx_lt_to_ge               for (n=0; n < (ssize_t) number_points; n++)
       property.c:3088:23 cxx_lt_to_le               for (n=0; n < (ssize_t) number_points; n++)
       property.c:3088:51 cxx_post_inc_to_post_dec   for (n=0; n < (ssize_t) number_points; n++)
       property.c:3090:34 cxx_gt_to_ge               if (convex_hull[n].y > extreme.y)
       property.c:3090:34 cxx_gt_to_le               if (convex_hull[n].y > extreme.y)
       property.c:3095:34 cxx_ne_to_eq               if (convex_hull[n].y != extreme.y)
       property.c:3097:34 cxx_gt_to_ge               if (convex_hull[n].x > extreme.x)
       property.c:3097:34 cxx_gt_to_le               if (convex_hull[n].x > extreme.x)
       property.c:3104:23 cxx_lt_to_ge               for (n=0; n < (ssize_t) number_points; n++)
       property.c:3104:23 cxx_lt_to_le               for (n=0; n < (ssize_t) number_points; n++)
       property.c:3104:51 cxx_post_inc_to_post_dec   for (n=0; n < (ssize_t) number_points; n++)
       property.c:3106:34 cxx_lt_to_ge               if (convex_hull[n].x < extreme.x)
       property.c:3106:34 cxx_lt_to_le               if (convex_hull[n].x < extreme.x)
       property.c:3111:34 cxx_ne_to_eq               if (convex_hull[n].x != extreme.x)
       property.c:3113:34 cxx_gt_to_ge               if (convex_hull[n].y > extreme.y)
       property.c:3113:34 cxx_gt_to_le               if (convex_hull[n].y > extreme.y)
       property.c:3188:44 cxx_eq_to_ne               if (LocaleCompare("height",property) == 0)
       property.c:3192:32 cxx_ne_to_eq               image->magick_rows != 0 ? (double) image->magick_rows : 256.0);
       property.c:3205:47 cxx_eq_to_ne               if (LocaleCompare("interlace",property) == 0)
       property.c:3280:28 cxx_ne_to_eq               if ((magick_info != (const MagickInfo *) NULL) &&
       property.c:3281:47 cxx_ne_to_eq               (GetMagickMimeType(magick_info) != (const char *) NULL))
       property.c:3350:44 cxx_eq_to_ne               if (LocaleCompare("output",property) == 0)
       property.c:3375:25 cxx_ne_to_eq               if (papersize != (const char *) NULL)
       property.c:3403:23 cxx_eq_to_ne               if (profile == (StringInfo *) NULL)
       property.c:3407:27 cxx_ne_to_eq               if (icc_profile != (cmsHPROFILE *) NULL)
       property.c:3432:35 cxx_mul_to_div             image->resolution.y)*image->rows);
    x  property.c:3435:46 cxx_eq_to_ne               if (LocaleCompare("profiles",property) == 0)
       property.c:3447:27 cxx_ne_to_eq               while (name != (char *) NULL)
       property.c:3460:45 cxx_eq_to_ne               if (LocaleCompare("quality",property) == 0)
       property.c:3582:43 cxx_eq_to_ne               if (LocaleCompare("width",property) == 0)
       property.c:3586:36 cxx_ne_to_eq               (image->magick_columns != 0 ? image->magick_columns : 256));
    x  property.c:3599:17 cxx_ne_to_eq               if (image != (Image *) NULL)
    xc property.c:3640:24 cxx_ne_to_eq               if (IsEventLogging() != MagickFalse)
    xc property.c:3779:14 cxx_ne_to_eq               if ((image != (Image *) NULL) && (IsEventLogging() != MagickFalse))
    xc property.c:3779:54 cxx_ne_to_eq               if ((image != (Image *) NULL) && (IsEventLogging() != MagickFalse))
    xc property.c:3782:21 cxx_ne_to_eq               if ((image_info != (ImageInfo *) NULL) && (IsEventLogging() != MagickFalse))
    xc property.c:3782:65 cxx_ne_to_eq               if ((image_info != (ImageInfo *) NULL) && (IsEventLogging() != MagickFalse))
    xc property.c:3786:28 cxx_ne_to_eq               if (IsEventLogging() != MagickFalse)
    xc property.c:3791:60 cxx_ne_to_eq               while ((isspace((int) ((unsigned char) *p)) != 0) && (*p != '\0'))
    xc property.c:3795:11 cxx_eq_to_ne               if ((*p == '@') && (IsPathAccessible(p+1) != MagickFalse))
    xc property.c:3795:45 cxx_ne_to_eq               if ((*p == '@') && (IsPathAccessible(p+1) != MagickFalse))
     c property.c:3801:26 cxx_ne_to_eq               if (interpret_text != (char *) NULL)
    xc property.c:3807:18 cxx_ne_to_eq               if (image_info != (ImageInfo *) NULL)
     c property.c:3867:20 cxx_eq_to_ne               if (*p == '\n') /* return-newline EOL */
     c property.c:3881:40 cxx_eq_to_ne               if (LocaleNCompare("&lt;",p,4) == 0)
     c property.c:3887:42 cxx_eq_to_ne               if (LocaleNCompare("&gt;",p,4) == 0)
     c property.c:3893:45 cxx_eq_to_ne               if (LocaleNCompare("&amp;",p,5) == 0)
    xc property.c:3974:29 cxx_lt_to_le               for (offset=0; offset < (MagickPathExtent-1L) && (*p != '\0'); )
    xc property.c:3976:37 cxx_ne_to_eq               if ((*p == '\\') && (*(p+1) != '\0'))
     c property.c:3981:27 cxx_post_inc_to_post_dec   pattern[offset++]=(*p++);
     c property.c:3982:27 cxx_post_inc_to_post_dec   pattern[offset++]=(*p++);
    xc property.c:3986:16 cxx_post_inc_to_post_dec   depth++;
     c property.c:3999:22 cxx_ge_to_gt               if (offset >= 64)
     c property.c:3999:22 cxx_ge_to_lt               if (offset >= 64)
    xc property.c:4064:23 cxx_eq_to_ne               if (fx_info == (FxInfo *) NULL)
    xc property.c:4068:42 cxx_mul_to_div             pixel.red=(double) QuantumRange*value;
    xc property.c:4071:44 cxx_mul_to_div             pixel.green=(double) QuantumRange*value;
    xc property.c:4074:43 cxx_mul_to_div             pixel.blue=(double) QuantumRange*value;
    xc property.c:4075:42 cxx_eq_to_ne               if (property_image->colorspace == CMYKColorspace)
    xc property.c:4079:48 cxx_mul_to_div             pixel.black=(double) QuantumRange*value;
    xc property.c:4083:44 cxx_mul_to_div             pixel.alpha=(double) QuantumRange*value;
    xc property.c:4085:25 cxx_ne_to_eq               if (fx_status != MagickFalse)
    xc property.c:4114:23 cxx_eq_to_ne               if (fx_info == (FxInfo *) NULL)
    xc property.c:4118:42 cxx_mul_to_div             pixel.red=(double) QuantumRange*value;
    xc property.c:4121:44 cxx_mul_to_div             pixel.green=(double) QuantumRange*value;
    xc property.c:4124:43 cxx_mul_to_div             pixel.blue=(double) QuantumRange*value;
    xc property.c:4125:42 cxx_eq_to_ne               if (property_image->colorspace == CMYKColorspace)
    xc property.c:4129:48 cxx_mul_to_div             pixel.black=(double) QuantumRange*value;
    xc property.c:4133:44 cxx_mul_to_div             pixel.alpha=(double) QuantumRange*value;
    xc property.c:4135:25 cxx_ne_to_eq               if (fx_status != MagickFalse)
    xc property.c:4142:26 cxx_ne_to_eq               if (string != (char *) NULL)
     c property.c:4161:62 cxx_ne_to_eq               while ((key=GetNextImageOption(property_info)) != (const char *) NULL)
     c property.c:4162:62 cxx_ne_to_eq               if (GlobExpression(key,pattern+7,MagickTrue) != MagickFalse)
     c property.c:4165:32 cxx_ne_to_eq               if (string != (const char *) NULL)
     c property.c:4181:33 cxx_ne_to_eq               if (IsGlob(pattern+9) != MagickFalse)
     c property.c:4184:65 cxx_ne_to_eq               while ((key=GetNextImageArtifact(property_image)) != (const char *) NULL)
     c property.c:4185:62 cxx_ne_to_eq               if (GlobExpression(key,pattern+9,MagickTrue) != MagickFalse)
     c property.c:4188:32 cxx_ne_to_eq               if (string != (const char *) NULL)
     c property.c:4194:22 cxx_eq_to_ne               if (string == (char *) NULL)
     c property.c:4207:65 cxx_ne_to_eq               while ((key=GetNextImageProperty(property_image)) != (const char *) NULL)
     c property.c:4208:60 cxx_ne_to_eq               if (GlobExpression(key,pattern,MagickTrue) != MagickFalse)
     c property.c:4211:32 cxx_ne_to_eq               if (string != (const char *) NULL)
    xc property.c:4236:61 cxx_ne_to_eq               while ((key=GetNextImageProperty(property_image)) != (const char *) NULL)
    xc property.c:4237:56 cxx_ne_to_eq               if (GlobExpression(key,pattern,MagickTrue) != MagickFalse)
    xc property.c:4240:28 cxx_ne_to_eq               if (string != (const char *) NULL)
    xc property.c:4267:18 cxx_ne_to_eq               if (string != (char *) NULL)
    xc property.c:4274:18 cxx_ge_to_gt               if (offset >= 64)
    xc property.c:4274:18 cxx_ge_to_lt               if (offset >= 64)
    xc property.c:4288:52 cxx_ne_to_eq               if ((property_image != image) && (property_image != (Image *) NULL))
    xc property.c:4290:55 cxx_ne_to_eq               if ((property_info != image_info) && (property_info != (ImageInfo *) NULL))
     c property.c:4294:26 cxx_ne_to_eq               if (interpret_text != (char *) NULL)
    xc property.c:4373:24 cxx_ne_to_eq               if (IsEventLogging() != MagickFalse)
    xc property.c:4427:24 cxx_ne_to_eq               if (IsEventLogging() != MagickFalse)
    xc property.c:4434:24 cxx_le_to_lt               if (strlen(property) <= 1)
    xc property.c:4444:24 cxx_gt_to_ge               if ((property_length > 2) && (*(property+(property_length-2)) == ':') &&
    xc property.c:4444:24 cxx_gt_to_le               if ((property_length > 2) && (*(property+(property_length-2)) == ':') &&
    xc property.c:4444:60 cxx_sub_to_add             if ((property_length > 2) && (*(property+(property_length-2)) == ':') &&
    xc property.c:4444:65 cxx_eq_to_ne               if ((property_length > 2) && (*(property+(property_length-2)) == ':') &&
    xc property.c:4445:35 cxx_sub_to_add             (*(property+(property_length-1)) == '*'))
    xc property.c:4475:48 cxx_eq_to_ne               if (LocaleCompare("background",property) == 0)
    xc property.c:4500:26 cxx_lt_to_ge               if (colorspace < 0)
    xc property.c:4500:26 cxx_lt_to_le               if (colorspace < 0)
     c property.c:4510:23 cxx_lt_to_ge               if (compose < 0)
     c property.c:4510:23 cxx_lt_to_le               if (compose < 0)
     c property.c:4522:27 cxx_lt_to_ge               if (compression < 0)
     c property.c:4522:27 cxx_lt_to_le               if (compression < 0)
     c property.c:4540:32 cxx_gt_to_ge               if (image->delay > (size_t) floor(geometry_info.rho+0.5))
     c property.c:4540:32 cxx_gt_to_le               if (image->delay > (size_t) floor(geometry_info.rho+0.5))
     c property.c:4540:66 cxx_add_to_sub             if (image->delay > (size_t) floor(geometry_info.rho+0.5))
     c property.c:4541:62 cxx_add_to_sub             image->delay=(size_t) floor(geometry_info.rho+0.5);
     c property.c:4546:43 cxx_lt_to_ge               if ((double) image->delay < floor(geometry_info.rho+0.5))
     c property.c:4546:43 cxx_lt_to_le               if ((double) image->delay < floor(geometry_info.rho+0.5))
     c property.c:4546:68 cxx_add_to_sub             if ((double) image->delay < floor(geometry_info.rho+0.5))
     c property.c:4548:40 cxx_add_to_sub             geometry_info.sigma+0.5));
     c property.c:4554:34 cxx_add_to_sub             geometry_info.sigma+0.5));
     c property.c:4569:34 cxx_ne_to_eq               if ((flags & RhoValue) != 0)
     c property.c:4572:36 cxx_ne_to_eq               if ((flags & SigmaValue) != 0)
     c property.c:4587:23 cxx_lt_to_ge               if (dispose < 0)
     c property.c:4587:23 cxx_lt_to_le               if (dispose < 0)
    xc property.c:4622:43 cxx_eq_to_ne               if (LocaleCompare("gamma",property) == 0)
    xc property.c:4627:45 cxx_eq_to_ne               if (LocaleCompare("gravity",property) == 0)
     c property.c:4633:23 cxx_lt_to_ge               if (gravity < 0)
     c property.c:4633:23 cxx_lt_to_le               if (gravity < 0)
     c property.c:4661:25 cxx_lt_to_ge               if (intensity < 0)
     c property.c:4661:25 cxx_lt_to_le               if (intensity < 0)
     c property.c:4673:32 cxx_lt_to_ge               if (rendering_intent < 0)
     c property.c:4673:32 cxx_lt_to_le               if (rendering_intent < 0)
     c property.c:4685:27 cxx_lt_to_ge               if (interpolate < 0)
     c property.c:4685:27 cxx_lt_to_le               if (interpolate < 0)
     c property.c:4703:46 cxx_eq_to_ne               if (LocaleCompare("kurtosis",property) == 0)
     c property.c:4735:44 cxx_eq_to_ne               if (LocaleCompare("opaque",property) == 0)
    xc property.c:4745:42 cxx_eq_to_ne               if (LocaleCompare("page",property) == 0)
     c property.c:4769:54 cxx_eq_to_ne               if (LocaleCompare("rendering-intent",property) == 0)
     c property.c:4776:32 cxx_lt_to_ge               if (rendering_intent < 0)
     c property.c:4776:32 cxx_lt_to_le               if (rendering_intent < 0)
     c property.c:4814:20 cxx_lt_to_ge               if (type < 0)
     c property.c:4814:20 cxx_lt_to_le               if (type < 0)
     c property.c:4824:43 cxx_eq_to_ne               if (LocaleCompare("units",property) == 0)
     c property.c:4830:21 cxx_lt_to_ge               if (units < 0)
     c property.c:4830:21 cxx_lt_to_le               if (units < 0)
    xc property.c:4851:43 cxx_eq_to_ne               if (LocaleCompare("width",property) == 0)
  (x: the oracle executes this line; c: capped, not every reaching case ran)

  full results: build-oracle/work/mutation-full-property.json
