mutate: 46 mutants in MagickCore/colormap\.c$, 4 functions
  baseline: 500/2065 (2s)
  baseline: 1000/2065 (4s)
  baseline: 1500/2065 (5s)
  baseline: 2000/2065 (7s)
  baseline: 2065/2065 (7s)
mutate: baseline over 2615 cases in 7s
  mutants: 25/46 (0s)
  mutants: 46/46 (131s)

mutate: 46 mutants, 131s
  killed 38, survived 8 (3 capped), no coverage 0, errors 0
  mutation score on reached code: 82.6%   overall: 82.6%

  function                           total killed survived no-cov
  SortColormapByIntensity               18     15        3      0
  CycleColormapImage                    15     14        1      0
  AcquireImageColormap                  12      9        3      0
  IntensityCompare                       1      0        1      0

  survivors (equivalent, or a gap in the catalogue):
    xc colormap.c:116:24 cxx_ne_to_eq               if (IsEventLogging() != MagickFalse)
    xc colormap.c:126:23 cxx_eq_to_ne               if (image->colormap == (PixelInfo *) NULL)
    xc colormap.c:139:15 cxx_lt_to_le               for (i=0; i < (ssize_t) image->colors; i++)
    x  colormap.c:202:24 cxx_ne_to_eq               if (IsEventLogging() != MagickFalse)
    x  colormap.c:290:70 cxx_sub_to_add             intensity=(int) GetPixelInfoIntensity((const Image *) NULL,color_2)-(int)
    x  colormap.c:319:24 cxx_ne_to_eq               if (IsEventLogging() != MagickFalse)
    x  colormap.c:334:15 cxx_lt_to_le               for (j=0; j < (ssize_t) image->colors; j++)
    x  colormap.c:344:15 cxx_lt_to_le               for (j=0; j < (ssize_t) image->colors; j++)
  (x: the oracle executes this line; c: capped, not every reaching case ran)

  full results: build-oracle/work/mutation-full-colormap.json
