imdriver not built, see /home/jovyan/imagemagick-mutation/ImageMagick/build-oracle/cov/make.log
imdriver not built, see /home/jovyan/imagemagick-mutation/ImageMagick/build-oracle/base/709936345fbeaad8b3345e2c3cb53653a5c0e969/make.log
  exec: 500/15580 (2s)
  exec: 1000/15580 (4s)
  exec: 1500/15580 (5s)
  exec: 2000/15580 (7s)
  exec: 2500/15580 (8s)
  exec: 3000/15580 (10s)
  exec: 3500/15580 (12s)
  exec: 4000/15580 (14s)
  exec: 4500/15580 (15s)
  exec: 5000/15580 (17s)
  exec: 5500/15580 (18s)
  exec: 6000/15580 (20s)
  exec: 6500/15580 (22s)
  exec: 7000/15580 (24s)
  exec: 7500/15580 (25s)
  exec: 8000/15580 (34s)
  exec: 8500/15580 (36s)
  exec: 9000/15580 (39s)
  exec: 9500/15580 (42s)
  exec: 10000/15580 (45s)
  exec: 10500/15580 (47s)
  exec: 11000/15580 (49s)
  exec: 11500/15580 (51s)
  exec: 12000/15580 (53s)
  exec: 12500/15580 (56s)
  exec: 13000/15580 (58s)
  exec: 13500/15580 (60s)
  exec: 14000/15580 (61s)
  exec: 14500/15580 (64s)
  exec: 15000/15580 (67s)
  exec: 15500/15580 (69s)
  exec: 15580/15580 (82s)
exec: 15580 cases in 83s, 3478 exit non-zero
linecov: build-oracle/oracle.lcov in 87s
