mutate: 27 mutants in MagickCore/artifact\.c$, 9 functions
  baseline: 500/14387 (2s)
  baseline: 1000/14387 (3s)
  baseline: 1500/14387 (5s)
  baseline: 2000/14387 (6s)
  baseline: 2500/14387 (8s)
  baseline: 3000/14387 (11s)
  baseline: 3500/14387 (13s)
  baseline: 4000/14387 (15s)
  baseline: 4500/14387 (16s)
  baseline: 5000/14387 (18s)
  baseline: 5500/14387 (20s)
  baseline: 6000/14387 (22s)
  baseline: 6500/14387 (24s)
  baseline: 7000/14387 (25s)
  baseline: 7500/14387 (27s)
  baseline: 8000/14387 (28s)
  baseline: 8500/14387 (35s)
  baseline: 9000/14387 (38s)
  baseline: 9500/14387 (41s)
  baseline: 10000/14387 (43s)
  baseline: 10500/14387 (44s)
  baseline: 11000/14387 (46s)
  baseline: 11500/14387 (48s)
  baseline: 12000/14387 (49s)
  baseline: 12500/14387 (51s)
  baseline: 13000/14387 (52s)
  baseline: 13500/14387 (53s)
  baseline: 14000/14387 (55s)
  baseline: 14387/14387 (56s)
mutate: baseline over 14421 cases in 58s
  mutants: 25/27 (24s)
  mutants: 27/27 (25s)

mutate: 27 mutants, 25s
  killed 14, survived 8 (6 capped), no coverage 5, errors 0
  mutation score on reached code: 63.6%   overall: 51.9%

  function                           total killed survived no-cov
  GetImageArtifact                       6      5        1      0
  CloneImageArtifacts                    4      2        2      0
  DefineImageArtifact                    3      0        0      3
  ResetImageArtifactIterator             3      2        1      0
  SetImageArtifact                       3      2        1      0
  DeleteImageArtifact                    2      1        1      0
  DestroyImageArtifacts                  2      1        1      0
  GetNextImageArtifact                   2      1        1      0
  RemoveImageArtifact                    2      0        0      2

  survivors (equivalent, or a gap in the catalogue):
    xc artifact.c:124:24 cxx_ne_to_eq               if (IsEventLogging() != MagickFalse)
    xc artifact.c:133:9 cxx_remove_void_call       DestroyImageArtifacts(image);
    xc artifact.c:219:24 cxx_ne_to_eq               if (IsEventLogging() != MagickFalse)
    xc artifact.c:253:24 cxx_ne_to_eq               if (IsEventLogging() != MagickFalse)
    xc artifact.c:297:24 cxx_ne_to_eq               if (IsEventLogging() != MagickFalse)
    x  artifact.c:343:24 cxx_ne_to_eq               if (IsEventLogging() != MagickFalse)
    x  artifact.c:426:24 cxx_ne_to_eq               if (IsEventLogging() != MagickFalse)
    xc artifact.c:472:24 cxx_ne_to_eq               if (IsEventLogging() != MagickFalse)
  (x: the oracle executes this line; c: capped, not every reaching case ran)

  full results: build-oracle/work/mutation-resweep-artifact.json
