mutate: 323 mutants in MagickCore/delegate\.c$, 21 functions
mutate: baseline over 14762 cases in 0s
  mutants: 25/323 (1s)
  mutants: 50/323 (2s)
  mutants: 75/323 (2s)
  mutants: 100/323 (2s)
  mutants: 125/323 (2s)
  mutants: 150/323 (3s)
  mutants: 175/323 (3s)
  mutants: 200/323 (4s)
  mutants: 225/323 (4s)
  mutants: 250/323 (5s)
  mutants: 275/323 (5s)
  mutants: 300/323 (5s)
  mutants: 323/323 (133s)

mutate: 323 mutants, 133s
  killed 273, survived 35 (0 capped), no coverage 15, errors 0
  mutation score on reached code: 88.6%   overall: 84.5%

  function                           total killed survived no-cov
  InvokeDelegate                        51     35       16      0
  LoadDelegateCache                     51     51        0      0
  ExternalDelegateCommand               38     38        0      0
  GetMagickPropertyLetter               24     20        4      0
  GetDelegateInfo                       22     22        0      0
  InterpretDelegateProperties           19     14        5      0
  ListDelegateInfo                      19     18        1      0
  IsExecutableToken                     18     18        0      0
  CopyDelegateFile                      16     13        3      0
  GetDelegateList                       15      0        0     15
  GetDelegateInfoList                   13     11        2      0
  IsDelegateCacheInstantiated            7      7        0      0
  DestroyDelegate                        6      6        0      0
  DelegateComponentTerminus              6      6        0      0
  GetDelegateCommand                     6      4        2      0
  DelegateInfoCompare                    6      6        0      0
  AcquireDelegateCache                   2      2        0      0
  DelegateComponentGenesis               1      1        0      0
  GetDelegateCommands                    1      1        0      0
  GetDelegateMode                        1      0        1      0
  GetDelegateThreadSupport               1      0        1      0

  survivors (equivalent, or a gap in the catalogue):
    x  delegate.c:632:14 cxx_ne_to_eq               if ((image != (Image *) NULL) && (IsEventLogging() != MagickFalse))
    x  delegate.c:632:54 cxx_ne_to_eq               if ((image != (Image *) NULL) && (IsEventLogging() != MagickFalse))
    x  delegate.c:635:21 cxx_ne_to_eq               if ((image_info != (ImageInfo *) NULL) && (IsEventLogging() != MagickFalse))
    x  delegate.c:635:65 cxx_ne_to_eq               if ((image_info != (ImageInfo *) NULL) && (IsEventLogging() != MagickFalse))
    x  delegate.c:1022:14 cxx_ne_to_eq               if ((image != (Image *) NULL) && (IsEventLogging() != MagickFalse))
    x  delegate.c:1022:54 cxx_ne_to_eq               if ((image != (Image *) NULL) && (IsEventLogging() != MagickFalse))
    x  delegate.c:1025:20 cxx_ne_to_eq               if ((image_info != (ImageInfo *) NULL) && (IsEventLogging() != MagickFalse))
    x  delegate.c:1025:64 cxx_ne_to_eq               if ((image_info != (ImageInfo *) NULL) && (IsEventLogging() != MagickFalse))
       delegate.c:1076:20 cxx_eq_to_ne               if (*p == '\n') /* return-newline EOL */
    x  delegate.c:1173:24 cxx_ne_to_eq               if (IsEventLogging() != MagickFalse)
    x  delegate.c:1198:25 cxx_ne_to_eq               for (i=0; commands[i] != (char *) NULL; i++)
    x  delegate.c:1401:24 cxx_ne_to_eq               if (IsEventLogging() != MagickFalse)
    x  delegate.c:1407:52 cxx_add_to_sub             GetNumberOfElementsInLinkedList(delegate_cache)+1UL,sizeof(*delegates));
    x  delegate.c:1560:24 cxx_ne_to_eq               if (IsEventLogging() != MagickFalse)
    x  delegate.c:1596:24 cxx_ne_to_eq               if (IsEventLogging() != MagickFalse)
    x  delegate.c:1696:18 cxx_eq_to_ne               if ((overwrite == MagickFalse) &&
    x  delegate.c:1697:51 cxx_ne_to_eq               (GetPathAttributes(destination,&attributes) != MagickFalse))
    x  delegate.c:1719:39 cxx_eq_to_ne               if ((fstat(source_file,&attributes) == 0) && (attributes.st_size > 0))
    x  delegate.c:1774:24 cxx_ne_to_eq               if (IsEventLogging() != MagickFalse)
    x  delegate.c:1777:15 cxx_ne_to_eq               if ((decode != (const char *) NULL) &&
    x  delegate.c:1780:15 cxx_ne_to_eq               if ((encode != (const char *) NULL) &&
       delegate.c:1804:25 cxx_ne_to_eq               if (temporary != MagickFalse)
       delegate.c:1840:25 cxx_ne_to_eq               if (temporary != MagickFalse)
    x  delegate.c:1876:32 cxx_ne_to_eq               if (clone_info->adjoin != MagickFalse)
       delegate.c:1888:21 cxx_ne_to_eq               if (temporary != MagickFalse)
    x  delegate.c:1900:44 cxx_post_inc_to_post_dec   for (i=0; commands[i] != (char *) NULL; i++)
    x  delegate.c:1928:34 cxx_ne_to_eq               if (delegate_info->spawn != MagickFalse)
       delegate.c:1937:29 cxx_gt_to_ge               while ((count-- > 0) && (access_utf8(image->filename,F_OK) == 0))
       delegate.c:1937:29 cxx_gt_to_le               while ((count-- > 0) && (access_utf8(image->filename,F_OK) == 0))
       delegate.c:1937:72 cxx_eq_to_ne               while ((count-- > 0) && (access_utf8(image->filename,F_OK) == 0))
       delegate.c:1938:22 cxx_remove_void_call       (void) MagickDelay(100);  /* sleep 0.1 seconds */
    x  delegate.c:1942:42 cxx_ne_to_eq               if (IsPathAccessible(input_filename) != MagickFalse)
    x  delegate.c:1956:31 cxx_ne_to_eq               if (image_info->temporary != MagickFalse)
    x  delegate.c:1975:23 cxx_ne_to_eq               for ( ; commands[i] != (char *) NULL; i++)
    x  delegate.c:2065:27 cxx_ne_to_eq               for (j=0; commands[j] != (char *) NULL; j++)
  (x: the oracle executes this line; c: capped, not every reaching case ran)

  full results: build-oracle/work/mutation-resweep-delegate.json
