imdriver not built, see /home/jovyan/imagemagick-mutation/ImageMagick/build-oracle/base/709936345fbeaad8b3345e2c3cb53653a5c0e969/make.log
mutate: 387 mutants in MagickCore/identify\.c$, 6 functions
  baseline: 194/194 (2s)
mutate: baseline over 285 cases in 2s
  mutants: 25/387 (0s)
  mutants: 50/387 (1s)
  mutants: 75/387 (1s)
  mutants: 100/387 (4s)
  mutants: 125/387 (9s)
  mutants: 150/387 (17s)
  mutants: 175/387 (24s)
  mutants: 200/387 (32s)
  mutants: 225/387 (40s)
  mutants: 250/387 (47s)
  mutants: 275/387 (52s)
  mutants: 300/387 (74s)
  mutants: 325/387 (89s)
  mutants: 350/387 (93s)
  mutants: 375/387 (122s)
  mutants: 387/387 (212s)

mutate: 387 mutants, 212s
  killed 327, survived 60 (0 capped), no coverage 0, errors 0
  mutation score on reached code: 84.5%   overall: 84.5%

  function                           total killed survived no-cov
  IdentifyImage                        309    256       53      0
  GetLocationStatistics                 22     16        6      0
  PrintChannelPerceptualHash            21     21        0      0
  PrintChannelLocations                 19     18        1      0
  PrintChannelStatistics                10     10        0      0
  PrintChannelMoments                    6      6        0      0

  survivors (equivalent, or a gap in the catalogue):
    x  identify.c:147:24 cxx_ne_to_eq               if (IsEventLogging() != MagickFalse)
    x  identify.c:159:15 cxx_le_to_lt               for (i=0; i <= (ssize_t) MaxPixelChannels; i++)
    x  identify.c:176:15 cxx_lt_to_le               for (y=0; y < (ssize_t) image->rows; y++)
    x  identify.c:189:37 cxx_le_to_lt               if (GetPixelReadMask(image,p) <= (QuantumRange/2))
    x  identify.c:205:31 cxx_gt_to_ge               if ((double) p[i] > channel_statistics[channel].maxima)
    x  identify.c:211:31 cxx_lt_to_le               if ((double) p[i] < channel_statistics[channel].minima)
    x  identify.c:337:45 cxx_lt_to_le               match=fabs((double) p[offset]-target) < MagickEpsilon ? MagickTrue :
    x  identify.c:543:24 cxx_ne_to_eq               if (IsEventLogging() != MagickFalse)
    x  identify.c:631:27 cxx_ne_to_eq               return(ferror(file) != 0 ? MagickFalse : MagickTrue);
    x  identify.c:635:3 cxx_remove_void_call       GetTimerInfo(&image->timer);
    x  identify.c:652:34 cxx_ne_to_eq               if ((image->magick_columns != 0) || (image->magick_rows != 0))
    x  identify.c:652:63 cxx_ne_to_eq               if ((image->magick_columns != 0) || (image->magick_rows != 0))
    x  identify.c:681:33 cxx_le_to_lt               if (image->total_colors <= image->colors)
    x  identify.c:699:38 cxx_div_to_mul             (unsigned long) (elapsed_time/60.0),(unsigned long) floor(fmod(
    x  identify.c:700:52 cxx_mul_to_div             elapsed_time,60.0)),(unsigned long) (1000.0*(elapsed_time-
    x  identify.c:700:66 cxx_sub_to_add             elapsed_time,60.0)),(unsigned long) (1000.0*(elapsed_time-
    x  identify.c:704:27 cxx_ne_to_eq               return(ferror(file) != 0 ? MagickFalse : MagickTrue);
    x  identify.c:771:30 cxx_ne_to_eq               if ((image->magick_columns != 0) || (image->magick_rows != 0))
    x  identify.c:771:59 cxx_ne_to_eq               if ((image->magick_columns != 0) || (image->magick_rows != 0))
    x  identify.c:882:56 cxx_add_to_sub             channel = (PixelChannel) (MetaPixelChannels+i);
    x  identify.c:888:24 cxx_le_to_lt               if (image->depth <= MAGICKCORE_QUANTUM_DEPTH)
    x  identify.c:959:26 cxx_div_to_mul             "Read mask",1.0/scale,channel_statistics);
    x  identify.c:962:27 cxx_div_to_mul             "Write mask",1.0/scale,channel_statistics);
       identify.c:965:31 cxx_div_to_mul             "Composite mask",1.0/scale,channel_statistics);
    x  identify.c:973:56 cxx_add_to_sub             channel = (PixelChannel) (MetaPixelChannels+i);
       identify.c:1116:23 cxx_lt_to_ge               for (i=0; i < (ssize_t) GetPixelChannels(image); i++)
       identify.c:1116:23 cxx_lt_to_le               for (i=0; i < (ssize_t) GetPixelChannels(image); i++)
       identify.c:1116:61 cxx_post_inc_to_post_dec   for (i=0; i < (ssize_t) GetPixelChannels(image); i++)
       identify.c:1123:45 cxx_ne_to_eq               if ((traits & UpdatePixelTrait) != 0)
    x  identify.c:1153:23 cxx_lt_to_le               for (y=0; y < (ssize_t) image->rows; y++)
    x  identify.c:1178:15 cxx_remove_void_call       GetPixelInfo(image,&pixel);
    x  identify.c:1207:25 cxx_le_to_lt               if (image->colors <= 1024)
    x  identify.c:1219:11 cxx_remove_void_call       GetPixelInfo(image,&pixel);
    x  identify.c:1313:26 cxx_ne_to_eq               if ((image->page.width != 0) || (image->page.height != 0) ||
    x  identify.c:1313:55 cxx_ne_to_eq               if ((image->page.width != 0) || (image->page.height != 0) ||
    x  identify.c:1314:22 cxx_ne_to_eq               (image->page.x != 0) || (image->page.y != 0))
    x  identify.c:1314:46 cxx_ne_to_eq               (image->page.x != 0) || (image->page.y != 0))
    x  identify.c:1371:34 cxx_lt_to_le               ((size_t) (q-d+1) < sizeof(image_info->filename)))
    x  identify.c:1409:25 cxx_gt_to_ge               if (strlen(value) > 80)
    x  identify.c:1503:25 cxx_lt_to_le               for (i=0; i < (ssize_t) profile_length-5; i+=(ssize_t) length)
    x  identify.c:1503:51 cxx_sub_to_add             for (i=0; i < (ssize_t) profile_length-5; i+=(ssize_t) length)
    x  identify.c:1574:27 cxx_ge_to_gt               if (~length >= (MagickPathExtent-1))
    x  identify.c:1661:22 cxx_gt_to_ge               if (strlen(buffer) > 1)
    x  identify.c:1668:20 cxx_gt_to_ge               if (elapsed_time > MagickEpsilon)
    x  identify.c:1670:72 cxx_mul_to_div             (void) FormatMagickSize((MagickSizeType) ((double) image->columns*
    x  identify.c:1671:20 cxx_div_to_mul             image->rows/elapsed_time+0.5),MagickFalse,"P",MagickPathExtent,buffer);
    x  identify.c:1671:33 cxx_add_to_sub             image->rows/elapsed_time+0.5),MagickFalse,"P",MagickPathExtent,buffer);
       identify.c:1685:14 cxx_remove_void_call       (void) GetMagickUTCTime(&image->ttl,&timestamp);
       identify.c:1689:19 cxx_eq_to_ne               if (seconds == 0)
       identify.c:1692:31 cxx_div_to_mul             ceil((double) (seconds/(3600*24))),
       identify.c:1693:33 cxx_rem_to_div             ceil((double) ((seconds % (24*3600))/3600)),
       identify.c:1693:45 cxx_div_to_mul             ceil((double) ((seconds % (24*3600))/3600)),
       identify.c:1694:33 cxx_rem_to_div             ceil((double) ((seconds % 3600)/60)),
       identify.c:1694:40 cxx_div_to_mul             ceil((double) ((seconds % 3600)/60)),
       identify.c:1695:33 cxx_rem_to_div             ceil((double) ((seconds % 3600) % 60)),expired,iso8601);
       identify.c:1695:41 cxx_rem_to_div             ceil((double) ((seconds % 3600) % 60)),expired,iso8601);
    x  identify.c:1699:34 cxx_div_to_mul             (unsigned long) (elapsed_time/60.0),(unsigned long) ceil(fmod(elapsed_time,
    x  identify.c:1700:35 cxx_mul_to_div             60.0)),(unsigned long) (1000.0*(elapsed_time-floor(elapsed_time))));
    x  identify.c:1700:49 cxx_sub_to_add             60.0)),(unsigned long) (1000.0*(elapsed_time-floor(elapsed_time))));
    x  identify.c:1704:23 cxx_ne_to_eq               return(ferror(file) != 0 ? MagickFalse : MagickTrue);
  (x: the oracle executes this line; c: capped, not every reaching case ran)

  full results: build-oracle/work/mutation-resweep-identify.json
