mutate: 269 mutants in MagickCore/policy\.c$, 19 functions
mutate: baseline over 14762 cases in 0s
  mutants: 25/269 (1s)
  mutants: 50/269 (2s)
  mutants: 75/269 (2s)
  mutants: 100/269 (3s)
  mutants: 125/269 (4s)
  mutants: 150/269 (4s)
  mutants: 175/269 (4s)
  mutants: 200/269 (5s)
  mutants: 225/269 (6s)
  mutants: 250/269 (6s)
  mutants: 269/269 (134s)

mutate: 269 mutants, 134s
  killed 224, survived 13 (0 capped), no coverage 32, errors 0
  mutation score on reached code: 94.5%   overall: 83.3%

  function                           total killed survived no-cov
  IsRightsAuthorizedByName              50     50        0      0
  LoadPolicyCache                       46     46        0      0
  IsPathContainsSymlink                 29     19       10      0
  SetMagickSecurityPolicyValue          20      0        0     20
  GetPolicyInfo                         19     19        0      0
  ListPolicyInfo                        19     19        0      0
  AcquirePolicyCache                    12     12        0      0
  GetPolicyInfoList                     11     10        1      0
  GetPolicyList                         11      9        2      0
  SetMagickSecurityPolicy               10      0        0     10
  AcquirePolicyString                    8      8        0      0
  IsPathAuthorized                       8      8        0      0
  IsPolicyCacheInstantiated              7      7        0      0
  PolicyComponentTerminus                6      6        0      0
  DestroyPolicyElement                   5      5        0      0
  GetPolicyValue                         4      4        0      0
  ValidateSecurityPolicy                 2      0        0      2
  IsPolicyPathSeparator                  1      1        0      0
  PolicyComponentGenesis                 1      1        0      0

  survivors (equivalent, or a gap in the catalogue):
    x  policy.c:400:24 cxx_ne_to_eq               if (IsEventLogging() != MagickFalse)
    x  policy.c:496:24 cxx_ne_to_eq               if (IsEventLogging() != MagickFalse)
    x  policy.c:502:50 cxx_add_to_sub             GetNumberOfElementsInLinkedList(policy_cache)+1UL,sizeof(*policies));
    x  policy.c:630:18 cxx_add_to_sub             if ((offset+1) >= (ssize_t) sizeof(partial))
    x  policy.c:630:22 cxx_ge_to_gt               if ((offset+1) >= (ssize_t) sizeof(partial))
    x  policy.c:648:15 cxx_add_to_sub             ((i+1) < (ssize_t) sizeof(component)))
    x  policy.c:648:19 cxx_lt_to_le               ((i+1) < (ssize_t) sizeof(component)))
    x  policy.c:660:40 cxx_sub_to_add             if ((offset > 0) && (partial[offset-1] != *DirectorySeparator))
    x  policy.c:665:20 cxx_add_to_sub             if ((offset+1) >= (ssize_t) sizeof(partial))
    x  policy.c:665:24 cxx_ge_to_gt               if ((offset+1) >= (ssize_t) sizeof(partial))
    x  policy.c:673:16 cxx_add_to_sub             if ((offset+i) >= (ssize_t) sizeof(partial))
    x  policy.c:673:20 cxx_ge_to_gt               if ((offset+i) >= (ssize_t) sizeof(partial))
    x  policy.c:689:35 cxx_ne_to_eq               if (IsPolicyPathSeparator(*p) != MagickFalse)
  (x: the oracle executes this line; c: capped, not every reaching case ran)

  full results: build-oracle/work/mutation-resweep-policy.json
