imdriver not built, see /home/jovyan/imagemagick-mutation/ImageMagick/build-oracle/base/709936345fbeaad8b3345e2c3cb53653a5c0e969/make.log
mutate: 555 mutants in MagickCore/shear\.c$, 10 functions
mutate: baseline over 110 cases in 0s
  mutants: 25/555 (0s)
  mutants: 50/555 (0s)
  mutants: 75/555 (1s)
  mutants: 100/555 (1s)
  mutants: 125/555 (2s)
  mutants: 150/555 (4s)
  mutants: 175/555 (4s)
  mutants: 200/555 (4s)
  mutants: 225/555 (6s)
  mutants: 250/555 (8s)
  mutants: 275/555 (11s)
  mutants: 300/555 (18s)
  mutants: 325/555 (20s)
  mutants: 350/555 (25s)
  mutants: 375/555 (27s)
  mutants: 400/555 (30s)
  mutants: 425/555 (33s)
  mutants: 450/555 (35s)
  mutants: 475/555 (40s)
  mutants: 500/555 (40s)
  mutants: 525/555 (40s)
  mutants: 550/555 (141s)
  mutants: 555/555 (163s)

mutate: 555 mutants, 163s
  killed 429, survived 81 (0 capped), no coverage 45, errors 0
  mutation score on reached code: 84.1%   overall: 77.3%

  function                           total killed survived no-cov
  IntegralRotateImage                  129    100       29      0
  RadonProjection                       75     69        6      0
  XShearImage                           65     49       16      0
  YShearImage                           65     52       13      0
  RadonTransform                        55     48        7      0
  ShearRotateImage                      45      0        0     45
  CropToFitImage                        35     31        4      0
  GetImageBackgroundColor               31     31        0      0
  DeskewImage                           28     25        3      0
  ShearImage                            27     24        3      0

  survivors (equivalent, or a gap in the catalogue):
    x  shear.c:158:15 cxx_gt_to_ge               if (min.x > extent[i].x)
    x  shear.c:160:15 cxx_gt_to_ge               if (min.y > extent[i].y)
    x  shear.c:162:15 cxx_lt_to_le               if (max.x < extent[i].x)
    x  shear.c:164:15 cxx_lt_to_le               if (max.y < extent[i].y)
    x  shear.c:259:55 cxx_eq_to_ne               if (SetMatrixElement(q,x+2*i+1,y,&neighbor) == MagickFalse)
    x  shear.c:271:54 cxx_eq_to_ne               if (SetMatrixElement(q,x+2*i+1,y,&element) == MagickFalse)
    x  shear.c:274:19 cxx_lt_to_le               for ( ; y < (ssize_t) GetMatrixRows(p); y++)
    x  shear.c:280:54 cxx_eq_to_ne               if (SetMatrixElement(q,x+2*i+1,y,&element) == MagickFalse)
    x  shear.c:302:17 cxx_lt_to_le               for (y=0; y < (ssize_t) (GetMatrixRows(p)-1); y++)
    x  shear.c:302:46 cxx_sub_to_add             for (y=0; y < (ssize_t) (GetMatrixRows(p)-1); y++)
       shear.c:357:32 cxx_ne_to_eq               if (destination_matrices != (MatrixInfo *) NULL)
       shear.c:359:27 cxx_ne_to_eq               if (source_matrices != (MatrixInfo *) NULL)
    x  shear.c:369:15 cxx_lt_to_le               for (j=0; j < 256; j++)
    x  shear.c:382:15 cxx_lt_to_le               for (y=0; y < (ssize_t) image->rows; y++)
    x  shear.c:426:13 cxx_ne_to_eq               if (bit != 0)
    x  shear.c:439:15 cxx_lt_to_le               for (y=0; y < (ssize_t) image->rows; y++)
    x  shear.c:487:50 cxx_post_inc_to_post_dec   (void) SetMatrixElement(source_matrices,i++,y,&value);
    x  shear.c:595:63 cxx_sub_to_add             projection=(size_t *) AcquireQuantumMemory((size_t) (2*width-1),
    x  shear.c:617:20 cxx_ne_to_eq               if (image->debug != MagickFalse)
    x  shear.c:665:20 cxx_ne_to_eq               if (image->debug != MagickFalse)
    x  shear.c:781:29 cxx_lt_to_le               for (tile_y=0; tile_y < (ssize_t) image->rows; tile_y+=(ssize_t) tile_height)
    x  shear.c:808:26 cxx_add_to_sub             if ((tile_width+(size_t) tile_x) > image->columns)
    x  shear.c:808:44 cxx_gt_to_ge               if ((tile_width+(size_t) tile_x) > image->columns)
    x  shear.c:808:44 cxx_gt_to_le               if ((tile_width+(size_t) tile_x) > image->columns)
       shear.c:809:49 cxx_sub_to_add             width=(size_t) ((ssize_t) tile_width-(tile_x+(ssize_t) tile_width-
       shear.c:809:57 cxx_add_to_sub             width=(size_t) ((ssize_t) tile_width-(tile_x+(ssize_t) tile_width-
       shear.c:809:78 cxx_sub_to_add             width=(size_t) ((ssize_t) tile_width-(tile_x+(ssize_t) tile_width-
    x  shear.c:812:45 cxx_gt_to_ge               if ((tile_height+(size_t) tile_y) > image->rows)
    x  shear.c:833:64 cxx_add_to_sub             rotate_image->columns-(tile_y+(ssize_t) height),y+tile_x,height,
    x  shear.c:866:37 cxx_ne_to_eq               if (image->progress_monitor != (MagickProgressMonitor) NULL)
       shear.c:873:25 cxx_eq_to_ne               if (proceed == MagickFalse)
    x  shear.c:878:20 cxx_sub_to_add             image->rows-1,image->rows);
    x  shear.c:944:37 cxx_ne_to_eq               if (image->progress_monitor != (MagickProgressMonitor) NULL)
       shear.c:949:67 cxx_post_inc_to_post_dec   proceed=SetImageProgress(image,RotateImageTag,progress++,
       shear.c:951:25 cxx_eq_to_ne               if (proceed == MagickFalse)
    x  shear.c:956:20 cxx_sub_to_add             image->rows-1,image->rows);
    x  shear.c:981:29 cxx_lt_to_le               for (tile_y=0; tile_y < (ssize_t) image->rows; tile_y+=(ssize_t) tile_height)
    x  shear.c:1008:26 cxx_add_to_sub             if ((tile_width+(size_t) tile_x) > image->columns)
    x  shear.c:1008:44 cxx_gt_to_ge               if ((tile_width+(size_t) tile_x) > image->columns)
    x  shear.c:1008:44 cxx_gt_to_le               if ((tile_width+(size_t) tile_x) > image->columns)
       shear.c:1009:49 cxx_sub_to_add             width=(size_t) ((ssize_t) tile_width-(tile_x+(ssize_t) tile_width-
       shear.c:1009:57 cxx_add_to_sub             width=(size_t) ((ssize_t) tile_width-(tile_x+(ssize_t) tile_width-
       shear.c:1009:78 cxx_sub_to_add             width=(size_t) ((ssize_t) tile_width-(tile_x+(ssize_t) tile_width-
    x  shear.c:1012:45 cxx_gt_to_ge               if ((tile_height+(size_t) tile_y) > image->rows)
    x  shear.c:1068:37 cxx_ne_to_eq               if (image->progress_monitor != (MagickProgressMonitor) NULL)
       shear.c:1075:25 cxx_eq_to_ne               if (proceed == MagickFalse)
    x  shear.c:1080:20 cxx_sub_to_add             image->rows-1,image->rows);
    x  shear.c:1094:14 cxx_ne_to_eq               if (status != MagickFalse)
    x  shear.c:1102:7 cxx_remove_void_call       AppendImageProfileProperty(rotate_image,"hdrgm","hdrgm:Transform",
    x  shear.c:1178:24 cxx_ne_to_eq               if (IsEventLogging() != MagickFalse)
    x  shear.c:1188:15 cxx_lt_to_le               for (y=0; y < (ssize_t) height; y++)
    x  shear.c:1223:22 cxx_gt_to_ge               if (displacement > 0.0)
    x  shear.c:1234:5 cxx_remove_void_call       GetPixelInfo(image,&source);
    x  shear.c:1235:5 cxx_remove_void_call       GetPixelInfo(image,&destination);
    x  shear.c:1243:18 cxx_gt_to_ge               if (step > x_offset)
    x  shear.c:1248:28 cxx_lt_to_le               if ((x_offset+i) < step)
       shear.c:1251:15 cxx_remove_void_call       GetPixelInfoPixel(image,p,&pixel);
    x  shear.c:1267:21 cxx_lt_to_le               for (i=0; i < (step-1); i++)
    x  shear.c:1267:28 cxx_sub_to_add             for (i=0; i < (step-1); i++)
    x  shear.c:1285:49 cxx_add_to_sub             if ((size_t) (x_offset+(ssize_t) width+step-i) > image->columns)
    x  shear.c:1297:21 cxx_lt_to_le               for (i=0; i < (step-1); i++)
    x  shear.c:1297:28 cxx_sub_to_add             for (i=0; i < (step-1); i++)
    x  shear.c:1307:33 cxx_ne_to_eq               if (image->progress_monitor != (MagickProgressMonitor) NULL)
       shear.c:1315:17 cxx_post_inc_to_post_dec   progress++;
       shear.c:1317:21 cxx_eq_to_ne               if (proceed == MagickFalse)
    x  shear.c:1393:24 cxx_ne_to_eq               if (IsEventLogging() != MagickFalse)
    x  shear.c:1438:22 cxx_gt_to_ge               if (displacement > 0.0)
    x  shear.c:1449:5 cxx_remove_void_call       GetPixelInfo(image,&source);
    x  shear.c:1450:5 cxx_remove_void_call       GetPixelInfo(image,&destination);
       shear.c:1466:15 cxx_remove_void_call       GetPixelInfoPixel(image,p,&pixel);
    x  shear.c:1483:21 cxx_lt_to_le               for (i=0; i < (step-1); i++)
    x  shear.c:1501:50 cxx_add_to_sub             if ((size_t) (y_offset+(ssize_t) height+step-i) > image->rows)
    x  shear.c:1501:59 cxx_gt_to_ge               if ((size_t) (y_offset+(ssize_t) height+step-i) > image->rows)
    x  shear.c:1514:21 cxx_lt_to_le               for (i=0; i < (step-1); i++)
    x  shear.c:1514:28 cxx_sub_to_add             for (i=0; i < (step-1); i++)
    x  shear.c:1524:33 cxx_ne_to_eq               if (image->progress_monitor != (MagickProgressMonitor) NULL)
       shear.c:1532:17 cxx_post_inc_to_post_dec   progress++;
       shear.c:1534:21 cxx_eq_to_ne               if (proceed == MagickFalse)
    x  shear.c:1602:24 cxx_ne_to_eq               if (IsEventLogging() != MagickFalse)
    x  shear.c:1631:37 cxx_sub_to_add             image->rows)-image->columns)/2.0-0.5));
    x  shear.c:1633:35 cxx_sub_to_add             bounds.width)-image->rows)/2.0-0.5));
  (x: the oracle executes this line; c: capped, not every reaching case ran)

  full results: build-oracle/work/mutation-resweep-shear.json
