mutate: 191 mutants in MagickCore/locale\.c$, 26 functions
mutate: baseline over 14563 cases in 0s
  mutants: 25/191 (1s)
  mutants: 50/191 (2s)
  mutants: 75/191 (7s)
  mutants: 100/191 (35s)
  mutants: 125/191 (36s)
  mutants: 150/191 (44s)
  mutants: 175/191 (66s)
  mutants: 191/191 (167s)

mutate: 191 mutants, 167s
  killed 170, survived 17 (12 capped), no coverage 4, errors 0
  mutation score on reached code: 90.9%   overall: 89.0%

  function                           total killed survived no-cov
  LoadLocaleCache                       66     66        0      0
  IsLocaleTreeInstantiated              13     13        0      0
  GetLocaleInfoList                     12     10        2      0
  GetLocaleList                         11      9        2      0
  ListLocaleInfo                        10     10        0      0
  ChopLocaleComponents                  10     10        0      0
  LocaleNCompare                        10      9        1      0
  LocaleCompare                          8      8        0      0
  GetLocaleInfo_                         7      7        0      0
  LocaleComponentTerminus                7      5        2      0
  GetLocaleOptions                       6      6        0      0
  AcquireLocaleSplayTree                 4      4        0      0
  FormatLocaleStringList                 4      0        4      0
  InterpretLocaleValue                   4      2        2      0
  DestroyLocaleNode                      3      3        0      0
  GetLocaleMessage                       3      3        0      0
  LocaleFatalErrorHandler                3      0        0      3
  DestroyCLocale                         2      1        1      0
  AcquireCLocale                         1      0        1      0
  DestroyLocaleOptions                   1      1        0      0
  FormatLocaleFileList                   1      1        0      0
  LocaleInfoCompare                      1      0        1      0
  GetLocaleValue                         1      0        0      1
  LocaleLower                            1      1        0      0
  LocaleUpper                            1      1        0      0
  LocaleComponentGenesis                 1      0        1      0

  survivors (equivalent, or a gap in the catalogue):
    xc locale.c:138:16 cxx_eq_to_ne               if (c_locale == (locale_t) NULL)
    xc locale.c:263:16 cxx_ne_to_eq               if (c_locale != (locale_t) NULL)
    xc locale.c:463:16 cxx_eq_to_ne               if (locale == (locale_t) NULL)
    xc locale.c:475:9 cxx_lt_to_ge               if (n < 0)
    xc locale.c:475:9 cxx_lt_to_le               if (n < 0)
     c locale.c:476:18 cxx_sub_to_add             string[length-1]='\0';
    x  locale.c:585:44 cxx_eq_to_ne               if (LocaleCompare((*p)->path,(*q)->path) == 0)
    x  locale.c:611:24 cxx_ne_to_eq               if (IsEventLogging() != MagickFalse)
    x  locale.c:635:3 cxx_remove_void_call       qsort((void *) messages,(size_t) i,sizeof(*messages),LocaleInfoCompare);
    x  locale.c:707:24 cxx_ne_to_eq               if (IsEventLogging() != MagickFalse)
    x  locale.c:727:3 cxx_remove_void_call       qsort((void *) messages,(size_t) i,sizeof(*messages),LocaleTagCompare);
    xc locale.c:997:16 cxx_eq_to_ne               if ((*string == '0') && ((string[1] | 0x20)=='x'))
    xc locale.c:1006:18 cxx_eq_to_ne               if (locale == (locale_t) NULL)
     c locale.c:1576:13 cxx_eq_to_ne               if (q == (char *) NULL)
    xc locale.c:1678:24 cxx_eq_to_ne               if (locale_semaphore == (SemaphoreInfo *) NULL)
    xc locale.c:1706:24 cxx_eq_to_ne               if (locale_semaphore == (SemaphoreInfo *) NULL)
    xc locale.c:1712:3 cxx_remove_void_call       DestroyCLocale();
  (x: the oracle executes this line; c: capped, not every reaching case ran)

  full results: build-oracle/work/mutation-resweep-locale.json
