mutate: 377 mutants in MagickCore/string\.c$, 38 functions
mutate: baseline over 14766 cases in 0s
  mutants: 25/377 (1s)
  mutants: 50/377 (1s)
  mutants: 75/377 (2s)
  mutants: 100/377 (3s)
  mutants: 125/377 (4s)
  mutants: 150/377 (4s)
  mutants: 175/377 (5s)
  mutants: 200/377 (5s)
  mutants: 225/377 (6s)
  mutants: 250/377 (7s)
  mutants: 275/377 (7s)
  mutants: 300/377 (12s)
  mutants: 325/377 (14s)
  mutants: 350/377 (15s)
  mutants: 375/377 (136s)
  mutants: 377/377 (144s)

mutate: 377 mutants, 144s
  killed 335, survived 38 (4 capped), no coverage 4, errors 0
  mutation score on reached code: 89.8%   overall: 88.9%

  function                           total killed survived no-cov
  StringToStrings                       60     47       13      0
  StringToArgv                          37     37        0      0
  PrintStringInfo                       30     28        2      0
  CopyMagickString                      20     20        0      0
  StripMagickString                     20     18        2      0
  ConfigureFileToStringInfo             19     19        0      0
  SubstituteString                      15     15        0      0
  EscapeString                          14      8        6      0
  StringToArrayOfDoubles                14     13        1      0
  InterpretSiPrefixValue                12     12        0      0
  ConcatenateMagickString               10     10        0      0
  CloneString                            9      9        0      0
  ConcatenateString                      9      7        2      0
  FormatMagickSize                       9      8        1      0
  ConcatenateStringInfo                  8      5        3      0
  AcquireString                          7      7        0      0
  ConstantString                         7      7        0      0
  SetStringInfoLength                    7      7        0      0
  SplitStringInfo                        7      6        1      0
  StringInfoToHexString                  7      7        0      0
  AcquireStringInfo                      6      6        0      0
  BlobToStringInfo                       6      4        2      0
  FileToString                           5      4        1      0
  IsStringTrue                           5      5        0      0
  IsStringFalse                          5      5        0      0
  StringInfoToString                     5      3        2      0
  CompareStringInfo                      4      3        1      0
  StringToken                            4      4        0      0
  DestroyStringInfo                      3      3        0      0
  CloneStringInfo                        2      2        0      0
  DestroyStringList                      2      0        0      2
  FileToStringInfo                       2      1        1      0
  StringInfoToDigest                     2      0        0      2
  GetEnvironmentValue                    1      1        0      0
  SanitizeString                         1      1        0      0
  SetStringInfo                          1      1        0      0
  SetStringInfoDatum                     1      1        0      0
  StringToStringInfo                     1      1        0      0

  survivors (equivalent, or a gap in the catalogue):
    x  string.c:200:15 cxx_lt_to_le               if (~length < MagickPathExtent)
    x  string.c:214:46 cxx_mul_to_div             (void) memset(string_info->datum,0,length*sizeof(*string_info->datum));
    x  string.c:362:25 cxx_lt_to_le               return(target->length < source->length ? -1 : 1);
    xc string.c:477:15 cxx_lt_to_le               if (~length < source_length)
    xc string.c:480:15 cxx_lt_to_le               if (~length < MagickPathExtent)
    x  string.c:528:15 cxx_lt_to_le               if (~length < source->length)
    x  string.c:531:15 cxx_lt_to_le               if (~length < MagickPathExtent)
       string.c:534:69 cxx_add_to_sub             string_info->datum=(unsigned char *) AcquireQuantumMemory(length+
    x  string.c:907:21 cxx_ne_to_eq               for (p=source; *p != '\0'; p++)
    x  string.c:909:13 cxx_eq_to_ne               if ((*p == '\\') || (*p == escape))
    x  string.c:909:29 cxx_eq_to_ne               if ((*p == '\\') || (*p == escape))
    x  string.c:911:21 cxx_lt_to_le               if (~length < 1)
    x  string.c:913:15 cxx_post_inc_to_post_dec   length++;
    x  string.c:918:15 cxx_ge_to_gt               if (~length >= (MagickPathExtent-1))
    x  string.c:973:24 cxx_ne_to_eq               if (IsEventLogging() != MagickFalse)
    x  string.c:1024:24 cxx_ne_to_eq               if (IsEventLogging() != MagickFalse)
    xc string.c:1117:21 cxx_ge_to_gt               for (i=0; (extent >= bytes) && (units[i+1] != (const char *) NULL); i++)
    x  string.c:1502:15 cxx_lt_to_le               for (i=0; i < string_info->length; i++)
    x  string.c:1503:15 cxx_lt_to_le               if ((p[i] < 32) && (isspace((int)p[i]) == 0))
    x  string.c:1840:14 cxx_gt_to_ge               if (offset > string_info->length)
    x  string.c:1997:15 cxx_ge_to_gt               if (~length >= (MagickPathExtent-1))
    x  string.c:2002:58 cxx_mul_to_div             (void) memcpy(string,(char *) string_info->datum,length*sizeof(*string));
    xc string.c:2211:29 cxx_lt_to_le               while ((*p != '\0') && (i < *count))
       string.c:2365:17 cxx_ne_to_eq               if (count != (size_t *) NULL)
    x  string.c:2370:37 cxx_lt_to_le               if (((int) ((unsigned char) *p) < 32) &&
       string.c:2402:25 cxx_lt_to_ge               for (j=0; j < i; j++)
       string.c:2402:25 cxx_lt_to_le               for (j=0; j < i; j++)
       string.c:2402:31 cxx_post_inc_to_post_dec   for (j=0; j < i; j++)
    x  string.c:2434:19 cxx_lt_to_le               for (i=0; i < (ssize_t) lines; i++)
       string.c:2443:25 cxx_lt_to_ge               for (j=0; j < i; j++)
       string.c:2443:25 cxx_lt_to_le               for (j=0; j < i; j++)
       string.c:2443:31 cxx_post_inc_to_post_dec   for (j=0; j < i; j++)
    x  string.c:2482:24 cxx_add_to_sub             textlist[i]+1),sizeof(**textlist));
       string.c:2486:27 cxx_lt_to_ge               for (j=0; j < i; j++)
       string.c:2486:27 cxx_lt_to_le               for (j=0; j < i; j++)
       string.c:2486:33 cxx_post_inc_to_post_dec   for (j=0; j < i; j++)
    x  string.c:2594:21 cxx_sub_to_add             return((size_t) (q-p+1));
    x  string.c:2594:23 cxx_add_to_sub             return((size_t) (q-p+1));
  (x: the oracle executes this line; c: capped, not every reaching case ran)

  full results: build-oracle/work/mutation-resweep-string.json
