mutate: 22 mutants in MagickCore/version\.c$, 8 functions
mutate: baseline over 11318 cases in 0s
mutate: resuming, 22 mutants already done

mutate: 22 mutants, 0s
  killed 16, survived 2 (0 capped), no coverage 4, errors 0
  mutation score on reached code: 88.9%   overall: 72.7%

  function                           total killed survived no-cov
  CRC32                                 10      9        1      0
  GetMagickSignature                     4      4        0      0
  GetMagickHomeURL                       3      0        0      3
  GetMagickDelegates                     1      1        0      0
  GetMagickQuantumDepth                  1      1        0      0
  GetMagickQuantumRange                  1      0        0      1
  GetMagickVersion                       1      0        1      0
  ListMagickVersion                      1      1        0      0

  survivors (equivalent, or a gap in the catalogue):
    x  version.c:544:19 cxx_lt_to_le               for (j=0; j < 256; j++)
    x  version.c:625:15 cxx_ne_to_eq               if (version != (size_t *) NULL)
  (x: the oracle executes this line; c: capped, not every reaching case ran)

  full results: build-oracle/work/mutation-resweep-version.json
