imdriver not built, see /home/jovyan/imagemagick-mutation/ImageMagick/build-oracle/base/709936345fbeaad8b3345e2c3cb53653a5c0e969/make.log
mutate: 401 mutants in MagickCore/decorate\.c$, 3 functions
mutate: baseline over 150 cases in 1s
  mutants: 25/401 (2s)
  mutants: 50/401 (6s)
  mutants: 75/401 (8s)
  mutants: 100/401 (9s)
  mutants: 125/401 (10s)
  mutants: 150/401 (12s)
  mutants: 175/401 (13s)
  mutants: 200/401 (16s)
  mutants: 225/401 (17s)
  mutants: 250/401 (19s)
  mutants: 275/401 (20s)
  mutants: 300/401 (20s)
  mutants: 325/401 (21s)
  mutants: 350/401 (22s)
  mutants: 375/401 (28s)
  mutants: 400/401 (152s)
  mutants: 401/401 (153s)

mutate: 401 mutants, 153s
  killed 385, survived 16 (0 capped), no coverage 0, errors 0
  mutation score on reached code: 96.0%   overall: 96.0%

  function                           total killed survived no-cov
  FrameImage                           272    267        5      0
  RaiseImage                           124    114       10      0
  BorderImage                            5      4        1      0

  survivors (equivalent, or a gap in the catalogue):
    x  decorate.c:117:24 cxx_ne_to_eq               if (IsEventLogging() != MagickFalse)
    x  decorate.c:209:24 cxx_ne_to_eq               if (IsEventLogging() != MagickFalse)
    x  decorate.c:349:23 cxx_lt_to_le               for (y=0; y < (ssize_t) frame_info->inner_bevel; y++)
    x  decorate.c:463:33 cxx_ne_to_eq               if (image->progress_monitor != (MagickProgressMonitor) NULL)
       decorate.c:471:17 cxx_post_inc_to_post_dec   progress++;
       decorate.c:473:21 cxx_eq_to_ne               if (proceed == MagickFalse)
    x  decorate.c:657:24 cxx_ne_to_eq               if (IsEventLogging() != MagickFalse)
    x  decorate.c:742:33 cxx_ne_to_eq               if (image->progress_monitor != (MagickProgressMonitor) NULL)
       decorate.c:750:17 cxx_post_inc_to_post_dec   progress++;
       decorate.c:752:21 cxx_eq_to_ne               if (proceed == MagickFalse)
    x  decorate.c:808:33 cxx_ne_to_eq               if (image->progress_monitor != (MagickProgressMonitor) NULL)
       decorate.c:816:17 cxx_post_inc_to_post_dec   progress++;
       decorate.c:818:21 cxx_eq_to_ne               if (proceed == MagickFalse)
    x  decorate.c:885:33 cxx_ne_to_eq               if (image->progress_monitor != (MagickProgressMonitor) NULL)
       decorate.c:893:17 cxx_post_inc_to_post_dec   progress++;
       decorate.c:895:21 cxx_eq_to_ne               if (proceed == MagickFalse)
  (x: the oracle executes this line; c: capped, not every reaching case ran)

  full results: build-oracle/work/mutation-resweep-decorate.json
