mutate: 350 mutants in MagickCore/utility\.c$, 20 functions
mutate: baseline over 14563 cases in 0s
  mutants: 25/350 (1s)
  mutants: 50/350 (2s)
  mutants: 75/350 (2s)
  mutants: 100/350 (4s)
  mutants: 125/350 (23s)
  mutants: 150/350 (63s)
  mutants: 175/350 (72s)
  mutants: 200/350 (77s)
  mutants: 225/350 (82s)
  mutants: 250/350 (84s)
  mutants: 275/350 (87s)
  mutants: 300/350 (90s)
  mutants: 325/350 (95s)
  mutants: 350/350 (134s)

mutate: 350 mutants, 134s
  killed 268, survived 68 (35 capped), no coverage 14, errors 0
  mutation score on reached code: 79.8%   overall: 76.6%

  function                           total killed survived no-cov
  ExpandFilenames                       86     51       35      0
  GetPathComponent                      65     65        0      0
  Base64Decode                          28     21        7      0
  Base64Encode                          26     22        4      0
  ShredFile                             24     24        0      0
  GetPathComponents                     17     14        3      0
  ListFiles                             17     13        4      0
  AcquireUniqueSymbolicLink             16      4       12      0
  AppendImageFormat                     13     13        0      0
  ExpandFilename                        11      9        2      0
  GetPathTemplate                       11     11        0      0
  IsPathAccessible                       6      6        0      0
  GetExecutionPath                       5      0        0      5
  MagickDelay                            5      0        0      5
  ChopPathComponents                     4      0        0      4
  GetMagickPageSize                      4      4        0      0
  IsPathDirectory                        4      4        0      0
  MultilineCensus                        4      4        0      0
  AcquireUniqueFilename                  2      1        1      0
  GetPathAttributes                      2      2        0      0

  survivors (equivalent, or a gap in the catalogue):
    x  utility.c:120:24 cxx_sub_to_add             file=close_utf8(file)-1;
    x  utility.c:189:16 cxx_eq_to_ne               if (passes == -1)
    x  utility.c:191:17 cxx_eq_to_ne               if ((passes == 0) && (status != MagickFalse))
    x  utility.c:191:34 cxx_ne_to_eq               if ((passes == 0) && (status != MagickFalse))
       utility.c:221:24 cxx_eq_to_ne               if (destination_file == -1)
       utility.c:224:19 cxx_eq_to_ne               if (source_file == -1)
       utility.c:231:39 cxx_eq_to_ne               if ((fstat(source_file,&attributes) == 0) && (attributes.st_size > 0))
       utility.c:231:68 cxx_gt_to_ge               if ((fstat(source_file,&attributes) == 0) && (attributes.st_size > 0))
       utility.c:231:68 cxx_gt_to_le               if ((fstat(source_file,&attributes) == 0) && (attributes.st_size > 0))
       utility.c:234:14 cxx_eq_to_ne               if (buffer == (unsigned char *) NULL)
       utility.c:245:15 cxx_le_to_gt               if (count <= 0)
       utility.c:245:15 cxx_le_to_lt               if (count <= 0)
       utility.c:249:24 cxx_ne_to_eq               if ((size_t) count != length)
    x  utility.c:372:24 cxx_ne_to_eq               if (IsEventLogging() != MagickFalse)
    x  utility.c:375:67 cxx_div_to_mul             decode=(unsigned char *) AcquireQuantumMemory((strlen(source)+3)/4,
    x  utility.c:397:37 cxx_sub_to_add             decode[i]=(unsigned char)((q-Base64) << 2);
    x  utility.c:404:38 cxx_sub_to_add             decode[i]=(unsigned char)(((q-Base64) & 0x0f) << 4);
    x  utility.c:411:38 cxx_sub_to_add             decode[i]=(unsigned char)(((q-Base64) & 0x03) << 6);
    x  utility.c:450:22 cxx_ne_to_eq               for ( ; *p != '\0'; p++)
       utility.c:463:53 cxx_eq_to_ne               if (isspace((int) ((unsigned char) *p)) == 0)
    x  utility.c:529:24 cxx_ne_to_eq               if (IsEventLogging() != MagickFalse)
    x  utility.c:532:51 cxx_div_to_mul             encode=(char *) AcquireQuantumMemory(blob_length/3+4,4*sizeof(*encode));
    x  utility.c:562:58 cxx_add_to_sub             encode[i++]=Base64[(int) (((code[1] & 0x0f) << 2)+(code[2] >> 6))];
    x  utility.c:566:11 cxx_post_inc_to_post_dec   encode[i++]='\0';
    x  utility.c:684:66 cxx_lt_to_ge               if (getpwnam_r(username,&pwd,buffer,sizeof(buffer),&entry) < 0)
    x  utility.c:684:66 cxx_lt_to_le               if (getpwnam_r(username,&pwd,buffer,sizeof(buffer),&entry) < 0)
    xc utility.c:796:24 cxx_ne_to_eq               if (IsEventLogging() != MagickFalse)
    xc utility.c:829:20 cxx_gt_to_ge               if (parameters > 0)
    xc utility.c:834:21 cxx_lt_to_ge               for (j=0; j < parameters; j++)
    xc utility.c:834:21 cxx_lt_to_le               for (j=0; j < parameters; j++)
    xc utility.c:834:36 cxx_post_inc_to_post_dec   for (j=0; j < parameters; j++)
    xc utility.c:847:5 cxx_remove_void_call       GetPathComponent(option,MagickPath,magick);
    xc utility.c:863:9 cxx_remove_void_call       GetPathComponent(option,SubimagePath,subimage);
    xc utility.c:864:9 cxx_remove_void_call       ExpandFilename(path);
    xc utility.c:894:21 cxx_lt_to_le               for (j=0; j < (ssize_t) (length-1); j++)
    xc utility.c:894:40 cxx_sub_to_add             for (j=0; j < (ssize_t) (length-1); j++)
    xc utility.c:900:17 cxx_lt_to_ge               for (j=0; j < (ssize_t) number_files; j++)
    xc utility.c:900:17 cxx_lt_to_le               for (j=0; j < (ssize_t) number_files; j++)
    xc utility.c:900:44 cxx_post_inc_to_post_dec   for (j=0; j < (ssize_t) number_files; j++)
    xc utility.c:905:21 cxx_lt_to_ge               for (j=0; j < (ssize_t) number_files; j++)
    xc utility.c:905:21 cxx_lt_to_le               for (j=0; j < (ssize_t) number_files; j++)
    xc utility.c:905:48 cxx_post_inc_to_post_dec   for (j=0; j < (ssize_t) number_files; j++)
    xc utility.c:914:24 cxx_add_to_sub             *number_arguments+count+(ssize_t) number_files+1),sizeof(*vector));
    xc utility.c:914:53 cxx_add_to_sub             *number_arguments+count+(ssize_t) number_files+1),sizeof(*vector));
     c utility.c:917:21 cxx_lt_to_ge               for (j=0; j < (ssize_t) number_files; j++)
     c utility.c:917:21 cxx_lt_to_le               for (j=0; j < (ssize_t) number_files; j++)
     c utility.c:917:48 cxx_post_inc_to_post_dec   for (j=0; j < (ssize_t) number_files; j++)
    xc utility.c:926:22 cxx_gt_to_ge               if (parameters > 0)
    xc utility.c:934:23 cxx_post_inc_to_post_dec   vector[count++]=ConstantString(option);
    xc utility.c:935:23 cxx_lt_to_ge               for (k=0; k < parameters; k++)
    xc utility.c:935:23 cxx_lt_to_le               for (k=0; k < parameters; k++)
    xc utility.c:935:38 cxx_post_inc_to_post_dec   for (k=0; k < parameters; k++)
    xc utility.c:937:14 cxx_post_inc_to_post_dec   j++;
    xc utility.c:938:19 cxx_eq_to_ne               if (j == (ssize_t) number_files)
    xc utility.c:941:25 cxx_post_inc_to_post_dec   vector[count++]=ConstantString(option);
    xc utility.c:952:28 cxx_ge_to_gt               if (strlen(filename) >= (MagickPathExtent-1))
    xc utility.c:974:33 cxx_ge_to_gt               if (strlen(file_path) >= (MagickPathExtent-1))
    xc utility.c:988:24 cxx_ne_to_eq               if (IsEventLogging() != MagickFalse)
     c utility.c:994:19 cxx_lt_to_ge               for (i=1; i < count; i++)
     c utility.c:994:19 cxx_lt_to_le               for (i=1; i < count; i++)
     c utility.c:994:29 cxx_post_inc_to_post_dec   for (i=1; i < count; i++)
       utility.c:1517:21 cxx_lt_to_ge               for (j=0; j < i; j++)
       utility.c:1517:21 cxx_lt_to_le               for (j=0; j < i; j++)
       utility.c:1517:27 cxx_post_inc_to_post_dec   for (j=0; j < i; j++)
    x  utility.c:1799:24 cxx_ne_to_eq               if (IsEventLogging() != MagickFalse)
    x  utility.c:1839:29 cxx_ge_to_gt               if (*number_entries >= max_entries)
    x  utility.c:1839:29 cxx_ge_to_lt               if (*number_entries >= max_entries)
       utility.c:1847:26 cxx_eq_to_ne               if (filelist == (char **) NULL)
  (x: the oracle executes this line; c: capped, not every reaching case ran)

  full results: build-oracle/work/mutation-resweep-utility.json
