mutate: 72 mutants in MagickCore/memory\.c$, 18 functions
mutate: baseline over 14762 cases in 5s
  mutants: 25/72 (1s)
  mutants: 50/72 (2s)
  mutants: 72/72 (130s)

mutate: 72 mutants, 130s
  killed 65, survived 0 (0 capped), no coverage 7, errors 0
  mutation score on reached code: 100.0%   overall: 90.3%

  function                           total killed survived no-cov
  AcquireVirtualMemory                  22     22        0      0
  ShredMagickMemory                     15     15        0      0
  AcquireAlignedMemory                   4      4        0      0
  CopyMagickMemory                       4      0        0      4
  AcquireCriticalMemory                  3      3        0      0
  AcquireQuantumMemory                   3      3        0      0
  RelinquishAlignedMemory                3      3        0      0
  ResizeMagickMemory                     3      3        0      0
  ResizeQuantumMemory                    3      3        0      0
  SetMagickMemoryMethods                 3      0        0      3
  RelinquishVirtualMemory                2      2        0      0
  AcquireMagickMemory                    1      1        0      0
  GetMaxMemoryRequestFromPolicy          1      1        0      0
  GetMaxMemoryRequest                    1      1        0      0
  GetMaxProfileSizeFromPolicy            1      1        0      0
  GetMaxProfileSize                      1      1        0      0
  RelinquishMagickMemory                 1      1        0      0
  ResetMagickMemory                      1      1        0      0

  full results: build-oracle/work/mutation-resweep-memory.json
