mutate: 142 mutants in MagickCore/configure\.c$, 16 functions
mutate: baseline over 15698 cases in 0s
  mutants: 25/142 (0s)
  mutants: 50/142 (1s)
  mutants: 75/142 (1s)
  mutants: 100/142 (2s)
  mutants: 125/142 (2s)
  mutants: 142/142 (131s)

mutate: 142 mutants, 131s
  killed 86, survived 28 (10 capped), no coverage 28, errors 0
  mutation score on reached code: 75.4%   overall: 60.6%

  function                           total killed survived no-cov
  LoadConfigureCache                    42     30       12      0
  ListConfigureInfo                     14     14        0      0
  GetConfigureInfoList                  12     11        1      0
  GetConfigureList                      12      0        0     12
  GetConfigureInfo                      11      0        0     11
  GetConfigurePaths                     10      7        3      0
  AcquireConfigureCache                  8      8        0      0
  GetConfigureOptions                    7      4        3      0
  IsConfigureCacheInstantiated           7      5        2      0
  ConfigureComponentTerminus             6      3        3      0
  DestroyConfigureElement                4      1        3      0
  GetConfigureOption                     4      0        0      4
  AddConfigureKey                        2      2        0      0
  ConfigureComponentGenesis              1      0        1      0
  ConfigureInfoCompare                   1      1        0      0
  GetConfigureValue                      1      0        0      1

  survivors (equivalent, or a gap in the catalogue):
    xc configure.c:234:27 cxx_eq_to_ne               if (configure_semaphore == (SemaphoreInfo *) NULL)
    x  configure.c:266:20 cxx_ne_to_eq               if (p->value != (char *) NULL)
    x  configure.c:268:19 cxx_ne_to_eq               if (p->name != (char *) NULL)
    x  configure.c:270:19 cxx_ne_to_eq               if (p->path != (char *) NULL)
    xc configure.c:279:27 cxx_eq_to_ne               if (configure_semaphore == (SemaphoreInfo *) NULL)
     c configure.c:280:5 cxx_remove_void_call       ActivateSemaphoreInfo(&configure_semaphore);
    xc configure.c:286:3 cxx_remove_void_call       RelinquishSemaphoreInfo(&configure_semaphore);
    x  configure.c:458:24 cxx_ne_to_eq               if (IsEventLogging() != MagickFalse)
    xc configure.c:679:24 cxx_ne_to_eq               if (IsEventLogging() != MagickFalse)
    xc configure.c:689:7 cxx_remove_void_call       ResetLinkedListIterator(paths);
    xc configure.c:724:3 cxx_remove_void_call       ResetLinkedListIterator(options);
    xc configure.c:765:24 cxx_ne_to_eq               if (IsEventLogging() != MagickFalse)
    xc configure.c:790:18 cxx_ge_to_gt               if ((q >= path) && (*q != *DirectorySeparator))
    xc configure.c:906:14 cxx_ne_to_eq               if (home != (char *) NULL)
    x  configure.c:1031:31 cxx_eq_to_ne               if (configure_semaphore == (SemaphoreInfo *) NULL)
       configure.c:1032:9 cxx_remove_void_call       ActivateSemaphoreInfo(&configure_semaphore);
    x  configure.c:1209:22 cxx_eq_to_ne               if (*q == quote)
    x  configure.c:1240:42 cxx_ne_to_eq               while ((LocaleNCompare(q,"->",2) != 0) && (*q != '\0'))
    x  configure.c:1240:55 cxx_ne_to_eq               while ((LocaleNCompare(q,"->",2) != 0) && (*q != '\0'))
    x  configure.c:1249:25 cxx_ne_to_eq               while (((*token != '/') && (*(token+1) != '>')) && (*q != '\0'))
    x  configure.c:1249:48 cxx_ne_to_eq               while (((*token != '/') && (*(token+1) != '>')) && (*q != '\0'))
    x  configure.c:1249:64 cxx_ne_to_eq               while (((*token != '/') && (*(token+1) != '>')) && (*q != '\0'))
    x  configure.c:1253:22 cxx_ne_to_eq               if (*token != '=')
    x  configure.c:1256:45 cxx_eq_to_ne               if (LocaleCompare(keyword,"file") == 0)
    x  configure.c:1258:25 cxx_ge_to_gt               if (depth >= MagickMaxRecursionDepth)
    x  configure.c:1268:29 cxx_ne_to_eq               if (*path != '\0')
    x  configure.c:1271:30 cxx_eq_to_ne               if (*token == *DirectorySeparator)
       configure.c:1279:44 cxx_add_to_sub             file_xml,path,depth+1,exception);
  (x: the oracle executes this line; c: capped, not every reaching case ran)

  full results: build-oracle/work/mutation-resweep-configure.json
