mutate: 30 mutants in MagickCore/property\.c$, 8 functions
  baseline: 2/2 (0s)
mutate: baseline over 10606 cases in 0s
  mutants: 25/30 (173s)
  mutants: 30/30 (176s)

mutate: 30 mutants, 176s
  killed 14, survived 14 (13 capped), no coverage 2, errors 0
  mutation score on reached code: 50.0%   overall: 46.7%

  function                           total killed survived no-cov
  InterpretImageProperties               8      4        4      0
  GetImageProperty                       5      1        4      0
  GetMagickProperty                      5      4        1      0
  GetICCProperty                         4      0        4      0
  GetMagickPropertyLetter                4      4        0      0
  TraceSVGClippath                       2      0        0      2
  CloneImageProperties                   1      0        1      0
  ResetImagePropertyIterator             1      1        0      0

  survivors (equivalent, or a gap in the catalogue):
    xc property.c:211:9 cxx_remove_void_call       DestroyImageProperties(image);
    xc property.c:1789:11 cxx_remove_void_call       SetStringInfoLength(info,extent+1);
    xc property.c:1800:11 cxx_remove_void_call       SetStringInfoLength(info,extent+1);
    xc property.c:1811:11 cxx_remove_void_call       SetStringInfoLength(info,extent+1);
    xc property.c:1822:11 cxx_remove_void_call       SetStringInfoLength(info,extent+1);
    xc property.c:2346:11 cxx_remove_void_call       Get8BIMProperty(image,property,exception);
    xc property.c:2356:11 cxx_remove_void_call       GetEXIFProperty(image,property,exception);
    xc property.c:2374:11 cxx_remove_void_call       GetIPTCProperty(image,property,exception);
    xc property.c:2384:11 cxx_remove_void_call       GetXMPProperty(image,property);
    x  property.c:3441:11 cxx_remove_void_call       ResetImageProfileIterator(image);
    xc property.c:4062:11 cxx_remove_void_call       GetPixelInfo(property_image,&pixel);
     c property.c:4160:15 cxx_remove_void_call       ResetImageOptionIterator(property_info);
     c property.c:4183:15 cxx_remove_void_call       ResetImageArtifactIterator(property_image);
     c property.c:4206:15 cxx_remove_void_call       ResetImagePropertyIterator(property_image);
  (x: the oracle executes this line; c: capped, not every reaching case ran)

  full results: build-oracle/work/mutation-sdl-property.json
