mutate: 27 mutants in MagickCore/layer\.c$, 10 functions
mutate: baseline over 80 cases in 0s
  mutants: 25/27 (3s)
  mutants: 27/27 (130s)

mutate: 27 mutants, 130s
  killed 22, survived 5 (0 capped), no coverage 0, errors 0
  mutation score on reached code: 81.5%   overall: 81.5%

  function                           total killed survived no-cov
  CompareImagesBounds                   10      8        2      0
  CompositeLayers                        5      5        0      0
  OptimizeLayerFrames                    4      2        2      0
  DisposeImages                          2      2        0      0
  ClearBounds                            1      1        0      0
  CoalesceImages                         1      1        0      0
  CompareImagesLayers                    1      1        0      0
  OptimizeImageTransparency              1      0        1      0
  RemoveDuplicateLayers                  1      1        0      0
  RemoveZeroDelayLayers                  1      1        0      0

  survivors (equivalent, or a gap in the catalogue):
    x  layer.c:642:3 cxx_remove_void_call       GetPixelInfo(alpha_image,&alpha_pixel);
    x  layer.c:643:3 cxx_remove_void_call       GetPixelInfo(beta_image,&beta_pixel);
    x  layer.c:1142:13 cxx_remove_void_call       ClearBounds(dup_image,&dup_bounds,exception);
    x  layer.c:1172:9 cxx_remove_void_call       ClearBounds(bgnd_image,&bgnd_bounds,exception);
    x  layer.c:1574:9 cxx_remove_void_call       ClearBounds(current_image,&bounds,exception);
  (x: the oracle executes this line; c: capped, not every reaching case ran)

  full results: build-oracle/work/mutation-sdl-layer.json
