mutate: 8 mutants in MagickCore/geometry\.c$, 5 functions
mutate: baseline over 1371 cases in 0s
  mutants: 8/8 (98s)

mutate: 8 mutants, 98s
  killed 3, survived 5 (0 capped), no coverage 0, errors 0
  mutation score on reached code: 37.5%   overall: 37.5%

  function                           total killed survived no-cov
  ParseGravityGeometry                   4      2        2      0
  ParseAffineGeometry                    1      0        1      0
  ParseMetaGeometry                      1      0        1      0
  ParsePageGeometry                      1      0        1      0
  ParseRegionGeometry                    1      1        0      0

  survivors (equivalent, or a gap in the catalogue):
    x  geometry.c:831:3 cxx_remove_void_call       GetAffineMatrix(affine_matrix);
       geometry.c:1415:9 cxx_remove_void_call       SetGeometry(image,region_info);
       geometry.c:1422:9 cxx_remove_void_call       SetGeometry(image,region_info);
    x  geometry.c:1502:3 cxx_remove_void_call       SetGeometryInfo(&geometry_info);
    x  geometry.c:1689:3 cxx_remove_void_call       SetGeometry(image,region_info);
  (x: the oracle executes this line; c: capped, not every reaching case ran)

  full results: build-oracle/work/mutation-sdl-geometry.json
