mutate: 14 mutants in MagickCore/matrix\.c$, 4 functions
mutate: baseline over 101 cases in 0s
  mutants: 14/14 (15s)

mutate: 14 mutants, 15s
  killed 2, survived 6 (0 capped), no coverage 6, errors 0
  mutation score on reached code: 25.0%   overall: 14.3%

  function                           total killed survived no-cov
  DestroyMatrixInfo                      6      2        4      0
  WriteMatrixElements                    3      0        0      3
  ReadMatrixElements                     3      0        0      3
  AcquireMatrixInfo                      2      0        2      0

  survivors (equivalent, or a gap in the catalogue):
       matrix.c:243:13 cxx_remove_void_call       RelinquishMagickResource(MemoryResource,matrix_info->length);
       matrix.c:270:13 cxx_remove_void_call       RelinquishMagickResource(MapResource,matrix_info->length);
    x  matrix.c:376:7 cxx_remove_void_call       RelinquishMagickResource(MemoryResource,matrix_info->length);
       matrix.c:383:7 cxx_remove_void_call       RelinquishMagickResource(MapResource,matrix_info->length);
       matrix.c:391:7 cxx_remove_void_call       RelinquishMagickResource(DiskResource,matrix_info->length);
    x  matrix.c:398:3 cxx_remove_void_call       RelinquishSemaphoreInfo(&matrix_info->semaphore);
  (x: the oracle executes this line; c: capped, not every reaching case ran)

  full results: build-oracle/work/mutation-sdl-matrix.json
