mutate: 32 mutants in MagickCore/draw\.c$, 4 functions
mutate: baseline over 12194 cases in 0s
  mutants: 25/32 (1435s)
  mutants: 32/32 (2083s)

mutate: 32 mutants, 2083s
  killed 0, survived 32 (0 capped), no coverage 0, errors 0
  mutation score on reached code: 0.0%   overall: 0.0%

  function                           total killed survived no-cov
  DestroyDrawInfo                       14      0       14      0
  GetDrawInfo                            9      0        9      0
  CloneDrawInfo                          8      0        8      0
  GetAffineMatrix                        1      0        1      0

  survivors (equivalent, or a gap in the catalogue):
    x  draw.c:286:21 cxx_ne_to_eq               if (draw_info->id != (char *) NULL)
    x  draw.c:288:28 cxx_ne_to_eq               if (draw_info->primitive != (char *) NULL)
    x  draw.c:318:26 cxx_ne_to_eq               if (draw_info->metrics != (char *) NULL)
    x  draw.c:338:30 cxx_ne_to_eq               if (draw_info->server_name != (char *) NULL)
    x  draw.c:345:50 cxx_ge_to_gt               for (x=0; fabs(draw_info->dash_pattern[x]) >= MagickEpsilon; x++) ;
       draw.c:365:38 cxx_eq_to_ne               if (clone_info->gradient.stops == (StopInfo *) NULL)
       draw.c:369:30 cxx_mul_to_div             (size_t) number_stops*sizeof(*clone_info->gradient.stops));
    x  draw.c:377:28 cxx_ne_to_eq               if (draw_info->clip_mask != (char *) NULL)
    x  draw.c:975:24 cxx_ne_to_eq               if (IsEventLogging() != MagickFalse)
    x  draw.c:977:21 cxx_ne_to_eq               if (draw_info->id != (char *) NULL)
    x  draw.c:979:28 cxx_ne_to_eq               if (draw_info->primitive != (char *) NULL)
    x  draw.c:981:23 cxx_ne_to_eq               if (draw_info->text != (char *) NULL)
    x  draw.c:983:27 cxx_ne_to_eq               if (draw_info->geometry != (char *) NULL)
    x  draw.c:989:23 cxx_ne_to_eq               if (draw_info->font != (char *) NULL)
    x  draw.c:991:26 cxx_ne_to_eq               if (draw_info->metrics != (char *) NULL)
    x  draw.c:993:25 cxx_ne_to_eq               if (draw_info->family != (char *) NULL)
    x  draw.c:995:27 cxx_ne_to_eq               if (draw_info->encoding != (char *) NULL)
    x  draw.c:997:26 cxx_ne_to_eq               if (draw_info->density != (char *) NULL)
    x  draw.c:999:30 cxx_ne_to_eq               if (draw_info->server_name != (char *) NULL)
    x  draw.c:1002:31 cxx_ne_to_eq               if (draw_info->dash_pattern != (double *) NULL)
    x  draw.c:1005:33 cxx_ne_to_eq               if (draw_info->gradient.stops != (StopInfo *) NULL)
    x  draw.c:1008:28 cxx_ne_to_eq               if (draw_info->clip_mask != (char *) NULL)
    x  draw.c:6130:24 cxx_ne_to_eq               if (IsEventLogging() != MagickFalse)
    x  draw.c:6177:24 cxx_ne_to_eq               if (IsEventLogging() != MagickFalse)
    x  draw.c:6202:70 cxx_ne_to_eq               draw_info->debug=(GetLogEventMask() & (DrawEvent | AnnotateEvent)) != 0 ?
    x  draw.c:6210:46 cxx_ge_to_gt               if (fabs(draw_info->image_info->pointsize) >= MagickEpsilon)
    x  draw.c:6213:42 cxx_ne_to_eq               if (draw_info->image_info->server_name != (char *) NULL)
    x  draw.c:6222:14 cxx_ne_to_eq               if (option != (const char *) NULL)
    x  draw.c:6252:14 cxx_ne_to_eq               if (option != (const char *) NULL)
    x  draw.c:6260:14 cxx_ne_to_eq               if (option != (const char *) NULL)
       draw.c:6266:18 cxx_eq_to_ne               if (weight == -1)
    x  draw.c:6271:14 cxx_ne_to_eq               if (option != (const char *) NULL)
  (x: the oracle executes this line; c: capped, not every reaching case ran)

  full results: build-oracle/work/mutation-uncap2-draw.json
