mutate: 22 mutants in MagickCore/utility\.c$, 3 functions
mutate: baseline over 12205 cases in 0s
  mutants: 22/22 (1084s)

mutate: 22 mutants, 1084s
  killed 0, survived 22 (0 capped), no coverage 0, errors 0
  mutation score on reached code: 0.0%   overall: 0.0%

  function                           total killed survived no-cov
  ExpandFilenames                       12      0       12      0
  GetPathComponent                       8      0        8      0
  GetMagickPageSize                      2      0        2      0

  survivors (equivalent, or a gap in the catalogue):
    x  utility.c:796:24 cxx_ne_to_eq               if (IsEventLogging() != MagickFalse)
    x  utility.c:829:20 cxx_gt_to_ge               if (parameters > 0)
    x  utility.c:834:36 cxx_post_inc_to_post_dec   for (j=0; j < parameters; j++)
    x  utility.c:847:5 cxx_remove_void_call       GetPathComponent(option,MagickPath,magick);
    x  utility.c:894:21 cxx_lt_to_le               for (j=0; j < (ssize_t) (length-1); j++)
    x  utility.c:894:40 cxx_sub_to_add             for (j=0; j < (ssize_t) (length-1); j++)
       utility.c:917:21 cxx_lt_to_ge               for (j=0; j < (ssize_t) number_files; j++)
       utility.c:917:21 cxx_lt_to_le               for (j=0; j < (ssize_t) number_files; j++)
    x  utility.c:952:28 cxx_ge_to_gt               if (strlen(filename) >= (MagickPathExtent-1))
    x  utility.c:974:33 cxx_ge_to_gt               if (strlen(file_path) >= (MagickPathExtent-1))
       utility.c:994:19 cxx_lt_to_ge               for (i=1; i < count; i++)
       utility.c:994:29 cxx_post_inc_to_post_dec   for (i=1; i < count; i++)
    x  utility.c:1178:17 cxx_gt_to_ge               if (page_size > 0)
    x  utility.c:1185:17 cxx_le_to_lt               if (page_size <= 0)
    x  utility.c:1278:24 cxx_ne_to_eq               if (IsEventLogging() != MagickFalse)
    x  utility.c:1291:30 cxx_gt_to_ge               if ((strlen(component) > 2) && (*p == ']'))
    x  utility.c:1317:27 cxx_ne_to_eq               if (literal != (char *) NULL)
    x  utility.c:1337:72 cxx_lt_to_le               if ((p != component) && (*p == ':') && (IsPathDirectory(component) < 0) &&
    x  utility.c:1375:53 cxx_gt_to_ge               for (p=component+(strlen(component)-1); p > component; p--)
    x  utility.c:1404:44 cxx_sub_to_add             for (p=component+(strlen(component)-1); p > component; p--)
    x  utility.c:1434:49 cxx_gt_to_ge               for (p=component+strlen(component)-1; p > component; p--)
    x  utility.c:1445:52 cxx_lt_to_le               if ((subimage_length != 0) && (magick_length < subimage_offset))
  (x: the oracle executes this line; c: capped, not every reaching case ran)

  full results: build-oracle/work/mutation-uncap2-utility.json
