mutate: 30 mutants in MagickCore/string\.c$, 11 functions
mutate: baseline over 12205 cases in 0s
  mutants: 25/30 (1193s)
  mutants: 30/30 (1195s)

mutate: 30 mutants, 1195s
  killed 0, survived 30 (0 capped), no coverage 0, errors 0
  mutation score on reached code: 0.0%   overall: 0.0%

  function                           total killed survived no-cov
  ConfigureFileToStringInfo              6      0        6      0
  ConcatenateMagickString                4      0        4      0
  SubstituteString                       4      0        4      0
  CloneString                            3      0        3      0
  CopyMagickString                       3      0        3      0
  InterpretSiPrefixValue                 3      0        3      0
  AcquireStringInfo                      2      0        2      0
  ConstantString                         2      0        2      0
  ConcatenateString                      1      0        1      0
  DestroyStringInfo                      1      0        1      0
  SetStringInfoLength                    1      0        1      0

  survivors (equivalent, or a gap in the catalogue):
    x  string.c:160:28 cxx_ge_to_gt               if (~string_info->length >= (MagickPathExtent-1))
    x  string.c:165:63 cxx_mul_to_div             (void) memset(string_info->datum,0,(length+MagickPathExtent)*
    x  string.c:260:24 cxx_ne_to_eq               if (*destination != (char *) NULL)
    x  string.c:264:20 cxx_eq_to_ne               if (*destination == (char *) NULL)
    x  string.c:270:15 cxx_lt_to_le               if (~length < MagickPathExtent)
    x  string.c:415:20 cxx_sub_to_add             count=(size_t) (q-destination);
       string.c:418:17 cxx_add_to_sub             return(count+strlen(p));
    x  string.c:429:15 cxx_add_to_sub             return(count+(size_t) (p-source));
    x  string.c:429:27 cxx_sub_to_add             return(count+(size_t) (p-source));
    x  string.c:480:15 cxx_lt_to_le               if (~length < MagickPathExtent)
    x  string.c:596:15 cxx_lt_to_le               if ((offset < 0) || (offset != (MagickOffsetType) ((ssize_t) offset)))
       string.c:608:28 cxx_sub_to_add             file=close_utf8(file)-1;
    x  string.c:612:11 cxx_ne_to_eq               if (map != (void *) NULL)
       string.c:626:19 cxx_lt_to_ge               for (i=0; i < length; i+=(size_t) count)
       string.c:626:19 cxx_lt_to_le               for (i=0; i < length; i+=(size_t) count)
    x  string.c:641:24 cxx_sub_to_add             file=close_utf8(file)-1;
    x  string.c:687:15 cxx_ge_to_gt               if (~length >= 1UL)
    x  string.c:692:44 cxx_mul_to_div             (void) memcpy(destination,source,length*sizeof(*destination));
    x  string.c:749:32 cxx_sub_to_add             return((size_t) (p-source-1));
    x  string.c:757:36 cxx_sub_to_add             return((size_t) (p-source-1));
    x  string.c:760:21 cxx_sub_to_add             return((size_t) (p-source));
    x  string.c:821:25 cxx_ne_to_eq               if (string_info->path != (char *) NULL)
    x  string.c:1321:30 cxx_le_to_lt               if ((*q >= 'E') && (*q <= 'z'))
    x  string.c:1368:15 cxx_eq_to_ne               if ((*q == 'B') || (*q == 'P'))
    x  string.c:1371:16 cxx_ne_to_eq               if (sentinel != (char **) NULL)
       string.c:1737:69 cxx_add_to_sub             string_info->datum=(unsigned char *) AcquireQuantumMemory(length+
    x  string.c:2660:24 cxx_gt_to_ge               if (replace_extent > search_extent)
    x  string.c:2660:24 cxx_gt_to_le               if (replace_extent > search_extent)
    x  string.c:2666:46 cxx_sub_to_add             extent=strlen(*string)+replace_extent-search_extent+1;
    x  string.c:2666:60 cxx_add_to_sub             extent=strlen(*string)+replace_extent-search_extent+1;
  (x: the oracle executes this line; c: capped, not every reaching case ran)

  full results: build-oracle/work/mutation-uncap2-string.json
