mutate: 107 mutants in MagickCore/image\.c$, 22 functions
mutate: baseline over 12205 cases in 0s
  mutants: 25/107 (1540s)
  mutants: 50/107 (2866s)
  mutants: 75/107 (4056s)
  mutants: 100/107 (4974s)
  mutants: 107/107 (5076s)

mutate: 107 mutants, 5076s
  killed 7, survived 100 (0 capped), no coverage 0, errors 0
  mutation score on reached code: 6.5%   overall: 6.5%

  function                           total killed survived no-cov
  AcquireImage                          17      0       17      0
  SetImageInfo                          17      0       17      0
  InterpretImageFilename                16      0       16      0
  DestroyImage                          11      0       11      0
  DestroyImageInfo                       9      0        9      0
  SetImageInfoFromExtension              6      5        1      0
  ResetImagePixels                       4      0        4      0
  AcquireNextImage                       3      0        3      0
  CloneImage                             3      0        3      0
  SyncImageSettings                      3      2        1      0
  CloneImageInfo                         2      0        2      0
  DisassociateImageStream                2      0        2      0
  GetImageInfo                           2      0        2      0
  ReferenceImage                         2      0        2      0
  SetImageAlpha                          2      0        2      0
  SetImageBackgroundColor                2      0        2      0
  GetImageVirtualPixelMethod             1      0        1      0
  SetImageStorageClass                   1      0        1      0
  SetImageExtent                         1      0        1      0
  SetImageInfoFile                       1      0        1      0
  SetImageVirtualPixelMethod             1      0        1      0
  SyncImagesSettings                     1      0        1      0

  survivors (equivalent, or a gap in the catalogue):
    x  image.c:153:24 cxx_ne_to_eq               if (IsEventLogging() != MagickFalse)
    x  image.c:181:3 cxx_remove_void_call       GetPixelInfoRGBA(BackgroundColorRGBA,&image->background_color);
    x  image.c:182:3 cxx_remove_void_call       GetPixelInfoRGBA(BorderColorRGBA,&image->border_color);
    x  image.c:183:3 cxx_remove_void_call       GetPixelInfoRGBA(MatteColorRGBA,&image->matte_color);
    x  image.c:184:3 cxx_remove_void_call       GetPixelInfoRGBA(TransparentColorRGBA,&image->transparent_color);
    x  image.c:208:3 cxx_remove_void_call       SetBlobExempt(image,image_info->file != (FILE *) NULL ? MagickTrue :
    x  image.c:224:27 cxx_ne_to_eq               if (image_info->extract != (char *) NULL)
    x  image.c:231:29 cxx_ne_to_eq               if (((flags & XValue) != 0) || ((flags & YValue) != 0))
    x  image.c:243:27 cxx_ne_to_eq               if (image_info->density != (char *) NULL)
    x  image.c:249:30 cxx_ne_to_eq               if ((flags & RhoValue) != 0)
    x  image.c:252:32 cxx_ne_to_eq               if ((flags & SigmaValue) != 0)
    x  image.c:293:62 cxx_add_to_sub             if ((double) image->delay > floor(geometry_info.rho+0.5))
       image.c:294:77 cxx_add_to_sub             image->delay=(size_t) CastDoubleToSsizeT(floor(geometry_info.rho+
    x  image.c:300:39 cxx_lt_to_le               if ((double) image->delay < floor(geometry_info.rho+0.5))
    x  image.c:300:64 cxx_add_to_sub             if ((double) image->delay < floor(geometry_info.rho+0.5))
    x  image.c:305:75 cxx_add_to_sub             image->delay=(size_t) CastDoubleToSsizeT(floor(geometry_info.rho+
    x  image.c:308:77 cxx_add_to_sub             image->ticks_per_second=CastDoubleToSsizeT(floor(geometry_info.sigma+
    x  image.c:385:24 cxx_ne_to_eq               if (IsEventLogging() != MagickFalse)
    x  image.c:392:18 cxx_ne_to_eq               if (image_info != (ImageInfo *) NULL)
    x  image.c:395:3 cxx_remove_void_call       DestroyBlob(GetNextImageInList(image));
    x  image.c:820:24 cxx_ne_to_eq               if (IsEventLogging() != MagickFalse)
    x  image.c:847:22 cxx_ne_to_eq               if (image->ascii85 != (void *) NULL)
    x  image.c:848:5 cxx_remove_void_call       Ascii85Initialize(clone_image);
    x  image.c:974:26 cxx_ne_to_eq               if (image_info->scenes != (char *) NULL)
    x  image.c:985:31 cxx_ne_to_eq               if (image_info->server_name != (char *) NULL)
    x  image.c:1207:24 cxx_ne_to_eq               if (IsEventLogging() != MagickFalse)
    x  image.c:1220:3 cxx_remove_void_call       DestroyImagePixels(image);
    x  image.c:1222:22 cxx_ne_to_eq               if (image->montage != (char *) NULL)
    x  image.c:1224:24 cxx_ne_to_eq               if (image->directory != (char *) NULL)
    x  image.c:1226:23 cxx_ne_to_eq               if (image->colormap != (PixelInfo *) NULL)
    x  image.c:1230:3 cxx_remove_void_call       DestroyImageProfiles(image);
    x  image.c:1231:3 cxx_remove_void_call       DestroyImageProperties(image);
    x  image.c:1232:3 cxx_remove_void_call       DestroyImageArtifacts(image);
    x  image.c:1233:22 cxx_ne_to_eq               if (image->ascii85 != (Ascii85Info *) NULL)
    x  image.c:1237:3 cxx_remove_void_call       DestroyBlob(image);
    x  image.c:1239:5 cxx_remove_void_call       RelinquishSemaphoreInfo(&image->semaphore);
    x  image.c:1272:24 cxx_ne_to_eq               if (IsEventLogging() != MagickFalse)
    x  image.c:1277:27 cxx_ne_to_eq               if (image_info->extract != (char *) NULL)
    x  image.c:1279:26 cxx_ne_to_eq               if (image_info->scenes != (char *) NULL)
    x  image.c:1281:24 cxx_ne_to_eq               if (image_info->page != (char *) NULL)
    x  image.c:1283:35 cxx_ne_to_eq               if (image_info->sampling_factor != (char *) NULL)
    x  image.c:1286:31 cxx_ne_to_eq               if (image_info->server_name != (char *) NULL)
    x  image.c:1291:27 cxx_ne_to_eq               if (image_info->texture != (char *) NULL)
    x  image.c:1293:27 cxx_ne_to_eq               if (image_info->density != (char *) NULL)
    x  image.c:1300:3 cxx_remove_void_call       DestroyImageOptions(image_info);
    x  image.c:1334:24 cxx_ne_to_eq               if (IsEventLogging() != MagickFalse)
    x  image.c:1336:3 cxx_remove_void_call       DisassociateBlob(image);
    x  image.c:1370:24 cxx_ne_to_eq               if (IsEventLogging() != MagickFalse)
    x  image.c:1391:54 cxx_ne_to_eq               image_info->debug=(GetLogEventMask() & ImageEvent) != 0 ? MagickTrue :
    x  image.c:1624:24 cxx_ne_to_eq               if (IsEventLogging() != MagickFalse)
    x  image.c:1718:19 cxx_ne_to_eq               if (literal != (char *) NULL)
    x  image.c:1723:15 cxx_ne_to_eq               if (literal != (char *) NULL)
    x  image.c:1725:45 cxx_lt_to_le               while ((*cursor != '\0') && ((p-filename) < ((ssize_t) MagickPathExtent-1)))
    x  image.c:1768:24 cxx_le_to_lt               if ((count <= 0) || ((size_t) count != pattern_length))
    x  image.c:1770:28 cxx_add_to_sub             if ((p-filename+(ssize_t) pattern_length) >= MagickPathExtent)
    x  image.c:1770:55 cxx_ge_to_gt               if ((p-filename+(ssize_t) pattern_length) >= MagickPathExtent)
    x  image.c:1772:73 cxx_sub_to_add             (void) CopyMagickString(p,pattern,(size_t) (MagickPathExtent-
    x  image.c:1773:17 cxx_sub_to_add             (p-filename)));
    x  image.c:1801:20 cxx_ge_to_gt               if (extent >= sizeof(pattern))
    x  image.c:1812:25 cxx_ne_to_eq               (image_info != (ImageInfo *) NULL))
    x  image.c:1817:24 cxx_add_to_sub             if ((p-filename+(ssize_t) option_length) >= MagickPathExtent)
    x  image.c:1817:50 cxx_ge_to_gt               if ((p-filename+(ssize_t) option_length) >= MagickPathExtent)
    x  image.c:1819:68 cxx_sub_to_add             (void) CopyMagickString(p,option,(size_t) (MagickPathExtent-
    x  image.c:1820:13 cxx_sub_to_add             (p-filename)));
    x  image.c:1829:20 cxx_add_to_sub             if ((p-filename+1) >= MagickPathExtent)
    x  image.c:1829:24 cxx_ge_to_gt               if ((p-filename+1) >= MagickPathExtent)
    x  image.c:2195:24 cxx_ne_to_eq               if (IsEventLogging() != MagickFalse)
    x  image.c:2198:25 cxx_post_inc_to_post_dec   image->reference_count++;
    x  image.c:2318:24 cxx_ne_to_eq               if (IsEventLogging() != MagickFalse)
    x  image.c:2338:15 cxx_lt_to_ge               for (y=0; y < (ssize_t) image->rows; y++)
    x  image.c:2346:16 cxx_eq_to_ne               if (status == MagickFalse)
    x  image.c:2356:48 cxx_mul_to_div             (void) memset(q,0,GetPixelChannels(image)*sizeof(Quantum));
    x  image.c:2411:24 cxx_ne_to_eq               if (IsEventLogging() != MagickFalse)
    x  image.c:2441:38 cxx_gt_to_ge               if (GetPixelWriteMask(image,q) > (QuantumRange/2))
    x  image.c:2497:24 cxx_ne_to_eq               if (IsEventLogging() != MagickFalse)
    x  image.c:2502:47 cxx_eq_to_ne               ((image->alpha_trait & BlendPixelTrait) == 0))
    x  image.c:2691:24 cxx_ne_to_eq               if (IsEventLogging() != MagickFalse)
    x  image.c:2731:16 cxx_gt_to_ge               if ((columns > (size_t) MAGICK_SSIZE_MAX) ||
    x  image.c:2831:33 cxx_ne_to_eq               (magick_info->format_type != UndefinedFormatType))
    x  image.c:2890:24 cxx_ne_to_eq               if (IsEventLogging() != MagickFalse)
    x  image.c:2931:23 cxx_gt_to_ge               if (first > last)
    x  image.c:2933:23 cxx_lt_to_ge               if (first < image_info->scene)
    x  image.c:2933:23 cxx_lt_to_le               if (first < image_info->scene)
    x  image.c:2935:22 cxx_gt_to_ge               if (last > image_info->number_scenes)
    x  image.c:2990:29 cxx_eq_to_ne               if (delegate_info == (const DelegateInfo *) NULL)
    x  image.c:2992:30 cxx_eq_to_ne               if ((delegate_info == (const DelegateInfo *) NULL) &&
    x  image.c:2993:59 cxx_eq_to_ne               ((*component != '\0') && (IsGlob(component) == MagickFalse)))
    x  image.c:3011:37 cxx_ne_to_eq               if (IsStringTrue(literal) != MagickFalse)
       image.c:3012:13 cxx_remove_void_call       GetPathComponent(image_info->filename,SubcanonicalPath,component);
    x  image.c:3015:23 cxx_ne_to_eq               if (literal != (char *) NULL)
    x  image.c:3023:54 cxx_gt_to_ge               if ((image_info->adjoin != MagickFalse) && (frames > 1))
    x  image.c:3034:54 cxx_gt_to_ge               if ((image_info->adjoin != MagickFalse) && (frames > 0))
    x  image.c:3087:11 cxx_remove_void_call       SetImageInfoFile(image_info,(FILE *) NULL);
    x  image.c:3109:29 cxx_minus_to_noop          (void) SeekBlob(image,-((MagickOffsetType) count),SEEK_CUR);
    x  image.c:3137:52 cxx_eq_to_ne               (GetMagickEndianSupport(magick_info) == MagickFalse))
    x  image.c:3144:48 cxx_eq_to_ne               (GetMagickEndianSupport(magick_info) == MagickFalse))
    x  image.c:3254:24 cxx_ne_to_eq               if (IsEventLogging() != MagickFalse)
    x  image.c:3609:24 cxx_ne_to_eq               if (IsEventLogging() != MagickFalse)
    x  image.c:4110:24 cxx_ne_to_eq               if (IsEventLogging() != MagickFalse)
    x  image.c:4141:24 cxx_ne_to_eq               if (IsEventLogging() != MagickFalse)
  (x: the oracle executes this line; c: capped, not every reaching case ran)

  full results: build-oracle/work/mutation-uncap2-image.json
