mutate: 34 mutants in MagickCore/resize\.c$, 9 functions
mutate: baseline over 1277 cases in 0s
  mutants: 25/34 (243s)
  mutants: 34/34 (315s)

mutate: 34 mutants, 315s
  killed 0, survived 34 (0 capped), no coverage 0, errors 0
  mutation score on reached code: 0.0%   overall: 0.0%

  function                           total killed survived no-cov
  AcquireResizeFilter                   17      0       17      0
  VerticalFilter                         4      0        4      0
  SincFast                               3      0        3      0
  DestroyContributionTLS                 2      0        2      0
  AcquireContributionTLS                 2      0        2      0
  HorizontalFilter                       2      0        2      0
  ResizeImage                            2      0        2      0
  CubicBC                                1      0        1      0
  GetResizeFilterWeight                  1      0        1      0

  survivors (equivalent, or a gap in the catalogue):
    x  resize.c:244:9 cxx_lt_to_le               if (x < 2.0)
    x  resize.c:523:9 cxx_gt_to_ge               if (x > 4.0)
       resize.c:525:44 cxx_mul_to_div             const double alpha=(double) (MagickPI*x);
       resize.c:526:33 cxx_div_to_mul             return(sin((double) alpha)/alpha);
    x  resize.c:984:24 cxx_ne_to_eq               if (IsEventLogging() != MagickFalse)
       resize.c:1008:28 cxx_lt_to_ge               if ((UndefinedFilter < option) && (option < SentinelFilter))
       resize.c:1008:28 cxx_lt_to_le               if ((UndefinedFilter < option) && (option < SentinelFilter))
       resize.c:1008:49 cxx_lt_to_ge               if ((UndefinedFilter < option) && (option < SentinelFilter))
       resize.c:1008:49 cxx_lt_to_le               if ((UndefinedFilter < option) && (option < SentinelFilter))
       resize.c:1015:20 cxx_ne_to_eq               if (artifact != (const char *) NULL)
       resize.c:1018:32 cxx_lt_to_ge               if ((UndefinedFilter < option) && (option < SentinelFilter))
       resize.c:1018:32 cxx_lt_to_le               if ((UndefinedFilter < option) && (option < SentinelFilter))
       resize.c:1018:53 cxx_lt_to_ge               if ((UndefinedFilter < option) && (option < SentinelFilter))
       resize.c:1018:53 cxx_lt_to_le               if ((UndefinedFilter < option) && (option < SentinelFilter))
    x  resize.c:1032:53 cxx_lt_to_le               if ((UndefinedFilter < option) && (option < SentinelFilter))
    x  resize.c:1099:65 cxx_mul_to_div             resize_filter->coefficient[2]=MagickSafeReciprocal(Magick2PI*value*value);
    x  resize.c:1099:71 cxx_mul_to_div             resize_filter->coefficient[2]=MagickSafeReciprocal(Magick2PI*value*value);
    x  resize.c:1101:16 cxx_gt_to_ge               if ( value > 0.5 )
    x  resize.c:1132:17 cxx_lt_to_le               if (lobes < 1)
    x  resize.c:1141:34 cxx_gt_to_ge               if (resize_filter->support > 16)
    x  resize.c:1158:27 cxx_lt_to_le               if (resize_filter->blur < MagickEpsilon)
    x  resize.c:1705:38 cxx_lt_to_le               if ((resize_filter->window_support < MagickEpsilon) ||
    x  resize.c:3302:15 cxx_lt_to_ge               for (i=0; i < (ssize_t) GetMagickResourceLimit(ThreadResource); i++)
    x  resize.c:3303:25 cxx_ne_to_eq               if (contribution[i] != (ContributionInfo *) NULL)
    x  resize.c:3326:46 cxx_mul_to_div             (void) memset(contribution,0,number_threads*sizeof(*contribution));
    x  resize.c:3327:15 cxx_lt_to_le               for (i=0; i < (ssize_t) number_threads; i++)
    x  resize.c:3373:15 cxx_lt_to_le               if (support < 0.5)
    x  resize.c:3445:21 cxx_lt_to_le               for (i=0; i < n; i++)
    x  resize.c:3587:15 cxx_lt_to_le               if (support < 0.5)
    x  resize.c:3659:21 cxx_lt_to_le               for (i=0; i < n; i++)
    x  resize.c:3663:55 cxx_sub_to_add             image->columns,(size_t) (contribution[n-1].pixel-contribution[0].pixel+1),
    x  resize.c:3733:39 cxx_mul_to_div             alpha=contribution[j].weight*QuantumScale*(double)
    x  resize.c:3798:24 cxx_ne_to_eq               if (IsEventLogging() != MagickFalse)
    x  resize.c:3888:5 cxx_remove_void_call       AppendImageProfileProperty(resize_image,"hdrgm","hdrgm:Transform",
  (x: the oracle executes this line; c: capped, not every reaching case ran)

  full results: build-oracle/work/mutation-uncap2-resize.json
