== resolving (only what the host lacks)
388 packages to fetch
== unpacking 389 debs
== repointing pkg-config files and absolute symlinks into ~/sysroot
== checks
Ubuntu clang version 18.1.3 (1ubuntu1)
/home/jovyan/sysroot/usr/lib/mull-ir-frontend-18
mull plugin: ok
mull compile: ok
libpng       1.6.43
libjpeg      2.1.5
libtiff-4    4.5.1
libwebp      1.3.2
libopenjp2   2.5.0
libjxl       0.7.0
libheif      1.17.6
libraw_r     0.21.2
jbig         Package jbig was not found in the pkg-config search path.
ddjvuapi     3.5.28
fftw3        3.3.10
lqr-1        0.4.2
librsvg-2.0  2.58.0
libxml-2.0   2.9.14
libzip       1.7.3
liblzma      5.4.5
libzstd      1.5.5
freetype2    26.1.20
fontconfig   2.15.0
lcms2        2.14
== cloning the fork
5b732c9f1 verdicts.json: vision.c after the third confirmation run
/dev/vdc        184G  130G   54G  71% /home/jovyan
