nohup: ignoring input
== selfcheck Thu Oct  1 06:57:16 UTC 2026
  run 4: 4500/10525 (13s)
  run 4: 5000/10525 (14s)
  run 4: 5500/10525 (16s)
  run 4: 6000/10525 (17s)
  run 4: 6500/10525 (19s)
  run 4: 7000/10525 (20s)
  run 4: 7500/10525 (21s)
  run 4: 8000/10525 (28s)
  run 4: 8500/10525 (30s)
  run 4: 9000/10525 (32s)
  run 4: 9500/10525 (35s)
  run 4: 10000/10525 (38s)
  run 4: 10500/10525 (39s)
  run 4: 10525/10525 (39s)
selfcheck: 10525 cases, 4 runs each, 0 nondeterministic
== casemap Thu Oct  1 06:59:59 UTC 2026
  casemap: 9500/10525 (59s)
  casemap: 10000/10525 (63s)
  casemap: 10500/10525 (65s)
  casemap: 10525/10525 (66s)
casemap: 10525 cases, 4021 functions reached, 0 cases without a profile, 69s
== linecov Thu Oct  1 07:01:53 UTC 2026
  exec: 10000/10525 (40s)
  exec: 10500/10525 (41s)
  exec: 10525/10525 (41s)
exec: 10525 cases in 42s, 569 exit non-zero
linecov: build-oracle/oracle.lcov in 44s
== done Thu Oct  1 07:02:38 UTC 2026
