nohup: ignoring input
/home/jovyan/imagemagick-mutation/setup/step7.sh: line 4: /home/jovyan/sysroot.env: No such file or directory
== mull build Thu Oct  1 08:19:41 UTC 2026: MagickCore/(client|thread|module|static|version|artifact|coder|random|memory|fourier|magic|list|locale|channel|paint|geometry|identify|effect|draw)\.c$
/home/jovyan/imagemagick-mutation/ImageMagick/build-oracle/mull-erdc1/utilities/magick
08:22 client:   killed 3, survived 2 (2 capped), no coverage 0, errors 0 | cap1500:   killed 0, survived 2 (2 capped), no coverage 0, errors 0
08:24 thread:   killed 2, survived 1 (0 capped), no coverage 0, errors 0 | cap1500: 
08:24 module:   killed 0, survived 0 (0 capped), no coverage 7, errors 0 | cap1500: 
08:26 static:   killed 13, survived 3 (2 capped), no coverage 5, errors 0 | cap1500:   killed 0, survived 2 (2 capped), no coverage 0, errors 0
08:27 version:   killed 3, survived 1 (0 capped), no coverage 16, errors 0 | cap1500: 
08:29 artifact:   killed 12, survived 8 (6 capped), no coverage 5, errors 0 | cap1500:   killed 0, survived 6 (6 capped), no coverage 0, errors 0
08:33 coder:   killed 34, survived 7 (6 capped), no coverage 8, errors 0 | cap1500:   killed 0, survived 6 (6 capped), no coverage 0, errors 0
08:38 random:   killed 9, survived 30 (30 capped), no coverage 6, errors 0 | cap1500:   killed 0, survived 30 (2 capped), no coverage 0, errors 0
08:48 memory:   killed 18, survived 43 (43 capped), no coverage 7, errors 0 | cap1500:   killed 0, survived 43 (43 capped), no coverage 0, errors 0
08:51 fourier:   killed 50, survived 11 (0 capped), no coverage 2, errors 0 | cap1500: 
08:56 magic:   killed 56, survived 20 (19 capped), no coverage 8, errors 0 | cap1500:   killed 0, survived 19 (19 capped), no coverage 0, errors 0
09:01 list:   killed 108, survived 36 (12 capped), no coverage 15, errors 0 | cap1500:   killed 0, survived 12 (9 capped), no coverage 0, errors 0
09:09 locale:   killed 101, survived 52 (50 capped), no coverage 11, errors 0 | cap1500:   killed 0, survived 50 (12 capped), no coverage 0, errors 0
09:23 channel:   killed 130, survived 93 (62 capped), no coverage 2, errors 0 | cap1500:   killed 12, survived 50 (0 capped), no coverage 0, errors 0
09:26 paint:   killed 173, survived 81 (0 capped), no coverage 28, errors 0 | cap1500: 
nohup: ignoring input
== mull build erdc1 Thu Oct  1 09:42:14 UTC 2026: MagickCore/(geometry|identify|effect|draw)\.c$
/home/jovyan/imagemagick-mutation/ImageMagick/build-oracle/mull-erdc1/utilities/magick
10:08 geometry:   killed 171, survived 155 (148 capped), no coverage 4, errors 0 | cap1500:   killed 22, survived 126 (63 capped), no coverage 0, errors 0
10:12 identify:   killed 230, survived 97 (0 capped), no coverage 41, errors 0 | cap1500: 
10:18 effect:   killed 921, survived 233 (0 capped), no coverage 0, errors 0 | cap1500: 
10:39 draw:   killed 1418, survived 809 (39 capped), no coverage 266, errors 0 | cap1500:   killed 1, survived 38 (38 capped), no coverage 0, errors 0
== done erdc1 Thu Oct  1 10:39:39 UTC 2026
== mull build erdc2 Thu Oct  1 10:39:39 UTC 2026: MagickCore/(image|log|policy|configure)\.c$
/home/jovyan/imagemagick-mutation/ImageMagick/build-oracle/mull-erdc2/utilities/magick
11:22 image:   killed 317, survived 255 (167 capped), no coverage 72, errors 0 | cap1500:   killed 22, survived 145 (139 capped), no coverage 0, errors 0
11:36 log:   killed 66, survived 51 (46 capped), no coverage 98, errors 0 | cap1500:   killed 0, survived 46 (46 capped), no coverage 0, errors 0
12:03 policy:   killed 37, survived 136 (131 capped), no coverage 62, errors 0 | cap1500:   killed 27, survived 104 (104 capped), no coverage 0, errors 0
12:07 configure:   killed 64, survived 31 (7 capped), no coverage 21, errors 0 | cap1500:   killed 0, survived 7 (7 capped), no coverage 0, errors 0
== done erdc2 Thu Oct  1 12:07:23 UTC 2026
nohup: ignoring input
nohup: ignoring input
15:27 image uncapped:   killed 7, survived 132 (0 capped), no coverage 0, errors 0
16:40 policy uncapped:   killed 2, survived 102 (0 capped), no coverage 0, errors 0
17:28 geometry uncapped:   killed 2, survived 61 (0 capped), no coverage 0, errors 0
18:00 log uncapped:   killed 0, survived 46 (0 capped), no coverage 0, errors 0
18:31 memory uncapped:   killed 5, survived 38 (0 capped), no coverage 0, errors 0
18:44 magic uncapped:   killed 0, survived 19 (0 capped), no coverage 0, errors 0
18:55 locale uncapped:   killed 1, survived 11 (0 capped), no coverage 0, errors 0
19:04 random uncapped:   killed 0, survived 2 (0 capped), no coverage 0, errors 0
== done uncap Thu Oct  1 19:04:28 UTC 2026
69092b0ef MUTATION.md: batch 4 (quantize, stream, matrix, option, magick, timer, registry, signature, resource)
indexes rebuilt 19:06
19:06 conf1-effect:   killed 53, survived 30 (0 capped), no coverage 150, errors 0
19:06 conf1-fourier:   killed 5, survived 6 (0 capped), no coverage 2, errors 0
19:07 conf1-list:   killed 10, survived 22 (8 capped), no coverage 19, errors 0
== done confirm Thu Oct  1 19:07:06 UTC 2026
